Command line invocation:
    /Applications/Xcode.app/Contents/Developer/usr/bin/xcodebuild -project iCohort3.xcodeproj -scheme iCohort3 -destination "platform=iOS Simulator,name=iPhone 17" clean build

Resolve Package Graph


Resolved source packages:
  swift-clocks: https://github.com/pointfreeco/swift-clocks @ 1.0.6
  xctest-dynamic-overlay: https://github.com/pointfreeco/xctest-dynamic-overlay @ 1.7.0
  swift-concurrency-extras: https://github.com/pointfreeco/swift-concurrency-extras @ 1.3.2
  swift-asn1: https://github.com/apple/swift-asn1.git @ 1.5.0
  swift-crypto: https://github.com/apple/swift-crypto.git @ 4.1.0
  Supabase: https://github.com/supabase-community/supabase-swift @ 2.37.0
  swift-http-types: https://github.com/apple/swift-http-types.git @ 1.5.1

CreateBuildRequest

SendProjectDescription

CreateBuildOperation

** CLEAN SUCCEEDED **

ComputePackagePrebuildTargetDependencyGraph

Prepare packages

CreateBuildRequest

SendProjectDescription

CreateBuildOperation

ComputeTargetDependencyGraph
note: Building targets in dependency order
note: Target dependency graph (28 targets)
    Target 'iCohort3' in project 'iCohort3'
        ➜ Explicit dependency on target 'PostgREST' in project 'Supabase'
        ➜ Explicit dependency on target 'Functions' in project 'Supabase'
        ➜ Explicit dependency on target 'Supabase' in project 'Supabase'
        ➜ Explicit dependency on target 'Auth' in project 'Supabase'
        ➜ Explicit dependency on target 'Storage' in project 'Supabase'
        ➜ Explicit dependency on target 'Realtime' in project 'Supabase'
    Target 'Realtime' in project 'Supabase'
        ➜ Explicit dependency on target 'Realtime' in project 'Supabase'
        ➜ Explicit dependency on target 'Helpers' in project 'Supabase'
        ➜ Explicit dependency on target 'ConcurrencyExtras' in project 'swift-concurrency-extras'
        ➜ Explicit dependency on target 'HTTPTypes' in project 'swift-http-types'
        ➜ Explicit dependency on target 'Clocks' in project 'swift-clocks'
        ➜ Explicit dependency on target 'XCTestDynamicOverlay' in project 'xctest-dynamic-overlay'
        ➜ Explicit dependency on target 'IssueReporting' in project 'xctest-dynamic-overlay'
    Target 'Storage' in project 'Supabase'
        ➜ Explicit dependency on target 'Storage' in project 'Supabase'
        ➜ Explicit dependency on target 'Helpers' in project 'Supabase'
        ➜ Explicit dependency on target 'ConcurrencyExtras' in project 'swift-concurrency-extras'
        ➜ Explicit dependency on target 'HTTPTypes' in project 'swift-http-types'
        ➜ Explicit dependency on target 'Clocks' in project 'swift-clocks'
        ➜ Explicit dependency on target 'XCTestDynamicOverlay' in project 'xctest-dynamic-overlay'
    Target 'Auth' in project 'Supabase'
        ➜ Explicit dependency on target 'Auth' in project 'Supabase'
        ➜ Explicit dependency on target 'Helpers' in project 'Supabase'
        ➜ Explicit dependency on target 'ConcurrencyExtras' in project 'swift-concurrency-extras'
        ➜ Explicit dependency on target 'HTTPTypes' in project 'swift-http-types'
        ➜ Explicit dependency on target 'Clocks' in project 'swift-clocks'
        ➜ Explicit dependency on target 'XCTestDynamicOverlay' in project 'xctest-dynamic-overlay'
        ➜ Explicit dependency on target 'Crypto' in project 'swift-crypto'
    Target 'Supabase' in project 'Supabase'
        ➜ Explicit dependency on target 'Supabase' in project 'Supabase'
        ➜ Explicit dependency on target 'Functions' in project 'Supabase'
        ➜ Explicit dependency on target 'PostgREST' in project 'Supabase'
        ➜ Explicit dependency on target 'Auth' in project 'Supabase'
        ➜ Explicit dependency on target 'Realtime' in project 'Supabase'
        ➜ Explicit dependency on target 'Storage' in project 'Supabase'
        ➜ Explicit dependency on target 'Helpers' in project 'Supabase'
        ➜ Explicit dependency on target 'ConcurrencyExtras' in project 'swift-concurrency-extras'
        ➜ Explicit dependency on target 'HTTPTypes' in project 'swift-http-types'
        ➜ Explicit dependency on target 'Clocks' in project 'swift-clocks'
        ➜ Explicit dependency on target 'XCTestDynamicOverlay' in project 'xctest-dynamic-overlay'
        ➜ Explicit dependency on target 'Crypto' in project 'swift-crypto'
        ➜ Explicit dependency on target 'IssueReporting' in project 'xctest-dynamic-overlay'
    Target 'Supabase' in project 'Supabase'
        ➜ Explicit dependency on target 'Helpers' in project 'Supabase'
        ➜ Explicit dependency on target 'Auth' in project 'Supabase'
        ➜ Explicit dependency on target 'Functions' in project 'Supabase'
        ➜ Explicit dependency on target 'PostgREST' in project 'Supabase'
        ➜ Explicit dependency on target 'Realtime' in project 'Supabase'
        ➜ Explicit dependency on target 'Storage' in project 'Supabase'
        ➜ Explicit dependency on target 'ConcurrencyExtras' in project 'swift-concurrency-extras'
        ➜ Explicit dependency on target 'HTTPTypes' in project 'swift-http-types'
        ➜ Explicit dependency on target 'Clocks' in project 'swift-clocks'
        ➜ Explicit dependency on target 'XCTestDynamicOverlay' in project 'xctest-dynamic-overlay'
        ➜ Explicit dependency on target 'Crypto' in project 'swift-crypto'
        ➜ Explicit dependency on target 'IssueReporting' in project 'xctest-dynamic-overlay'
    Target 'Storage' in project 'Supabase'
        ➜ Explicit dependency on target 'Helpers' in project 'Supabase'
        ➜ Explicit dependency on target 'ConcurrencyExtras' in project 'swift-concurrency-extras'
        ➜ Explicit dependency on target 'HTTPTypes' in project 'swift-http-types'
        ➜ Explicit dependency on target 'Clocks' in project 'swift-clocks'
        ➜ Explicit dependency on target 'XCTestDynamicOverlay' in project 'xctest-dynamic-overlay'
    Target 'Realtime' in project 'Supabase'
        ➜ Explicit dependency on target 'Helpers' in project 'Supabase'
        ➜ Explicit dependency on target 'ConcurrencyExtras' in project 'swift-concurrency-extras'
        ➜ Explicit dependency on target 'HTTPTypes' in project 'swift-http-types'
        ➜ Explicit dependency on target 'Clocks' in project 'swift-clocks'
        ➜ Explicit dependency on target 'XCTestDynamicOverlay' in project 'xctest-dynamic-overlay'
        ➜ Explicit dependency on target 'IssueReporting' in project 'xctest-dynamic-overlay'
    Target 'Auth' in project 'Supabase'
        ➜ Explicit dependency on target 'Helpers' in project 'Supabase'
        ➜ Explicit dependency on target 'ConcurrencyExtras' in project 'swift-concurrency-extras'
        ➜ Explicit dependency on target 'HTTPTypes' in project 'swift-http-types'
        ➜ Explicit dependency on target 'Clocks' in project 'swift-clocks'
        ➜ Explicit dependency on target 'XCTestDynamicOverlay' in project 'xctest-dynamic-overlay'
        ➜ Explicit dependency on target 'Crypto' in project 'swift-crypto'
    Target 'Crypto' in project 'swift-crypto'
        ➜ Explicit dependency on target 'Crypto' in project 'swift-crypto'
        ➜ Explicit dependency on target 'swift-crypto_Crypto' in project 'swift-crypto'
    Target 'Crypto' in project 'swift-crypto'
        ➜ Explicit dependency on target 'swift-crypto_Crypto' in project 'swift-crypto'
    Target 'swift-crypto_Crypto' in project 'swift-crypto' (no dependencies)
    Target 'Functions' in project 'Supabase'
        ➜ Explicit dependency on target 'Functions' in project 'Supabase'
        ➜ Explicit dependency on target 'Helpers' in project 'Supabase'
        ➜ Explicit dependency on target 'ConcurrencyExtras' in project 'swift-concurrency-extras'
        ➜ Explicit dependency on target 'HTTPTypes' in project 'swift-http-types'
        ➜ Explicit dependency on target 'Clocks' in project 'swift-clocks'
        ➜ Explicit dependency on target 'XCTestDynamicOverlay' in project 'xctest-dynamic-overlay'
    Target 'Functions' in project 'Supabase'
        ➜ Explicit dependency on target 'Helpers' in project 'Supabase'
        ➜ Explicit dependency on target 'ConcurrencyExtras' in project 'swift-concurrency-extras'
        ➜ Explicit dependency on target 'HTTPTypes' in project 'swift-http-types'
        ➜ Explicit dependency on target 'Clocks' in project 'swift-clocks'
        ➜ Explicit dependency on target 'XCTestDynamicOverlay' in project 'xctest-dynamic-overlay'
    Target 'PostgREST' in project 'Supabase'
        ➜ Explicit dependency on target 'PostgREST' in project 'Supabase'
        ➜ Explicit dependency on target 'Helpers' in project 'Supabase'
        ➜ Explicit dependency on target 'ConcurrencyExtras' in project 'swift-concurrency-extras'
        ➜ Explicit dependency on target 'HTTPTypes' in project 'swift-http-types'
        ➜ Explicit dependency on target 'Clocks' in project 'swift-clocks'
        ➜ Explicit dependency on target 'XCTestDynamicOverlay' in project 'xctest-dynamic-overlay'
    Target 'PostgREST' in project 'Supabase'
        ➜ Explicit dependency on target 'Helpers' in project 'Supabase'
        ➜ Explicit dependency on target 'ConcurrencyExtras' in project 'swift-concurrency-extras'
        ➜ Explicit dependency on target 'HTTPTypes' in project 'swift-http-types'
        ➜ Explicit dependency on target 'Clocks' in project 'swift-clocks'
        ➜ Explicit dependency on target 'XCTestDynamicOverlay' in project 'xctest-dynamic-overlay'
    Target 'Helpers' in project 'Supabase'
        ➜ Explicit dependency on target 'ConcurrencyExtras' in project 'swift-concurrency-extras'
        ➜ Explicit dependency on target 'HTTPTypes' in project 'swift-http-types'
        ➜ Explicit dependency on target 'Clocks' in project 'swift-clocks'
        ➜ Explicit dependency on target 'XCTestDynamicOverlay' in project 'xctest-dynamic-overlay'
    Target 'XCTestDynamicOverlay' in project 'xctest-dynamic-overlay'
        ➜ Explicit dependency on target 'XCTestDynamicOverlay' in project 'xctest-dynamic-overlay'
        ➜ Explicit dependency on target 'IssueReportingPackageSupport' in project 'xctest-dynamic-overlay'
        ➜ Explicit dependency on target 'IssueReporting' in project 'xctest-dynamic-overlay'
    Target 'XCTestDynamicOverlay' in project 'xctest-dynamic-overlay'
        ➜ Explicit dependency on target 'IssueReportingPackageSupport' in project 'xctest-dynamic-overlay'
        ➜ Explicit dependency on target 'IssueReporting' in project 'xctest-dynamic-overlay'
    Target 'Clocks' in project 'swift-clocks'
        ➜ Explicit dependency on target 'Clocks' in project 'swift-clocks'
        ➜ Explicit dependency on target 'ConcurrencyExtras' in project 'swift-concurrency-extras'
        ➜ Explicit dependency on target 'IssueReporting' in project 'xctest-dynamic-overlay'
    Target 'Clocks' in project 'swift-clocks'
        ➜ Explicit dependency on target 'ConcurrencyExtras' in project 'swift-concurrency-extras'
        ➜ Explicit dependency on target 'IssueReporting' in project 'xctest-dynamic-overlay'
    Target 'IssueReporting' in project 'xctest-dynamic-overlay'
        ➜ Explicit dependency on target 'IssueReporting' in project 'xctest-dynamic-overlay'
        ➜ Explicit dependency on target 'IssueReportingPackageSupport' in project 'xctest-dynamic-overlay'
    Target 'IssueReporting' in project 'xctest-dynamic-overlay'
        ➜ Explicit dependency on target 'IssueReportingPackageSupport' in project 'xctest-dynamic-overlay'
    Target 'IssueReportingPackageSupport' in project 'xctest-dynamic-overlay' (no dependencies)
    Target 'HTTPTypes' in project 'swift-http-types'
        ➜ Explicit dependency on target 'HTTPTypes' in project 'swift-http-types'
    Target 'HTTPTypes' in project 'swift-http-types' (no dependencies)
    Target 'ConcurrencyExtras' in project 'swift-concurrency-extras'
        ➜ Explicit dependency on target 'ConcurrencyExtras' in project 'swift-concurrency-extras'
    Target 'ConcurrencyExtras' in project 'swift-concurrency-extras' (no dependencies)

GatherProvisioningInputs

CreateBuildDescription

ExecuteExternalTool /Applications/Xcode.app/Contents/Developer/Toolchains/XcodeDefault.xctoolchain/usr/bin/swiftc --version

ExecuteExternalTool /Applications/Xcode.app/Contents/Developer/Toolchains/XcodeDefault.xctoolchain/usr/bin/clang -v -E -dM -isysroot /Applications/Xcode.app/Contents/Developer/Platforms/iPhoneSimulator.platform/Developer/SDKs/iPhoneSimulator26.2.sdk -x c -c /dev/null

ExecuteExternalTool /Applications/Xcode.app/Contents/Developer/usr/bin/ibtool --version --output-format xml1

ExecuteExternalTool /Applications/Xcode.app/Contents/Developer/usr/bin/actool --print-asset-tag-combinations --output-format xml1 /Users/user51/Downloads/iCohort3/iCohort3/iCohort3/Assets.xcassets /Users/user51/Downloads/iCohort3/iCohort3/Assets.xcassets

ExecuteExternalTool /Applications/Xcode.app/Contents/Developer/usr/bin/actool --version --output-format xml1

ExecuteExternalTool /Applications/Xcode.app/Contents/Developer/Toolchains/XcodeDefault.xctoolchain/usr/bin/ld -version_details

ReadFileContents /Applications/Xcode.app/Contents/Developer/Toolchains/XcodeDefault.xctoolchain/usr/share/docc/features.json

Build description signature: 2a5e5549791cfccebc34d4066fc27bd4
Build description path: /Users/user51/Library/Developer/Xcode/DerivedData/iCohort3-bwoefxeicoflurbglvssertdjhcr/Build/Intermediates.noindex/XCBuildData/2a5e5549791cfccebc34d4066fc27bd4.xcbuilddata
ClangStatCache /Applications/Xcode.app/Contents/Developer/Toolchains/XcodeDefault.xctoolchain/usr/bin/clang-stat-cache /Applications/Xcode.app/Contents/Developer/Platforms/iPhoneSimulator.platform/Developer/SDKs/iPhoneSimulator26.2.sdk /Users/user51/Library/Developer/Xcode/DerivedData/SDKStatCaches.noindex/iphonesimulator26.2-23C53-dc75598d0054f22ec865fa860f139d727d00a8b37fbd7999ea79df8ebc024bf0.sdkstatcache
    cd /Users/user51/Downloads/iCohort3/iCohort3.xcodeproj
    /Applications/Xcode.app/Contents/Developer/Toolchains/XcodeDefault.xctoolchain/usr/bin/clang-stat-cache /Applications/Xcode.app/Contents/Developer/Platforms/iPhoneSimulator.platform/Developer/SDKs/iPhoneSimulator26.2.sdk -o /Users/user51/Library/Developer/Xcode/DerivedData/SDKStatCaches.noindex/iphonesimulator26.2-23C53-dc75598d0054f22ec865fa860f139d727d00a8b37fbd7999ea79df8ebc024bf0.sdkstatcache

CreateBuildDirectory /Users/user51/Library/Developer/Xcode/DerivedData/iCohort3-bwoefxeicoflurbglvssertdjhcr/Build/Products
    cd /Users/user51/Downloads/iCohort3/iCohort3.xcodeproj
    builtin-create-build-directory /Users/user51/Library/Developer/Xcode/DerivedData/iCohort3-bwoefxeicoflurbglvssertdjhcr/Build/Products

CreateBuildDirectory /Users/user51/Library/Developer/Xcode/DerivedData/iCohort3-bwoefxeicoflurbglvssertdjhcr/Build/Intermediates.noindex
    cd /Users/user51/Downloads/iCohort3/iCohort3.xcodeproj
    builtin-create-build-directory /Users/user51/Library/Developer/Xcode/DerivedData/iCohort3-bwoefxeicoflurbglvssertdjhcr/Build/Intermediates.noindex

CreateBuildDirectory /Users/user51/Library/Developer/Xcode/DerivedData/iCohort3-bwoefxeicoflurbglvssertdjhcr/Build/Products/Debug-iphonesimulator
    cd /Users/user51/Downloads/iCohort3/iCohort3.xcodeproj
    builtin-create-build-directory /Users/user51/Library/Developer/Xcode/DerivedData/iCohort3-bwoefxeicoflurbglvssertdjhcr/Build/Products/Debug-iphonesimulator

CreateBuildDirectory /Users/user51/Library/Developer/Xcode/DerivedData/iCohort3-bwoefxeicoflurbglvssertdjhcr/Build/Intermediates.noindex/SwiftExplicitPrecompiledModules
    cd /Users/user51/Downloads/iCohort3/iCohort3.xcodeproj
    builtin-create-build-directory /Users/user51/Library/Developer/Xcode/DerivedData/iCohort3-bwoefxeicoflurbglvssertdjhcr/Build/Intermediates.noindex/SwiftExplicitPrecompiledModules

CreateBuildDirectory /Users/user51/Library/Developer/Xcode/DerivedData/iCohort3-bwoefxeicoflurbglvssertdjhcr/Build/Intermediates.noindex/ExplicitPrecompiledModules
    cd /Users/user51/Downloads/iCohort3/iCohort3.xcodeproj
    builtin-create-build-directory /Users/user51/Library/Developer/Xcode/DerivedData/iCohort3-bwoefxeicoflurbglvssertdjhcr/Build/Intermediates.noindex/ExplicitPrecompiledModules

CreateBuildDirectory /Users/user51/Library/Developer/Xcode/DerivedData/iCohort3-bwoefxeicoflurbglvssertdjhcr/Build/Intermediates.noindex/EagerLinkingTBDs/Debug-iphonesimulator
    cd /Users/user51/Downloads/iCohort3/iCohort3.xcodeproj
    builtin-create-build-directory /Users/user51/Library/Developer/Xcode/DerivedData/iCohort3-bwoefxeicoflurbglvssertdjhcr/Build/Intermediates.noindex/EagerLinkingTBDs/Debug-iphonesimulator

WriteAuxiliaryFile /Users/user51/Library/Developer/Xcode/DerivedData/iCohort3-bwoefxeicoflurbglvssertdjhcr/Build/Intermediates.noindex/iCohort3.build/Debug-iphonesimulator/iCohort3-e34d5d86b663c36c710007556844661d-VFS-iphonesimulator/all-product-headers.yaml
    cd /Users/user51/Downloads/iCohort3/iCohort3.xcodeproj
    write-file /Users/user51/Library/Developer/Xcode/DerivedData/iCohort3-bwoefxeicoflurbglvssertdjhcr/Build/Intermediates.noindex/iCohort3.build/Debug-iphonesimulator/iCohort3-e34d5d86b663c36c710007556844661d-VFS-iphonesimulator/all-product-headers.yaml

CreateBuildDirectory /Users/user51/Library/Developer/Xcode/DerivedData/iCohort3-bwoefxeicoflurbglvssertdjhcr/Build/Products/Debug-iphonesimulator/PackageFrameworks
    cd /Users/user51/Downloads/iCohort3/iCohort3.xcodeproj
    builtin-create-build-directory /Users/user51/Library/Developer/Xcode/DerivedData/iCohort3-bwoefxeicoflurbglvssertdjhcr/Build/Products/Debug-iphonesimulator/PackageFrameworks

WriteAuxiliaryFile /Users/user51/Library/Developer/Xcode/DerivedData/iCohort3-bwoefxeicoflurbglvssertdjhcr/Build/Intermediates.noindex/swift-crypto.build/Debug-iphonesimulator/swift-crypto_Crypto.build/swift-crypto_Crypto.DependencyStaticMetadataFileList (in target 'swift-crypto_Crypto' from project 'swift-crypto')
    cd /Users/user51/Library/Developer/Xcode/DerivedData/iCohort3-bwoefxeicoflurbglvssertdjhcr/SourcePackages/checkouts/swift-crypto
    write-file /Users/user51/Library/Developer/Xcode/DerivedData/iCohort3-bwoefxeicoflurbglvssertdjhcr/Build/Intermediates.noindex/swift-crypto.build/Debug-iphonesimulator/swift-crypto_Crypto.build/swift-crypto_Crypto.DependencyStaticMetadataFileList

WriteAuxiliaryFile /Users/user51/Library/Developer/Xcode/DerivedData/iCohort3-bwoefxeicoflurbglvssertdjhcr/Build/Intermediates.noindex/swift-crypto.build/Debug-iphonesimulator/swift-crypto_Crypto.build/swift-crypto_Crypto.DependencyMetadataFileList (in target 'swift-crypto_Crypto' from project 'swift-crypto')
    cd /Users/user51/Library/Developer/Xcode/DerivedData/iCohort3-bwoefxeicoflurbglvssertdjhcr/SourcePackages/checkouts/swift-crypto
    write-file /Users/user51/Library/Developer/Xcode/DerivedData/iCohort3-bwoefxeicoflurbglvssertdjhcr/Build/Intermediates.noindex/swift-crypto.build/Debug-iphonesimulator/swift-crypto_Crypto.build/swift-crypto_Crypto.DependencyMetadataFileList

WriteAuxiliaryFile /Users/user51/Library/Developer/Xcode/DerivedData/iCohort3-bwoefxeicoflurbglvssertdjhcr/Build/Intermediates.noindex/swift-crypto.build/Debug-iphonesimulator/swift-crypto_Crypto.build/empty-swift-crypto_Crypto.plist (in target 'swift-crypto_Crypto' from project 'swift-crypto')
    cd /Users/user51/Library/Developer/Xcode/DerivedData/iCohort3-bwoefxeicoflurbglvssertdjhcr/SourcePackages/checkouts/swift-crypto
    write-file /Users/user51/Library/Developer/Xcode/DerivedData/iCohort3-bwoefxeicoflurbglvssertdjhcr/Build/Intermediates.noindex/swift-crypto.build/Debug-iphonesimulator/swift-crypto_Crypto.build/empty-swift-crypto_Crypto.plist

WriteAuxiliaryFile /Users/user51/Library/Developer/Xcode/DerivedData/iCohort3-bwoefxeicoflurbglvssertdjhcr/Build/Intermediates.noindex/xctest-dynamic-overlay.build/Debug-iphonesimulator/XCTestDynamicOverlay.build/XCTestDynamicOverlay.DependencyMetadataFileList (in target 'XCTestDynamicOverlay' from project 'xctest-dynamic-overlay')
    cd /Users/user51/Library/Developer/Xcode/DerivedData/iCohort3-bwoefxeicoflurbglvssertdjhcr/SourcePackages/checkouts/xctest-dynamic-overlay
    write-file /Users/user51/Library/Developer/Xcode/DerivedData/iCohort3-bwoefxeicoflurbglvssertdjhcr/Build/Intermediates.noindex/xctest-dynamic-overlay.build/Debug-iphonesimulator/XCTestDynamicOverlay.build/XCTestDynamicOverlay.DependencyMetadataFileList

WriteAuxiliaryFile /Users/user51/Library/Developer/Xcode/DerivedData/iCohort3-bwoefxeicoflurbglvssertdjhcr/Build/Intermediates.noindex/xctest-dynamic-overlay.build/Debug-iphonesimulator/XCTestDynamicOverlay.build/XCTestDynamicOverlay.modulemap (in target 'XCTestDynamicOverlay' from project 'xctest-dynamic-overlay')
    cd /Users/user51/Library/Developer/Xcode/DerivedData/iCohort3-bwoefxeicoflurbglvssertdjhcr/SourcePackages/checkouts/xctest-dynamic-overlay
    write-file /Users/user51/Library/Developer/Xcode/DerivedData/iCohort3-bwoefxeicoflurbglvssertdjhcr/Build/Intermediates.noindex/xctest-dynamic-overlay.build/Debug-iphonesimulator/XCTestDynamicOverlay.build/XCTestDynamicOverlay.modulemap

WriteAuxiliaryFile /Users/user51/Library/Developer/Xcode/DerivedData/iCohort3-bwoefxeicoflurbglvssertdjhcr/Build/Intermediates.noindex/xctest-dynamic-overlay.build/Debug-iphonesimulator/XCTestDynamicOverlay.build/XCTestDynamicOverlay.DependencyStaticMetadataFileList (in target 'XCTestDynamicOverlay' from project 'xctest-dynamic-overlay')
    cd /Users/user51/Library/Developer/Xcode/DerivedData/iCohort3-bwoefxeicoflurbglvssertdjhcr/SourcePackages/checkouts/xctest-dynamic-overlay
    write-file /Users/user51/Library/Developer/Xcode/DerivedData/iCohort3-bwoefxeicoflurbglvssertdjhcr/Build/Intermediates.noindex/xctest-dynamic-overlay.build/Debug-iphonesimulator/XCTestDynamicOverlay.build/XCTestDynamicOverlay.DependencyStaticMetadataFileList

WriteAuxiliaryFile /Users/user51/Library/Developer/Xcode/DerivedData/iCohort3-bwoefxeicoflurbglvssertdjhcr/Build/Intermediates.noindex/xctest-dynamic-overlay.build/Debug-iphonesimulator/XCTestDynamicOverlay.build/Objects-normal/arm64/XCTestDynamicOverlay_const_extract_protocols.json (in target 'XCTestDynamicOverlay' from project 'xctest-dynamic-overlay')
    cd /Users/user51/Library/Developer/Xcode/DerivedData/iCohort3-bwoefxeicoflurbglvssertdjhcr/SourcePackages/checkouts/xctest-dynamic-overlay
    write-file /Users/user51/Library/Developer/Xcode/DerivedData/iCohort3-bwoefxeicoflurbglvssertdjhcr/Build/Intermediates.noindex/xctest-dynamic-overlay.build/Debug-iphonesimulator/XCTestDynamicOverlay.build/Objects-normal/arm64/XCTestDynamicOverlay_const_extract_protocols.json

WriteAuxiliaryFile /Users/user51/Library/Developer/Xcode/DerivedData/iCohort3-bwoefxeicoflurbglvssertdjhcr/Build/Intermediates.noindex/iCohort3.build/Debug-iphonesimulator/iCohort3.build/iCohort3.DependencyMetadataFileList (in target 'iCohort3' from project 'iCohort3')
    cd /Users/user51/Downloads/iCohort3
    write-file /Users/user51/Library/Developer/Xcode/DerivedData/iCohort3-bwoefxeicoflurbglvssertdjhcr/Build/Intermediates.noindex/iCohort3.build/Debug-iphonesimulator/iCohort3.build/iCohort3.DependencyMetadataFileList

WriteAuxiliaryFile /Users/user51/Library/Developer/Xcode/DerivedData/iCohort3-bwoefxeicoflurbglvssertdjhcr/Build/Intermediates.noindex/iCohort3.build/Debug-iphonesimulator/iCohort3.build/iCohort3.DependencyStaticMetadataFileList (in target 'iCohort3' from project 'iCohort3')
    cd /Users/user51/Downloads/iCohort3
    write-file /Users/user51/Library/Developer/Xcode/DerivedData/iCohort3-bwoefxeicoflurbglvssertdjhcr/Build/Intermediates.noindex/iCohort3.build/Debug-iphonesimulator/iCohort3.build/iCohort3.DependencyStaticMetadataFileList

WriteAuxiliaryFile /Users/user51/Library/Developer/Xcode/DerivedData/iCohort3-bwoefxeicoflurbglvssertdjhcr/Build/Intermediates.noindex/iCohort3.build/Debug-iphonesimulator/iCohort3.build/iCohort3-project-headers.hmap (in target 'iCohort3' from project 'iCohort3')
    cd /Users/user51/Downloads/iCohort3
    write-file /Users/user51/Library/Developer/Xcode/DerivedData/iCohort3-bwoefxeicoflurbglvssertdjhcr/Build/Intermediates.noindex/iCohort3.build/Debug-iphonesimulator/iCohort3.build/iCohort3-project-headers.hmap

WriteAuxiliaryFile /Users/user51/Library/Developer/Xcode/DerivedData/iCohort3-bwoefxeicoflurbglvssertdjhcr/Build/Intermediates.noindex/iCohort3.build/Debug-iphonesimulator/iCohort3.build/iCohort3.hmap (in target 'iCohort3' from project 'iCohort3')
    cd /Users/user51/Downloads/iCohort3
    write-file /Users/user51/Library/Developer/Xcode/DerivedData/iCohort3-bwoefxeicoflurbglvssertdjhcr/Build/Intermediates.noindex/iCohort3.build/Debug-iphonesimulator/iCohort3.build/iCohort3.hmap

WriteAuxiliaryFile /Users/user51/Library/Developer/Xcode/DerivedData/iCohort3-bwoefxeicoflurbglvssertdjhcr/Build/Intermediates.noindex/iCohort3.build/Debug-iphonesimulator/iCohort3.build/iCohort3-own-target-headers.hmap (in target 'iCohort3' from project 'iCohort3')
    cd /Users/user51/Downloads/iCohort3
    write-file /Users/user51/Library/Developer/Xcode/DerivedData/iCohort3-bwoefxeicoflurbglvssertdjhcr/Build/Intermediates.noindex/iCohort3.build/Debug-iphonesimulator/iCohort3.build/iCohort3-own-target-headers.hmap

WriteAuxiliaryFile /Users/user51/Library/Developer/Xcode/DerivedData/iCohort3-bwoefxeicoflurbglvssertdjhcr/Build/Intermediates.noindex/iCohort3.build/Debug-iphonesimulator/iCohort3.build/iCohort3-generated-files.hmap (in target 'iCohort3' from project 'iCohort3')
    cd /Users/user51/Downloads/iCohort3
    write-file /Users/user51/Library/Developer/Xcode/DerivedData/iCohort3-bwoefxeicoflurbglvssertdjhcr/Build/Intermediates.noindex/iCohort3.build/Debug-iphonesimulator/iCohort3.build/iCohort3-generated-files.hmap

WriteAuxiliaryFile /Users/user51/Library/Developer/Xcode/DerivedData/iCohort3-bwoefxeicoflurbglvssertdjhcr/Build/Intermediates.noindex/iCohort3.build/Debug-iphonesimulator/iCohort3.build/iCohort3-all-target-headers.hmap (in target 'iCohort3' from project 'iCohort3')
    cd /Users/user51/Downloads/iCohort3
    write-file /Users/user51/Library/Developer/Xcode/DerivedData/iCohort3-bwoefxeicoflurbglvssertdjhcr/Build/Intermediates.noindex/iCohort3.build/Debug-iphonesimulator/iCohort3.build/iCohort3-all-target-headers.hmap

WriteAuxiliaryFile /Users/user51/Library/Developer/Xcode/DerivedData/iCohort3-bwoefxeicoflurbglvssertdjhcr/Build/Intermediates.noindex/iCohort3.build/Debug-iphonesimulator/iCohort3.build/iCohort3-all-non-framework-target-headers.hmap (in target 'iCohort3' from project 'iCohort3')
    cd /Users/user51/Downloads/iCohort3
    write-file /Users/user51/Library/Developer/Xcode/DerivedData/iCohort3-bwoefxeicoflurbglvssertdjhcr/Build/Intermediates.noindex/iCohort3.build/Debug-iphonesimulator/iCohort3.build/iCohort3-all-non-framework-target-headers.hmap

WriteAuxiliaryFile /Users/user51/Library/Developer/Xcode/DerivedData/iCohort3-bwoefxeicoflurbglvssertdjhcr/Build/Intermediates.noindex/iCohort3.build/Debug-iphonesimulator/iCohort3.build/iCohort3-DebugDylibInstallName-normal-arm64.txt (in target 'iCohort3' from project 'iCohort3')
    cd /Users/user51/Downloads/iCohort3
    write-file /Users/user51/Library/Developer/Xcode/DerivedData/iCohort3-bwoefxeicoflurbglvssertdjhcr/Build/Intermediates.noindex/iCohort3.build/Debug-iphonesimulator/iCohort3.build/iCohort3-DebugDylibInstallName-normal-arm64.txt

WriteAuxiliaryFile /Users/user51/Library/Developer/Xcode/DerivedData/iCohort3-bwoefxeicoflurbglvssertdjhcr/Build/Intermediates.noindex/iCohort3.build/Debug-iphonesimulator/iCohort3.build/iCohort3-DebugDylibPath-normal-arm64.txt (in target 'iCohort3' from project 'iCohort3')
    cd /Users/user51/Downloads/iCohort3
    write-file /Users/user51/Library/Developer/Xcode/DerivedData/iCohort3-bwoefxeicoflurbglvssertdjhcr/Build/Intermediates.noindex/iCohort3.build/Debug-iphonesimulator/iCohort3.build/iCohort3-DebugDylibPath-normal-arm64.txt

WriteAuxiliaryFile /Users/user51/Library/Developer/Xcode/DerivedData/iCohort3-bwoefxeicoflurbglvssertdjhcr/Build/Intermediates.noindex/iCohort3.build/Debug-iphonesimulator/iCohort3.build/Objects-normal/arm64/iCohort3_const_extract_protocols.json (in target 'iCohort3' from project 'iCohort3')
    cd /Users/user51/Downloads/iCohort3
    write-file /Users/user51/Library/Developer/Xcode/DerivedData/iCohort3-bwoefxeicoflurbglvssertdjhcr/Build/Intermediates.noindex/iCohort3.build/Debug-iphonesimulator/iCohort3.build/Objects-normal/arm64/iCohort3_const_extract_protocols.json

WriteAuxiliaryFile /Users/user51/Library/Developer/Xcode/DerivedData/iCohort3-bwoefxeicoflurbglvssertdjhcr/Build/Intermediates.noindex/iCohort3.build/Debug-iphonesimulator/iCohort3.build/Objects-normal/arm64/iCohort3.SwiftConstValuesFileList (in target 'iCohort3' from project 'iCohort3')
    cd /Users/user51/Downloads/iCohort3
    write-file /Users/user51/Library/Developer/Xcode/DerivedData/iCohort3-bwoefxeicoflurbglvssertdjhcr/Build/Intermediates.noindex/iCohort3.build/Debug-iphonesimulator/iCohort3.build/Objects-normal/arm64/iCohort3.SwiftConstValuesFileList

WriteAuxiliaryFile /Users/user51/Library/Developer/Xcode/DerivedData/iCohort3-bwoefxeicoflurbglvssertdjhcr/Build/Intermediates.noindex/iCohort3.build/Debug-iphonesimulator/iCohort3.build/Objects-normal/arm64/iCohort3.SwiftFileList (in target 'iCohort3' from project 'iCohort3')
    cd /Users/user51/Downloads/iCohort3
    write-file /Users/user51/Library/Developer/Xcode/DerivedData/iCohort3-bwoefxeicoflurbglvssertdjhcr/Build/Intermediates.noindex/iCohort3.build/Debug-iphonesimulator/iCohort3.build/Objects-normal/arm64/iCohort3.SwiftFileList

WriteAuxiliaryFile /Users/user51/Library/Developer/Xcode/DerivedData/iCohort3-bwoefxeicoflurbglvssertdjhcr/Build/Intermediates.noindex/iCohort3.build/Debug-iphonesimulator/iCohort3.build/Objects-normal/arm64/iCohort3.LinkFileList (in target 'iCohort3' from project 'iCohort3')
    cd /Users/user51/Downloads/iCohort3
    write-file /Users/user51/Library/Developer/Xcode/DerivedData/iCohort3-bwoefxeicoflurbglvssertdjhcr/Build/Intermediates.noindex/iCohort3.build/Debug-iphonesimulator/iCohort3.build/Objects-normal/arm64/iCohort3.LinkFileList

WriteAuxiliaryFile /Users/user51/Library/Developer/Xcode/DerivedData/iCohort3-bwoefxeicoflurbglvssertdjhcr/Build/Intermediates.noindex/iCohort3.build/Debug-iphonesimulator/iCohort3.build/Objects-normal/arm64/iCohort3-OutputFileMap.json (in target 'iCohort3' from project 'iCohort3')
    cd /Users/user51/Downloads/iCohort3
    write-file /Users/user51/Library/Developer/Xcode/DerivedData/iCohort3-bwoefxeicoflurbglvssertdjhcr/Build/Intermediates.noindex/iCohort3.build/Debug-iphonesimulator/iCohort3.build/Objects-normal/arm64/iCohort3-OutputFileMap.json

WriteAuxiliaryFile /Users/user51/Library/Developer/Xcode/DerivedData/iCohort3-bwoefxeicoflurbglvssertdjhcr/Build/Intermediates.noindex/xctest-dynamic-overlay.build/Debug-iphonesimulator/XCTestDynamicOverlay.build/Objects-normal/arm64/XCTestDynamicOverlay.SwiftFileList (in target 'XCTestDynamicOverlay' from project 'xctest-dynamic-overlay')
    cd /Users/user51/Library/Developer/Xcode/DerivedData/iCohort3-bwoefxeicoflurbglvssertdjhcr/SourcePackages/checkouts/xctest-dynamic-overlay
    write-file /Users/user51/Library/Developer/Xcode/DerivedData/iCohort3-bwoefxeicoflurbglvssertdjhcr/Build/Intermediates.noindex/xctest-dynamic-overlay.build/Debug-iphonesimulator/XCTestDynamicOverlay.build/Objects-normal/arm64/XCTestDynamicOverlay.SwiftFileList

WriteAuxiliaryFile /Users/user51/Library/Developer/Xcode/DerivedData/iCohort3-bwoefxeicoflurbglvssertdjhcr/Build/Intermediates.noindex/iCohort3.build/Debug-iphonesimulator/iCohort3.build/DerivedSources/Entitlements-Simulated.plist (in target 'iCohort3' from project 'iCohort3')
    cd /Users/user51/Downloads/iCohort3
    write-file /Users/user51/Library/Developer/Xcode/DerivedData/iCohort3-bwoefxeicoflurbglvssertdjhcr/Build/Intermediates.noindex/iCohort3.build/Debug-iphonesimulator/iCohort3.build/DerivedSources/Entitlements-Simulated.plist

WriteAuxiliaryFile /Users/user51/Library/Developer/Xcode/DerivedData/iCohort3-bwoefxeicoflurbglvssertdjhcr/Build/Intermediates.noindex/xctest-dynamic-overlay.build/Debug-iphonesimulator/XCTestDynamicOverlay.build/Objects-normal/arm64/XCTestDynamicOverlay.SwiftConstValuesFileList (in target 'XCTestDynamicOverlay' from project 'xctest-dynamic-overlay')
    cd /Users/user51/Library/Developer/Xcode/DerivedData/iCohort3-bwoefxeicoflurbglvssertdjhcr/SourcePackages/checkouts/xctest-dynamic-overlay
    write-file /Users/user51/Library/Developer/Xcode/DerivedData/iCohort3-bwoefxeicoflurbglvssertdjhcr/Build/Intermediates.noindex/xctest-dynamic-overlay.build/Debug-iphonesimulator/XCTestDynamicOverlay.build/Objects-normal/arm64/XCTestDynamicOverlay.SwiftConstValuesFileList

WriteAuxiliaryFile /Users/user51/Library/Developer/Xcode/DerivedData/iCohort3-bwoefxeicoflurbglvssertdjhcr/Build/Intermediates.noindex/xctest-dynamic-overlay.build/Debug-iphonesimulator/XCTestDynamicOverlay.build/Objects-normal/arm64/XCTestDynamicOverlay.LinkFileList (in target 'XCTestDynamicOverlay' from project 'xctest-dynamic-overlay')
    cd /Users/user51/Library/Developer/Xcode/DerivedData/iCohort3-bwoefxeicoflurbglvssertdjhcr/SourcePackages/checkouts/xctest-dynamic-overlay
    write-file /Users/user51/Library/Developer/Xcode/DerivedData/iCohort3-bwoefxeicoflurbglvssertdjhcr/Build/Intermediates.noindex/xctest-dynamic-overlay.build/Debug-iphonesimulator/XCTestDynamicOverlay.build/Objects-normal/arm64/XCTestDynamicOverlay.LinkFileList

WriteAuxiliaryFile /Users/user51/Library/Developer/Xcode/DerivedData/iCohort3-bwoefxeicoflurbglvssertdjhcr/Build/Intermediates.noindex/xctest-dynamic-overlay.build/Debug-iphonesimulator/XCTestDynamicOverlay.build/Objects-normal/arm64/XCTestDynamicOverlay-OutputFileMap.json (in target 'XCTestDynamicOverlay' from project 'xctest-dynamic-overlay')
    cd /Users/user51/Library/Developer/Xcode/DerivedData/iCohort3-bwoefxeicoflurbglvssertdjhcr/SourcePackages/checkouts/xctest-dynamic-overlay
    write-file /Users/user51/Library/Developer/Xcode/DerivedData/iCohort3-bwoefxeicoflurbglvssertdjhcr/Build/Intermediates.noindex/xctest-dynamic-overlay.build/Debug-iphonesimulator/XCTestDynamicOverlay.build/Objects-normal/arm64/XCTestDynamicOverlay-OutputFileMap.json

Copy /Users/user51/Library/Developer/Xcode/DerivedData/iCohort3-bwoefxeicoflurbglvssertdjhcr/Build/Intermediates.noindex/GeneratedModuleMaps-iphonesimulator/XCTestDynamicOverlay.modulemap /Users/user51/Library/Developer/Xcode/DerivedData/iCohort3-bwoefxeicoflurbglvssertdjhcr/Build/Intermediates.noindex/xctest-dynamic-overlay.build/Debug-iphonesimulator/XCTestDynamicOverlay.build/XCTestDynamicOverlay.modulemap (in target 'XCTestDynamicOverlay' from project 'xctest-dynamic-overlay')
    cd /Users/user51/Library/Developer/Xcode/DerivedData/iCohort3-bwoefxeicoflurbglvssertdjhcr/SourcePackages/checkouts/xctest-dynamic-overlay
    builtin-copy -exclude .DS_Store -exclude CVS -exclude .svn -exclude .git -exclude .hg -resolve-src-symlinks /Users/user51/Library/Developer/Xcode/DerivedData/iCohort3-bwoefxeicoflurbglvssertdjhcr/Build/Intermediates.noindex/xctest-dynamic-overlay.build/Debug-iphonesimulator/XCTestDynamicOverlay.build/XCTestDynamicOverlay.modulemap /Users/user51/Library/Developer/Xcode/DerivedData/iCohort3-bwoefxeicoflurbglvssertdjhcr/Build/Intermediates.noindex/GeneratedModuleMaps-iphonesimulator

WriteAuxiliaryFile /Users/user51/Library/Developer/Xcode/DerivedData/iCohort3-bwoefxeicoflurbglvssertdjhcr/Build/Intermediates.noindex/Supabase.build/Debug-iphonesimulator/Supabase.build/Supabase.modulemap (in target 'Supabase' from project 'Supabase')
    cd /Users/user51/Library/Developer/Xcode/DerivedData/iCohort3-bwoefxeicoflurbglvssertdjhcr/SourcePackages/checkouts/supabase-swift
    write-file /Users/user51/Library/Developer/Xcode/DerivedData/iCohort3-bwoefxeicoflurbglvssertdjhcr/Build/Intermediates.noindex/Supabase.build/Debug-iphonesimulator/Supabase.build/Supabase.modulemap

WriteAuxiliaryFile /Users/user51/Library/Developer/Xcode/DerivedData/iCohort3-bwoefxeicoflurbglvssertdjhcr/Build/Intermediates.noindex/Supabase.build/Debug-iphonesimulator/Supabase.build/Supabase.DependencyStaticMetadataFileList (in target 'Supabase' from project 'Supabase')
    cd /Users/user51/Library/Developer/Xcode/DerivedData/iCohort3-bwoefxeicoflurbglvssertdjhcr/SourcePackages/checkouts/supabase-swift
    write-file /Users/user51/Library/Developer/Xcode/DerivedData/iCohort3-bwoefxeicoflurbglvssertdjhcr/Build/Intermediates.noindex/Supabase.build/Debug-iphonesimulator/Supabase.build/Supabase.DependencyStaticMetadataFileList

WriteAuxiliaryFile /Users/user51/Library/Developer/Xcode/DerivedData/iCohort3-bwoefxeicoflurbglvssertdjhcr/Build/Intermediates.noindex/Supabase.build/Debug-iphonesimulator/Supabase.build/Supabase.DependencyMetadataFileList (in target 'Supabase' from project 'Supabase')
    cd /Users/user51/Library/Developer/Xcode/DerivedData/iCohort3-bwoefxeicoflurbglvssertdjhcr/SourcePackages/checkouts/supabase-swift
    write-file /Users/user51/Library/Developer/Xcode/DerivedData/iCohort3-bwoefxeicoflurbglvssertdjhcr/Build/Intermediates.noindex/Supabase.build/Debug-iphonesimulator/Supabase.build/Supabase.DependencyMetadataFileList

WriteAuxiliaryFile /Users/user51/Library/Developer/Xcode/DerivedData/iCohort3-bwoefxeicoflurbglvssertdjhcr/Build/Intermediates.noindex/Supabase.build/Debug-iphonesimulator/Supabase.build/Objects-normal/arm64/Supabase.SwiftConstValuesFileList (in target 'Supabase' from project 'Supabase')
    cd /Users/user51/Library/Developer/Xcode/DerivedData/iCohort3-bwoefxeicoflurbglvssertdjhcr/SourcePackages/checkouts/supabase-swift
    write-file /Users/user51/Library/Developer/Xcode/DerivedData/iCohort3-bwoefxeicoflurbglvssertdjhcr/Build/Intermediates.noindex/Supabase.build/Debug-iphonesimulator/Supabase.build/Objects-normal/arm64/Supabase.SwiftConstValuesFileList

WriteAuxiliaryFile /Users/user51/Library/Developer/Xcode/DerivedData/iCohort3-bwoefxeicoflurbglvssertdjhcr/Build/Intermediates.noindex/Supabase.build/Debug-iphonesimulator/Supabase.build/Objects-normal/arm64/Supabase.SwiftFileList (in target 'Supabase' from project 'Supabase')
    cd /Users/user51/Library/Developer/Xcode/DerivedData/iCohort3-bwoefxeicoflurbglvssertdjhcr/SourcePackages/checkouts/supabase-swift
    write-file /Users/user51/Library/Developer/Xcode/DerivedData/iCohort3-bwoefxeicoflurbglvssertdjhcr/Build/Intermediates.noindex/Supabase.build/Debug-iphonesimulator/Supabase.build/Objects-normal/arm64/Supabase.SwiftFileList

WriteAuxiliaryFile /Users/user51/Library/Developer/Xcode/DerivedData/iCohort3-bwoefxeicoflurbglvssertdjhcr/Build/Intermediates.noindex/Supabase.build/Debug-iphonesimulator/Supabase.build/Objects-normal/arm64/Supabase_const_extract_protocols.json (in target 'Supabase' from project 'Supabase')
    cd /Users/user51/Library/Developer/Xcode/DerivedData/iCohort3-bwoefxeicoflurbglvssertdjhcr/SourcePackages/checkouts/supabase-swift
    write-file /Users/user51/Library/Developer/Xcode/DerivedData/iCohort3-bwoefxeicoflurbglvssertdjhcr/Build/Intermediates.noindex/Supabase.build/Debug-iphonesimulator/Supabase.build/Objects-normal/arm64/Supabase_const_extract_protocols.json

WriteAuxiliaryFile /Users/user51/Library/Developer/Xcode/DerivedData/iCohort3-bwoefxeicoflurbglvssertdjhcr/Build/Intermediates.noindex/Supabase.build/Debug-iphonesimulator/Supabase.build/Objects-normal/arm64/Supabase.LinkFileList (in target 'Supabase' from project 'Supabase')
    cd /Users/user51/Library/Developer/Xcode/DerivedData/iCohort3-bwoefxeicoflurbglvssertdjhcr/SourcePackages/checkouts/supabase-swift
    write-file /Users/user51/Library/Developer/Xcode/DerivedData/iCohort3-bwoefxeicoflurbglvssertdjhcr/Build/Intermediates.noindex/Supabase.build/Debug-iphonesimulator/Supabase.build/Objects-normal/arm64/Supabase.LinkFileList

WriteAuxiliaryFile /Users/user51/Library/Developer/Xcode/DerivedData/iCohort3-bwoefxeicoflurbglvssertdjhcr/Build/Intermediates.noindex/Supabase.build/Debug-iphonesimulator/Supabase.build/Objects-normal/arm64/Supabase-OutputFileMap.json (in target 'Supabase' from project 'Supabase')
    cd /Users/user51/Library/Developer/Xcode/DerivedData/iCohort3-bwoefxeicoflurbglvssertdjhcr/SourcePackages/checkouts/supabase-swift
    write-file /Users/user51/Library/Developer/Xcode/DerivedData/iCohort3-bwoefxeicoflurbglvssertdjhcr/Build/Intermediates.noindex/Supabase.build/Debug-iphonesimulator/Supabase.build/Objects-normal/arm64/Supabase-OutputFileMap.json

Copy /Users/user51/Library/Developer/Xcode/DerivedData/iCohort3-bwoefxeicoflurbglvssertdjhcr/Build/Intermediates.noindex/GeneratedModuleMaps-iphonesimulator/Supabase.modulemap /Users/user51/Library/Developer/Xcode/DerivedData/iCohort3-bwoefxeicoflurbglvssertdjhcr/Build/Intermediates.noindex/Supabase.build/Debug-iphonesimulator/Supabase.build/Supabase.modulemap (in target 'Supabase' from project 'Supabase')
    cd /Users/user51/Library/Developer/Xcode/DerivedData/iCohort3-bwoefxeicoflurbglvssertdjhcr/SourcePackages/checkouts/supabase-swift
    builtin-copy -exclude .DS_Store -exclude CVS -exclude .svn -exclude .git -exclude .hg -resolve-src-symlinks /Users/user51/Library/Developer/Xcode/DerivedData/iCohort3-bwoefxeicoflurbglvssertdjhcr/Build/Intermediates.noindex/Supabase.build/Debug-iphonesimulator/Supabase.build/Supabase.modulemap /Users/user51/Library/Developer/Xcode/DerivedData/iCohort3-bwoefxeicoflurbglvssertdjhcr/Build/Intermediates.noindex/GeneratedModuleMaps-iphonesimulator

WriteAuxiliaryFile /Users/user51/Library/Developer/Xcode/DerivedData/iCohort3-bwoefxeicoflurbglvssertdjhcr/Build/Intermediates.noindex/Supabase.build/Debug-iphonesimulator/Storage.build/Storage.DependencyStaticMetadataFileList (in target 'Storage' from project 'Supabase')
    cd /Users/user51/Library/Developer/Xcode/DerivedData/iCohort3-bwoefxeicoflurbglvssertdjhcr/SourcePackages/checkouts/supabase-swift
    write-file /Users/user51/Library/Developer/Xcode/DerivedData/iCohort3-bwoefxeicoflurbglvssertdjhcr/Build/Intermediates.noindex/Supabase.build/Debug-iphonesimulator/Storage.build/Storage.DependencyStaticMetadataFileList

WriteAuxiliaryFile /Users/user51/Library/Developer/Xcode/DerivedData/iCohort3-bwoefxeicoflurbglvssertdjhcr/Build/Intermediates.noindex/Supabase.build/Debug-iphonesimulator/Storage.build/Storage.modulemap (in target 'Storage' from project 'Supabase')
    cd /Users/user51/Library/Developer/Xcode/DerivedData/iCohort3-bwoefxeicoflurbglvssertdjhcr/SourcePackages/checkouts/supabase-swift
    write-file /Users/user51/Library/Developer/Xcode/DerivedData/iCohort3-bwoefxeicoflurbglvssertdjhcr/Build/Intermediates.noindex/Supabase.build/Debug-iphonesimulator/Storage.build/Storage.modulemap

WriteAuxiliaryFile /Users/user51/Library/Developer/Xcode/DerivedData/iCohort3-bwoefxeicoflurbglvssertdjhcr/Build/Intermediates.noindex/Supabase.build/Debug-iphonesimulator/Storage.build/Storage.DependencyMetadataFileList (in target 'Storage' from project 'Supabase')
    cd /Users/user51/Library/Developer/Xcode/DerivedData/iCohort3-bwoefxeicoflurbglvssertdjhcr/SourcePackages/checkouts/supabase-swift
    write-file /Users/user51/Library/Developer/Xcode/DerivedData/iCohort3-bwoefxeicoflurbglvssertdjhcr/Build/Intermediates.noindex/Supabase.build/Debug-iphonesimulator/Storage.build/Storage.DependencyMetadataFileList

WriteAuxiliaryFile /Users/user51/Library/Developer/Xcode/DerivedData/iCohort3-bwoefxeicoflurbglvssertdjhcr/Build/Intermediates.noindex/Supabase.build/Debug-iphonesimulator/Storage.build/Objects-normal/arm64/Storage_const_extract_protocols.json (in target 'Storage' from project 'Supabase')
    cd /Users/user51/Library/Developer/Xcode/DerivedData/iCohort3-bwoefxeicoflurbglvssertdjhcr/SourcePackages/checkouts/supabase-swift
    write-file /Users/user51/Library/Developer/Xcode/DerivedData/iCohort3-bwoefxeicoflurbglvssertdjhcr/Build/Intermediates.noindex/Supabase.build/Debug-iphonesimulator/Storage.build/Objects-normal/arm64/Storage_const_extract_protocols.json

WriteAuxiliaryFile /Users/user51/Library/Developer/Xcode/DerivedData/iCohort3-bwoefxeicoflurbglvssertdjhcr/Build/Intermediates.noindex/Supabase.build/Debug-iphonesimulator/Storage.build/Objects-normal/arm64/Storage.SwiftFileList (in target 'Storage' from project 'Supabase')
    cd /Users/user51/Library/Developer/Xcode/DerivedData/iCohort3-bwoefxeicoflurbglvssertdjhcr/SourcePackages/checkouts/supabase-swift
    write-file /Users/user51/Library/Developer/Xcode/DerivedData/iCohort3-bwoefxeicoflurbglvssertdjhcr/Build/Intermediates.noindex/Supabase.build/Debug-iphonesimulator/Storage.build/Objects-normal/arm64/Storage.SwiftFileList

WriteAuxiliaryFile /Users/user51/Library/Developer/Xcode/DerivedData/iCohort3-bwoefxeicoflurbglvssertdjhcr/Build/Intermediates.noindex/Supabase.build/Debug-iphonesimulator/Storage.build/Objects-normal/arm64/Storage.SwiftConstValuesFileList (in target 'Storage' from project 'Supabase')
    cd /Users/user51/Library/Developer/Xcode/DerivedData/iCohort3-bwoefxeicoflurbglvssertdjhcr/SourcePackages/checkouts/supabase-swift
    write-file /Users/user51/Library/Developer/Xcode/DerivedData/iCohort3-bwoefxeicoflurbglvssertdjhcr/Build/Intermediates.noindex/Supabase.build/Debug-iphonesimulator/Storage.build/Objects-normal/arm64/Storage.SwiftConstValuesFileList

WriteAuxiliaryFile /Users/user51/Library/Developer/Xcode/DerivedData/iCohort3-bwoefxeicoflurbglvssertdjhcr/Build/Intermediates.noindex/Supabase.build/Debug-iphonesimulator/Storage.build/Objects-normal/arm64/Storage.LinkFileList (in target 'Storage' from project 'Supabase')
    cd /Users/user51/Library/Developer/Xcode/DerivedData/iCohort3-bwoefxeicoflurbglvssertdjhcr/SourcePackages/checkouts/supabase-swift
    write-file /Users/user51/Library/Developer/Xcode/DerivedData/iCohort3-bwoefxeicoflurbglvssertdjhcr/Build/Intermediates.noindex/Supabase.build/Debug-iphonesimulator/Storage.build/Objects-normal/arm64/Storage.LinkFileList

WriteAuxiliaryFile /Users/user51/Library/Developer/Xcode/DerivedData/iCohort3-bwoefxeicoflurbglvssertdjhcr/Build/Intermediates.noindex/Supabase.build/Debug-iphonesimulator/Storage.build/Objects-normal/arm64/Storage-OutputFileMap.json (in target 'Storage' from project 'Supabase')
    cd /Users/user51/Library/Developer/Xcode/DerivedData/iCohort3-bwoefxeicoflurbglvssertdjhcr/SourcePackages/checkouts/supabase-swift
    write-file /Users/user51/Library/Developer/Xcode/DerivedData/iCohort3-bwoefxeicoflurbglvssertdjhcr/Build/Intermediates.noindex/Supabase.build/Debug-iphonesimulator/Storage.build/Objects-normal/arm64/Storage-OutputFileMap.json

Copy /Users/user51/Library/Developer/Xcode/DerivedData/iCohort3-bwoefxeicoflurbglvssertdjhcr/Build/Intermediates.noindex/GeneratedModuleMaps-iphonesimulator/Storage.modulemap /Users/user51/Library/Developer/Xcode/DerivedData/iCohort3-bwoefxeicoflurbglvssertdjhcr/Build/Intermediates.noindex/Supabase.build/Debug-iphonesimulator/Storage.build/Storage.modulemap (in target 'Storage' from project 'Supabase')
    cd /Users/user51/Library/Developer/Xcode/DerivedData/iCohort3-bwoefxeicoflurbglvssertdjhcr/SourcePackages/checkouts/supabase-swift
    builtin-copy -exclude .DS_Store -exclude CVS -exclude .svn -exclude .git -exclude .hg -resolve-src-symlinks /Users/user51/Library/Developer/Xcode/DerivedData/iCohort3-bwoefxeicoflurbglvssertdjhcr/Build/Intermediates.noindex/Supabase.build/Debug-iphonesimulator/Storage.build/Storage.modulemap /Users/user51/Library/Developer/Xcode/DerivedData/iCohort3-bwoefxeicoflurbglvssertdjhcr/Build/Intermediates.noindex/GeneratedModuleMaps-iphonesimulator

WriteAuxiliaryFile /Users/user51/Library/Developer/Xcode/DerivedData/iCohort3-bwoefxeicoflurbglvssertdjhcr/Build/Intermediates.noindex/Supabase.build/Debug-iphonesimulator/Realtime.build/Realtime.modulemap (in target 'Realtime' from project 'Supabase')
    cd /Users/user51/Library/Developer/Xcode/DerivedData/iCohort3-bwoefxeicoflurbglvssertdjhcr/SourcePackages/checkouts/supabase-swift
    write-file /Users/user51/Library/Developer/Xcode/DerivedData/iCohort3-bwoefxeicoflurbglvssertdjhcr/Build/Intermediates.noindex/Supabase.build/Debug-iphonesimulator/Realtime.build/Realtime.modulemap

WriteAuxiliaryFile /Users/user51/Library/Developer/Xcode/DerivedData/iCohort3-bwoefxeicoflurbglvssertdjhcr/Build/Intermediates.noindex/Supabase.build/Debug-iphonesimulator/Realtime.build/Realtime.DependencyStaticMetadataFileList (in target 'Realtime' from project 'Supabase')
    cd /Users/user51/Library/Developer/Xcode/DerivedData/iCohort3-bwoefxeicoflurbglvssertdjhcr/SourcePackages/checkouts/supabase-swift
    write-file /Users/user51/Library/Developer/Xcode/DerivedData/iCohort3-bwoefxeicoflurbglvssertdjhcr/Build/Intermediates.noindex/Supabase.build/Debug-iphonesimulator/Realtime.build/Realtime.DependencyStaticMetadataFileList

WriteAuxiliaryFile /Users/user51/Library/Developer/Xcode/DerivedData/iCohort3-bwoefxeicoflurbglvssertdjhcr/Build/Intermediates.noindex/Supabase.build/Debug-iphonesimulator/Realtime.build/Realtime.DependencyMetadataFileList (in target 'Realtime' from project 'Supabase')
    cd /Users/user51/Library/Developer/Xcode/DerivedData/iCohort3-bwoefxeicoflurbglvssertdjhcr/SourcePackages/checkouts/supabase-swift
    write-file /Users/user51/Library/Developer/Xcode/DerivedData/iCohort3-bwoefxeicoflurbglvssertdjhcr/Build/Intermediates.noindex/Supabase.build/Debug-iphonesimulator/Realtime.build/Realtime.DependencyMetadataFileList

WriteAuxiliaryFile /Users/user51/Library/Developer/Xcode/DerivedData/iCohort3-bwoefxeicoflurbglvssertdjhcr/Build/Intermediates.noindex/Supabase.build/Debug-iphonesimulator/Realtime.build/Objects-normal/arm64/Realtime_const_extract_protocols.json (in target 'Realtime' from project 'Supabase')
    cd /Users/user51/Library/Developer/Xcode/DerivedData/iCohort3-bwoefxeicoflurbglvssertdjhcr/SourcePackages/checkouts/supabase-swift
    write-file /Users/user51/Library/Developer/Xcode/DerivedData/iCohort3-bwoefxeicoflurbglvssertdjhcr/Build/Intermediates.noindex/Supabase.build/Debug-iphonesimulator/Realtime.build/Objects-normal/arm64/Realtime_const_extract_protocols.json

WriteAuxiliaryFile /Users/user51/Library/Developer/Xcode/DerivedData/iCohort3-bwoefxeicoflurbglvssertdjhcr/Build/Intermediates.noindex/Supabase.build/Debug-iphonesimulator/Realtime.build/Objects-normal/arm64/Realtime.SwiftFileList (in target 'Realtime' from project 'Supabase')
    cd /Users/user51/Library/Developer/Xcode/DerivedData/iCohort3-bwoefxeicoflurbglvssertdjhcr/SourcePackages/checkouts/supabase-swift
    write-file /Users/user51/Library/Developer/Xcode/DerivedData/iCohort3-bwoefxeicoflurbglvssertdjhcr/Build/Intermediates.noindex/Supabase.build/Debug-iphonesimulator/Realtime.build/Objects-normal/arm64/Realtime.SwiftFileList

WriteAuxiliaryFile /Users/user51/Library/Developer/Xcode/DerivedData/iCohort3-bwoefxeicoflurbglvssertdjhcr/Build/Intermediates.noindex/Supabase.build/Debug-iphonesimulator/Realtime.build/Objects-normal/arm64/Realtime.SwiftConstValuesFileList (in target 'Realtime' from project 'Supabase')
    cd /Users/user51/Library/Developer/Xcode/DerivedData/iCohort3-bwoefxeicoflurbglvssertdjhcr/SourcePackages/checkouts/supabase-swift
    write-file /Users/user51/Library/Developer/Xcode/DerivedData/iCohort3-bwoefxeicoflurbglvssertdjhcr/Build/Intermediates.noindex/Supabase.build/Debug-iphonesimulator/Realtime.build/Objects-normal/arm64/Realtime.SwiftConstValuesFileList

WriteAuxiliaryFile /Users/user51/Library/Developer/Xcode/DerivedData/iCohort3-bwoefxeicoflurbglvssertdjhcr/Build/Intermediates.noindex/Supabase.build/Debug-iphonesimulator/Realtime.build/Objects-normal/arm64/Realtime.LinkFileList (in target 'Realtime' from project 'Supabase')
    cd /Users/user51/Library/Developer/Xcode/DerivedData/iCohort3-bwoefxeicoflurbglvssertdjhcr/SourcePackages/checkouts/supabase-swift
    write-file /Users/user51/Library/Developer/Xcode/DerivedData/iCohort3-bwoefxeicoflurbglvssertdjhcr/Build/Intermediates.noindex/Supabase.build/Debug-iphonesimulator/Realtime.build/Objects-normal/arm64/Realtime.LinkFileList

WriteAuxiliaryFile /Users/user51/Library/Developer/Xcode/DerivedData/iCohort3-bwoefxeicoflurbglvssertdjhcr/Build/Intermediates.noindex/Supabase.build/Debug-iphonesimulator/Realtime.build/Objects-normal/arm64/Realtime-OutputFileMap.json (in target 'Realtime' from project 'Supabase')
    cd /Users/user51/Library/Developer/Xcode/DerivedData/iCohort3-bwoefxeicoflurbglvssertdjhcr/SourcePackages/checkouts/supabase-swift
    write-file /Users/user51/Library/Developer/Xcode/DerivedData/iCohort3-bwoefxeicoflurbglvssertdjhcr/Build/Intermediates.noindex/Supabase.build/Debug-iphonesimulator/Realtime.build/Objects-normal/arm64/Realtime-OutputFileMap.json

Copy /Users/user51/Library/Developer/Xcode/DerivedData/iCohort3-bwoefxeicoflurbglvssertdjhcr/Build/Intermediates.noindex/GeneratedModuleMaps-iphonesimulator/Realtime.modulemap /Users/user51/Library/Developer/Xcode/DerivedData/iCohort3-bwoefxeicoflurbglvssertdjhcr/Build/Intermediates.noindex/Supabase.build/Debug-iphonesimulator/Realtime.build/Realtime.modulemap (in target 'Realtime' from project 'Supabase')
    cd /Users/user51/Library/Developer/Xcode/DerivedData/iCohort3-bwoefxeicoflurbglvssertdjhcr/SourcePackages/checkouts/supabase-swift
    builtin-copy -exclude .DS_Store -exclude CVS -exclude .svn -exclude .git -exclude .hg -resolve-src-symlinks /Users/user51/Library/Developer/Xcode/DerivedData/iCohort3-bwoefxeicoflurbglvssertdjhcr/Build/Intermediates.noindex/Supabase.build/Debug-iphonesimulator/Realtime.build/Realtime.modulemap /Users/user51/Library/Developer/Xcode/DerivedData/iCohort3-bwoefxeicoflurbglvssertdjhcr/Build/Intermediates.noindex/GeneratedModuleMaps-iphonesimulator

WriteAuxiliaryFile /Users/user51/Library/Developer/Xcode/DerivedData/iCohort3-bwoefxeicoflurbglvssertdjhcr/Build/Intermediates.noindex/Supabase.build/Debug-iphonesimulator/PostgREST.build/PostgREST.modulemap (in target 'PostgREST' from project 'Supabase')
    cd /Users/user51/Library/Developer/Xcode/DerivedData/iCohort3-bwoefxeicoflurbglvssertdjhcr/SourcePackages/checkouts/supabase-swift
    write-file /Users/user51/Library/Developer/Xcode/DerivedData/iCohort3-bwoefxeicoflurbglvssertdjhcr/Build/Intermediates.noindex/Supabase.build/Debug-iphonesimulator/PostgREST.build/PostgREST.modulemap

WriteAuxiliaryFile /Users/user51/Library/Developer/Xcode/DerivedData/iCohort3-bwoefxeicoflurbglvssertdjhcr/Build/Intermediates.noindex/Supabase.build/Debug-iphonesimulator/PostgREST.build/PostgREST.DependencyStaticMetadataFileList (in target 'PostgREST' from project 'Supabase')
    cd /Users/user51/Library/Developer/Xcode/DerivedData/iCohort3-bwoefxeicoflurbglvssertdjhcr/SourcePackages/checkouts/supabase-swift
    write-file /Users/user51/Library/Developer/Xcode/DerivedData/iCohort3-bwoefxeicoflurbglvssertdjhcr/Build/Intermediates.noindex/Supabase.build/Debug-iphonesimulator/PostgREST.build/PostgREST.DependencyStaticMetadataFileList

WriteAuxiliaryFile /Users/user51/Library/Developer/Xcode/DerivedData/iCohort3-bwoefxeicoflurbglvssertdjhcr/Build/Intermediates.noindex/Supabase.build/Debug-iphonesimulator/PostgREST.build/PostgREST.DependencyMetadataFileList (in target 'PostgREST' from project 'Supabase')
    cd /Users/user51/Library/Developer/Xcode/DerivedData/iCohort3-bwoefxeicoflurbglvssertdjhcr/SourcePackages/checkouts/supabase-swift
    write-file /Users/user51/Library/Developer/Xcode/DerivedData/iCohort3-bwoefxeicoflurbglvssertdjhcr/Build/Intermediates.noindex/Supabase.build/Debug-iphonesimulator/PostgREST.build/PostgREST.DependencyMetadataFileList

WriteAuxiliaryFile /Users/user51/Library/Developer/Xcode/DerivedData/iCohort3-bwoefxeicoflurbglvssertdjhcr/Build/Intermediates.noindex/Supabase.build/Debug-iphonesimulator/PostgREST.build/Objects-normal/arm64/PostgREST_const_extract_protocols.json (in target 'PostgREST' from project 'Supabase')
    cd /Users/user51/Library/Developer/Xcode/DerivedData/iCohort3-bwoefxeicoflurbglvssertdjhcr/SourcePackages/checkouts/supabase-swift
    write-file /Users/user51/Library/Developer/Xcode/DerivedData/iCohort3-bwoefxeicoflurbglvssertdjhcr/Build/Intermediates.noindex/Supabase.build/Debug-iphonesimulator/PostgREST.build/Objects-normal/arm64/PostgREST_const_extract_protocols.json

WriteAuxiliaryFile /Users/user51/Library/Developer/Xcode/DerivedData/iCohort3-bwoefxeicoflurbglvssertdjhcr/Build/Intermediates.noindex/Supabase.build/Debug-iphonesimulator/PostgREST.build/Objects-normal/arm64/PostgREST.SwiftFileList (in target 'PostgREST' from project 'Supabase')
    cd /Users/user51/Library/Developer/Xcode/DerivedData/iCohort3-bwoefxeicoflurbglvssertdjhcr/SourcePackages/checkouts/supabase-swift
    write-file /Users/user51/Library/Developer/Xcode/DerivedData/iCohort3-bwoefxeicoflurbglvssertdjhcr/Build/Intermediates.noindex/Supabase.build/Debug-iphonesimulator/PostgREST.build/Objects-normal/arm64/PostgREST.SwiftFileList

WriteAuxiliaryFile /Users/user51/Library/Developer/Xcode/DerivedData/iCohort3-bwoefxeicoflurbglvssertdjhcr/Build/Intermediates.noindex/Supabase.build/Debug-iphonesimulator/PostgREST.build/Objects-normal/arm64/PostgREST.SwiftConstValuesFileList (in target 'PostgREST' from project 'Supabase')
    cd /Users/user51/Library/Developer/Xcode/DerivedData/iCohort3-bwoefxeicoflurbglvssertdjhcr/SourcePackages/checkouts/supabase-swift
    write-file /Users/user51/Library/Developer/Xcode/DerivedData/iCohort3-bwoefxeicoflurbglvssertdjhcr/Build/Intermediates.noindex/Supabase.build/Debug-iphonesimulator/PostgREST.build/Objects-normal/arm64/PostgREST.SwiftConstValuesFileList

WriteAuxiliaryFile /Users/user51/Library/Developer/Xcode/DerivedData/iCohort3-bwoefxeicoflurbglvssertdjhcr/Build/Intermediates.noindex/Supabase.build/Debug-iphonesimulator/PostgREST.build/Objects-normal/arm64/PostgREST.LinkFileList (in target 'PostgREST' from project 'Supabase')
    cd /Users/user51/Library/Developer/Xcode/DerivedData/iCohort3-bwoefxeicoflurbglvssertdjhcr/SourcePackages/checkouts/supabase-swift
    write-file /Users/user51/Library/Developer/Xcode/DerivedData/iCohort3-bwoefxeicoflurbglvssertdjhcr/Build/Intermediates.noindex/Supabase.build/Debug-iphonesimulator/PostgREST.build/Objects-normal/arm64/PostgREST.LinkFileList

WriteAuxiliaryFile /Users/user51/Library/Developer/Xcode/DerivedData/iCohort3-bwoefxeicoflurbglvssertdjhcr/Build/Intermediates.noindex/Supabase.build/Debug-iphonesimulator/PostgREST.build/Objects-normal/arm64/PostgREST-OutputFileMap.json (in target 'PostgREST' from project 'Supabase')
    cd /Users/user51/Library/Developer/Xcode/DerivedData/iCohort3-bwoefxeicoflurbglvssertdjhcr/SourcePackages/checkouts/supabase-swift
    write-file /Users/user51/Library/Developer/Xcode/DerivedData/iCohort3-bwoefxeicoflurbglvssertdjhcr/Build/Intermediates.noindex/Supabase.build/Debug-iphonesimulator/PostgREST.build/Objects-normal/arm64/PostgREST-OutputFileMap.json

Copy /Users/user51/Library/Developer/Xcode/DerivedData/iCohort3-bwoefxeicoflurbglvssertdjhcr/Build/Intermediates.noindex/GeneratedModuleMaps-iphonesimulator/PostgREST.modulemap /Users/user51/Library/Developer/Xcode/DerivedData/iCohort3-bwoefxeicoflurbglvssertdjhcr/Build/Intermediates.noindex/Supabase.build/Debug-iphonesimulator/PostgREST.build/PostgREST.modulemap (in target 'PostgREST' from project 'Supabase')
    cd /Users/user51/Library/Developer/Xcode/DerivedData/iCohort3-bwoefxeicoflurbglvssertdjhcr/SourcePackages/checkouts/supabase-swift
    builtin-copy -exclude .DS_Store -exclude CVS -exclude .svn -exclude .git -exclude .hg -resolve-src-symlinks /Users/user51/Library/Developer/Xcode/DerivedData/iCohort3-bwoefxeicoflurbglvssertdjhcr/Build/Intermediates.noindex/Supabase.build/Debug-iphonesimulator/PostgREST.build/PostgREST.modulemap /Users/user51/Library/Developer/Xcode/DerivedData/iCohort3-bwoefxeicoflurbglvssertdjhcr/Build/Intermediates.noindex/GeneratedModuleMaps-iphonesimulator

WriteAuxiliaryFile /Users/user51/Library/Developer/Xcode/DerivedData/iCohort3-bwoefxeicoflurbglvssertdjhcr/Build/Intermediates.noindex/xctest-dynamic-overlay.build/Debug-iphonesimulator/IssueReportingPackageSupport.build/Objects-normal/arm64/IssueReportingPackageSupport.SwiftFileList (in target 'IssueReportingPackageSupport' from project 'xctest-dynamic-overlay')
    cd /Users/user51/Library/Developer/Xcode/DerivedData/iCohort3-bwoefxeicoflurbglvssertdjhcr/SourcePackages/checkouts/xctest-dynamic-overlay
    write-file /Users/user51/Library/Developer/Xcode/DerivedData/iCohort3-bwoefxeicoflurbglvssertdjhcr/Build/Intermediates.noindex/xctest-dynamic-overlay.build/Debug-iphonesimulator/IssueReportingPackageSupport.build/Objects-normal/arm64/IssueReportingPackageSupport.SwiftFileList

WriteAuxiliaryFile /Users/user51/Library/Developer/Xcode/DerivedData/iCohort3-bwoefxeicoflurbglvssertdjhcr/Build/Intermediates.noindex/xctest-dynamic-overlay.build/Debug-iphonesimulator/IssueReportingPackageSupport.build/Objects-normal/arm64/IssueReportingPackageSupport_const_extract_protocols.json (in target 'IssueReportingPackageSupport' from project 'xctest-dynamic-overlay')
    cd /Users/user51/Library/Developer/Xcode/DerivedData/iCohort3-bwoefxeicoflurbglvssertdjhcr/SourcePackages/checkouts/xctest-dynamic-overlay
    write-file /Users/user51/Library/Developer/Xcode/DerivedData/iCohort3-bwoefxeicoflurbglvssertdjhcr/Build/Intermediates.noindex/xctest-dynamic-overlay.build/Debug-iphonesimulator/IssueReportingPackageSupport.build/Objects-normal/arm64/IssueReportingPackageSupport_const_extract_protocols.json

WriteAuxiliaryFile /Users/user51/Library/Developer/Xcode/DerivedData/iCohort3-bwoefxeicoflurbglvssertdjhcr/Build/Intermediates.noindex/xctest-dynamic-overlay.build/Debug-iphonesimulator/IssueReportingPackageSupport.build/Objects-normal/arm64/IssueReportingPackageSupport.SwiftConstValuesFileList (in target 'IssueReportingPackageSupport' from project 'xctest-dynamic-overlay')
    cd /Users/user51/Library/Developer/Xcode/DerivedData/iCohort3-bwoefxeicoflurbglvssertdjhcr/SourcePackages/checkouts/xctest-dynamic-overlay
    write-file /Users/user51/Library/Developer/Xcode/DerivedData/iCohort3-bwoefxeicoflurbglvssertdjhcr/Build/Intermediates.noindex/xctest-dynamic-overlay.build/Debug-iphonesimulator/IssueReportingPackageSupport.build/Objects-normal/arm64/IssueReportingPackageSupport.SwiftConstValuesFileList

WriteAuxiliaryFile /Users/user51/Library/Developer/Xcode/DerivedData/iCohort3-bwoefxeicoflurbglvssertdjhcr/Build/Intermediates.noindex/xctest-dynamic-overlay.build/Debug-iphonesimulator/IssueReportingPackageSupport.build/Objects-normal/arm64/IssueReportingPackageSupport.LinkFileList (in target 'IssueReportingPackageSupport' from project 'xctest-dynamic-overlay')
    cd /Users/user51/Library/Developer/Xcode/DerivedData/iCohort3-bwoefxeicoflurbglvssertdjhcr/SourcePackages/checkouts/xctest-dynamic-overlay
    write-file /Users/user51/Library/Developer/Xcode/DerivedData/iCohort3-bwoefxeicoflurbglvssertdjhcr/Build/Intermediates.noindex/xctest-dynamic-overlay.build/Debug-iphonesimulator/IssueReportingPackageSupport.build/Objects-normal/arm64/IssueReportingPackageSupport.LinkFileList

WriteAuxiliaryFile /Users/user51/Library/Developer/Xcode/DerivedData/iCohort3-bwoefxeicoflurbglvssertdjhcr/Build/Intermediates.noindex/xctest-dynamic-overlay.build/Debug-iphonesimulator/IssueReportingPackageSupport.build/Objects-normal/arm64/IssueReportingPackageSupport-OutputFileMap.json (in target 'IssueReportingPackageSupport' from project 'xctest-dynamic-overlay')
    cd /Users/user51/Library/Developer/Xcode/DerivedData/iCohort3-bwoefxeicoflurbglvssertdjhcr/SourcePackages/checkouts/xctest-dynamic-overlay
    write-file /Users/user51/Library/Developer/Xcode/DerivedData/iCohort3-bwoefxeicoflurbglvssertdjhcr/Build/Intermediates.noindex/xctest-dynamic-overlay.build/Debug-iphonesimulator/IssueReportingPackageSupport.build/Objects-normal/arm64/IssueReportingPackageSupport-OutputFileMap.json

WriteAuxiliaryFile /Users/user51/Library/Developer/Xcode/DerivedData/iCohort3-bwoefxeicoflurbglvssertdjhcr/Build/Intermediates.noindex/xctest-dynamic-overlay.build/Debug-iphonesimulator/IssueReportingPackageSupport.build/IssueReportingPackageSupport.modulemap (in target 'IssueReportingPackageSupport' from project 'xctest-dynamic-overlay')
    cd /Users/user51/Library/Developer/Xcode/DerivedData/iCohort3-bwoefxeicoflurbglvssertdjhcr/SourcePackages/checkouts/xctest-dynamic-overlay
    write-file /Users/user51/Library/Developer/Xcode/DerivedData/iCohort3-bwoefxeicoflurbglvssertdjhcr/Build/Intermediates.noindex/xctest-dynamic-overlay.build/Debug-iphonesimulator/IssueReportingPackageSupport.build/IssueReportingPackageSupport.modulemap

WriteAuxiliaryFile /Users/user51/Library/Developer/Xcode/DerivedData/iCohort3-bwoefxeicoflurbglvssertdjhcr/Build/Intermediates.noindex/xctest-dynamic-overlay.build/Debug-iphonesimulator/IssueReportingPackageSupport.build/IssueReportingPackageSupport.DependencyStaticMetadataFileList (in target 'IssueReportingPackageSupport' from project 'xctest-dynamic-overlay')
    cd /Users/user51/Library/Developer/Xcode/DerivedData/iCohort3-bwoefxeicoflurbglvssertdjhcr/SourcePackages/checkouts/xctest-dynamic-overlay
    write-file /Users/user51/Library/Developer/Xcode/DerivedData/iCohort3-bwoefxeicoflurbglvssertdjhcr/Build/Intermediates.noindex/xctest-dynamic-overlay.build/Debug-iphonesimulator/IssueReportingPackageSupport.build/IssueReportingPackageSupport.DependencyStaticMetadataFileList

WriteAuxiliaryFile /Users/user51/Library/Developer/Xcode/DerivedData/iCohort3-bwoefxeicoflurbglvssertdjhcr/Build/Intermediates.noindex/xctest-dynamic-overlay.build/Debug-iphonesimulator/IssueReportingPackageSupport.build/IssueReportingPackageSupport.DependencyMetadataFileList (in target 'IssueReportingPackageSupport' from project 'xctest-dynamic-overlay')
    cd /Users/user51/Library/Developer/Xcode/DerivedData/iCohort3-bwoefxeicoflurbglvssertdjhcr/SourcePackages/checkouts/xctest-dynamic-overlay
    write-file /Users/user51/Library/Developer/Xcode/DerivedData/iCohort3-bwoefxeicoflurbglvssertdjhcr/Build/Intermediates.noindex/xctest-dynamic-overlay.build/Debug-iphonesimulator/IssueReportingPackageSupport.build/IssueReportingPackageSupport.DependencyMetadataFileList

WriteAuxiliaryFile /Users/user51/Library/Developer/Xcode/DerivedData/iCohort3-bwoefxeicoflurbglvssertdjhcr/Build/Intermediates.noindex/xctest-dynamic-overlay.build/Debug-iphonesimulator/IssueReporting.build/Objects-normal/arm64/IssueReporting.SwiftFileList (in target 'IssueReporting' from project 'xctest-dynamic-overlay')
    cd /Users/user51/Library/Developer/Xcode/DerivedData/iCohort3-bwoefxeicoflurbglvssertdjhcr/SourcePackages/checkouts/xctest-dynamic-overlay
    write-file /Users/user51/Library/Developer/Xcode/DerivedData/iCohort3-bwoefxeicoflurbglvssertdjhcr/Build/Intermediates.noindex/xctest-dynamic-overlay.build/Debug-iphonesimulator/IssueReporting.build/Objects-normal/arm64/IssueReporting.SwiftFileList

WriteAuxiliaryFile /Users/user51/Library/Developer/Xcode/DerivedData/iCohort3-bwoefxeicoflurbglvssertdjhcr/Build/Intermediates.noindex/xctest-dynamic-overlay.build/Debug-iphonesimulator/IssueReporting.build/Objects-normal/arm64/IssueReporting_const_extract_protocols.json (in target 'IssueReporting' from project 'xctest-dynamic-overlay')
    cd /Users/user51/Library/Developer/Xcode/DerivedData/iCohort3-bwoefxeicoflurbglvssertdjhcr/SourcePackages/checkouts/xctest-dynamic-overlay
    write-file /Users/user51/Library/Developer/Xcode/DerivedData/iCohort3-bwoefxeicoflurbglvssertdjhcr/Build/Intermediates.noindex/xctest-dynamic-overlay.build/Debug-iphonesimulator/IssueReporting.build/Objects-normal/arm64/IssueReporting_const_extract_protocols.json

WriteAuxiliaryFile /Users/user51/Library/Developer/Xcode/DerivedData/iCohort3-bwoefxeicoflurbglvssertdjhcr/Build/Intermediates.noindex/xctest-dynamic-overlay.build/Debug-iphonesimulator/IssueReporting.build/Objects-normal/arm64/IssueReporting.SwiftConstValuesFileList (in target 'IssueReporting' from project 'xctest-dynamic-overlay')
    cd /Users/user51/Library/Developer/Xcode/DerivedData/iCohort3-bwoefxeicoflurbglvssertdjhcr/SourcePackages/checkouts/xctest-dynamic-overlay
    write-file /Users/user51/Library/Developer/Xcode/DerivedData/iCohort3-bwoefxeicoflurbglvssertdjhcr/Build/Intermediates.noindex/xctest-dynamic-overlay.build/Debug-iphonesimulator/IssueReporting.build/Objects-normal/arm64/IssueReporting.SwiftConstValuesFileList

WriteAuxiliaryFile /Users/user51/Library/Developer/Xcode/DerivedData/iCohort3-bwoefxeicoflurbglvssertdjhcr/Build/Intermediates.noindex/xctest-dynamic-overlay.build/Debug-iphonesimulator/IssueReporting.build/Objects-normal/arm64/IssueReporting.LinkFileList (in target 'IssueReporting' from project 'xctest-dynamic-overlay')
    cd /Users/user51/Library/Developer/Xcode/DerivedData/iCohort3-bwoefxeicoflurbglvssertdjhcr/SourcePackages/checkouts/xctest-dynamic-overlay
    write-file /Users/user51/Library/Developer/Xcode/DerivedData/iCohort3-bwoefxeicoflurbglvssertdjhcr/Build/Intermediates.noindex/xctest-dynamic-overlay.build/Debug-iphonesimulator/IssueReporting.build/Objects-normal/arm64/IssueReporting.LinkFileList

WriteAuxiliaryFile /Users/user51/Library/Developer/Xcode/DerivedData/iCohort3-bwoefxeicoflurbglvssertdjhcr/Build/Intermediates.noindex/xctest-dynamic-overlay.build/Debug-iphonesimulator/IssueReporting.build/Objects-normal/arm64/IssueReporting-OutputFileMap.json (in target 'IssueReporting' from project 'xctest-dynamic-overlay')
    cd /Users/user51/Library/Developer/Xcode/DerivedData/iCohort3-bwoefxeicoflurbglvssertdjhcr/SourcePackages/checkouts/xctest-dynamic-overlay
    write-file /Users/user51/Library/Developer/Xcode/DerivedData/iCohort3-bwoefxeicoflurbglvssertdjhcr/Build/Intermediates.noindex/xctest-dynamic-overlay.build/Debug-iphonesimulator/IssueReporting.build/Objects-normal/arm64/IssueReporting-OutputFileMap.json

WriteAuxiliaryFile /Users/user51/Library/Developer/Xcode/DerivedData/iCohort3-bwoefxeicoflurbglvssertdjhcr/Build/Intermediates.noindex/xctest-dynamic-overlay.build/Debug-iphonesimulator/IssueReporting.build/IssueReporting.modulemap (in target 'IssueReporting' from project 'xctest-dynamic-overlay')
    cd /Users/user51/Library/Developer/Xcode/DerivedData/iCohort3-bwoefxeicoflurbglvssertdjhcr/SourcePackages/checkouts/xctest-dynamic-overlay
    write-file /Users/user51/Library/Developer/Xcode/DerivedData/iCohort3-bwoefxeicoflurbglvssertdjhcr/Build/Intermediates.noindex/xctest-dynamic-overlay.build/Debug-iphonesimulator/IssueReporting.build/IssueReporting.modulemap

WriteAuxiliaryFile /Users/user51/Library/Developer/Xcode/DerivedData/iCohort3-bwoefxeicoflurbglvssertdjhcr/Build/Intermediates.noindex/xctest-dynamic-overlay.build/Debug-iphonesimulator/IssueReporting.build/IssueReporting.DependencyStaticMetadataFileList (in target 'IssueReporting' from project 'xctest-dynamic-overlay')
    cd /Users/user51/Library/Developer/Xcode/DerivedData/iCohort3-bwoefxeicoflurbglvssertdjhcr/SourcePackages/checkouts/xctest-dynamic-overlay
    write-file /Users/user51/Library/Developer/Xcode/DerivedData/iCohort3-bwoefxeicoflurbglvssertdjhcr/Build/Intermediates.noindex/xctest-dynamic-overlay.build/Debug-iphonesimulator/IssueReporting.build/IssueReporting.DependencyStaticMetadataFileList

Copy /Users/user51/Library/Developer/Xcode/DerivedData/iCohort3-bwoefxeicoflurbglvssertdjhcr/Build/Intermediates.noindex/GeneratedModuleMaps-iphonesimulator/IssueReportingPackageSupport.modulemap /Users/user51/Library/Developer/Xcode/DerivedData/iCohort3-bwoefxeicoflurbglvssertdjhcr/Build/Intermediates.noindex/xctest-dynamic-overlay.build/Debug-iphonesimulator/IssueReportingPackageSupport.build/IssueReportingPackageSupport.modulemap (in target 'IssueReportingPackageSupport' from project 'xctest-dynamic-overlay')
    cd /Users/user51/Library/Developer/Xcode/DerivedData/iCohort3-bwoefxeicoflurbglvssertdjhcr/SourcePackages/checkouts/xctest-dynamic-overlay
    builtin-copy -exclude .DS_Store -exclude CVS -exclude .svn -exclude .git -exclude .hg -resolve-src-symlinks /Users/user51/Library/Developer/Xcode/DerivedData/iCohort3-bwoefxeicoflurbglvssertdjhcr/Build/Intermediates.noindex/xctest-dynamic-overlay.build/Debug-iphonesimulator/IssueReportingPackageSupport.build/IssueReportingPackageSupport.modulemap /Users/user51/Library/Developer/Xcode/DerivedData/iCohort3-bwoefxeicoflurbglvssertdjhcr/Build/Intermediates.noindex/GeneratedModuleMaps-iphonesimulator

WriteAuxiliaryFile /Users/user51/Library/Developer/Xcode/DerivedData/iCohort3-bwoefxeicoflurbglvssertdjhcr/Build/Intermediates.noindex/xctest-dynamic-overlay.build/Debug-iphonesimulator/IssueReporting.build/IssueReporting.DependencyMetadataFileList (in target 'IssueReporting' from project 'xctest-dynamic-overlay')
    cd /Users/user51/Library/Developer/Xcode/DerivedData/iCohort3-bwoefxeicoflurbglvssertdjhcr/SourcePackages/checkouts/xctest-dynamic-overlay
    write-file /Users/user51/Library/Developer/Xcode/DerivedData/iCohort3-bwoefxeicoflurbglvssertdjhcr/Build/Intermediates.noindex/xctest-dynamic-overlay.build/Debug-iphonesimulator/IssueReporting.build/IssueReporting.DependencyMetadataFileList

WriteAuxiliaryFile /Users/user51/Library/Developer/Xcode/DerivedData/iCohort3-bwoefxeicoflurbglvssertdjhcr/Build/Intermediates.noindex/Supabase.build/Debug-iphonesimulator/Helpers.build/Objects-normal/arm64/Helpers_const_extract_protocols.json (in target 'Helpers' from project 'Supabase')
    cd /Users/user51/Library/Developer/Xcode/DerivedData/iCohort3-bwoefxeicoflurbglvssertdjhcr/SourcePackages/checkouts/supabase-swift
    write-file /Users/user51/Library/Developer/Xcode/DerivedData/iCohort3-bwoefxeicoflurbglvssertdjhcr/Build/Intermediates.noindex/Supabase.build/Debug-iphonesimulator/Helpers.build/Objects-normal/arm64/Helpers_const_extract_protocols.json

WriteAuxiliaryFile /Users/user51/Library/Developer/Xcode/DerivedData/iCohort3-bwoefxeicoflurbglvssertdjhcr/Build/Intermediates.noindex/Supabase.build/Debug-iphonesimulator/Helpers.build/Objects-normal/arm64/Helpers.SwiftFileList (in target 'Helpers' from project 'Supabase')
    cd /Users/user51/Library/Developer/Xcode/DerivedData/iCohort3-bwoefxeicoflurbglvssertdjhcr/SourcePackages/checkouts/supabase-swift
    write-file /Users/user51/Library/Developer/Xcode/DerivedData/iCohort3-bwoefxeicoflurbglvssertdjhcr/Build/Intermediates.noindex/Supabase.build/Debug-iphonesimulator/Helpers.build/Objects-normal/arm64/Helpers.SwiftFileList

WriteAuxiliaryFile /Users/user51/Library/Developer/Xcode/DerivedData/iCohort3-bwoefxeicoflurbglvssertdjhcr/Build/Intermediates.noindex/Supabase.build/Debug-iphonesimulator/Helpers.build/Objects-normal/arm64/Helpers.SwiftConstValuesFileList (in target 'Helpers' from project 'Supabase')
    cd /Users/user51/Library/Developer/Xcode/DerivedData/iCohort3-bwoefxeicoflurbglvssertdjhcr/SourcePackages/checkouts/supabase-swift
    write-file /Users/user51/Library/Developer/Xcode/DerivedData/iCohort3-bwoefxeicoflurbglvssertdjhcr/Build/Intermediates.noindex/Supabase.build/Debug-iphonesimulator/Helpers.build/Objects-normal/arm64/Helpers.SwiftConstValuesFileList

WriteAuxiliaryFile /Users/user51/Library/Developer/Xcode/DerivedData/iCohort3-bwoefxeicoflurbglvssertdjhcr/Build/Intermediates.noindex/Supabase.build/Debug-iphonesimulator/Helpers.build/Objects-normal/arm64/Helpers.LinkFileList (in target 'Helpers' from project 'Supabase')
    cd /Users/user51/Library/Developer/Xcode/DerivedData/iCohort3-bwoefxeicoflurbglvssertdjhcr/SourcePackages/checkouts/supabase-swift
    write-file /Users/user51/Library/Developer/Xcode/DerivedData/iCohort3-bwoefxeicoflurbglvssertdjhcr/Build/Intermediates.noindex/Supabase.build/Debug-iphonesimulator/Helpers.build/Objects-normal/arm64/Helpers.LinkFileList

WriteAuxiliaryFile /Users/user51/Library/Developer/Xcode/DerivedData/iCohort3-bwoefxeicoflurbglvssertdjhcr/Build/Intermediates.noindex/Supabase.build/Debug-iphonesimulator/Helpers.build/Objects-normal/arm64/Helpers-OutputFileMap.json (in target 'Helpers' from project 'Supabase')
    cd /Users/user51/Library/Developer/Xcode/DerivedData/iCohort3-bwoefxeicoflurbglvssertdjhcr/SourcePackages/checkouts/supabase-swift
    write-file /Users/user51/Library/Developer/Xcode/DerivedData/iCohort3-bwoefxeicoflurbglvssertdjhcr/Build/Intermediates.noindex/Supabase.build/Debug-iphonesimulator/Helpers.build/Objects-normal/arm64/Helpers-OutputFileMap.json

Copy /Users/user51/Library/Developer/Xcode/DerivedData/iCohort3-bwoefxeicoflurbglvssertdjhcr/Build/Intermediates.noindex/GeneratedModuleMaps-iphonesimulator/IssueReporting.modulemap /Users/user51/Library/Developer/Xcode/DerivedData/iCohort3-bwoefxeicoflurbglvssertdjhcr/Build/Intermediates.noindex/xctest-dynamic-overlay.build/Debug-iphonesimulator/IssueReporting.build/IssueReporting.modulemap (in target 'IssueReporting' from project 'xctest-dynamic-overlay')
    cd /Users/user51/Library/Developer/Xcode/DerivedData/iCohort3-bwoefxeicoflurbglvssertdjhcr/SourcePackages/checkouts/xctest-dynamic-overlay
    builtin-copy -exclude .DS_Store -exclude CVS -exclude .svn -exclude .git -exclude .hg -resolve-src-symlinks /Users/user51/Library/Developer/Xcode/DerivedData/iCohort3-bwoefxeicoflurbglvssertdjhcr/Build/Intermediates.noindex/xctest-dynamic-overlay.build/Debug-iphonesimulator/IssueReporting.build/IssueReporting.modulemap /Users/user51/Library/Developer/Xcode/DerivedData/iCohort3-bwoefxeicoflurbglvssertdjhcr/Build/Intermediates.noindex/GeneratedModuleMaps-iphonesimulator

WriteAuxiliaryFile /Users/user51/Library/Developer/Xcode/DerivedData/iCohort3-bwoefxeicoflurbglvssertdjhcr/Build/Intermediates.noindex/Supabase.build/Debug-iphonesimulator/Helpers.build/Helpers.modulemap (in target 'Helpers' from project 'Supabase')
    cd /Users/user51/Library/Developer/Xcode/DerivedData/iCohort3-bwoefxeicoflurbglvssertdjhcr/SourcePackages/checkouts/supabase-swift
    write-file /Users/user51/Library/Developer/Xcode/DerivedData/iCohort3-bwoefxeicoflurbglvssertdjhcr/Build/Intermediates.noindex/Supabase.build/Debug-iphonesimulator/Helpers.build/Helpers.modulemap

WriteAuxiliaryFile /Users/user51/Library/Developer/Xcode/DerivedData/iCohort3-bwoefxeicoflurbglvssertdjhcr/Build/Intermediates.noindex/Supabase.build/Debug-iphonesimulator/Helpers.build/Helpers.DependencyStaticMetadataFileList (in target 'Helpers' from project 'Supabase')
    cd /Users/user51/Library/Developer/Xcode/DerivedData/iCohort3-bwoefxeicoflurbglvssertdjhcr/SourcePackages/checkouts/supabase-swift
    write-file /Users/user51/Library/Developer/Xcode/DerivedData/iCohort3-bwoefxeicoflurbglvssertdjhcr/Build/Intermediates.noindex/Supabase.build/Debug-iphonesimulator/Helpers.build/Helpers.DependencyStaticMetadataFileList

WriteAuxiliaryFile /Users/user51/Library/Developer/Xcode/DerivedData/iCohort3-bwoefxeicoflurbglvssertdjhcr/Build/Intermediates.noindex/Supabase.build/Debug-iphonesimulator/Helpers.build/Helpers.DependencyMetadataFileList (in target 'Helpers' from project 'Supabase')
    cd /Users/user51/Library/Developer/Xcode/DerivedData/iCohort3-bwoefxeicoflurbglvssertdjhcr/SourcePackages/checkouts/supabase-swift
    write-file /Users/user51/Library/Developer/Xcode/DerivedData/iCohort3-bwoefxeicoflurbglvssertdjhcr/Build/Intermediates.noindex/Supabase.build/Debug-iphonesimulator/Helpers.build/Helpers.DependencyMetadataFileList

WriteAuxiliaryFile /Users/user51/Library/Developer/Xcode/DerivedData/iCohort3-bwoefxeicoflurbglvssertdjhcr/Build/Intermediates.noindex/swift-http-types.build/Debug-iphonesimulator/HTTPTypes.build/Objects-normal/arm64/HTTPTypes_const_extract_protocols.json (in target 'HTTPTypes' from project 'swift-http-types')
    cd /Users/user51/Library/Developer/Xcode/DerivedData/iCohort3-bwoefxeicoflurbglvssertdjhcr/SourcePackages/checkouts/swift-http-types
    write-file /Users/user51/Library/Developer/Xcode/DerivedData/iCohort3-bwoefxeicoflurbglvssertdjhcr/Build/Intermediates.noindex/swift-http-types.build/Debug-iphonesimulator/HTTPTypes.build/Objects-normal/arm64/HTTPTypes_const_extract_protocols.json

WriteAuxiliaryFile /Users/user51/Library/Developer/Xcode/DerivedData/iCohort3-bwoefxeicoflurbglvssertdjhcr/Build/Intermediates.noindex/swift-http-types.build/Debug-iphonesimulator/HTTPTypes.build/Objects-normal/arm64/HTTPTypes.SwiftFileList (in target 'HTTPTypes' from project 'swift-http-types')
    cd /Users/user51/Library/Developer/Xcode/DerivedData/iCohort3-bwoefxeicoflurbglvssertdjhcr/SourcePackages/checkouts/swift-http-types
    write-file /Users/user51/Library/Developer/Xcode/DerivedData/iCohort3-bwoefxeicoflurbglvssertdjhcr/Build/Intermediates.noindex/swift-http-types.build/Debug-iphonesimulator/HTTPTypes.build/Objects-normal/arm64/HTTPTypes.SwiftFileList

WriteAuxiliaryFile /Users/user51/Library/Developer/Xcode/DerivedData/iCohort3-bwoefxeicoflurbglvssertdjhcr/Build/Intermediates.noindex/swift-http-types.build/Debug-iphonesimulator/HTTPTypes.build/Objects-normal/arm64/HTTPTypes.SwiftConstValuesFileList (in target 'HTTPTypes' from project 'swift-http-types')
    cd /Users/user51/Library/Developer/Xcode/DerivedData/iCohort3-bwoefxeicoflurbglvssertdjhcr/SourcePackages/checkouts/swift-http-types
    write-file /Users/user51/Library/Developer/Xcode/DerivedData/iCohort3-bwoefxeicoflurbglvssertdjhcr/Build/Intermediates.noindex/swift-http-types.build/Debug-iphonesimulator/HTTPTypes.build/Objects-normal/arm64/HTTPTypes.SwiftConstValuesFileList

WriteAuxiliaryFile /Users/user51/Library/Developer/Xcode/DerivedData/iCohort3-bwoefxeicoflurbglvssertdjhcr/Build/Intermediates.noindex/swift-http-types.build/Debug-iphonesimulator/HTTPTypes.build/Objects-normal/arm64/HTTPTypes-OutputFileMap.json (in target 'HTTPTypes' from project 'swift-http-types')
    cd /Users/user51/Library/Developer/Xcode/DerivedData/iCohort3-bwoefxeicoflurbglvssertdjhcr/SourcePackages/checkouts/swift-http-types
    write-file /Users/user51/Library/Developer/Xcode/DerivedData/iCohort3-bwoefxeicoflurbglvssertdjhcr/Build/Intermediates.noindex/swift-http-types.build/Debug-iphonesimulator/HTTPTypes.build/Objects-normal/arm64/HTTPTypes-OutputFileMap.json

WriteAuxiliaryFile /Users/user51/Library/Developer/Xcode/DerivedData/iCohort3-bwoefxeicoflurbglvssertdjhcr/Build/Intermediates.noindex/swift-http-types.build/Debug-iphonesimulator/HTTPTypes.build/Objects-normal/arm64/HTTPTypes.LinkFileList (in target 'HTTPTypes' from project 'swift-http-types')
    cd /Users/user51/Library/Developer/Xcode/DerivedData/iCohort3-bwoefxeicoflurbglvssertdjhcr/SourcePackages/checkouts/swift-http-types
    write-file /Users/user51/Library/Developer/Xcode/DerivedData/iCohort3-bwoefxeicoflurbglvssertdjhcr/Build/Intermediates.noindex/swift-http-types.build/Debug-iphonesimulator/HTTPTypes.build/Objects-normal/arm64/HTTPTypes.LinkFileList

Copy /Users/user51/Library/Developer/Xcode/DerivedData/iCohort3-bwoefxeicoflurbglvssertdjhcr/Build/Intermediates.noindex/GeneratedModuleMaps-iphonesimulator/Helpers.modulemap /Users/user51/Library/Developer/Xcode/DerivedData/iCohort3-bwoefxeicoflurbglvssertdjhcr/Build/Intermediates.noindex/Supabase.build/Debug-iphonesimulator/Helpers.build/Helpers.modulemap (in target 'Helpers' from project 'Supabase')
    cd /Users/user51/Library/Developer/Xcode/DerivedData/iCohort3-bwoefxeicoflurbglvssertdjhcr/SourcePackages/checkouts/supabase-swift
    builtin-copy -exclude .DS_Store -exclude CVS -exclude .svn -exclude .git -exclude .hg -resolve-src-symlinks /Users/user51/Library/Developer/Xcode/DerivedData/iCohort3-bwoefxeicoflurbglvssertdjhcr/Build/Intermediates.noindex/Supabase.build/Debug-iphonesimulator/Helpers.build/Helpers.modulemap /Users/user51/Library/Developer/Xcode/DerivedData/iCohort3-bwoefxeicoflurbglvssertdjhcr/Build/Intermediates.noindex/GeneratedModuleMaps-iphonesimulator

WriteAuxiliaryFile /Users/user51/Library/Developer/Xcode/DerivedData/iCohort3-bwoefxeicoflurbglvssertdjhcr/Build/Intermediates.noindex/swift-http-types.build/Debug-iphonesimulator/HTTPTypes.build/HTTPTypes.modulemap (in target 'HTTPTypes' from project 'swift-http-types')
    cd /Users/user51/Library/Developer/Xcode/DerivedData/iCohort3-bwoefxeicoflurbglvssertdjhcr/SourcePackages/checkouts/swift-http-types
    write-file /Users/user51/Library/Developer/Xcode/DerivedData/iCohort3-bwoefxeicoflurbglvssertdjhcr/Build/Intermediates.noindex/swift-http-types.build/Debug-iphonesimulator/HTTPTypes.build/HTTPTypes.modulemap

WriteAuxiliaryFile /Users/user51/Library/Developer/Xcode/DerivedData/iCohort3-bwoefxeicoflurbglvssertdjhcr/Build/Intermediates.noindex/swift-http-types.build/Debug-iphonesimulator/HTTPTypes.build/HTTPTypes.DependencyStaticMetadataFileList (in target 'HTTPTypes' from project 'swift-http-types')
    cd /Users/user51/Library/Developer/Xcode/DerivedData/iCohort3-bwoefxeicoflurbglvssertdjhcr/SourcePackages/checkouts/swift-http-types
    write-file /Users/user51/Library/Developer/Xcode/DerivedData/iCohort3-bwoefxeicoflurbglvssertdjhcr/Build/Intermediates.noindex/swift-http-types.build/Debug-iphonesimulator/HTTPTypes.build/HTTPTypes.DependencyStaticMetadataFileList

WriteAuxiliaryFile /Users/user51/Library/Developer/Xcode/DerivedData/iCohort3-bwoefxeicoflurbglvssertdjhcr/Build/Intermediates.noindex/swift-http-types.build/Debug-iphonesimulator/HTTPTypes.build/HTTPTypes.DependencyMetadataFileList (in target 'HTTPTypes' from project 'swift-http-types')
    cd /Users/user51/Library/Developer/Xcode/DerivedData/iCohort3-bwoefxeicoflurbglvssertdjhcr/SourcePackages/checkouts/swift-http-types
    write-file /Users/user51/Library/Developer/Xcode/DerivedData/iCohort3-bwoefxeicoflurbglvssertdjhcr/Build/Intermediates.noindex/swift-http-types.build/Debug-iphonesimulator/HTTPTypes.build/HTTPTypes.DependencyMetadataFileList

WriteAuxiliaryFile /Users/user51/Library/Developer/Xcode/DerivedData/iCohort3-bwoefxeicoflurbglvssertdjhcr/Build/Intermediates.noindex/Supabase.build/Debug-iphonesimulator/Functions.build/Objects-normal/arm64/Functions.SwiftFileList (in target 'Functions' from project 'Supabase')
    cd /Users/user51/Library/Developer/Xcode/DerivedData/iCohort3-bwoefxeicoflurbglvssertdjhcr/SourcePackages/checkouts/supabase-swift
    write-file /Users/user51/Library/Developer/Xcode/DerivedData/iCohort3-bwoefxeicoflurbglvssertdjhcr/Build/Intermediates.noindex/Supabase.build/Debug-iphonesimulator/Functions.build/Objects-normal/arm64/Functions.SwiftFileList

WriteAuxiliaryFile /Users/user51/Library/Developer/Xcode/DerivedData/iCohort3-bwoefxeicoflurbglvssertdjhcr/Build/Intermediates.noindex/Supabase.build/Debug-iphonesimulator/Functions.build/Objects-normal/arm64/Functions.SwiftConstValuesFileList (in target 'Functions' from project 'Supabase')
    cd /Users/user51/Library/Developer/Xcode/DerivedData/iCohort3-bwoefxeicoflurbglvssertdjhcr/SourcePackages/checkouts/supabase-swift
    write-file /Users/user51/Library/Developer/Xcode/DerivedData/iCohort3-bwoefxeicoflurbglvssertdjhcr/Build/Intermediates.noindex/Supabase.build/Debug-iphonesimulator/Functions.build/Objects-normal/arm64/Functions.SwiftConstValuesFileList

WriteAuxiliaryFile /Users/user51/Library/Developer/Xcode/DerivedData/iCohort3-bwoefxeicoflurbglvssertdjhcr/Build/Intermediates.noindex/Supabase.build/Debug-iphonesimulator/Functions.build/Objects-normal/arm64/Functions_const_extract_protocols.json (in target 'Functions' from project 'Supabase')
    cd /Users/user51/Library/Developer/Xcode/DerivedData/iCohort3-bwoefxeicoflurbglvssertdjhcr/SourcePackages/checkouts/supabase-swift
    write-file /Users/user51/Library/Developer/Xcode/DerivedData/iCohort3-bwoefxeicoflurbglvssertdjhcr/Build/Intermediates.noindex/Supabase.build/Debug-iphonesimulator/Functions.build/Objects-normal/arm64/Functions_const_extract_protocols.json

WriteAuxiliaryFile /Users/user51/Library/Developer/Xcode/DerivedData/iCohort3-bwoefxeicoflurbglvssertdjhcr/Build/Intermediates.noindex/Supabase.build/Debug-iphonesimulator/Functions.build/Objects-normal/arm64/Functions.LinkFileList (in target 'Functions' from project 'Supabase')
    cd /Users/user51/Library/Developer/Xcode/DerivedData/iCohort3-bwoefxeicoflurbglvssertdjhcr/SourcePackages/checkouts/supabase-swift
    write-file /Users/user51/Library/Developer/Xcode/DerivedData/iCohort3-bwoefxeicoflurbglvssertdjhcr/Build/Intermediates.noindex/Supabase.build/Debug-iphonesimulator/Functions.build/Objects-normal/arm64/Functions.LinkFileList

Copy /Users/user51/Library/Developer/Xcode/DerivedData/iCohort3-bwoefxeicoflurbglvssertdjhcr/Build/Intermediates.noindex/GeneratedModuleMaps-iphonesimulator/HTTPTypes.modulemap /Users/user51/Library/Developer/Xcode/DerivedData/iCohort3-bwoefxeicoflurbglvssertdjhcr/Build/Intermediates.noindex/swift-http-types.build/Debug-iphonesimulator/HTTPTypes.build/HTTPTypes.modulemap (in target 'HTTPTypes' from project 'swift-http-types')
    cd /Users/user51/Library/Developer/Xcode/DerivedData/iCohort3-bwoefxeicoflurbglvssertdjhcr/SourcePackages/checkouts/swift-http-types
    builtin-copy -exclude .DS_Store -exclude CVS -exclude .svn -exclude .git -exclude .hg -resolve-src-symlinks /Users/user51/Library/Developer/Xcode/DerivedData/iCohort3-bwoefxeicoflurbglvssertdjhcr/Build/Intermediates.noindex/swift-http-types.build/Debug-iphonesimulator/HTTPTypes.build/HTTPTypes.modulemap /Users/user51/Library/Developer/Xcode/DerivedData/iCohort3-bwoefxeicoflurbglvssertdjhcr/Build/Intermediates.noindex/GeneratedModuleMaps-iphonesimulator

WriteAuxiliaryFile /Users/user51/Library/Developer/Xcode/DerivedData/iCohort3-bwoefxeicoflurbglvssertdjhcr/Build/Intermediates.noindex/Supabase.build/Debug-iphonesimulator/Functions.build/Objects-normal/arm64/Functions-OutputFileMap.json (in target 'Functions' from project 'Supabase')
    cd /Users/user51/Library/Developer/Xcode/DerivedData/iCohort3-bwoefxeicoflurbglvssertdjhcr/SourcePackages/checkouts/supabase-swift
    write-file /Users/user51/Library/Developer/Xcode/DerivedData/iCohort3-bwoefxeicoflurbglvssertdjhcr/Build/Intermediates.noindex/Supabase.build/Debug-iphonesimulator/Functions.build/Objects-normal/arm64/Functions-OutputFileMap.json

WriteAuxiliaryFile /Users/user51/Library/Developer/Xcode/DerivedData/iCohort3-bwoefxeicoflurbglvssertdjhcr/Build/Intermediates.noindex/Supabase.build/Debug-iphonesimulator/Functions.build/Functions.modulemap (in target 'Functions' from project 'Supabase')
    cd /Users/user51/Library/Developer/Xcode/DerivedData/iCohort3-bwoefxeicoflurbglvssertdjhcr/SourcePackages/checkouts/supabase-swift
    write-file /Users/user51/Library/Developer/Xcode/DerivedData/iCohort3-bwoefxeicoflurbglvssertdjhcr/Build/Intermediates.noindex/Supabase.build/Debug-iphonesimulator/Functions.build/Functions.modulemap

WriteAuxiliaryFile /Users/user51/Library/Developer/Xcode/DerivedData/iCohort3-bwoefxeicoflurbglvssertdjhcr/Build/Intermediates.noindex/Supabase.build/Debug-iphonesimulator/Functions.build/Functions.DependencyStaticMetadataFileList (in target 'Functions' from project 'Supabase')
    cd /Users/user51/Library/Developer/Xcode/DerivedData/iCohort3-bwoefxeicoflurbglvssertdjhcr/SourcePackages/checkouts/supabase-swift
    write-file /Users/user51/Library/Developer/Xcode/DerivedData/iCohort3-bwoefxeicoflurbglvssertdjhcr/Build/Intermediates.noindex/Supabase.build/Debug-iphonesimulator/Functions.build/Functions.DependencyStaticMetadataFileList

WriteAuxiliaryFile /Users/user51/Library/Developer/Xcode/DerivedData/iCohort3-bwoefxeicoflurbglvssertdjhcr/Build/Intermediates.noindex/Supabase.build/Debug-iphonesimulator/Functions.build/Functions.DependencyMetadataFileList (in target 'Functions' from project 'Supabase')
    cd /Users/user51/Library/Developer/Xcode/DerivedData/iCohort3-bwoefxeicoflurbglvssertdjhcr/SourcePackages/checkouts/supabase-swift
    write-file /Users/user51/Library/Developer/Xcode/DerivedData/iCohort3-bwoefxeicoflurbglvssertdjhcr/Build/Intermediates.noindex/Supabase.build/Debug-iphonesimulator/Functions.build/Functions.DependencyMetadataFileList

WriteAuxiliaryFile /Users/user51/Library/Developer/Xcode/DerivedData/iCohort3-bwoefxeicoflurbglvssertdjhcr/Build/Intermediates.noindex/swift-crypto.build/Debug-iphonesimulator/Crypto.build/Objects-normal/arm64/Crypto_const_extract_protocols.json (in target 'Crypto' from project 'swift-crypto')
    cd /Users/user51/Library/Developer/Xcode/DerivedData/iCohort3-bwoefxeicoflurbglvssertdjhcr/SourcePackages/checkouts/swift-crypto
    write-file /Users/user51/Library/Developer/Xcode/DerivedData/iCohort3-bwoefxeicoflurbglvssertdjhcr/Build/Intermediates.noindex/swift-crypto.build/Debug-iphonesimulator/Crypto.build/Objects-normal/arm64/Crypto_const_extract_protocols.json

WriteAuxiliaryFile /Users/user51/Library/Developer/Xcode/DerivedData/iCohort3-bwoefxeicoflurbglvssertdjhcr/Build/Intermediates.noindex/swift-crypto.build/Debug-iphonesimulator/Crypto.build/Objects-normal/arm64/Crypto.SwiftFileList (in target 'Crypto' from project 'swift-crypto')
    cd /Users/user51/Library/Developer/Xcode/DerivedData/iCohort3-bwoefxeicoflurbglvssertdjhcr/SourcePackages/checkouts/swift-crypto
    write-file /Users/user51/Library/Developer/Xcode/DerivedData/iCohort3-bwoefxeicoflurbglvssertdjhcr/Build/Intermediates.noindex/swift-crypto.build/Debug-iphonesimulator/Crypto.build/Objects-normal/arm64/Crypto.SwiftFileList

WriteAuxiliaryFile /Users/user51/Library/Developer/Xcode/DerivedData/iCohort3-bwoefxeicoflurbglvssertdjhcr/Build/Intermediates.noindex/swift-crypto.build/Debug-iphonesimulator/Crypto.build/Objects-normal/arm64/Crypto.SwiftConstValuesFileList (in target 'Crypto' from project 'swift-crypto')
    cd /Users/user51/Library/Developer/Xcode/DerivedData/iCohort3-bwoefxeicoflurbglvssertdjhcr/SourcePackages/checkouts/swift-crypto
    write-file /Users/user51/Library/Developer/Xcode/DerivedData/iCohort3-bwoefxeicoflurbglvssertdjhcr/Build/Intermediates.noindex/swift-crypto.build/Debug-iphonesimulator/Crypto.build/Objects-normal/arm64/Crypto.SwiftConstValuesFileList

WriteAuxiliaryFile /Users/user51/Library/Developer/Xcode/DerivedData/iCohort3-bwoefxeicoflurbglvssertdjhcr/Build/Intermediates.noindex/swift-crypto.build/Debug-iphonesimulator/Crypto.build/Objects-normal/arm64/Crypto.LinkFileList (in target 'Crypto' from project 'swift-crypto')
    cd /Users/user51/Library/Developer/Xcode/DerivedData/iCohort3-bwoefxeicoflurbglvssertdjhcr/SourcePackages/checkouts/swift-crypto
    write-file /Users/user51/Library/Developer/Xcode/DerivedData/iCohort3-bwoefxeicoflurbglvssertdjhcr/Build/Intermediates.noindex/swift-crypto.build/Debug-iphonesimulator/Crypto.build/Objects-normal/arm64/Crypto.LinkFileList

WriteAuxiliaryFile /Users/user51/Library/Developer/Xcode/DerivedData/iCohort3-bwoefxeicoflurbglvssertdjhcr/Build/Intermediates.noindex/swift-crypto.build/Debug-iphonesimulator/Crypto.build/Objects-normal/arm64/Crypto-OutputFileMap.json (in target 'Crypto' from project 'swift-crypto')
    cd /Users/user51/Library/Developer/Xcode/DerivedData/iCohort3-bwoefxeicoflurbglvssertdjhcr/SourcePackages/checkouts/swift-crypto
    write-file /Users/user51/Library/Developer/Xcode/DerivedData/iCohort3-bwoefxeicoflurbglvssertdjhcr/Build/Intermediates.noindex/swift-crypto.build/Debug-iphonesimulator/Crypto.build/Objects-normal/arm64/Crypto-OutputFileMap.json

WriteAuxiliaryFile /Users/user51/Library/Developer/Xcode/DerivedData/iCohort3-bwoefxeicoflurbglvssertdjhcr/Build/Intermediates.noindex/swift-crypto.build/Debug-iphonesimulator/Crypto.build/Crypto.modulemap (in target 'Crypto' from project 'swift-crypto')
    cd /Users/user51/Library/Developer/Xcode/DerivedData/iCohort3-bwoefxeicoflurbglvssertdjhcr/SourcePackages/checkouts/swift-crypto
    write-file /Users/user51/Library/Developer/Xcode/DerivedData/iCohort3-bwoefxeicoflurbglvssertdjhcr/Build/Intermediates.noindex/swift-crypto.build/Debug-iphonesimulator/Crypto.build/Crypto.modulemap

WriteAuxiliaryFile /Users/user51/Library/Developer/Xcode/DerivedData/iCohort3-bwoefxeicoflurbglvssertdjhcr/Build/Intermediates.noindex/swift-crypto.build/Debug-iphonesimulator/Crypto.build/Crypto.DependencyStaticMetadataFileList (in target 'Crypto' from project 'swift-crypto')
    cd /Users/user51/Library/Developer/Xcode/DerivedData/iCohort3-bwoefxeicoflurbglvssertdjhcr/SourcePackages/checkouts/swift-crypto
    write-file /Users/user51/Library/Developer/Xcode/DerivedData/iCohort3-bwoefxeicoflurbglvssertdjhcr/Build/Intermediates.noindex/swift-crypto.build/Debug-iphonesimulator/Crypto.build/Crypto.DependencyStaticMetadataFileList

WriteAuxiliaryFile /Users/user51/Library/Developer/Xcode/DerivedData/iCohort3-bwoefxeicoflurbglvssertdjhcr/Build/Intermediates.noindex/swift-crypto.build/Debug-iphonesimulator/Crypto.build/DerivedSources/resource_bundle_accessor.swift (in target 'Crypto' from project 'swift-crypto')
    cd /Users/user51/Library/Developer/Xcode/DerivedData/iCohort3-bwoefxeicoflurbglvssertdjhcr/SourcePackages/checkouts/swift-crypto
    write-file /Users/user51/Library/Developer/Xcode/DerivedData/iCohort3-bwoefxeicoflurbglvssertdjhcr/Build/Intermediates.noindex/swift-crypto.build/Debug-iphonesimulator/Crypto.build/DerivedSources/resource_bundle_accessor.swift

Copy /Users/user51/Library/Developer/Xcode/DerivedData/iCohort3-bwoefxeicoflurbglvssertdjhcr/Build/Intermediates.noindex/GeneratedModuleMaps-iphonesimulator/Functions.modulemap /Users/user51/Library/Developer/Xcode/DerivedData/iCohort3-bwoefxeicoflurbglvssertdjhcr/Build/Intermediates.noindex/Supabase.build/Debug-iphonesimulator/Functions.build/Functions.modulemap (in target 'Functions' from project 'Supabase')
    cd /Users/user51/Library/Developer/Xcode/DerivedData/iCohort3-bwoefxeicoflurbglvssertdjhcr/SourcePackages/checkouts/supabase-swift
    builtin-copy -exclude .DS_Store -exclude CVS -exclude .svn -exclude .git -exclude .hg -resolve-src-symlinks /Users/user51/Library/Developer/Xcode/DerivedData/iCohort3-bwoefxeicoflurbglvssertdjhcr/Build/Intermediates.noindex/Supabase.build/Debug-iphonesimulator/Functions.build/Functions.modulemap /Users/user51/Library/Developer/Xcode/DerivedData/iCohort3-bwoefxeicoflurbglvssertdjhcr/Build/Intermediates.noindex/GeneratedModuleMaps-iphonesimulator

WriteAuxiliaryFile /Users/user51/Library/Developer/Xcode/DerivedData/iCohort3-bwoefxeicoflurbglvssertdjhcr/Build/Intermediates.noindex/swift-crypto.build/Debug-iphonesimulator/Crypto.build/Crypto.DependencyMetadataFileList (in target 'Crypto' from project 'swift-crypto')
    cd /Users/user51/Library/Developer/Xcode/DerivedData/iCohort3-bwoefxeicoflurbglvssertdjhcr/SourcePackages/checkouts/swift-crypto
    write-file /Users/user51/Library/Developer/Xcode/DerivedData/iCohort3-bwoefxeicoflurbglvssertdjhcr/Build/Intermediates.noindex/swift-crypto.build/Debug-iphonesimulator/Crypto.build/Crypto.DependencyMetadataFileList

WriteAuxiliaryFile /Users/user51/Library/Developer/Xcode/DerivedData/iCohort3-bwoefxeicoflurbglvssertdjhcr/Build/Intermediates.noindex/swift-concurrency-extras.build/Debug-iphonesimulator/ConcurrencyExtras.build/Objects-normal/arm64/ConcurrencyExtras.SwiftFileList (in target 'ConcurrencyExtras' from project 'swift-concurrency-extras')
    cd /Users/user51/Library/Developer/Xcode/DerivedData/iCohort3-bwoefxeicoflurbglvssertdjhcr/SourcePackages/checkouts/swift-concurrency-extras
    write-file /Users/user51/Library/Developer/Xcode/DerivedData/iCohort3-bwoefxeicoflurbglvssertdjhcr/Build/Intermediates.noindex/swift-concurrency-extras.build/Debug-iphonesimulator/ConcurrencyExtras.build/Objects-normal/arm64/ConcurrencyExtras.SwiftFileList

WriteAuxiliaryFile /Users/user51/Library/Developer/Xcode/DerivedData/iCohort3-bwoefxeicoflurbglvssertdjhcr/Build/Intermediates.noindex/swift-concurrency-extras.build/Debug-iphonesimulator/ConcurrencyExtras.build/Objects-normal/arm64/ConcurrencyExtras_const_extract_protocols.json (in target 'ConcurrencyExtras' from project 'swift-concurrency-extras')
    cd /Users/user51/Library/Developer/Xcode/DerivedData/iCohort3-bwoefxeicoflurbglvssertdjhcr/SourcePackages/checkouts/swift-concurrency-extras
    write-file /Users/user51/Library/Developer/Xcode/DerivedData/iCohort3-bwoefxeicoflurbglvssertdjhcr/Build/Intermediates.noindex/swift-concurrency-extras.build/Debug-iphonesimulator/ConcurrencyExtras.build/Objects-normal/arm64/ConcurrencyExtras_const_extract_protocols.json

WriteAuxiliaryFile /Users/user51/Library/Developer/Xcode/DerivedData/iCohort3-bwoefxeicoflurbglvssertdjhcr/Build/Intermediates.noindex/swift-concurrency-extras.build/Debug-iphonesimulator/ConcurrencyExtras.build/Objects-normal/arm64/ConcurrencyExtras.SwiftConstValuesFileList (in target 'ConcurrencyExtras' from project 'swift-concurrency-extras')
    cd /Users/user51/Library/Developer/Xcode/DerivedData/iCohort3-bwoefxeicoflurbglvssertdjhcr/SourcePackages/checkouts/swift-concurrency-extras
    write-file /Users/user51/Library/Developer/Xcode/DerivedData/iCohort3-bwoefxeicoflurbglvssertdjhcr/Build/Intermediates.noindex/swift-concurrency-extras.build/Debug-iphonesimulator/ConcurrencyExtras.build/Objects-normal/arm64/ConcurrencyExtras.SwiftConstValuesFileList

WriteAuxiliaryFile /Users/user51/Library/Developer/Xcode/DerivedData/iCohort3-bwoefxeicoflurbglvssertdjhcr/Build/Intermediates.noindex/swift-concurrency-extras.build/Debug-iphonesimulator/ConcurrencyExtras.build/Objects-normal/arm64/ConcurrencyExtras.LinkFileList (in target 'ConcurrencyExtras' from project 'swift-concurrency-extras')
    cd /Users/user51/Library/Developer/Xcode/DerivedData/iCohort3-bwoefxeicoflurbglvssertdjhcr/SourcePackages/checkouts/swift-concurrency-extras
    write-file /Users/user51/Library/Developer/Xcode/DerivedData/iCohort3-bwoefxeicoflurbglvssertdjhcr/Build/Intermediates.noindex/swift-concurrency-extras.build/Debug-iphonesimulator/ConcurrencyExtras.build/Objects-normal/arm64/ConcurrencyExtras.LinkFileList

Copy /Users/user51/Library/Developer/Xcode/DerivedData/iCohort3-bwoefxeicoflurbglvssertdjhcr/Build/Intermediates.noindex/GeneratedModuleMaps-iphonesimulator/Crypto.modulemap /Users/user51/Library/Developer/Xcode/DerivedData/iCohort3-bwoefxeicoflurbglvssertdjhcr/Build/Intermediates.noindex/swift-crypto.build/Debug-iphonesimulator/Crypto.build/Crypto.modulemap (in target 'Crypto' from project 'swift-crypto')
    cd /Users/user51/Library/Developer/Xcode/DerivedData/iCohort3-bwoefxeicoflurbglvssertdjhcr/SourcePackages/checkouts/swift-crypto
    builtin-copy -exclude .DS_Store -exclude CVS -exclude .svn -exclude .git -exclude .hg -resolve-src-symlinks /Users/user51/Library/Developer/Xcode/DerivedData/iCohort3-bwoefxeicoflurbglvssertdjhcr/Build/Intermediates.noindex/swift-crypto.build/Debug-iphonesimulator/Crypto.build/Crypto.modulemap /Users/user51/Library/Developer/Xcode/DerivedData/iCohort3-bwoefxeicoflurbglvssertdjhcr/Build/Intermediates.noindex/GeneratedModuleMaps-iphonesimulator

WriteAuxiliaryFile /Users/user51/Library/Developer/Xcode/DerivedData/iCohort3-bwoefxeicoflurbglvssertdjhcr/Build/Intermediates.noindex/swift-concurrency-extras.build/Debug-iphonesimulator/ConcurrencyExtras.build/Objects-normal/arm64/ConcurrencyExtras-OutputFileMap.json (in target 'ConcurrencyExtras' from project 'swift-concurrency-extras')
    cd /Users/user51/Library/Developer/Xcode/DerivedData/iCohort3-bwoefxeicoflurbglvssertdjhcr/SourcePackages/checkouts/swift-concurrency-extras
    write-file /Users/user51/Library/Developer/Xcode/DerivedData/iCohort3-bwoefxeicoflurbglvssertdjhcr/Build/Intermediates.noindex/swift-concurrency-extras.build/Debug-iphonesimulator/ConcurrencyExtras.build/Objects-normal/arm64/ConcurrencyExtras-OutputFileMap.json

WriteAuxiliaryFile /Users/user51/Library/Developer/Xcode/DerivedData/iCohort3-bwoefxeicoflurbglvssertdjhcr/Build/Intermediates.noindex/swift-concurrency-extras.build/Debug-iphonesimulator/ConcurrencyExtras.build/ConcurrencyExtras.DependencyStaticMetadataFileList (in target 'ConcurrencyExtras' from project 'swift-concurrency-extras')
    cd /Users/user51/Library/Developer/Xcode/DerivedData/iCohort3-bwoefxeicoflurbglvssertdjhcr/SourcePackages/checkouts/swift-concurrency-extras
    write-file /Users/user51/Library/Developer/Xcode/DerivedData/iCohort3-bwoefxeicoflurbglvssertdjhcr/Build/Intermediates.noindex/swift-concurrency-extras.build/Debug-iphonesimulator/ConcurrencyExtras.build/ConcurrencyExtras.DependencyStaticMetadataFileList

WriteAuxiliaryFile /Users/user51/Library/Developer/Xcode/DerivedData/iCohort3-bwoefxeicoflurbglvssertdjhcr/Build/Intermediates.noindex/swift-concurrency-extras.build/Debug-iphonesimulator/ConcurrencyExtras.build/ConcurrencyExtras.modulemap (in target 'ConcurrencyExtras' from project 'swift-concurrency-extras')
    cd /Users/user51/Library/Developer/Xcode/DerivedData/iCohort3-bwoefxeicoflurbglvssertdjhcr/SourcePackages/checkouts/swift-concurrency-extras
    write-file /Users/user51/Library/Developer/Xcode/DerivedData/iCohort3-bwoefxeicoflurbglvssertdjhcr/Build/Intermediates.noindex/swift-concurrency-extras.build/Debug-iphonesimulator/ConcurrencyExtras.build/ConcurrencyExtras.modulemap

WriteAuxiliaryFile /Users/user51/Library/Developer/Xcode/DerivedData/iCohort3-bwoefxeicoflurbglvssertdjhcr/Build/Intermediates.noindex/swift-concurrency-extras.build/Debug-iphonesimulator/ConcurrencyExtras.build/ConcurrencyExtras.DependencyMetadataFileList (in target 'ConcurrencyExtras' from project 'swift-concurrency-extras')
    cd /Users/user51/Library/Developer/Xcode/DerivedData/iCohort3-bwoefxeicoflurbglvssertdjhcr/SourcePackages/checkouts/swift-concurrency-extras
    write-file /Users/user51/Library/Developer/Xcode/DerivedData/iCohort3-bwoefxeicoflurbglvssertdjhcr/Build/Intermediates.noindex/swift-concurrency-extras.build/Debug-iphonesimulator/ConcurrencyExtras.build/ConcurrencyExtras.DependencyMetadataFileList

WriteAuxiliaryFile /Users/user51/Library/Developer/Xcode/DerivedData/iCohort3-bwoefxeicoflurbglvssertdjhcr/Build/Intermediates.noindex/swift-clocks.build/Debug-iphonesimulator/Clocks.build/Objects-normal/arm64/Clocks_const_extract_protocols.json (in target 'Clocks' from project 'swift-clocks')
    cd /Users/user51/Library/Developer/Xcode/DerivedData/iCohort3-bwoefxeicoflurbglvssertdjhcr/SourcePackages/checkouts/swift-clocks
    write-file /Users/user51/Library/Developer/Xcode/DerivedData/iCohort3-bwoefxeicoflurbglvssertdjhcr/Build/Intermediates.noindex/swift-clocks.build/Debug-iphonesimulator/Clocks.build/Objects-normal/arm64/Clocks_const_extract_protocols.json

WriteAuxiliaryFile /Users/user51/Library/Developer/Xcode/DerivedData/iCohort3-bwoefxeicoflurbglvssertdjhcr/Build/Intermediates.noindex/swift-clocks.build/Debug-iphonesimulator/Clocks.build/Objects-normal/arm64/Clocks.SwiftFileList (in target 'Clocks' from project 'swift-clocks')
    cd /Users/user51/Library/Developer/Xcode/DerivedData/iCohort3-bwoefxeicoflurbglvssertdjhcr/SourcePackages/checkouts/swift-clocks
    write-file /Users/user51/Library/Developer/Xcode/DerivedData/iCohort3-bwoefxeicoflurbglvssertdjhcr/Build/Intermediates.noindex/swift-clocks.build/Debug-iphonesimulator/Clocks.build/Objects-normal/arm64/Clocks.SwiftFileList

WriteAuxiliaryFile /Users/user51/Library/Developer/Xcode/DerivedData/iCohort3-bwoefxeicoflurbglvssertdjhcr/Build/Intermediates.noindex/swift-clocks.build/Debug-iphonesimulator/Clocks.build/Objects-normal/arm64/Clocks.SwiftConstValuesFileList (in target 'Clocks' from project 'swift-clocks')
    cd /Users/user51/Library/Developer/Xcode/DerivedData/iCohort3-bwoefxeicoflurbglvssertdjhcr/SourcePackages/checkouts/swift-clocks
    write-file /Users/user51/Library/Developer/Xcode/DerivedData/iCohort3-bwoefxeicoflurbglvssertdjhcr/Build/Intermediates.noindex/swift-clocks.build/Debug-iphonesimulator/Clocks.build/Objects-normal/arm64/Clocks.SwiftConstValuesFileList

WriteAuxiliaryFile /Users/user51/Library/Developer/Xcode/DerivedData/iCohort3-bwoefxeicoflurbglvssertdjhcr/Build/Intermediates.noindex/swift-clocks.build/Debug-iphonesimulator/Clocks.build/Objects-normal/arm64/Clocks.LinkFileList (in target 'Clocks' from project 'swift-clocks')
    cd /Users/user51/Library/Developer/Xcode/DerivedData/iCohort3-bwoefxeicoflurbglvssertdjhcr/SourcePackages/checkouts/swift-clocks
    write-file /Users/user51/Library/Developer/Xcode/DerivedData/iCohort3-bwoefxeicoflurbglvssertdjhcr/Build/Intermediates.noindex/swift-clocks.build/Debug-iphonesimulator/Clocks.build/Objects-normal/arm64/Clocks.LinkFileList

WriteAuxiliaryFile /Users/user51/Library/Developer/Xcode/DerivedData/iCohort3-bwoefxeicoflurbglvssertdjhcr/Build/Intermediates.noindex/swift-clocks.build/Debug-iphonesimulator/Clocks.build/Objects-normal/arm64/Clocks-OutputFileMap.json (in target 'Clocks' from project 'swift-clocks')
    cd /Users/user51/Library/Developer/Xcode/DerivedData/iCohort3-bwoefxeicoflurbglvssertdjhcr/SourcePackages/checkouts/swift-clocks
    write-file /Users/user51/Library/Developer/Xcode/DerivedData/iCohort3-bwoefxeicoflurbglvssertdjhcr/Build/Intermediates.noindex/swift-clocks.build/Debug-iphonesimulator/Clocks.build/Objects-normal/arm64/Clocks-OutputFileMap.json

WriteAuxiliaryFile /Users/user51/Library/Developer/Xcode/DerivedData/iCohort3-bwoefxeicoflurbglvssertdjhcr/Build/Intermediates.noindex/swift-clocks.build/Debug-iphonesimulator/Clocks.build/Clocks.modulemap (in target 'Clocks' from project 'swift-clocks')
    cd /Users/user51/Library/Developer/Xcode/DerivedData/iCohort3-bwoefxeicoflurbglvssertdjhcr/SourcePackages/checkouts/swift-clocks
    write-file /Users/user51/Library/Developer/Xcode/DerivedData/iCohort3-bwoefxeicoflurbglvssertdjhcr/Build/Intermediates.noindex/swift-clocks.build/Debug-iphonesimulator/Clocks.build/Clocks.modulemap

Copy /Users/user51/Library/Developer/Xcode/DerivedData/iCohort3-bwoefxeicoflurbglvssertdjhcr/Build/Intermediates.noindex/GeneratedModuleMaps-iphonesimulator/ConcurrencyExtras.modulemap /Users/user51/Library/Developer/Xcode/DerivedData/iCohort3-bwoefxeicoflurbglvssertdjhcr/Build/Intermediates.noindex/swift-concurrency-extras.build/Debug-iphonesimulator/ConcurrencyExtras.build/ConcurrencyExtras.modulemap (in target 'ConcurrencyExtras' from project 'swift-concurrency-extras')
    cd /Users/user51/Library/Developer/Xcode/DerivedData/iCohort3-bwoefxeicoflurbglvssertdjhcr/SourcePackages/checkouts/swift-concurrency-extras
    builtin-copy -exclude .DS_Store -exclude CVS -exclude .svn -exclude .git -exclude .hg -resolve-src-symlinks /Users/user51/Library/Developer/Xcode/DerivedData/iCohort3-bwoefxeicoflurbglvssertdjhcr/Build/Intermediates.noindex/swift-concurrency-extras.build/Debug-iphonesimulator/ConcurrencyExtras.build/ConcurrencyExtras.modulemap /Users/user51/Library/Developer/Xcode/DerivedData/iCohort3-bwoefxeicoflurbglvssertdjhcr/Build/Intermediates.noindex/GeneratedModuleMaps-iphonesimulator

WriteAuxiliaryFile /Users/user51/Library/Developer/Xcode/DerivedData/iCohort3-bwoefxeicoflurbglvssertdjhcr/Build/Intermediates.noindex/swift-clocks.build/Debug-iphonesimulator/Clocks.build/Clocks.DependencyStaticMetadataFileList (in target 'Clocks' from project 'swift-clocks')
    cd /Users/user51/Library/Developer/Xcode/DerivedData/iCohort3-bwoefxeicoflurbglvssertdjhcr/SourcePackages/checkouts/swift-clocks
    write-file /Users/user51/Library/Developer/Xcode/DerivedData/iCohort3-bwoefxeicoflurbglvssertdjhcr/Build/Intermediates.noindex/swift-clocks.build/Debug-iphonesimulator/Clocks.build/Clocks.DependencyStaticMetadataFileList

WriteAuxiliaryFile /Users/user51/Library/Developer/Xcode/DerivedData/iCohort3-bwoefxeicoflurbglvssertdjhcr/Build/Intermediates.noindex/swift-clocks.build/Debug-iphonesimulator/Clocks.build/Clocks.DependencyMetadataFileList (in target 'Clocks' from project 'swift-clocks')
    cd /Users/user51/Library/Developer/Xcode/DerivedData/iCohort3-bwoefxeicoflurbglvssertdjhcr/SourcePackages/checkouts/swift-clocks
    write-file /Users/user51/Library/Developer/Xcode/DerivedData/iCohort3-bwoefxeicoflurbglvssertdjhcr/Build/Intermediates.noindex/swift-clocks.build/Debug-iphonesimulator/Clocks.build/Clocks.DependencyMetadataFileList

WriteAuxiliaryFile /Users/user51/Library/Developer/Xcode/DerivedData/iCohort3-bwoefxeicoflurbglvssertdjhcr/Build/Intermediates.noindex/Supabase.build/Debug-iphonesimulator/Auth.build/Objects-normal/arm64/Auth_const_extract_protocols.json (in target 'Auth' from project 'Supabase')
    cd /Users/user51/Library/Developer/Xcode/DerivedData/iCohort3-bwoefxeicoflurbglvssertdjhcr/SourcePackages/checkouts/supabase-swift
    write-file /Users/user51/Library/Developer/Xcode/DerivedData/iCohort3-bwoefxeicoflurbglvssertdjhcr/Build/Intermediates.noindex/Supabase.build/Debug-iphonesimulator/Auth.build/Objects-normal/arm64/Auth_const_extract_protocols.json

WriteAuxiliaryFile /Users/user51/Library/Developer/Xcode/DerivedData/iCohort3-bwoefxeicoflurbglvssertdjhcr/Build/Intermediates.noindex/Supabase.build/Debug-iphonesimulator/Auth.build/Objects-normal/arm64/Auth.SwiftFileList (in target 'Auth' from project 'Supabase')
    cd /Users/user51/Library/Developer/Xcode/DerivedData/iCohort3-bwoefxeicoflurbglvssertdjhcr/SourcePackages/checkouts/supabase-swift
    write-file /Users/user51/Library/Developer/Xcode/DerivedData/iCohort3-bwoefxeicoflurbglvssertdjhcr/Build/Intermediates.noindex/Supabase.build/Debug-iphonesimulator/Auth.build/Objects-normal/arm64/Auth.SwiftFileList

WriteAuxiliaryFile /Users/user51/Library/Developer/Xcode/DerivedData/iCohort3-bwoefxeicoflurbglvssertdjhcr/Build/Intermediates.noindex/Supabase.build/Debug-iphonesimulator/Auth.build/Objects-normal/arm64/Auth.SwiftConstValuesFileList (in target 'Auth' from project 'Supabase')
    cd /Users/user51/Library/Developer/Xcode/DerivedData/iCohort3-bwoefxeicoflurbglvssertdjhcr/SourcePackages/checkouts/supabase-swift
    write-file /Users/user51/Library/Developer/Xcode/DerivedData/iCohort3-bwoefxeicoflurbglvssertdjhcr/Build/Intermediates.noindex/Supabase.build/Debug-iphonesimulator/Auth.build/Objects-normal/arm64/Auth.SwiftConstValuesFileList

WriteAuxiliaryFile /Users/user51/Library/Developer/Xcode/DerivedData/iCohort3-bwoefxeicoflurbglvssertdjhcr/Build/Intermediates.noindex/Supabase.build/Debug-iphonesimulator/Auth.build/Objects-normal/arm64/Auth.LinkFileList (in target 'Auth' from project 'Supabase')
    cd /Users/user51/Library/Developer/Xcode/DerivedData/iCohort3-bwoefxeicoflurbglvssertdjhcr/SourcePackages/checkouts/supabase-swift
    write-file /Users/user51/Library/Developer/Xcode/DerivedData/iCohort3-bwoefxeicoflurbglvssertdjhcr/Build/Intermediates.noindex/Supabase.build/Debug-iphonesimulator/Auth.build/Objects-normal/arm64/Auth.LinkFileList

WriteAuxiliaryFile /Users/user51/Library/Developer/Xcode/DerivedData/iCohort3-bwoefxeicoflurbglvssertdjhcr/Build/Intermediates.noindex/Supabase.build/Debug-iphonesimulator/Auth.build/Objects-normal/arm64/Auth-OutputFileMap.json (in target 'Auth' from project 'Supabase')
    cd /Users/user51/Library/Developer/Xcode/DerivedData/iCohort3-bwoefxeicoflurbglvssertdjhcr/SourcePackages/checkouts/supabase-swift
    write-file /Users/user51/Library/Developer/Xcode/DerivedData/iCohort3-bwoefxeicoflurbglvssertdjhcr/Build/Intermediates.noindex/Supabase.build/Debug-iphonesimulator/Auth.build/Objects-normal/arm64/Auth-OutputFileMap.json

Copy /Users/user51/Library/Developer/Xcode/DerivedData/iCohort3-bwoefxeicoflurbglvssertdjhcr/Build/Intermediates.noindex/GeneratedModuleMaps-iphonesimulator/Clocks.modulemap /Users/user51/Library/Developer/Xcode/DerivedData/iCohort3-bwoefxeicoflurbglvssertdjhcr/Build/Intermediates.noindex/swift-clocks.build/Debug-iphonesimulator/Clocks.build/Clocks.modulemap (in target 'Clocks' from project 'swift-clocks')
    cd /Users/user51/Library/Developer/Xcode/DerivedData/iCohort3-bwoefxeicoflurbglvssertdjhcr/SourcePackages/checkouts/swift-clocks
    builtin-copy -exclude .DS_Store -exclude CVS -exclude .svn -exclude .git -exclude .hg -resolve-src-symlinks /Users/user51/Library/Developer/Xcode/DerivedData/iCohort3-bwoefxeicoflurbglvssertdjhcr/Build/Intermediates.noindex/swift-clocks.build/Debug-iphonesimulator/Clocks.build/Clocks.modulemap /Users/user51/Library/Developer/Xcode/DerivedData/iCohort3-bwoefxeicoflurbglvssertdjhcr/Build/Intermediates.noindex/GeneratedModuleMaps-iphonesimulator

WriteAuxiliaryFile /Users/user51/Library/Developer/Xcode/DerivedData/iCohort3-bwoefxeicoflurbglvssertdjhcr/Build/Intermediates.noindex/Supabase.build/Debug-iphonesimulator/Auth.build/Auth.modulemap (in target 'Auth' from project 'Supabase')
    cd /Users/user51/Library/Developer/Xcode/DerivedData/iCohort3-bwoefxeicoflurbglvssertdjhcr/SourcePackages/checkouts/supabase-swift
    write-file /Users/user51/Library/Developer/Xcode/DerivedData/iCohort3-bwoefxeicoflurbglvssertdjhcr/Build/Intermediates.noindex/Supabase.build/Debug-iphonesimulator/Auth.build/Auth.modulemap

WriteAuxiliaryFile /Users/user51/Library/Developer/Xcode/DerivedData/iCohort3-bwoefxeicoflurbglvssertdjhcr/Build/Intermediates.noindex/Supabase.build/Debug-iphonesimulator/Auth.build/Auth.DependencyStaticMetadataFileList (in target 'Auth' from project 'Supabase')
    cd /Users/user51/Library/Developer/Xcode/DerivedData/iCohort3-bwoefxeicoflurbglvssertdjhcr/SourcePackages/checkouts/supabase-swift
    write-file /Users/user51/Library/Developer/Xcode/DerivedData/iCohort3-bwoefxeicoflurbglvssertdjhcr/Build/Intermediates.noindex/Supabase.build/Debug-iphonesimulator/Auth.build/Auth.DependencyStaticMetadataFileList

WriteAuxiliaryFile /Users/user51/Library/Developer/Xcode/DerivedData/iCohort3-bwoefxeicoflurbglvssertdjhcr/Build/Intermediates.noindex/Supabase.build/Debug-iphonesimulator/Auth.build/Auth.DependencyMetadataFileList (in target 'Auth' from project 'Supabase')
    cd /Users/user51/Library/Developer/Xcode/DerivedData/iCohort3-bwoefxeicoflurbglvssertdjhcr/SourcePackages/checkouts/supabase-swift
    write-file /Users/user51/Library/Developer/Xcode/DerivedData/iCohort3-bwoefxeicoflurbglvssertdjhcr/Build/Intermediates.noindex/Supabase.build/Debug-iphonesimulator/Auth.build/Auth.DependencyMetadataFileList

MkDir /Users/user51/Library/Developer/Xcode/DerivedData/iCohort3-bwoefxeicoflurbglvssertdjhcr/Build/Products/Debug-iphonesimulator/swift-crypto_Crypto.bundle (in target 'swift-crypto_Crypto' from project 'swift-crypto')
    cd /Users/user51/Library/Developer/Xcode/DerivedData/iCohort3-bwoefxeicoflurbglvssertdjhcr/SourcePackages/checkouts/swift-crypto
    /bin/mkdir -p /Users/user51/Library/Developer/Xcode/DerivedData/iCohort3-bwoefxeicoflurbglvssertdjhcr/Build/Products/Debug-iphonesimulator/swift-crypto_Crypto.bundle

MkDir /Users/user51/Library/Developer/Xcode/DerivedData/iCohort3-bwoefxeicoflurbglvssertdjhcr/Build/Products/Debug-iphonesimulator/iCohort3.app (in target 'iCohort3' from project 'iCohort3')
    cd /Users/user51/Downloads/iCohort3
    /bin/mkdir -p /Users/user51/Library/Developer/Xcode/DerivedData/iCohort3-bwoefxeicoflurbglvssertdjhcr/Build/Products/Debug-iphonesimulator/iCohort3.app

Copy /Users/user51/Library/Developer/Xcode/DerivedData/iCohort3-bwoefxeicoflurbglvssertdjhcr/Build/Intermediates.noindex/GeneratedModuleMaps-iphonesimulator/Auth.modulemap /Users/user51/Library/Developer/Xcode/DerivedData/iCohort3-bwoefxeicoflurbglvssertdjhcr/Build/Intermediates.noindex/Supabase.build/Debug-iphonesimulator/Auth.build/Auth.modulemap (in target 'Auth' from project 'Supabase')
    cd /Users/user51/Library/Developer/Xcode/DerivedData/iCohort3-bwoefxeicoflurbglvssertdjhcr/SourcePackages/checkouts/supabase-swift
    builtin-copy -exclude .DS_Store -exclude CVS -exclude .svn -exclude .git -exclude .hg -resolve-src-symlinks /Users/user51/Library/Developer/Xcode/DerivedData/iCohort3-bwoefxeicoflurbglvssertdjhcr/Build/Intermediates.noindex/Supabase.build/Debug-iphonesimulator/Auth.build/Auth.modulemap /Users/user51/Library/Developer/Xcode/DerivedData/iCohort3-bwoefxeicoflurbglvssertdjhcr/Build/Intermediates.noindex/GeneratedModuleMaps-iphonesimulator

ProcessInfoPlistFile /Users/user51/Library/Developer/Xcode/DerivedData/iCohort3-bwoefxeicoflurbglvssertdjhcr/Build/Products/Debug-iphonesimulator/swift-crypto_Crypto.bundle/Info.plist /Users/user51/Library/Developer/Xcode/DerivedData/iCohort3-bwoefxeicoflurbglvssertdjhcr/Build/Intermediates.noindex/swift-crypto.build/Debug-iphonesimulator/swift-crypto_Crypto.build/empty-swift-crypto_Crypto.plist (in target 'swift-crypto_Crypto' from project 'swift-crypto')
    cd /Users/user51/Library/Developer/Xcode/DerivedData/iCohort3-bwoefxeicoflurbglvssertdjhcr/SourcePackages/checkouts/swift-crypto
    builtin-infoPlistUtility /Users/user51/Library/Developer/Xcode/DerivedData/iCohort3-bwoefxeicoflurbglvssertdjhcr/Build/Intermediates.noindex/swift-crypto.build/Debug-iphonesimulator/swift-crypto_Crypto.build/empty-swift-crypto_Crypto.plist -producttype com.apple.product-type.bundle -expandbuildsettings -format binary -platform iphonesimulator -o /Users/user51/Library/Developer/Xcode/DerivedData/iCohort3-bwoefxeicoflurbglvssertdjhcr/Build/Products/Debug-iphonesimulator/swift-crypto_Crypto.bundle/Info.plist

CpResource /Users/user51/Library/Developer/Xcode/DerivedData/iCohort3-bwoefxeicoflurbglvssertdjhcr/Build/Products/Debug-iphonesimulator/swift-crypto_Crypto.bundle/PrivacyInfo.xcprivacy /Users/user51/Library/Developer/Xcode/DerivedData/iCohort3-bwoefxeicoflurbglvssertdjhcr/SourcePackages/checkouts/swift-crypto/Sources/Crypto/PrivacyInfo.xcprivacy (in target 'swift-crypto_Crypto' from project 'swift-crypto')
    cd /Users/user51/Library/Developer/Xcode/DerivedData/iCohort3-bwoefxeicoflurbglvssertdjhcr/SourcePackages/checkouts/swift-crypto
    builtin-copy -exclude .DS_Store -exclude CVS -exclude .svn -exclude .git -exclude .hg -resolve-src-symlinks /Users/user51/Library/Developer/Xcode/DerivedData/iCohort3-bwoefxeicoflurbglvssertdjhcr/SourcePackages/checkouts/swift-crypto/Sources/Crypto/PrivacyInfo.xcprivacy /Users/user51/Library/Developer/Xcode/DerivedData/iCohort3-bwoefxeicoflurbglvssertdjhcr/Build/Products/Debug-iphonesimulator/swift-crypto_Crypto.bundle

CodeSign /Users/user51/Library/Developer/Xcode/DerivedData/iCohort3-bwoefxeicoflurbglvssertdjhcr/Build/Products/Debug-iphonesimulator/swift-crypto_Crypto.bundle (in target 'swift-crypto_Crypto' from project 'swift-crypto')
    cd /Users/user51/Library/Developer/Xcode/DerivedData/iCohort3-bwoefxeicoflurbglvssertdjhcr/SourcePackages/checkouts/swift-crypto
    
    Signing Identity:     "Sign to Run Locally"
    
    /usr/bin/codesign --force --sign - --timestamp\=none --generate-entitlement-der /Users/user51/Library/Developer/Xcode/DerivedData/iCohort3-bwoefxeicoflurbglvssertdjhcr/Build/Products/Debug-iphonesimulator/swift-crypto_Crypto.bundle

RegisterExecutionPolicyException /Users/user51/Library/Developer/Xcode/DerivedData/iCohort3-bwoefxeicoflurbglvssertdjhcr/Build/Products/Debug-iphonesimulator/swift-crypto_Crypto.bundle (in target 'swift-crypto_Crypto' from project 'swift-crypto')
    cd /Users/user51/Library/Developer/Xcode/DerivedData/iCohort3-bwoefxeicoflurbglvssertdjhcr/SourcePackages/checkouts/swift-crypto
    builtin-RegisterExecutionPolicyException /Users/user51/Library/Developer/Xcode/DerivedData/iCohort3-bwoefxeicoflurbglvssertdjhcr/Build/Products/Debug-iphonesimulator/swift-crypto_Crypto.bundle

Touch /Users/user51/Library/Developer/Xcode/DerivedData/iCohort3-bwoefxeicoflurbglvssertdjhcr/Build/Products/Debug-iphonesimulator/swift-crypto_Crypto.bundle (in target 'swift-crypto_Crypto' from project 'swift-crypto')
    cd /Users/user51/Library/Developer/Xcode/DerivedData/iCohort3-bwoefxeicoflurbglvssertdjhcr/SourcePackages/checkouts/swift-crypto
    /usr/bin/touch -c /Users/user51/Library/Developer/Xcode/DerivedData/iCohort3-bwoefxeicoflurbglvssertdjhcr/Build/Products/Debug-iphonesimulator/swift-crypto_Crypto.bundle

SwiftDriver Crypto normal arm64 com.apple.xcode.tools.swift.compiler (in target 'Crypto' from project 'swift-crypto')
    cd /Users/user51/Downloads/iCohort3/iCohort3.xcodeproj
    builtin-SwiftDriver -- /Applications/Xcode.app/Contents/Developer/Toolchains/XcodeDefault.xctoolchain/usr/bin/swiftc -module-name Crypto -Onone -enforce-exclusivity\=checked @/Users/user51/Library/Developer/Xcode/DerivedData/iCohort3-bwoefxeicoflurbglvssertdjhcr/Build/Intermediates.noindex/swift-crypto.build/Debug-iphonesimulator/Crypto.build/Objects-normal/arm64/Crypto.SwiftFileList -DSWIFT_PACKAGE -DDEBUG -DSWIFT_MODULE_RESOURCE_BUNDLE_AVAILABLE -DCRYPTO_IN_SWIFTPM -DXcode -enable-upcoming-feature MemberImportVisibility -plugin-path /Applications/Xcode.app/Contents/Developer/Toolchains/XcodeDefault.xctoolchain/usr/lib/swift/host/plugins/testing -enable-experimental-feature DebugDescriptionMacro -sdk /Applications/Xcode.app/Contents/Developer/Platforms/iPhoneSimulator.platform/Developer/SDKs/iPhoneSimulator26.2.sdk -target arm64-apple-ios12.0-simulator -g -module-cache-path /Users/user51/Library/Developer/Xcode/DerivedData/ModuleCache.noindex -Xfrontend -serialize-debugging-options -profile-coverage-mapping -profile-generate -enable-testing -suppress-warnings -index-store-path /Users/user51/Library/Developer/Xcode/DerivedData/iCohort3-bwoefxeicoflurbglvssertdjhcr/Index.noindex/DataStore -Xcc -D_LIBCPP_HARDENING_MODE\=_LIBCPP_HARDENING_MODE_DEBUG -swift-version 6 -I /Users/user51/Library/Developer/Xcode/DerivedData/iCohort3-bwoefxeicoflurbglvssertdjhcr/Build/Products/Debug-iphonesimulator -Isystem /Applications/Xcode.app/Contents/Developer/Platforms/iPhoneSimulator.platform/Developer/usr/lib -F /Users/user51/Library/Developer/Xcode/DerivedData/iCohort3-bwoefxeicoflurbglvssertdjhcr/Build/Products/Debug-iphonesimulator -F /Applications/Xcode.app/Contents/Developer/Platforms/iPhoneSimulator.platform/Developer/Library/Frameworks -F /Applications/Xcode.app/Contents/Developer/Platforms/iPhoneSimulator.platform/Developer/SDKs/iPhoneSimulator26.2.sdk/Developer/Library/Frameworks -c -j8 -enable-batch-mode -incremental -Xcc -ivfsstatcache -Xcc /Users/user51/Library/Developer/Xcode/DerivedData/SDKStatCaches.noindex/iphonesimulator26.2-23C53-dc75598d0054f22ec865fa860f139d727d00a8b37fbd7999ea79df8ebc024bf0.sdkstatcache -output-file-map /Users/user51/Library/Developer/Xcode/DerivedData/iCohort3-bwoefxeicoflurbglvssertdjhcr/Build/Intermediates.noindex/swift-crypto.build/Debug-iphonesimulator/Crypto.build/Objects-normal/arm64/Crypto-OutputFileMap.json -use-frontend-parseable-output -save-temps -no-color-diagnostics -explicit-module-build -module-cache-path /Users/user51/Library/Developer/Xcode/DerivedData/iCohort3-bwoefxeicoflurbglvssertdjhcr/Build/Intermediates.noindex/SwiftExplicitPrecompiledModules -clang-scanner-module-cache-path /Users/user51/Library/Developer/Xcode/DerivedData/ModuleCache.noindex -sdk-module-cache-path /Users/user51/Library/Developer/Xcode/DerivedData/ModuleCache.noindex -serialize-diagnostics -emit-dependencies -emit-module -emit-module-path /Users/user51/Library/Developer/Xcode/DerivedData/iCohort3-bwoefxeicoflurbglvssertdjhcr/Build/Intermediates.noindex/swift-crypto.build/Debug-iphonesimulator/Crypto.build/Objects-normal/arm64/Crypto.swiftmodule -user-module-version 4.1.0 -validate-clang-modules-once -clang-build-session-file /Users/user51/Library/Developer/Xcode/DerivedData/ModuleCache.noindex/Session.modulevalidation -package-name swift_crypto -Xcc -I/Users/user51/Library/Developer/Xcode/DerivedData/iCohort3-bwoefxeicoflurbglvssertdjhcr/Build/Intermediates.noindex/swift-crypto.build/Debug-iphonesimulator/Crypto.build/swift-overrides.hmap -emit-const-values -Xfrontend -const-gather-protocols-file -Xfrontend /Users/user51/Library/Developer/Xcode/DerivedData/iCohort3-bwoefxeicoflurbglvssertdjhcr/Build/Intermediates.noindex/swift-crypto.build/Debug-iphonesimulator/Crypto.build/Objects-normal/arm64/Crypto_const_extract_protocols.json -Xcc -I/Users/user51/Library/Developer/Xcode/DerivedData/iCohort3-bwoefxeicoflurbglvssertdjhcr/Build/Products/Debug-iphonesimulator/include -Xcc -I/Users/user51/Library/Developer/Xcode/DerivedData/iCohort3-bwoefxeicoflurbglvssertdjhcr/Build/Intermediates.noindex/swift-crypto.build/Debug-iphonesimulator/Crypto.build/DerivedSources-normal/arm64 -Xcc -I/Users/user51/Library/Developer/Xcode/DerivedData/iCohort3-bwoefxeicoflurbglvssertdjhcr/Build/Intermediates.noindex/swift-crypto.build/Debug-iphonesimulator/Crypto.build/DerivedSources/arm64 -Xcc -I/Users/user51/Library/Developer/Xcode/DerivedData/iCohort3-bwoefxeicoflurbglvssertdjhcr/Build/Intermediates.noindex/swift-crypto.build/Debug-iphonesimulator/Crypto.build/DerivedSources -Xcc -DSWIFT_PACKAGE -Xcc -DDEBUG\=1 -emit-objc-header -emit-objc-header-path /Users/user51/Library/Developer/Xcode/DerivedData/iCohort3-bwoefxeicoflurbglvssertdjhcr/Build/Intermediates.noindex/swift-crypto.build/Debug-iphonesimulator/Crypto.build/Objects-normal/arm64/Crypto-Swift.h -working-directory /Users/user51/Downloads/iCohort3/iCohort3.xcodeproj -experimental-emit-module-separately -disable-cmo

SwiftDriver HTTPTypes normal arm64 com.apple.xcode.tools.swift.compiler (in target 'HTTPTypes' from project 'swift-http-types')
    cd /Users/user51/Downloads/iCohort3/iCohort3.xcodeproj
    builtin-SwiftDriver -- /Applications/Xcode.app/Contents/Developer/Toolchains/XcodeDefault.xctoolchain/usr/bin/swiftc -module-name HTTPTypes -Onone -enforce-exclusivity\=checked @/Users/user51/Library/Developer/Xcode/DerivedData/iCohort3-bwoefxeicoflurbglvssertdjhcr/Build/Intermediates.noindex/swift-http-types.build/Debug-iphonesimulator/HTTPTypes.build/Objects-normal/arm64/HTTPTypes.SwiftFileList -DSWIFT_PACKAGE -DDEBUG -DSWIFT_MODULE_RESOURCE_BUNDLE_UNAVAILABLE -DXcode -enable-experimental-feature StrictConcurrency\=complete -enable-upcoming-feature MemberImportVisibility -plugin-path /Applications/Xcode.app/Contents/Developer/Toolchains/XcodeDefault.xctoolchain/usr/lib/swift/host/plugins/testing -enable-experimental-feature DebugDescriptionMacro -sdk /Applications/Xcode.app/Contents/Developer/Platforms/iPhoneSimulator.platform/Developer/SDKs/iPhoneSimulator26.2.sdk -target arm64-apple-ios12.0-simulator -g -module-cache-path /Users/user51/Library/Developer/Xcode/DerivedData/ModuleCache.noindex -Xfrontend -serialize-debugging-options -profile-coverage-mapping -profile-generate -enable-testing -suppress-warnings -index-store-path /Users/user51/Library/Developer/Xcode/DerivedData/iCohort3-bwoefxeicoflurbglvssertdjhcr/Index.noindex/DataStore -Xcc -D_LIBCPP_HARDENING_MODE\=_LIBCPP_HARDENING_MODE_DEBUG -swift-version 5 -I /Users/user51/Library/Developer/Xcode/DerivedData/iCohort3-bwoefxeicoflurbglvssertdjhcr/Build/Products/Debug-iphonesimulator -Isystem /Applications/Xcode.app/Contents/Developer/Platforms/iPhoneSimulator.platform/Developer/usr/lib -F /Users/user51/Library/Developer/Xcode/DerivedData/iCohort3-bwoefxeicoflurbglvssertdjhcr/Build/Products/Debug-iphonesimulator -F /Applications/Xcode.app/Contents/Developer/Platforms/iPhoneSimulator.platform/Developer/Library/Frameworks -F /Applications/Xcode.app/Contents/Developer/Platforms/iPhoneSimulator.platform/Developer/SDKs/iPhoneSimulator26.2.sdk/Developer/Library/Frameworks -c -j8 -enable-batch-mode -incremental -Xcc -ivfsstatcache -Xcc /Users/user51/Library/Developer/Xcode/DerivedData/SDKStatCaches.noindex/iphonesimulator26.2-23C53-dc75598d0054f22ec865fa860f139d727d00a8b37fbd7999ea79df8ebc024bf0.sdkstatcache -output-file-map /Users/user51/Library/Developer/Xcode/DerivedData/iCohort3-bwoefxeicoflurbglvssertdjhcr/Build/Intermediates.noindex/swift-http-types.build/Debug-iphonesimulator/HTTPTypes.build/Objects-normal/arm64/HTTPTypes-OutputFileMap.json -use-frontend-parseable-output -save-temps -no-color-diagnostics -explicit-module-build -module-cache-path /Users/user51/Library/Developer/Xcode/DerivedData/iCohort3-bwoefxeicoflurbglvssertdjhcr/Build/Intermediates.noindex/SwiftExplicitPrecompiledModules -clang-scanner-module-cache-path /Users/user51/Library/Developer/Xcode/DerivedData/ModuleCache.noindex -sdk-module-cache-path /Users/user51/Library/Developer/Xcode/DerivedData/ModuleCache.noindex -serialize-diagnostics -emit-dependencies -emit-module -emit-module-path /Users/user51/Library/Developer/Xcode/DerivedData/iCohort3-bwoefxeicoflurbglvssertdjhcr/Build/Intermediates.noindex/swift-http-types.build/Debug-iphonesimulator/HTTPTypes.build/Objects-normal/arm64/HTTPTypes.swiftmodule -validate-clang-modules-once -clang-build-session-file /Users/user51/Library/Developer/Xcode/DerivedData/ModuleCache.noindex/Session.modulevalidation -package-name swift_http_types -Xcc -I/Users/user51/Library/Developer/Xcode/DerivedData/iCohort3-bwoefxeicoflurbglvssertdjhcr/Build/Intermediates.noindex/swift-http-types.build/Debug-iphonesimulator/HTTPTypes.build/swift-overrides.hmap -emit-const-values -Xfrontend -const-gather-protocols-file -Xfrontend /Users/user51/Library/Developer/Xcode/DerivedData/iCohort3-bwoefxeicoflurbglvssertdjhcr/Build/Intermediates.noindex/swift-http-types.build/Debug-iphonesimulator/HTTPTypes.build/Objects-normal/arm64/HTTPTypes_const_extract_protocols.json -Xcc -I/Users/user51/Library/Developer/Xcode/DerivedData/iCohort3-bwoefxeicoflurbglvssertdjhcr/Build/Products/Debug-iphonesimulator/include -Xcc -I/Users/user51/Library/Developer/Xcode/DerivedData/iCohort3-bwoefxeicoflurbglvssertdjhcr/Build/Intermediates.noindex/swift-http-types.build/Debug-iphonesimulator/HTTPTypes.build/DerivedSources-normal/arm64 -Xcc -I/Users/user51/Library/Developer/Xcode/DerivedData/iCohort3-bwoefxeicoflurbglvssertdjhcr/Build/Intermediates.noindex/swift-http-types.build/Debug-iphonesimulator/HTTPTypes.build/DerivedSources/arm64 -Xcc -I/Users/user51/Library/Developer/Xcode/DerivedData/iCohort3-bwoefxeicoflurbglvssertdjhcr/Build/Intermediates.noindex/swift-http-types.build/Debug-iphonesimulator/HTTPTypes.build/DerivedSources -Xcc -DSWIFT_PACKAGE -Xcc -DDEBUG\=1 -emit-objc-header -emit-objc-header-path /Users/user51/Library/Developer/Xcode/DerivedData/iCohort3-bwoefxeicoflurbglvssertdjhcr/Build/Intermediates.noindex/swift-http-types.build/Debug-iphonesimulator/HTTPTypes.build/Objects-normal/arm64/HTTPTypes-Swift.h -working-directory /Users/user51/Downloads/iCohort3/iCohort3.xcodeproj -experimental-emit-module-separately -disable-cmo

SwiftDriver IssueReportingPackageSupport normal arm64 com.apple.xcode.tools.swift.compiler (in target 'IssueReportingPackageSupport' from project 'xctest-dynamic-overlay')
    cd /Users/user51/Downloads/iCohort3/iCohort3.xcodeproj
    builtin-SwiftDriver -- /Applications/Xcode.app/Contents/Developer/Toolchains/XcodeDefault.xctoolchain/usr/bin/swiftc -module-name IssueReportingPackageSupport -Onone -enforce-exclusivity\=checked @/Users/user51/Library/Developer/Xcode/DerivedData/iCohort3-bwoefxeicoflurbglvssertdjhcr/Build/Intermediates.noindex/xctest-dynamic-overlay.build/Debug-iphonesimulator/IssueReportingPackageSupport.build/Objects-normal/arm64/IssueReportingPackageSupport.SwiftFileList -DSWIFT_PACKAGE -DDEBUG -DSWIFT_MODULE_RESOURCE_BUNDLE_UNAVAILABLE -DXcode -plugin-path /Applications/Xcode.app/Contents/Developer/Toolchains/XcodeDefault.xctoolchain/usr/lib/swift/host/plugins/testing -enable-experimental-feature DebugDescriptionMacro -sdk /Applications/Xcode.app/Contents/Developer/Platforms/iPhoneSimulator.platform/Developer/SDKs/iPhoneSimulator26.2.sdk -target arm64-apple-ios13.0-simulator -g -module-cache-path /Users/user51/Library/Developer/Xcode/DerivedData/ModuleCache.noindex -Xfrontend -serialize-debugging-options -profile-coverage-mapping -profile-generate -enable-testing -suppress-warnings -index-store-path /Users/user51/Library/Developer/Xcode/DerivedData/iCohort3-bwoefxeicoflurbglvssertdjhcr/Index.noindex/DataStore -Xcc -D_LIBCPP_HARDENING_MODE\=_LIBCPP_HARDENING_MODE_DEBUG -swift-version 6 -I /Users/user51/Library/Developer/Xcode/DerivedData/iCohort3-bwoefxeicoflurbglvssertdjhcr/Build/Products/Debug-iphonesimulator -Isystem /Applications/Xcode.app/Contents/Developer/Platforms/iPhoneSimulator.platform/Developer/usr/lib -F /Users/user51/Library/Developer/Xcode/DerivedData/iCohort3-bwoefxeicoflurbglvssertdjhcr/Build/Products/Debug-iphonesimulator -F /Applications/Xcode.app/Contents/Developer/Platforms/iPhoneSimulator.platform/Developer/Library/Frameworks -F /Applications/Xcode.app/Contents/Developer/Platforms/iPhoneSimulator.platform/Developer/SDKs/iPhoneSimulator26.2.sdk/Developer/Library/Frameworks -parse-as-library -c -j8 -enable-batch-mode -incremental -Xcc -ivfsstatcache -Xcc /Users/user51/Library/Developer/Xcode/DerivedData/SDKStatCaches.noindex/iphonesimulator26.2-23C53-dc75598d0054f22ec865fa860f139d727d00a8b37fbd7999ea79df8ebc024bf0.sdkstatcache -output-file-map /Users/user51/Library/Developer/Xcode/DerivedData/iCohort3-bwoefxeicoflurbglvssertdjhcr/Build/Intermediates.noindex/xctest-dynamic-overlay.build/Debug-iphonesimulator/IssueReportingPackageSupport.build/Objects-normal/arm64/IssueReportingPackageSupport-OutputFileMap.json -use-frontend-parseable-output -save-temps -no-color-diagnostics -explicit-module-build -module-cache-path /Users/user51/Library/Developer/Xcode/DerivedData/iCohort3-bwoefxeicoflurbglvssertdjhcr/Build/Intermediates.noindex/SwiftExplicitPrecompiledModules -clang-scanner-module-cache-path /Users/user51/Library/Developer/Xcode/DerivedData/ModuleCache.noindex -sdk-module-cache-path /Users/user51/Library/Developer/Xcode/DerivedData/ModuleCache.noindex -serialize-diagnostics -emit-dependencies -emit-module -emit-module-path /Users/user51/Library/Developer/Xcode/DerivedData/iCohort3-bwoefxeicoflurbglvssertdjhcr/Build/Intermediates.noindex/xctest-dynamic-overlay.build/Debug-iphonesimulator/IssueReportingPackageSupport.build/Objects-normal/arm64/IssueReportingPackageSupport.swiftmodule -user-module-version 1.7.0 -validate-clang-modules-once -clang-build-session-file /Users/user51/Library/Developer/Xcode/DerivedData/ModuleCache.noindex/Session.modulevalidation -package-name xctest_dynamic_overlay -Xcc -I/Users/user51/Library/Developer/Xcode/DerivedData/iCohort3-bwoefxeicoflurbglvssertdjhcr/Build/Intermediates.noindex/xctest-dynamic-overlay.build/Debug-iphonesimulator/IssueReportingPackageSupport.build/swift-overrides.hmap -emit-const-values -Xfrontend -const-gather-protocols-file -Xfrontend /Users/user51/Library/Developer/Xcode/DerivedData/iCohort3-bwoefxeicoflurbglvssertdjhcr/Build/Intermediates.noindex/xctest-dynamic-overlay.build/Debug-iphonesimulator/IssueReportingPackageSupport.build/Objects-normal/arm64/IssueReportingPackageSupport_const_extract_protocols.json -Xcc -I/Users/user51/Library/Developer/Xcode/DerivedData/iCohort3-bwoefxeicoflurbglvssertdjhcr/Build/Products/Debug-iphonesimulator/include -Xcc -I/Users/user51/Library/Developer/Xcode/DerivedData/iCohort3-bwoefxeicoflurbglvssertdjhcr/Build/Intermediates.noindex/xctest-dynamic-overlay.build/Debug-iphonesimulator/IssueReportingPackageSupport.build/DerivedSources-normal/arm64 -Xcc -I/Users/user51/Library/Developer/Xcode/DerivedData/iCohort3-bwoefxeicoflurbglvssertdjhcr/Build/Intermediates.noindex/xctest-dynamic-overlay.build/Debug-iphonesimulator/IssueReportingPackageSupport.build/DerivedSources/arm64 -Xcc -I/Users/user51/Library/Developer/Xcode/DerivedData/iCohort3-bwoefxeicoflurbglvssertdjhcr/Build/Intermediates.noindex/xctest-dynamic-overlay.build/Debug-iphonesimulator/IssueReportingPackageSupport.build/DerivedSources -Xcc -DSWIFT_PACKAGE -Xcc -DDEBUG\=1 -emit-objc-header -emit-objc-header-path /Users/user51/Library/Developer/Xcode/DerivedData/iCohort3-bwoefxeicoflurbglvssertdjhcr/Build/Intermediates.noindex/xctest-dynamic-overlay.build/Debug-iphonesimulator/IssueReportingPackageSupport.build/Objects-normal/arm64/IssueReportingPackageSupport-Swift.h -working-directory /Users/user51/Downloads/iCohort3/iCohort3.xcodeproj -experimental-emit-module-separately -disable-cmo

SwiftDriver ConcurrencyExtras normal arm64 com.apple.xcode.tools.swift.compiler (in target 'ConcurrencyExtras' from project 'swift-concurrency-extras')
    cd /Users/user51/Downloads/iCohort3/iCohort3.xcodeproj
    builtin-SwiftDriver -- /Applications/Xcode.app/Contents/Developer/Toolchains/XcodeDefault.xctoolchain/usr/bin/swiftc -module-name ConcurrencyExtras -Onone -enforce-exclusivity\=checked @/Users/user51/Library/Developer/Xcode/DerivedData/iCohort3-bwoefxeicoflurbglvssertdjhcr/Build/Intermediates.noindex/swift-concurrency-extras.build/Debug-iphonesimulator/ConcurrencyExtras.build/Objects-normal/arm64/ConcurrencyExtras.SwiftFileList -DSWIFT_PACKAGE -DDEBUG -DSWIFT_MODULE_RESOURCE_BUNDLE_UNAVAILABLE -DXcode -plugin-path /Applications/Xcode.app/Contents/Developer/Toolchains/XcodeDefault.xctoolchain/usr/lib/swift/host/plugins/testing -enable-experimental-feature DebugDescriptionMacro -sdk /Applications/Xcode.app/Contents/Developer/Platforms/iPhoneSimulator.platform/Developer/SDKs/iPhoneSimulator26.2.sdk -target arm64-apple-ios13.0-simulator -g -module-cache-path /Users/user51/Library/Developer/Xcode/DerivedData/ModuleCache.noindex -Xfrontend -serialize-debugging-options -profile-coverage-mapping -profile-generate -enable-testing -suppress-warnings -index-store-path /Users/user51/Library/Developer/Xcode/DerivedData/iCohort3-bwoefxeicoflurbglvssertdjhcr/Index.noindex/DataStore -Xcc -D_LIBCPP_HARDENING_MODE\=_LIBCPP_HARDENING_MODE_DEBUG -swift-version 6 -I /Users/user51/Library/Developer/Xcode/DerivedData/iCohort3-bwoefxeicoflurbglvssertdjhcr/Build/Products/Debug-iphonesimulator -Isystem /Applications/Xcode.app/Contents/Developer/Platforms/iPhoneSimulator.platform/Developer/usr/lib -F /Users/user51/Library/Developer/Xcode/DerivedData/iCohort3-bwoefxeicoflurbglvssertdjhcr/Build/Products/Debug-iphonesimulator -F /Applications/Xcode.app/Contents/Developer/Platforms/iPhoneSimulator.platform/Developer/Library/Frameworks -F /Applications/Xcode.app/Contents/Developer/Platforms/iPhoneSimulator.platform/Developer/SDKs/iPhoneSimulator26.2.sdk/Developer/Library/Frameworks -c -j8 -enable-batch-mode -incremental -Xcc -ivfsstatcache -Xcc /Users/user51/Library/Developer/Xcode/DerivedData/SDKStatCaches.noindex/iphonesimulator26.2-23C53-dc75598d0054f22ec865fa860f139d727d00a8b37fbd7999ea79df8ebc024bf0.sdkstatcache -output-file-map /Users/user51/Library/Developer/Xcode/DerivedData/iCohort3-bwoefxeicoflurbglvssertdjhcr/Build/Intermediates.noindex/swift-concurrency-extras.build/Debug-iphonesimulator/ConcurrencyExtras.build/Objects-normal/arm64/ConcurrencyExtras-OutputFileMap.json -use-frontend-parseable-output -save-temps -no-color-diagnostics -explicit-module-build -module-cache-path /Users/user51/Library/Developer/Xcode/DerivedData/iCohort3-bwoefxeicoflurbglvssertdjhcr/Build/Intermediates.noindex/SwiftExplicitPrecompiledModules -clang-scanner-module-cache-path /Users/user51/Library/Developer/Xcode/DerivedData/ModuleCache.noindex -sdk-module-cache-path /Users/user51/Library/Developer/Xcode/DerivedData/ModuleCache.noindex -serialize-diagnostics -emit-dependencies -emit-module -emit-module-path /Users/user51/Library/Developer/Xcode/DerivedData/iCohort3-bwoefxeicoflurbglvssertdjhcr/Build/Intermediates.noindex/swift-concurrency-extras.build/Debug-iphonesimulator/ConcurrencyExtras.build/Objects-normal/arm64/ConcurrencyExtras.swiftmodule -user-module-version 1.3.2 -validate-clang-modules-once -clang-build-session-file /Users/user51/Library/Developer/Xcode/DerivedData/ModuleCache.noindex/Session.modulevalidation -package-name swift_concurrency_extras -Xcc -I/Users/user51/Library/Developer/Xcode/DerivedData/iCohort3-bwoefxeicoflurbglvssertdjhcr/Build/Intermediates.noindex/swift-concurrency-extras.build/Debug-iphonesimulator/ConcurrencyExtras.build/swift-overrides.hmap -emit-const-values -Xfrontend -const-gather-protocols-file -Xfrontend /Users/user51/Library/Developer/Xcode/DerivedData/iCohort3-bwoefxeicoflurbglvssertdjhcr/Build/Intermediates.noindex/swift-concurrency-extras.build/Debug-iphonesimulator/ConcurrencyExtras.build/Objects-normal/arm64/ConcurrencyExtras_const_extract_protocols.json -Xcc -I/Users/user51/Library/Developer/Xcode/DerivedData/iCohort3-bwoefxeicoflurbglvssertdjhcr/Build/Products/Debug-iphonesimulator/include -Xcc -I/Users/user51/Library/Developer/Xcode/DerivedData/iCohort3-bwoefxeicoflurbglvssertdjhcr/Build/Intermediates.noindex/swift-concurrency-extras.build/Debug-iphonesimulator/ConcurrencyExtras.build/DerivedSources-normal/arm64 -Xcc -I/Users/user51/Library/Developer/Xcode/DerivedData/iCohort3-bwoefxeicoflurbglvssertdjhcr/Build/Intermediates.noindex/swift-concurrency-extras.build/Debug-iphonesimulator/ConcurrencyExtras.build/DerivedSources/arm64 -Xcc -I/Users/user51/Library/Developer/Xcode/DerivedData/iCohort3-bwoefxeicoflurbglvssertdjhcr/Build/Intermediates.noindex/swift-concurrency-extras.build/Debug-iphonesimulator/ConcurrencyExtras.build/DerivedSources -Xcc -DSWIFT_PACKAGE -Xcc -DDEBUG\=1 -emit-objc-header -emit-objc-header-path /Users/user51/Library/Developer/Xcode/DerivedData/iCohort3-bwoefxeicoflurbglvssertdjhcr/Build/Intermediates.noindex/swift-concurrency-extras.build/Debug-iphonesimulator/ConcurrencyExtras.build/Objects-normal/arm64/ConcurrencyExtras-Swift.h -working-directory /Users/user51/Downloads/iCohort3/iCohort3.xcodeproj -experimental-emit-module-separately -disable-cmo

SwiftCompile normal arm64 Compiling\ _Test.swift /Users/user51/Library/Developer/Xcode/DerivedData/iCohort3-bwoefxeicoflurbglvssertdjhcr/SourcePackages/checkouts/xctest-dynamic-overlay/Sources/IssueReportingPackageSupport/_Test.swift (in target 'IssueReportingPackageSupport' from project 'xctest-dynamic-overlay')

SwiftCompile normal arm64 /Users/user51/Library/Developer/Xcode/DerivedData/iCohort3-bwoefxeicoflurbglvssertdjhcr/SourcePackages/checkouts/xctest-dynamic-overlay/Sources/IssueReportingPackageSupport/_Test.swift (in target 'IssueReportingPackageSupport' from project 'xctest-dynamic-overlay')
    cd /Users/user51/Downloads/iCohort3/iCohort3.xcodeproj
    

SwiftEmitModule normal arm64 Emitting\ module\ for\ IssueReportingPackageSupport (in target 'IssueReportingPackageSupport' from project 'xctest-dynamic-overlay')

SwiftCompile normal arm64 /Users/user51/Library/Developer/Xcode/DerivedData/iCohort3-bwoefxeicoflurbglvssertdjhcr/SourcePackages/checkouts/xctest-dynamic-overlay/Sources/IssueReportingPackageSupport/_Test.swift (in target 'IssueReportingPackageSupport' from project 'xctest-dynamic-overlay')
    cd /Users/user51/Downloads/iCohort3/iCohort3.xcodeproj
    

SwiftDriverJobDiscovery normal arm64 Emitting module for IssueReportingPackageSupport (in target 'IssueReportingPackageSupport' from project 'xctest-dynamic-overlay')

SwiftDriver\ Compilation\ Requirements IssueReportingPackageSupport normal arm64 com.apple.xcode.tools.swift.compiler (in target 'IssueReportingPackageSupport' from project 'xctest-dynamic-overlay')
    cd /Users/user51/Downloads/iCohort3/iCohort3.xcodeproj
    builtin-Swift-Compilation-Requirements -- /Applications/Xcode.app/Contents/Developer/Toolchains/XcodeDefault.xctoolchain/usr/bin/swiftc -module-name IssueReportingPackageSupport -Onone -enforce-exclusivity\=checked @/Users/user51/Library/Developer/Xcode/DerivedData/iCohort3-bwoefxeicoflurbglvssertdjhcr/Build/Intermediates.noindex/xctest-dynamic-overlay.build/Debug-iphonesimulator/IssueReportingPackageSupport.build/Objects-normal/arm64/IssueReportingPackageSupport.SwiftFileList -DSWIFT_PACKAGE -DDEBUG -DSWIFT_MODULE_RESOURCE_BUNDLE_UNAVAILABLE -DXcode -plugin-path /Applications/Xcode.app/Contents/Developer/Toolchains/XcodeDefault.xctoolchain/usr/lib/swift/host/plugins/testing -enable-experimental-feature DebugDescriptionMacro -sdk /Applications/Xcode.app/Contents/Developer/Platforms/iPhoneSimulator.platform/Developer/SDKs/iPhoneSimulator26.2.sdk -target arm64-apple-ios13.0-simulator -g -module-cache-path /Users/user51/Library/Developer/Xcode/DerivedData/ModuleCache.noindex -Xfrontend -serialize-debugging-options -profile-coverage-mapping -profile-generate -enable-testing -suppress-warnings -index-store-path /Users/user51/Library/Developer/Xcode/DerivedData/iCohort3-bwoefxeicoflurbglvssertdjhcr/Index.noindex/DataStore -Xcc -D_LIBCPP_HARDENING_MODE\=_LIBCPP_HARDENING_MODE_DEBUG -swift-version 6 -I /Users/user51/Library/Developer/Xcode/DerivedData/iCohort3-bwoefxeicoflurbglvssertdjhcr/Build/Products/Debug-iphonesimulator -Isystem /Applications/Xcode.app/Contents/Developer/Platforms/iPhoneSimulator.platform/Developer/usr/lib -F /Users/user51/Library/Developer/Xcode/DerivedData/iCohort3-bwoefxeicoflurbglvssertdjhcr/Build/Products/Debug-iphonesimulator -F /Applications/Xcode.app/Contents/Developer/Platforms/iPhoneSimulator.platform/Developer/Library/Frameworks -F /Applications/Xcode.app/Contents/Developer/Platforms/iPhoneSimulator.platform/Developer/SDKs/iPhoneSimulator26.2.sdk/Developer/Library/Frameworks -parse-as-library -c -j8 -enable-batch-mode -incremental -Xcc -ivfsstatcache -Xcc /Users/user51/Library/Developer/Xcode/DerivedData/SDKStatCaches.noindex/iphonesimulator26.2-23C53-dc75598d0054f22ec865fa860f139d727d00a8b37fbd7999ea79df8ebc024bf0.sdkstatcache -output-file-map /Users/user51/Library/Developer/Xcode/DerivedData/iCohort3-bwoefxeicoflurbglvssertdjhcr/Build/Intermediates.noindex/xctest-dynamic-overlay.build/Debug-iphonesimulator/IssueReportingPackageSupport.build/Objects-normal/arm64/IssueReportingPackageSupport-OutputFileMap.json -use-frontend-parseable-output -save-temps -no-color-diagnostics -explicit-module-build -module-cache-path /Users/user51/Library/Developer/Xcode/DerivedData/iCohort3-bwoefxeicoflurbglvssertdjhcr/Build/Intermediates.noindex/SwiftExplicitPrecompiledModules -clang-scanner-module-cache-path /Users/user51/Library/Developer/Xcode/DerivedData/ModuleCache.noindex -sdk-module-cache-path /Users/user51/Library/Developer/Xcode/DerivedData/ModuleCache.noindex -serialize-diagnostics -emit-dependencies -emit-module -emit-module-path /Users/user51/Library/Developer/Xcode/DerivedData/iCohort3-bwoefxeicoflurbglvssertdjhcr/Build/Intermediates.noindex/xctest-dynamic-overlay.build/Debug-iphonesimulator/IssueReportingPackageSupport.build/Objects-normal/arm64/IssueReportingPackageSupport.swiftmodule -user-module-version 1.7.0 -validate-clang-modules-once -clang-build-session-file /Users/user51/Library/Developer/Xcode/DerivedData/ModuleCache.noindex/Session.modulevalidation -package-name xctest_dynamic_overlay -Xcc -I/Users/user51/Library/Developer/Xcode/DerivedData/iCohort3-bwoefxeicoflurbglvssertdjhcr/Build/Intermediates.noindex/xctest-dynamic-overlay.build/Debug-iphonesimulator/IssueReportingPackageSupport.build/swift-overrides.hmap -emit-const-values -Xfrontend -const-gather-protocols-file -Xfrontend /Users/user51/Library/Developer/Xcode/DerivedData/iCohort3-bwoefxeicoflurbglvssertdjhcr/Build/Intermediates.noindex/xctest-dynamic-overlay.build/Debug-iphonesimulator/IssueReportingPackageSupport.build/Objects-normal/arm64/IssueReportingPackageSupport_const_extract_protocols.json -Xcc -I/Users/user51/Library/Developer/Xcode/DerivedData/iCohort3-bwoefxeicoflurbglvssertdjhcr/Build/Products/Debug-iphonesimulator/include -Xcc -I/Users/user51/Library/Developer/Xcode/DerivedData/iCohort3-bwoefxeicoflurbglvssertdjhcr/Build/Intermediates.noindex/xctest-dynamic-overlay.build/Debug-iphonesimulator/IssueReportingPackageSupport.build/DerivedSources-normal/arm64 -Xcc -I/Users/user51/Library/Developer/Xcode/DerivedData/iCohort3-bwoefxeicoflurbglvssertdjhcr/Build/Intermediates.noindex/xctest-dynamic-overlay.build/Debug-iphonesimulator/IssueReportingPackageSupport.build/DerivedSources/arm64 -Xcc -I/Users/user51/Library/Developer/Xcode/DerivedData/iCohort3-bwoefxeicoflurbglvssertdjhcr/Build/Intermediates.noindex/xctest-dynamic-overlay.build/Debug-iphonesimulator/IssueReportingPackageSupport.build/DerivedSources -Xcc -DSWIFT_PACKAGE -Xcc -DDEBUG\=1 -emit-objc-header -emit-objc-header-path /Users/user51/Library/Developer/Xcode/DerivedData/iCohort3-bwoefxeicoflurbglvssertdjhcr/Build/Intermediates.noindex/xctest-dynamic-overlay.build/Debug-iphonesimulator/IssueReportingPackageSupport.build/Objects-normal/arm64/IssueReportingPackageSupport-Swift.h -working-directory /Users/user51/Downloads/iCohort3/iCohort3.xcodeproj -experimental-emit-module-separately -disable-cmo

SwiftMergeGeneratedHeaders /Users/user51/Library/Developer/Xcode/DerivedData/iCohort3-bwoefxeicoflurbglvssertdjhcr/Build/Intermediates.noindex/GeneratedModuleMaps-iphonesimulator/IssueReportingPackageSupport-Swift.h /Users/user51/Library/Developer/Xcode/DerivedData/iCohort3-bwoefxeicoflurbglvssertdjhcr/Build/Intermediates.noindex/xctest-dynamic-overlay.build/Debug-iphonesimulator/IssueReportingPackageSupport.build/Objects-normal/arm64/IssueReportingPackageSupport-Swift.h (in target 'IssueReportingPackageSupport' from project 'xctest-dynamic-overlay')
    cd /Users/user51/Library/Developer/Xcode/DerivedData/iCohort3-bwoefxeicoflurbglvssertdjhcr/SourcePackages/checkouts/xctest-dynamic-overlay
    builtin-swiftHeaderTool -arch arm64 /Users/user51/Library/Developer/Xcode/DerivedData/iCohort3-bwoefxeicoflurbglvssertdjhcr/Build/Intermediates.noindex/xctest-dynamic-overlay.build/Debug-iphonesimulator/IssueReportingPackageSupport.build/Objects-normal/arm64/IssueReportingPackageSupport-Swift.h -o /Users/user51/Library/Developer/Xcode/DerivedData/iCohort3-bwoefxeicoflurbglvssertdjhcr/Build/Intermediates.noindex/GeneratedModuleMaps-iphonesimulator/IssueReportingPackageSupport-Swift.h

Copy /Users/user51/Library/Developer/Xcode/DerivedData/iCohort3-bwoefxeicoflurbglvssertdjhcr/Build/Products/Debug-iphonesimulator/IssueReportingPackageSupport.swiftmodule/arm64-apple-ios-simulator.abi.json /Users/user51/Library/Developer/Xcode/DerivedData/iCohort3-bwoefxeicoflurbglvssertdjhcr/Build/Intermediates.noindex/xctest-dynamic-overlay.build/Debug-iphonesimulator/IssueReportingPackageSupport.build/Objects-normal/arm64/IssueReportingPackageSupport.abi.json (in target 'IssueReportingPackageSupport' from project 'xctest-dynamic-overlay')
    cd /Users/user51/Library/Developer/Xcode/DerivedData/iCohort3-bwoefxeicoflurbglvssertdjhcr/SourcePackages/checkouts/xctest-dynamic-overlay
    builtin-copy -exclude .DS_Store -exclude CVS -exclude .svn -exclude .git -exclude .hg -resolve-src-symlinks -rename /Users/user51/Library/Developer/Xcode/DerivedData/iCohort3-bwoefxeicoflurbglvssertdjhcr/Build/Intermediates.noindex/xctest-dynamic-overlay.build/Debug-iphonesimulator/IssueReportingPackageSupport.build/Objects-normal/arm64/IssueReportingPackageSupport.abi.json /Users/user51/Library/Developer/Xcode/DerivedData/iCohort3-bwoefxeicoflurbglvssertdjhcr/Build/Products/Debug-iphonesimulator/IssueReportingPackageSupport.swiftmodule/arm64-apple-ios-simulator.abi.json

Copy /Users/user51/Library/Developer/Xcode/DerivedData/iCohort3-bwoefxeicoflurbglvssertdjhcr/Build/Products/Debug-iphonesimulator/IssueReportingPackageSupport.swiftmodule/arm64-apple-ios-simulator.swiftdoc /Users/user51/Library/Developer/Xcode/DerivedData/iCohort3-bwoefxeicoflurbglvssertdjhcr/Build/Intermediates.noindex/xctest-dynamic-overlay.build/Debug-iphonesimulator/IssueReportingPackageSupport.build/Objects-normal/arm64/IssueReportingPackageSupport.swiftdoc (in target 'IssueReportingPackageSupport' from project 'xctest-dynamic-overlay')
    cd /Users/user51/Library/Developer/Xcode/DerivedData/iCohort3-bwoefxeicoflurbglvssertdjhcr/SourcePackages/checkouts/xctest-dynamic-overlay
    builtin-copy -exclude .DS_Store -exclude CVS -exclude .svn -exclude .git -exclude .hg -resolve-src-symlinks -rename /Users/user51/Library/Developer/Xcode/DerivedData/iCohort3-bwoefxeicoflurbglvssertdjhcr/Build/Intermediates.noindex/xctest-dynamic-overlay.build/Debug-iphonesimulator/IssueReportingPackageSupport.build/Objects-normal/arm64/IssueReportingPackageSupport.swiftdoc /Users/user51/Library/Developer/Xcode/DerivedData/iCohort3-bwoefxeicoflurbglvssertdjhcr/Build/Products/Debug-iphonesimulator/IssueReportingPackageSupport.swiftmodule/arm64-apple-ios-simulator.swiftdoc

Copy /Users/user51/Library/Developer/Xcode/DerivedData/iCohort3-bwoefxeicoflurbglvssertdjhcr/Build/Products/Debug-iphonesimulator/IssueReportingPackageSupport.swiftmodule/arm64-apple-ios-simulator.swiftmodule /Users/user51/Library/Developer/Xcode/DerivedData/iCohort3-bwoefxeicoflurbglvssertdjhcr/Build/Intermediates.noindex/xctest-dynamic-overlay.build/Debug-iphonesimulator/IssueReportingPackageSupport.build/Objects-normal/arm64/IssueReportingPackageSupport.swiftmodule (in target 'IssueReportingPackageSupport' from project 'xctest-dynamic-overlay')
    cd /Users/user51/Library/Developer/Xcode/DerivedData/iCohort3-bwoefxeicoflurbglvssertdjhcr/SourcePackages/checkouts/xctest-dynamic-overlay
    builtin-copy -exclude .DS_Store -exclude CVS -exclude .svn -exclude .git -exclude .hg -resolve-src-symlinks -rename /Users/user51/Library/Developer/Xcode/DerivedData/iCohort3-bwoefxeicoflurbglvssertdjhcr/Build/Intermediates.noindex/xctest-dynamic-overlay.build/Debug-iphonesimulator/IssueReportingPackageSupport.build/Objects-normal/arm64/IssueReportingPackageSupport.swiftmodule /Users/user51/Library/Developer/Xcode/DerivedData/iCohort3-bwoefxeicoflurbglvssertdjhcr/Build/Products/Debug-iphonesimulator/IssueReportingPackageSupport.swiftmodule/arm64-apple-ios-simulator.swiftmodule

Copy /Users/user51/Library/Developer/Xcode/DerivedData/iCohort3-bwoefxeicoflurbglvssertdjhcr/Build/Products/Debug-iphonesimulator/IssueReportingPackageSupport.swiftmodule/Project/arm64-apple-ios-simulator.swiftsourceinfo /Users/user51/Library/Developer/Xcode/DerivedData/iCohort3-bwoefxeicoflurbglvssertdjhcr/Build/Intermediates.noindex/xctest-dynamic-overlay.build/Debug-iphonesimulator/IssueReportingPackageSupport.build/Objects-normal/arm64/IssueReportingPackageSupport.swiftsourceinfo (in target 'IssueReportingPackageSupport' from project 'xctest-dynamic-overlay')
    cd /Users/user51/Library/Developer/Xcode/DerivedData/iCohort3-bwoefxeicoflurbglvssertdjhcr/SourcePackages/checkouts/xctest-dynamic-overlay
    builtin-copy -exclude .DS_Store -exclude CVS -exclude .svn -exclude .git -exclude .hg -resolve-src-symlinks -rename /Users/user51/Library/Developer/Xcode/DerivedData/iCohort3-bwoefxeicoflurbglvssertdjhcr/Build/Intermediates.noindex/xctest-dynamic-overlay.build/Debug-iphonesimulator/IssueReportingPackageSupport.build/Objects-normal/arm64/IssueReportingPackageSupport.swiftsourceinfo /Users/user51/Library/Developer/Xcode/DerivedData/iCohort3-bwoefxeicoflurbglvssertdjhcr/Build/Products/Debug-iphonesimulator/IssueReportingPackageSupport.swiftmodule/Project/arm64-apple-ios-simulator.swiftsourceinfo

SwiftDriver IssueReporting normal arm64 com.apple.xcode.tools.swift.compiler (in target 'IssueReporting' from project 'xctest-dynamic-overlay')
    cd /Users/user51/Downloads/iCohort3/iCohort3.xcodeproj
    builtin-SwiftDriver -- /Applications/Xcode.app/Contents/Developer/Toolchains/XcodeDefault.xctoolchain/usr/bin/swiftc -module-name IssueReporting -Onone -enforce-exclusivity\=checked @/Users/user51/Library/Developer/Xcode/DerivedData/iCohort3-bwoefxeicoflurbglvssertdjhcr/Build/Intermediates.noindex/xctest-dynamic-overlay.build/Debug-iphonesimulator/IssueReporting.build/Objects-normal/arm64/IssueReporting.SwiftFileList -DSWIFT_PACKAGE -DDEBUG -DSWIFT_MODULE_RESOURCE_BUNDLE_UNAVAILABLE -DXcode -plugin-path /Applications/Xcode.app/Contents/Developer/Toolchains/XcodeDefault.xctoolchain/usr/lib/swift/host/plugins/testing -enable-experimental-feature DebugDescriptionMacro -sdk /Applications/Xcode.app/Contents/Developer/Platforms/iPhoneSimulator.platform/Developer/SDKs/iPhoneSimulator26.2.sdk -target arm64-apple-ios13.0-simulator -g -module-cache-path /Users/user51/Library/Developer/Xcode/DerivedData/ModuleCache.noindex -Xfrontend -serialize-debugging-options -profile-coverage-mapping -profile-generate -enable-testing -suppress-warnings -index-store-path /Users/user51/Library/Developer/Xcode/DerivedData/iCohort3-bwoefxeicoflurbglvssertdjhcr/Index.noindex/DataStore -Xcc -D_LIBCPP_HARDENING_MODE\=_LIBCPP_HARDENING_MODE_DEBUG -swift-version 6 -I /Users/user51/Library/Developer/Xcode/DerivedData/iCohort3-bwoefxeicoflurbglvssertdjhcr/Build/Products/Debug-iphonesimulator -Isystem /Applications/Xcode.app/Contents/Developer/Platforms/iPhoneSimulator.platform/Developer/usr/lib -F /Users/user51/Library/Developer/Xcode/DerivedData/iCohort3-bwoefxeicoflurbglvssertdjhcr/Build/Products/Debug-iphonesimulator/PackageFrameworks -F /Users/user51/Library/Developer/Xcode/DerivedData/iCohort3-bwoefxeicoflurbglvssertdjhcr/Build/Products/Debug-iphonesimulator -F /Applications/Xcode.app/Contents/Developer/Platforms/iPhoneSimulator.platform/Developer/Library/Frameworks -F /Applications/Xcode.app/Contents/Developer/Platforms/iPhoneSimulator.platform/Developer/SDKs/iPhoneSimulator26.2.sdk/Developer/Library/Frameworks -c -j8 -enable-batch-mode -incremental -Xcc -ivfsstatcache -Xcc /Users/user51/Library/Developer/Xcode/DerivedData/SDKStatCaches.noindex/iphonesimulator26.2-23C53-dc75598d0054f22ec865fa860f139d727d00a8b37fbd7999ea79df8ebc024bf0.sdkstatcache -output-file-map /Users/user51/Library/Developer/Xcode/DerivedData/iCohort3-bwoefxeicoflurbglvssertdjhcr/Build/Intermediates.noindex/xctest-dynamic-overlay.build/Debug-iphonesimulator/IssueReporting.build/Objects-normal/arm64/IssueReporting-OutputFileMap.json -use-frontend-parseable-output -save-temps -no-color-diagnostics -explicit-module-build -module-cache-path /Users/user51/Library/Developer/Xcode/DerivedData/iCohort3-bwoefxeicoflurbglvssertdjhcr/Build/Intermediates.noindex/SwiftExplicitPrecompiledModules -clang-scanner-module-cache-path /Users/user51/Library/Developer/Xcode/DerivedData/ModuleCache.noindex -sdk-module-cache-path /Users/user51/Library/Developer/Xcode/DerivedData/ModuleCache.noindex -serialize-diagnostics -emit-dependencies -emit-module -emit-module-path /Users/user51/Library/Developer/Xcode/DerivedData/iCohort3-bwoefxeicoflurbglvssertdjhcr/Build/Intermediates.noindex/xctest-dynamic-overlay.build/Debug-iphonesimulator/IssueReporting.build/Objects-normal/arm64/IssueReporting.swiftmodule -user-module-version 1.7.0 -validate-clang-modules-once -clang-build-session-file /Users/user51/Library/Developer/Xcode/DerivedData/ModuleCache.noindex/Session.modulevalidation -package-name xctest_dynamic_overlay -Xcc -I/Users/user51/Library/Developer/Xcode/DerivedData/iCohort3-bwoefxeicoflurbglvssertdjhcr/Build/Intermediates.noindex/xctest-dynamic-overlay.build/Debug-iphonesimulator/IssueReporting.build/swift-overrides.hmap -emit-const-values -Xfrontend -const-gather-protocols-file -Xfrontend /Users/user51/Library/Developer/Xcode/DerivedData/iCohort3-bwoefxeicoflurbglvssertdjhcr/Build/Intermediates.noindex/xctest-dynamic-overlay.build/Debug-iphonesimulator/IssueReporting.build/Objects-normal/arm64/IssueReporting_const_extract_protocols.json -Xcc -I/Users/user51/Library/Developer/Xcode/DerivedData/iCohort3-bwoefxeicoflurbglvssertdjhcr/Build/Products/Debug-iphonesimulator/include -Xcc -I/Users/user51/Library/Developer/Xcode/DerivedData/iCohort3-bwoefxeicoflurbglvssertdjhcr/Build/Intermediates.noindex/xctest-dynamic-overlay.build/Debug-iphonesimulator/IssueReporting.build/DerivedSources-normal/arm64 -Xcc -I/Users/user51/Library/Developer/Xcode/DerivedData/iCohort3-bwoefxeicoflurbglvssertdjhcr/Build/Intermediates.noindex/xctest-dynamic-overlay.build/Debug-iphonesimulator/IssueReporting.build/DerivedSources/arm64 -Xcc -I/Users/user51/Library/Developer/Xcode/DerivedData/iCohort3-bwoefxeicoflurbglvssertdjhcr/Build/Intermediates.noindex/xctest-dynamic-overlay.build/Debug-iphonesimulator/IssueReporting.build/DerivedSources -Xcc -DSWIFT_PACKAGE -Xcc -DDEBUG\=1 -emit-objc-header -emit-objc-header-path /Users/user51/Library/Developer/Xcode/DerivedData/iCohort3-bwoefxeicoflurbglvssertdjhcr/Build/Intermediates.noindex/xctest-dynamic-overlay.build/Debug-iphonesimulator/IssueReporting.build/Objects-normal/arm64/IssueReporting-Swift.h -working-directory /Users/user51/Downloads/iCohort3/iCohort3.xcodeproj -experimental-emit-module-separately -disable-cmo

SwiftDriverJobDiscovery normal arm64 Compiling _Test.swift (in target 'IssueReportingPackageSupport' from project 'xctest-dynamic-overlay')

SwiftDriver\ Compilation IssueReportingPackageSupport normal arm64 com.apple.xcode.tools.swift.compiler (in target 'IssueReportingPackageSupport' from project 'xctest-dynamic-overlay')
    cd /Users/user51/Downloads/iCohort3/iCohort3.xcodeproj
    builtin-Swift-Compilation -- /Applications/Xcode.app/Contents/Developer/Toolchains/XcodeDefault.xctoolchain/usr/bin/swiftc -module-name IssueReportingPackageSupport -Onone -enforce-exclusivity\=checked @/Users/user51/Library/Developer/Xcode/DerivedData/iCohort3-bwoefxeicoflurbglvssertdjhcr/Build/Intermediates.noindex/xctest-dynamic-overlay.build/Debug-iphonesimulator/IssueReportingPackageSupport.build/Objects-normal/arm64/IssueReportingPackageSupport.SwiftFileList -DSWIFT_PACKAGE -DDEBUG -DSWIFT_MODULE_RESOURCE_BUNDLE_UNAVAILABLE -DXcode -plugin-path /Applications/Xcode.app/Contents/Developer/Toolchains/XcodeDefault.xctoolchain/usr/lib/swift/host/plugins/testing -enable-experimental-feature DebugDescriptionMacro -sdk /Applications/Xcode.app/Contents/Developer/Platforms/iPhoneSimulator.platform/Developer/SDKs/iPhoneSimulator26.2.sdk -target arm64-apple-ios13.0-simulator -g -module-cache-path /Users/user51/Library/Developer/Xcode/DerivedData/ModuleCache.noindex -Xfrontend -serialize-debugging-options -profile-coverage-mapping -profile-generate -enable-testing -suppress-warnings -index-store-path /Users/user51/Library/Developer/Xcode/DerivedData/iCohort3-bwoefxeicoflurbglvssertdjhcr/Index.noindex/DataStore -Xcc -D_LIBCPP_HARDENING_MODE\=_LIBCPP_HARDENING_MODE_DEBUG -swift-version 6 -I /Users/user51/Library/Developer/Xcode/DerivedData/iCohort3-bwoefxeicoflurbglvssertdjhcr/Build/Products/Debug-iphonesimulator -Isystem /Applications/Xcode.app/Contents/Developer/Platforms/iPhoneSimulator.platform/Developer/usr/lib -F /Users/user51/Library/Developer/Xcode/DerivedData/iCohort3-bwoefxeicoflurbglvssertdjhcr/Build/Products/Debug-iphonesimulator -F /Applications/Xcode.app/Contents/Developer/Platforms/iPhoneSimulator.platform/Developer/Library/Frameworks -F /Applications/Xcode.app/Contents/Developer/Platforms/iPhoneSimulator.platform/Developer/SDKs/iPhoneSimulator26.2.sdk/Developer/Library/Frameworks -parse-as-library -c -j8 -enable-batch-mode -incremental -Xcc -ivfsstatcache -Xcc /Users/user51/Library/Developer/Xcode/DerivedData/SDKStatCaches.noindex/iphonesimulator26.2-23C53-dc75598d0054f22ec865fa860f139d727d00a8b37fbd7999ea79df8ebc024bf0.sdkstatcache -output-file-map /Users/user51/Library/Developer/Xcode/DerivedData/iCohort3-bwoefxeicoflurbglvssertdjhcr/Build/Intermediates.noindex/xctest-dynamic-overlay.build/Debug-iphonesimulator/IssueReportingPackageSupport.build/Objects-normal/arm64/IssueReportingPackageSupport-OutputFileMap.json -use-frontend-parseable-output -save-temps -no-color-diagnostics -explicit-module-build -module-cache-path /Users/user51/Library/Developer/Xcode/DerivedData/iCohort3-bwoefxeicoflurbglvssertdjhcr/Build/Intermediates.noindex/SwiftExplicitPrecompiledModules -clang-scanner-module-cache-path /Users/user51/Library/Developer/Xcode/DerivedData/ModuleCache.noindex -sdk-module-cache-path /Users/user51/Library/Developer/Xcode/DerivedData/ModuleCache.noindex -serialize-diagnostics -emit-dependencies -emit-module -emit-module-path /Users/user51/Library/Developer/Xcode/DerivedData/iCohort3-bwoefxeicoflurbglvssertdjhcr/Build/Intermediates.noindex/xctest-dynamic-overlay.build/Debug-iphonesimulator/IssueReportingPackageSupport.build/Objects-normal/arm64/IssueReportingPackageSupport.swiftmodule -user-module-version 1.7.0 -validate-clang-modules-once -clang-build-session-file /Users/user51/Library/Developer/Xcode/DerivedData/ModuleCache.noindex/Session.modulevalidation -package-name xctest_dynamic_overlay -Xcc -I/Users/user51/Library/Developer/Xcode/DerivedData/iCohort3-bwoefxeicoflurbglvssertdjhcr/Build/Intermediates.noindex/xctest-dynamic-overlay.build/Debug-iphonesimulator/IssueReportingPackageSupport.build/swift-overrides.hmap -emit-const-values -Xfrontend -const-gather-protocols-file -Xfrontend /Users/user51/Library/Developer/Xcode/DerivedData/iCohort3-bwoefxeicoflurbglvssertdjhcr/Build/Intermediates.noindex/xctest-dynamic-overlay.build/Debug-iphonesimulator/IssueReportingPackageSupport.build/Objects-normal/arm64/IssueReportingPackageSupport_const_extract_protocols.json -Xcc -I/Users/user51/Library/Developer/Xcode/DerivedData/iCohort3-bwoefxeicoflurbglvssertdjhcr/Build/Products/Debug-iphonesimulator/include -Xcc -I/Users/user51/Library/Developer/Xcode/DerivedData/iCohort3-bwoefxeicoflurbglvssertdjhcr/Build/Intermediates.noindex/xctest-dynamic-overlay.build/Debug-iphonesimulator/IssueReportingPackageSupport.build/DerivedSources-normal/arm64 -Xcc -I/Users/user51/Library/Developer/Xcode/DerivedData/iCohort3-bwoefxeicoflurbglvssertdjhcr/Build/Intermediates.noindex/xctest-dynamic-overlay.build/Debug-iphonesimulator/IssueReportingPackageSupport.build/DerivedSources/arm64 -Xcc -I/Users/user51/Library/Developer/Xcode/DerivedData/iCohort3-bwoefxeicoflurbglvssertdjhcr/Build/Intermediates.noindex/xctest-dynamic-overlay.build/Debug-iphonesimulator/IssueReportingPackageSupport.build/DerivedSources -Xcc -DSWIFT_PACKAGE -Xcc -DDEBUG\=1 -emit-objc-header -emit-objc-header-path /Users/user51/Library/Developer/Xcode/DerivedData/iCohort3-bwoefxeicoflurbglvssertdjhcr/Build/Intermediates.noindex/xctest-dynamic-overlay.build/Debug-iphonesimulator/IssueReportingPackageSupport.build/Objects-normal/arm64/IssueReportingPackageSupport-Swift.h -working-directory /Users/user51/Downloads/iCohort3/iCohort3.xcodeproj -experimental-emit-module-separately -disable-cmo

Ld /Users/user51/Library/Developer/Xcode/DerivedData/iCohort3-bwoefxeicoflurbglvssertdjhcr/Build/Products/Debug-iphonesimulator/IssueReportingPackageSupport.o normal (in target 'IssueReportingPackageSupport' from project 'xctest-dynamic-overlay')
    cd /Users/user51/Library/Developer/Xcode/DerivedData/iCohort3-bwoefxeicoflurbglvssertdjhcr/SourcePackages/checkouts/xctest-dynamic-overlay
    /Applications/Xcode.app/Contents/Developer/Toolchains/XcodeDefault.xctoolchain/usr/bin/clang -Xlinker -reproducible -target arm64-apple-ios13.0-simulator -r -isysroot /Applications/Xcode.app/Contents/Developer/Platforms/iPhoneSimulator.platform/Developer/SDKs/iPhoneSimulator26.2.sdk -O0 -w -L/Users/user51/Library/Developer/Xcode/DerivedData/iCohort3-bwoefxeicoflurbglvssertdjhcr/Build/Intermediates.noindex/EagerLinkingTBDs/Debug-iphonesimulator -L/Users/user51/Library/Developer/Xcode/DerivedData/iCohort3-bwoefxeicoflurbglvssertdjhcr/Build/Products/Debug-iphonesimulator -L/Applications/Xcode.app/Contents/Developer/Platforms/iPhoneSimulator.platform/Developer/usr/lib -F/Users/user51/Library/Developer/Xcode/DerivedData/iCohort3-bwoefxeicoflurbglvssertdjhcr/Build/Intermediates.noindex/EagerLinkingTBDs/Debug-iphonesimulator -F/Users/user51/Library/Developer/Xcode/DerivedData/iCohort3-bwoefxeicoflurbglvssertdjhcr/Build/Products/Debug-iphonesimulator -iframework /Applications/Xcode.app/Contents/Developer/Platforms/iPhoneSimulator.platform/Developer/Library/Frameworks -iframework /Applications/Xcode.app/Contents/Developer/Platforms/iPhoneSimulator.platform/Developer/SDKs/iPhoneSimulator26.2.sdk/Developer/Library/Frameworks -filelist /Users/user51/Library/Developer/Xcode/DerivedData/iCohort3-bwoefxeicoflurbglvssertdjhcr/Build/Intermediates.noindex/xctest-dynamic-overlay.build/Debug-iphonesimulator/IssueReportingPackageSupport.build/Objects-normal/arm64/IssueReportingPackageSupport.LinkFileList -nostdlib -Xlinker -object_path_lto -Xlinker /Users/user51/Library/Developer/Xcode/DerivedData/iCohort3-bwoefxeicoflurbglvssertdjhcr/Build/Intermediates.noindex/xctest-dynamic-overlay.build/Debug-iphonesimulator/IssueReportingPackageSupport.build/Objects-normal/arm64/IssueReportingPackageSupport_lto.o -rdynamic -Xlinker -no_deduplicate -Xlinker -objc_abi_version -Xlinker 2 -Xlinker -debug_variant -Xlinker -dependency_info -Xlinker /Users/user51/Library/Developer/Xcode/DerivedData/iCohort3-bwoefxeicoflurbglvssertdjhcr/Build/Intermediates.noindex/xctest-dynamic-overlay.build/Debug-iphonesimulator/IssueReportingPackageSupport.build/Objects-normal/arm64/IssueReportingPackageSupport_dependency_info.dat -fobjc-link-runtime -L/Applications/Xcode.app/Contents/Developer/Toolchains/XcodeDefault.xctoolchain/usr/lib/swift/iphonesimulator -L/usr/lib/swift -Xlinker -add_ast_path -Xlinker /Users/user51/Library/Developer/Xcode/DerivedData/iCohort3-bwoefxeicoflurbglvssertdjhcr/Build/Intermediates.noindex/xctest-dynamic-overlay.build/Debug-iphonesimulator/IssueReportingPackageSupport.build/Objects-normal/arm64/IssueReportingPackageSupport.swiftmodule @/Users/user51/Library/Developer/Xcode/DerivedData/iCohort3-bwoefxeicoflurbglvssertdjhcr/Build/Intermediates.noindex/xctest-dynamic-overlay.build/Debug-iphonesimulator/IssueReportingPackageSupport.build/Objects-normal/arm64/IssueReportingPackageSupport-linker-args.resp -o /Users/user51/Library/Developer/Xcode/DerivedData/iCohort3-bwoefxeicoflurbglvssertdjhcr/Build/Products/Debug-iphonesimulator/IssueReportingPackageSupport.o

ExtractAppIntentsMetadata (in target 'IssueReportingPackageSupport' from project 'xctest-dynamic-overlay')
    cd /Users/user51/Library/Developer/Xcode/DerivedData/iCohort3-bwoefxeicoflurbglvssertdjhcr/SourcePackages/checkouts/xctest-dynamic-overlay
    /Applications/Xcode.app/Contents/Developer/Toolchains/XcodeDefault.xctoolchain/usr/bin/appintentsmetadataprocessor --toolchain-dir /var/run/com.apple.security.cryptexd/mnt/com.apple.MobileAsset.MetalToolchain-v17.3.7003.10.GOk9dz/Metal.xctoolchain --module-name IssueReportingPackageSupport --sdk-root /Applications/Xcode.app/Contents/Developer/Platforms/iPhoneSimulator.platform/Developer/SDKs/iPhoneSimulator26.2.sdk --xcode-version 17C52 --platform-family iOS --deployment-target 13.0 --bundle-identifier xctest-dynamic-overlay.IssueReportingPackageSupport --output /Users/user51/Library/Developer/Xcode/DerivedData/iCohort3-bwoefxeicoflurbglvssertdjhcr/Build/Products/Debug-iphonesimulator/IssueReportingPackageSupport.appintents --target-triple arm64-apple-ios13.0-simulator --binary-file /Users/user51/Library/Developer/Xcode/DerivedData/iCohort3-bwoefxeicoflurbglvssertdjhcr/Build/Products/Debug-iphonesimulator/IssueReportingPackageSupport.o --dependency-file /Users/user51/Library/Developer/Xcode/DerivedData/iCohort3-bwoefxeicoflurbglvssertdjhcr/Build/Intermediates.noindex/xctest-dynamic-overlay.build/Debug-iphonesimulator/IssueReportingPackageSupport.build/Objects-normal/arm64/IssueReportingPackageSupport_dependency_info.dat --stringsdata-file /Users/user51/Library/Developer/Xcode/DerivedData/iCohort3-bwoefxeicoflurbglvssertdjhcr/Build/Intermediates.noindex/xctest-dynamic-overlay.build/Debug-iphonesimulator/IssueReportingPackageSupport.build/Objects-normal/arm64/ExtractedAppShortcutsMetadata.stringsdata --source-file-list /Users/user51/Library/Developer/Xcode/DerivedData/iCohort3-bwoefxeicoflurbglvssertdjhcr/Build/Intermediates.noindex/xctest-dynamic-overlay.build/Debug-iphonesimulator/IssueReportingPackageSupport.build/Objects-normal/arm64/IssueReportingPackageSupport.SwiftFileList --metadata-file-list /Users/user51/Library/Developer/Xcode/DerivedData/iCohort3-bwoefxeicoflurbglvssertdjhcr/Build/Intermediates.noindex/xctest-dynamic-overlay.build/Debug-iphonesimulator/IssueReportingPackageSupport.build/IssueReportingPackageSupport.DependencyMetadataFileList --static-metadata-file-list /Users/user51/Library/Developer/Xcode/DerivedData/iCohort3-bwoefxeicoflurbglvssertdjhcr/Build/Intermediates.noindex/xctest-dynamic-overlay.build/Debug-iphonesimulator/IssueReportingPackageSupport.build/IssueReportingPackageSupport.DependencyStaticMetadataFileList --swift-const-vals-list /Users/user51/Library/Developer/Xcode/DerivedData/iCohort3-bwoefxeicoflurbglvssertdjhcr/Build/Intermediates.noindex/xctest-dynamic-overlay.build/Debug-iphonesimulator/IssueReportingPackageSupport.build/Objects-normal/arm64/IssueReportingPackageSupport.SwiftConstValuesFileList --force --compile-time-extraction --deployment-aware-processing --validate-assistant-intents --no-app-shortcuts-localization
2026-04-06 13:23:12.587 appintentsmetadataprocessor[46287:12588349] Starting appintentsmetadataprocessor export
2026-04-06 13:23:12.746 appintentsmetadataprocessor[46287:12588349] Extracted no relevant App Intents symbols, skipping writing output

SwiftCompile normal arm64 Compiling\ ActorIsolated.swift,\ AnyHashableSendable.swift /Users/user51/Library/Developer/Xcode/DerivedData/iCohort3-bwoefxeicoflurbglvssertdjhcr/SourcePackages/checkouts/swift-concurrency-extras/Sources/ConcurrencyExtras/ActorIsolated.swift /Users/user51/Library/Developer/Xcode/DerivedData/iCohort3-bwoefxeicoflurbglvssertdjhcr/SourcePackages/checkouts/swift-concurrency-extras/Sources/ConcurrencyExtras/AnyHashableSendable.swift (in target 'ConcurrencyExtras' from project 'swift-concurrency-extras')
SwiftCompile normal arm64 /Users/user51/Library/Developer/Xcode/DerivedData/iCohort3-bwoefxeicoflurbglvssertdjhcr/SourcePackages/checkouts/swift-concurrency-extras/Sources/ConcurrencyExtras/ActorIsolated.swift (in target 'ConcurrencyExtras' from project 'swift-concurrency-extras')
    cd /Users/user51/Downloads/iCohort3/iCohort3.xcodeproj
    

SwiftCompile normal arm64 /Users/user51/Library/Developer/Xcode/DerivedData/iCohort3-bwoefxeicoflurbglvssertdjhcr/SourcePackages/checkouts/swift-concurrency-extras/Sources/ConcurrencyExtras/AnyHashableSendable.swift (in target 'ConcurrencyExtras' from project 'swift-concurrency-extras')
    cd /Users/user51/Downloads/iCohort3/iCohort3.xcodeproj
    

SwiftEmitModule normal arm64 Emitting\ module\ for\ ConcurrencyExtras (in target 'ConcurrencyExtras' from project 'swift-concurrency-extras')

EmitSwiftModule normal arm64 (in target 'ConcurrencyExtras' from project 'swift-concurrency-extras')
    cd /Users/user51/Downloads/iCohort3/iCohort3.xcodeproj
    

SwiftCompile normal arm64 Compiling\ Task.swift /Users/user51/Library/Developer/Xcode/DerivedData/iCohort3-bwoefxeicoflurbglvssertdjhcr/SourcePackages/checkouts/swift-concurrency-extras/Sources/ConcurrencyExtras/Task.swift (in target 'ConcurrencyExtras' from project 'swift-concurrency-extras')
SwiftCompile normal arm64 /Users/user51/Library/Developer/Xcode/DerivedData/iCohort3-bwoefxeicoflurbglvssertdjhcr/SourcePackages/checkouts/swift-concurrency-extras/Sources/ConcurrencyExtras/Task.swift (in target 'ConcurrencyExtras' from project 'swift-concurrency-extras')
    cd /Users/user51/Downloads/iCohort3/iCohort3.xcodeproj
    

SwiftCompile normal arm64 Compiling\ LockIsolated.swift /Users/user51/Library/Developer/Xcode/DerivedData/iCohort3-bwoefxeicoflurbglvssertdjhcr/SourcePackages/checkouts/swift-concurrency-extras/Sources/ConcurrencyExtras/LockIsolated.swift (in target 'ConcurrencyExtras' from project 'swift-concurrency-extras')

SwiftCompile normal arm64 /Users/user51/Library/Developer/Xcode/DerivedData/iCohort3-bwoefxeicoflurbglvssertdjhcr/SourcePackages/checkouts/swift-concurrency-extras/Sources/ConcurrencyExtras/LockIsolated.swift (in target 'ConcurrencyExtras' from project 'swift-concurrency-extras')
    cd /Users/user51/Downloads/iCohort3/iCohort3.xcodeproj
    

SwiftCompile normal arm64 Compiling\ UncheckedSendable.swift /Users/user51/Library/Developer/Xcode/DerivedData/iCohort3-bwoefxeicoflurbglvssertdjhcr/SourcePackages/checkouts/swift-concurrency-extras/Sources/ConcurrencyExtras/UncheckedSendable.swift (in target 'ConcurrencyExtras' from project 'swift-concurrency-extras')

SwiftCompile normal arm64 /Users/user51/Library/Developer/Xcode/DerivedData/iCohort3-bwoefxeicoflurbglvssertdjhcr/SourcePackages/checkouts/swift-concurrency-extras/Sources/ConcurrencyExtras/UncheckedSendable.swift (in target 'ConcurrencyExtras' from project 'swift-concurrency-extras')
    cd /Users/user51/Downloads/iCohort3/iCohort3.xcodeproj
    

SwiftEmitModule normal arm64 Emitting\ module\ for\ HTTPTypes (in target 'HTTPTypes' from project 'swift-http-types')
EmitSwiftModule normal arm64 (in target 'HTTPTypes' from project 'swift-http-types')
    cd /Users/user51/Downloads/iCohort3/iCohort3.xcodeproj
    

SwiftEmitModule normal arm64 Emitting\ module\ for\ IssueReporting (in target 'IssueReporting' from project 'xctest-dynamic-overlay')
EmitSwiftModule normal arm64 (in target 'IssueReporting' from project 'xctest-dynamic-overlay')
    cd /Users/user51/Downloads/iCohort3/iCohort3.xcodeproj
    

SwiftEmitModule normal arm64 Emitting\ module\ for\ Crypto (in target 'Crypto' from project 'swift-crypto')

EmitSwiftModule normal arm64 (in target 'Crypto' from project 'swift-crypto')
    cd /Users/user51/Downloads/iCohort3/iCohort3.xcodeproj
    

SwiftCompile normal arm64 Compiling\ RuntimeWarningReporter.swift,\ ReportIssue.swift /Users/user51/Library/Developer/Xcode/DerivedData/iCohort3-bwoefxeicoflurbglvssertdjhcr/SourcePackages/checkouts/xctest-dynamic-overlay/Sources/IssueReporting/IssueReporters/RuntimeWarningReporter.swift /Users/user51/Library/Developer/Xcode/DerivedData/iCohort3-bwoefxeicoflurbglvssertdjhcr/SourcePackages/checkouts/xctest-dynamic-overlay/Sources/IssueReporting/ReportIssue.swift (in target 'IssueReporting' from project 'xctest-dynamic-overlay')

SwiftCompile normal arm64 /Users/user51/Library/Developer/Xcode/DerivedData/iCohort3-bwoefxeicoflurbglvssertdjhcr/SourcePackages/checkouts/xctest-dynamic-overlay/Sources/IssueReporting/IssueReporters/RuntimeWarningReporter.swift (in target 'IssueReporting' from project 'xctest-dynamic-overlay')
    cd /Users/user51/Downloads/iCohort3/iCohort3.xcodeproj
    

SwiftCompile normal arm64 /Users/user51/Library/Developer/Xcode/DerivedData/iCohort3-bwoefxeicoflurbglvssertdjhcr/SourcePackages/checkouts/xctest-dynamic-overlay/Sources/IssueReporting/ReportIssue.swift (in target 'IssueReporting' from project 'xctest-dynamic-overlay')
    cd /Users/user51/Downloads/iCohort3/iCohort3.xcodeproj
    

SwiftDriverJobDiscovery normal arm64 Compiling LockIsolated.swift (in target 'ConcurrencyExtras' from project 'swift-concurrency-extras')

SwiftCompile normal arm64 Compiling\ ErrorReporting.swift,\ AppHostWarning.swift,\ Deprecations.swift /Users/user51/Library/Developer/Xcode/DerivedData/iCohort3-bwoefxeicoflurbglvssertdjhcr/SourcePackages/checkouts/xctest-dynamic-overlay/Sources/IssueReporting/ErrorReporting.swift /Users/user51/Library/Developer/Xcode/DerivedData/iCohort3-bwoefxeicoflurbglvssertdjhcr/SourcePackages/checkouts/xctest-dynamic-overlay/Sources/IssueReporting/Internal/AppHostWarning.swift /Users/user51/Library/Developer/Xcode/DerivedData/iCohort3-bwoefxeicoflurbglvssertdjhcr/SourcePackages/checkouts/xctest-dynamic-overlay/Sources/IssueReporting/Internal/Deprecations.swift (in target 'IssueReporting' from project 'xctest-dynamic-overlay')

SwiftCompile normal arm64 /Users/user51/Library/Developer/Xcode/DerivedData/iCohort3-bwoefxeicoflurbglvssertdjhcr/SourcePackages/checkouts/xctest-dynamic-overlay/Sources/IssueReporting/ErrorReporting.swift (in target 'IssueReporting' from project 'xctest-dynamic-overlay')
    cd /Users/user51/Downloads/iCohort3/iCohort3.xcodeproj
    

SwiftCompile normal arm64 /Users/user51/Library/Developer/Xcode/DerivedData/iCohort3-bwoefxeicoflurbglvssertdjhcr/SourcePackages/checkouts/xctest-dynamic-overlay/Sources/IssueReporting/Internal/AppHostWarning.swift (in target 'IssueReporting' from project 'xctest-dynamic-overlay')
    cd /Users/user51/Downloads/iCohort3/iCohort3.xcodeproj
    

SwiftCompile normal arm64 /Users/user51/Library/Developer/Xcode/DerivedData/iCohort3-bwoefxeicoflurbglvssertdjhcr/SourcePackages/checkouts/xctest-dynamic-overlay/Sources/IssueReporting/Internal/Deprecations.swift (in target 'IssueReporting' from project 'xctest-dynamic-overlay')
    cd /Users/user51/Downloads/iCohort3/iCohort3.xcodeproj
    

SwiftDriverJobDiscovery normal arm64 Compiling UncheckedSendable.swift (in target 'ConcurrencyExtras' from project 'swift-concurrency-extras')

SwiftCompile normal arm64 Compiling\ FailureObserver.swift,\ LockIsolated.swift,\ Rethrows.swift /Users/user51/Library/Developer/Xcode/DerivedData/iCohort3-bwoefxeicoflurbglvssertdjhcr/SourcePackages/checkouts/xctest-dynamic-overlay/Sources/IssueReporting/Internal/FailureObserver.swift /Users/user51/Library/Developer/Xcode/DerivedData/iCohort3-bwoefxeicoflurbglvssertdjhcr/SourcePackages/checkouts/xctest-dynamic-overlay/Sources/IssueReporting/Internal/LockIsolated.swift /Users/user51/Library/Developer/Xcode/DerivedData/iCohort3-bwoefxeicoflurbglvssertdjhcr/SourcePackages/checkouts/xctest-dynamic-overlay/Sources/IssueReporting/Internal/Rethrows.swift (in target 'IssueReporting' from project 'xctest-dynamic-overlay')

SwiftCompile normal arm64 /Users/user51/Library/Developer/Xcode/DerivedData/iCohort3-bwoefxeicoflurbglvssertdjhcr/SourcePackages/checkouts/xctest-dynamic-overlay/Sources/IssueReporting/Internal/FailureObserver.swift (in target 'IssueReporting' from project 'xctest-dynamic-overlay')
    cd /Users/user51/Downloads/iCohort3/iCohort3.xcodeproj
    

SwiftCompile normal arm64 /Users/user51/Library/Developer/Xcode/DerivedData/iCohort3-bwoefxeicoflurbglvssertdjhcr/SourcePackages/checkouts/xctest-dynamic-overlay/Sources/IssueReporting/Internal/LockIsolated.swift (in target 'IssueReporting' from project 'xctest-dynamic-overlay')
    cd /Users/user51/Downloads/iCohort3/iCohort3.xcodeproj
    

SwiftCompile normal arm64 /Users/user51/Library/Developer/Xcode/DerivedData/iCohort3-bwoefxeicoflurbglvssertdjhcr/SourcePackages/checkouts/xctest-dynamic-overlay/Sources/IssueReporting/Internal/Rethrows.swift (in target 'IssueReporting' from project 'xctest-dynamic-overlay')
    cd /Users/user51/Downloads/iCohort3/iCohort3.xcodeproj
    

SwiftDriverJobDiscovery normal arm64 Emitting module for ConcurrencyExtras (in target 'ConcurrencyExtras' from project 'swift-concurrency-extras')

SwiftDriver\ Compilation\ Requirements ConcurrencyExtras normal arm64 com.apple.xcode.tools.swift.compiler (in target 'ConcurrencyExtras' from project 'swift-concurrency-extras')
    cd /Users/user51/Downloads/iCohort3/iCohort3.xcodeproj
    builtin-Swift-Compilation-Requirements -- /Applications/Xcode.app/Contents/Developer/Toolchains/XcodeDefault.xctoolchain/usr/bin/swiftc -module-name ConcurrencyExtras -Onone -enforce-exclusivity\=checked @/Users/user51/Library/Developer/Xcode/DerivedData/iCohort3-bwoefxeicoflurbglvssertdjhcr/Build/Intermediates.noindex/swift-concurrency-extras.build/Debug-iphonesimulator/ConcurrencyExtras.build/Objects-normal/arm64/ConcurrencyExtras.SwiftFileList -DSWIFT_PACKAGE -DDEBUG -DSWIFT_MODULE_RESOURCE_BUNDLE_UNAVAILABLE -DXcode -plugin-path /Applications/Xcode.app/Contents/Developer/Toolchains/XcodeDefault.xctoolchain/usr/lib/swift/host/plugins/testing -enable-experimental-feature DebugDescriptionMacro -sdk /Applications/Xcode.app/Contents/Developer/Platforms/iPhoneSimulator.platform/Developer/SDKs/iPhoneSimulator26.2.sdk -target arm64-apple-ios13.0-simulator -g -module-cache-path /Users/user51/Library/Developer/Xcode/DerivedData/ModuleCache.noindex -Xfrontend -serialize-debugging-options -profile-coverage-mapping -profile-generate -enable-testing -suppress-warnings -index-store-path /Users/user51/Library/Developer/Xcode/DerivedData/iCohort3-bwoefxeicoflurbglvssertdjhcr/Index.noindex/DataStore -Xcc -D_LIBCPP_HARDENING_MODE\=_LIBCPP_HARDENING_MODE_DEBUG -swift-version 6 -I /Users/user51/Library/Developer/Xcode/DerivedData/iCohort3-bwoefxeicoflurbglvssertdjhcr/Build/Products/Debug-iphonesimulator -Isystem /Applications/Xcode.app/Contents/Developer/Platforms/iPhoneSimulator.platform/Developer/usr/lib -F /Users/user51/Library/Developer/Xcode/DerivedData/iCohort3-bwoefxeicoflurbglvssertdjhcr/Build/Products/Debug-iphonesimulator -F /Applications/Xcode.app/Contents/Developer/Platforms/iPhoneSimulator.platform/Developer/Library/Frameworks -F /Applications/Xcode.app/Contents/Developer/Platforms/iPhoneSimulator.platform/Developer/SDKs/iPhoneSimulator26.2.sdk/Developer/Library/Frameworks -c -j8 -enable-batch-mode -incremental -Xcc -ivfsstatcache -Xcc /Users/user51/Library/Developer/Xcode/DerivedData/SDKStatCaches.noindex/iphonesimulator26.2-23C53-dc75598d0054f22ec865fa860f139d727d00a8b37fbd7999ea79df8ebc024bf0.sdkstatcache -output-file-map /Users/user51/Library/Developer/Xcode/DerivedData/iCohort3-bwoefxeicoflurbglvssertdjhcr/Build/Intermediates.noindex/swift-concurrency-extras.build/Debug-iphonesimulator/ConcurrencyExtras.build/Objects-normal/arm64/ConcurrencyExtras-OutputFileMap.json -use-frontend-parseable-output -save-temps -no-color-diagnostics -explicit-module-build -module-cache-path /Users/user51/Library/Developer/Xcode/DerivedData/iCohort3-bwoefxeicoflurbglvssertdjhcr/Build/Intermediates.noindex/SwiftExplicitPrecompiledModules -clang-scanner-module-cache-path /Users/user51/Library/Developer/Xcode/DerivedData/ModuleCache.noindex -sdk-module-cache-path /Users/user51/Library/Developer/Xcode/DerivedData/ModuleCache.noindex -serialize-diagnostics -emit-dependencies -emit-module -emit-module-path /Users/user51/Library/Developer/Xcode/DerivedData/iCohort3-bwoefxeicoflurbglvssertdjhcr/Build/Intermediates.noindex/swift-concurrency-extras.build/Debug-iphonesimulator/ConcurrencyExtras.build/Objects-normal/arm64/ConcurrencyExtras.swiftmodule -user-module-version 1.3.2 -validate-clang-modules-once -clang-build-session-file /Users/user51/Library/Developer/Xcode/DerivedData/ModuleCache.noindex/Session.modulevalidation -package-name swift_concurrency_extras -Xcc -I/Users/user51/Library/Developer/Xcode/DerivedData/iCohort3-bwoefxeicoflurbglvssertdjhcr/Build/Intermediates.noindex/swift-concurrency-extras.build/Debug-iphonesimulator/ConcurrencyExtras.build/swift-overrides.hmap -emit-const-values -Xfrontend -const-gather-protocols-file -Xfrontend /Users/user51/Library/Developer/Xcode/DerivedData/iCohort3-bwoefxeicoflurbglvssertdjhcr/Build/Intermediates.noindex/swift-concurrency-extras.build/Debug-iphonesimulator/ConcurrencyExtras.build/Objects-normal/arm64/ConcurrencyExtras_const_extract_protocols.json -Xcc -I/Users/user51/Library/Developer/Xcode/DerivedData/iCohort3-bwoefxeicoflurbglvssertdjhcr/Build/Products/Debug-iphonesimulator/include -Xcc -I/Users/user51/Library/Developer/Xcode/DerivedData/iCohort3-bwoefxeicoflurbglvssertdjhcr/Build/Intermediates.noindex/swift-concurrency-extras.build/Debug-iphonesimulator/ConcurrencyExtras.build/DerivedSources-normal/arm64 -Xcc -I/Users/user51/Library/Developer/Xcode/DerivedData/iCohort3-bwoefxeicoflurbglvssertdjhcr/Build/Intermediates.noindex/swift-concurrency-extras.build/Debug-iphonesimulator/ConcurrencyExtras.build/DerivedSources/arm64 -Xcc -I/Users/user51/Library/Developer/Xcode/DerivedData/iCohort3-bwoefxeicoflurbglvssertdjhcr/Build/Intermediates.noindex/swift-concurrency-extras.build/Debug-iphonesimulator/ConcurrencyExtras.build/DerivedSources -Xcc -DSWIFT_PACKAGE -Xcc -DDEBUG\=1 -emit-objc-header -emit-objc-header-path /Users/user51/Library/Developer/Xcode/DerivedData/iCohort3-bwoefxeicoflurbglvssertdjhcr/Build/Intermediates.noindex/swift-concurrency-extras.build/Debug-iphonesimulator/ConcurrencyExtras.build/Objects-normal/arm64/ConcurrencyExtras-Swift.h -working-directory /Users/user51/Downloads/iCohort3/iCohort3.xcodeproj -experimental-emit-module-separately -disable-cmo

SwiftDriverJobDiscovery normal arm64 Compiling ActorIsolated.swift, AnyHashableSendable.swift (in target 'ConcurrencyExtras' from project 'swift-concurrency-extras')

SwiftCompile normal arm64 Compiling\ TestContext.swift,\ Unimplemented.swift /Users/user51/Library/Developer/Xcode/DerivedData/iCohort3-bwoefxeicoflurbglvssertdjhcr/SourcePackages/checkouts/xctest-dynamic-overlay/Sources/IssueReporting/TestContext.swift /Users/user51/Library/Developer/Xcode/DerivedData/iCohort3-bwoefxeicoflurbglvssertdjhcr/SourcePackages/checkouts/xctest-dynamic-overlay/Sources/IssueReporting/Unimplemented.swift (in target 'IssueReporting' from project 'xctest-dynamic-overlay')

SwiftCompile normal arm64 /Users/user51/Library/Developer/Xcode/DerivedData/iCohort3-bwoefxeicoflurbglvssertdjhcr/SourcePackages/checkouts/xctest-dynamic-overlay/Sources/IssueReporting/TestContext.swift (in target 'IssueReporting' from project 'xctest-dynamic-overlay')
    cd /Users/user51/Downloads/iCohort3/iCohort3.xcodeproj
    

SwiftCompile normal arm64 /Users/user51/Library/Developer/Xcode/DerivedData/iCohort3-bwoefxeicoflurbglvssertdjhcr/SourcePackages/checkouts/xctest-dynamic-overlay/Sources/IssueReporting/Unimplemented.swift (in target 'IssueReporting' from project 'xctest-dynamic-overlay')
    cd /Users/user51/Downloads/iCohort3/iCohort3.xcodeproj
    

SwiftMergeGeneratedHeaders /Users/user51/Library/Developer/Xcode/DerivedData/iCohort3-bwoefxeicoflurbglvssertdjhcr/Build/Intermediates.noindex/GeneratedModuleMaps-iphonesimulator/ConcurrencyExtras-Swift.h /Users/user51/Library/Developer/Xcode/DerivedData/iCohort3-bwoefxeicoflurbglvssertdjhcr/Build/Intermediates.noindex/swift-concurrency-extras.build/Debug-iphonesimulator/ConcurrencyExtras.build/Objects-normal/arm64/ConcurrencyExtras-Swift.h (in target 'ConcurrencyExtras' from project 'swift-concurrency-extras')
    cd /Users/user51/Library/Developer/Xcode/DerivedData/iCohort3-bwoefxeicoflurbglvssertdjhcr/SourcePackages/checkouts/swift-concurrency-extras
    builtin-swiftHeaderTool -arch arm64 /Users/user51/Library/Developer/Xcode/DerivedData/iCohort3-bwoefxeicoflurbglvssertdjhcr/Build/Intermediates.noindex/swift-concurrency-extras.build/Debug-iphonesimulator/ConcurrencyExtras.build/Objects-normal/arm64/ConcurrencyExtras-Swift.h -o /Users/user51/Library/Developer/Xcode/DerivedData/iCohort3-bwoefxeicoflurbglvssertdjhcr/Build/Intermediates.noindex/GeneratedModuleMaps-iphonesimulator/ConcurrencyExtras-Swift.h

SwiftDriverJobDiscovery normal arm64 Compiling Task.swift (in target 'ConcurrencyExtras' from project 'swift-concurrency-extras')

Copy /Users/user51/Library/Developer/Xcode/DerivedData/iCohort3-bwoefxeicoflurbglvssertdjhcr/Build/Products/Debug-iphonesimulator/ConcurrencyExtras.swiftmodule/arm64-apple-ios-simulator.swiftmodule /Users/user51/Library/Developer/Xcode/DerivedData/iCohort3-bwoefxeicoflurbglvssertdjhcr/Build/Intermediates.noindex/swift-concurrency-extras.build/Debug-iphonesimulator/ConcurrencyExtras.build/Objects-normal/arm64/ConcurrencyExtras.swiftmodule (in target 'ConcurrencyExtras' from project 'swift-concurrency-extras')
    cd /Users/user51/Library/Developer/Xcode/DerivedData/iCohort3-bwoefxeicoflurbglvssertdjhcr/SourcePackages/checkouts/swift-concurrency-extras
    builtin-copy -exclude .DS_Store -exclude CVS -exclude .svn -exclude .git -exclude .hg -resolve-src-symlinks -rename /Users/user51/Library/Developer/Xcode/DerivedData/iCohort3-bwoefxeicoflurbglvssertdjhcr/Build/Intermediates.noindex/swift-concurrency-extras.build/Debug-iphonesimulator/ConcurrencyExtras.build/Objects-normal/arm64/ConcurrencyExtras.swiftmodule /Users/user51/Library/Developer/Xcode/DerivedData/iCohort3-bwoefxeicoflurbglvssertdjhcr/Build/Products/Debug-iphonesimulator/ConcurrencyExtras.swiftmodule/arm64-apple-ios-simulator.swiftmodule

Copy /Users/user51/Library/Developer/Xcode/DerivedData/iCohort3-bwoefxeicoflurbglvssertdjhcr/Build/Products/Debug-iphonesimulator/ConcurrencyExtras.swiftmodule/arm64-apple-ios-simulator.swiftdoc /Users/user51/Library/Developer/Xcode/DerivedData/iCohort3-bwoefxeicoflurbglvssertdjhcr/Build/Intermediates.noindex/swift-concurrency-extras.build/Debug-iphonesimulator/ConcurrencyExtras.build/Objects-normal/arm64/ConcurrencyExtras.swiftdoc (in target 'ConcurrencyExtras' from project 'swift-concurrency-extras')
    cd /Users/user51/Library/Developer/Xcode/DerivedData/iCohort3-bwoefxeicoflurbglvssertdjhcr/SourcePackages/checkouts/swift-concurrency-extras
    builtin-copy -exclude .DS_Store -exclude CVS -exclude .svn -exclude .git -exclude .hg -resolve-src-symlinks -rename /Users/user51/Library/Developer/Xcode/DerivedData/iCohort3-bwoefxeicoflurbglvssertdjhcr/Build/Intermediates.noindex/swift-concurrency-extras.build/Debug-iphonesimulator/ConcurrencyExtras.build/Objects-normal/arm64/ConcurrencyExtras.swiftdoc /Users/user51/Library/Developer/Xcode/DerivedData/iCohort3-bwoefxeicoflurbglvssertdjhcr/Build/Products/Debug-iphonesimulator/ConcurrencyExtras.swiftmodule/arm64-apple-ios-simulator.swiftdoc

Copy /Users/user51/Library/Developer/Xcode/DerivedData/iCohort3-bwoefxeicoflurbglvssertdjhcr/Build/Products/Debug-iphonesimulator/ConcurrencyExtras.swiftmodule/arm64-apple-ios-simulator.abi.json /Users/user51/Library/Developer/Xcode/DerivedData/iCohort3-bwoefxeicoflurbglvssertdjhcr/Build/Intermediates.noindex/swift-concurrency-extras.build/Debug-iphonesimulator/ConcurrencyExtras.build/Objects-normal/arm64/ConcurrencyExtras.abi.json (in target 'ConcurrencyExtras' from project 'swift-concurrency-extras')
    cd /Users/user51/Library/Developer/Xcode/DerivedData/iCohort3-bwoefxeicoflurbglvssertdjhcr/SourcePackages/checkouts/swift-concurrency-extras
    builtin-copy -exclude .DS_Store -exclude CVS -exclude .svn -exclude .git -exclude .hg -resolve-src-symlinks -rename /Users/user51/Library/Developer/Xcode/DerivedData/iCohort3-bwoefxeicoflurbglvssertdjhcr/Build/Intermediates.noindex/swift-concurrency-extras.build/Debug-iphonesimulator/ConcurrencyExtras.build/Objects-normal/arm64/ConcurrencyExtras.abi.json /Users/user51/Library/Developer/Xcode/DerivedData/iCohort3-bwoefxeicoflurbglvssertdjhcr/Build/Products/Debug-iphonesimulator/ConcurrencyExtras.swiftmodule/arm64-apple-ios-simulator.abi.json

Copy /Users/user51/Library/Developer/Xcode/DerivedData/iCohort3-bwoefxeicoflurbglvssertdjhcr/Build/Products/Debug-iphonesimulator/ConcurrencyExtras.swiftmodule/Project/arm64-apple-ios-simulator.swiftsourceinfo /Users/user51/Library/Developer/Xcode/DerivedData/iCohort3-bwoefxeicoflurbglvssertdjhcr/Build/Intermediates.noindex/swift-concurrency-extras.build/Debug-iphonesimulator/ConcurrencyExtras.build/Objects-normal/arm64/ConcurrencyExtras.swiftsourceinfo (in target 'ConcurrencyExtras' from project 'swift-concurrency-extras')
    cd /Users/user51/Library/Developer/Xcode/DerivedData/iCohort3-bwoefxeicoflurbglvssertdjhcr/SourcePackages/checkouts/swift-concurrency-extras
    builtin-copy -exclude .DS_Store -exclude CVS -exclude .svn -exclude .git -exclude .hg -resolve-src-symlinks -rename /Users/user51/Library/Developer/Xcode/DerivedData/iCohort3-bwoefxeicoflurbglvssertdjhcr/Build/Intermediates.noindex/swift-concurrency-extras.build/Debug-iphonesimulator/ConcurrencyExtras.build/Objects-normal/arm64/ConcurrencyExtras.swiftsourceinfo /Users/user51/Library/Developer/Xcode/DerivedData/iCohort3-bwoefxeicoflurbglvssertdjhcr/Build/Products/Debug-iphonesimulator/ConcurrencyExtras.swiftmodule/Project/arm64-apple-ios-simulator.swiftsourceinfo

SwiftCompile normal arm64 Compiling\ BreakpointReporter.swift,\ FatalErrorReporter.swift /Users/user51/Library/Developer/Xcode/DerivedData/iCohort3-bwoefxeicoflurbglvssertdjhcr/SourcePackages/checkouts/xctest-dynamic-overlay/Sources/IssueReporting/IssueReporters/BreakpointReporter.swift /Users/user51/Library/Developer/Xcode/DerivedData/iCohort3-bwoefxeicoflurbglvssertdjhcr/SourcePackages/checkouts/xctest-dynamic-overlay/Sources/IssueReporting/IssueReporters/FatalErrorReporter.swift (in target 'IssueReporting' from project 'xctest-dynamic-overlay')

SwiftCompile normal arm64 /Users/user51/Library/Developer/Xcode/DerivedData/iCohort3-bwoefxeicoflurbglvssertdjhcr/SourcePackages/checkouts/xctest-dynamic-overlay/Sources/IssueReporting/IssueReporters/BreakpointReporter.swift (in target 'IssueReporting' from project 'xctest-dynamic-overlay')
    cd /Users/user51/Downloads/iCohort3/iCohort3.xcodeproj
    

SwiftCompile normal arm64 /Users/user51/Library/Developer/Xcode/DerivedData/iCohort3-bwoefxeicoflurbglvssertdjhcr/SourcePackages/checkouts/xctest-dynamic-overlay/Sources/IssueReporting/IssueReporters/FatalErrorReporter.swift (in target 'IssueReporting' from project 'xctest-dynamic-overlay')
    cd /Users/user51/Downloads/iCohort3/iCohort3.xcodeproj
    

SwiftCompile normal arm64 Compiling\ SwiftTesting.swift,\ UncheckedSendable.swift,\ Warn.swift /Users/user51/Library/Developer/Xcode/DerivedData/iCohort3-bwoefxeicoflurbglvssertdjhcr/SourcePackages/checkouts/xctest-dynamic-overlay/Sources/IssueReporting/Internal/SwiftTesting.swift /Users/user51/Library/Developer/Xcode/DerivedData/iCohort3-bwoefxeicoflurbglvssertdjhcr/SourcePackages/checkouts/xctest-dynamic-overlay/Sources/IssueReporting/Internal/UncheckedSendable.swift /Users/user51/Library/Developer/Xcode/DerivedData/iCohort3-bwoefxeicoflurbglvssertdjhcr/SourcePackages/checkouts/xctest-dynamic-overlay/Sources/IssueReporting/Internal/Warn.swift (in target 'IssueReporting' from project 'xctest-dynamic-overlay')
SwiftCompile normal arm64 /Users/user51/Library/Developer/Xcode/DerivedData/iCohort3-bwoefxeicoflurbglvssertdjhcr/SourcePackages/checkouts/xctest-dynamic-overlay/Sources/IssueReporting/Internal/SwiftTesting.swift (in target 'IssueReporting' from project 'xctest-dynamic-overlay')
    cd /Users/user51/Downloads/iCohort3/iCohort3.xcodeproj
    

SwiftCompile normal arm64 /Users/user51/Library/Developer/Xcode/DerivedData/iCohort3-bwoefxeicoflurbglvssertdjhcr/SourcePackages/checkouts/xctest-dynamic-overlay/Sources/IssueReporting/Internal/UncheckedSendable.swift (in target 'IssueReporting' from project 'xctest-dynamic-overlay')
    cd /Users/user51/Downloads/iCohort3/iCohort3.xcodeproj
    

SwiftCompile normal arm64 /Users/user51/Library/Developer/Xcode/DerivedData/iCohort3-bwoefxeicoflurbglvssertdjhcr/SourcePackages/checkouts/xctest-dynamic-overlay/Sources/IssueReporting/Internal/Warn.swift (in target 'IssueReporting' from project 'xctest-dynamic-overlay')
    cd /Users/user51/Downloads/iCohort3/iCohort3.xcodeproj
    

SwiftDriverJobDiscovery normal arm64 Emitting module for HTTPTypes (in target 'HTTPTypes' from project 'swift-http-types')

SwiftDriver\ Compilation\ Requirements HTTPTypes normal arm64 com.apple.xcode.tools.swift.compiler (in target 'HTTPTypes' from project 'swift-http-types')
    cd /Users/user51/Downloads/iCohort3/iCohort3.xcodeproj
    builtin-Swift-Compilation-Requirements -- /Applications/Xcode.app/Contents/Developer/Toolchains/XcodeDefault.xctoolchain/usr/bin/swiftc -module-name HTTPTypes -Onone -enforce-exclusivity\=checked @/Users/user51/Library/Developer/Xcode/DerivedData/iCohort3-bwoefxeicoflurbglvssertdjhcr/Build/Intermediates.noindex/swift-http-types.build/Debug-iphonesimulator/HTTPTypes.build/Objects-normal/arm64/HTTPTypes.SwiftFileList -DSWIFT_PACKAGE -DDEBUG -DSWIFT_MODULE_RESOURCE_BUNDLE_UNAVAILABLE -DXcode -enable-experimental-feature StrictConcurrency\=complete -enable-upcoming-feature MemberImportVisibility -plugin-path /Applications/Xcode.app/Contents/Developer/Toolchains/XcodeDefault.xctoolchain/usr/lib/swift/host/plugins/testing -enable-experimental-feature DebugDescriptionMacro -sdk /Applications/Xcode.app/Contents/Developer/Platforms/iPhoneSimulator.platform/Developer/SDKs/iPhoneSimulator26.2.sdk -target arm64-apple-ios12.0-simulator -g -module-cache-path /Users/user51/Library/Developer/Xcode/DerivedData/ModuleCache.noindex -Xfrontend -serialize-debugging-options -profile-coverage-mapping -profile-generate -enable-testing -suppress-warnings -index-store-path /Users/user51/Library/Developer/Xcode/DerivedData/iCohort3-bwoefxeicoflurbglvssertdjhcr/Index.noindex/DataStore -Xcc -D_LIBCPP_HARDENING_MODE\=_LIBCPP_HARDENING_MODE_DEBUG -swift-version 5 -I /Users/user51/Library/Developer/Xcode/DerivedData/iCohort3-bwoefxeicoflurbglvssertdjhcr/Build/Products/Debug-iphonesimulator -Isystem /Applications/Xcode.app/Contents/Developer/Platforms/iPhoneSimulator.platform/Developer/usr/lib -F /Users/user51/Library/Developer/Xcode/DerivedData/iCohort3-bwoefxeicoflurbglvssertdjhcr/Build/Products/Debug-iphonesimulator -F /Applications/Xcode.app/Contents/Developer/Platforms/iPhoneSimulator.platform/Developer/Library/Frameworks -F /Applications/Xcode.app/Contents/Developer/Platforms/iPhoneSimulator.platform/Developer/SDKs/iPhoneSimulator26.2.sdk/Developer/Library/Frameworks -c -j8 -enable-batch-mode -incremental -Xcc -ivfsstatcache -Xcc /Users/user51/Library/Developer/Xcode/DerivedData/SDKStatCaches.noindex/iphonesimulator26.2-23C53-dc75598d0054f22ec865fa860f139d727d00a8b37fbd7999ea79df8ebc024bf0.sdkstatcache -output-file-map /Users/user51/Library/Developer/Xcode/DerivedData/iCohort3-bwoefxeicoflurbglvssertdjhcr/Build/Intermediates.noindex/swift-http-types.build/Debug-iphonesimulator/HTTPTypes.build/Objects-normal/arm64/HTTPTypes-OutputFileMap.json -use-frontend-parseable-output -save-temps -no-color-diagnostics -explicit-module-build -module-cache-path /Users/user51/Library/Developer/Xcode/DerivedData/iCohort3-bwoefxeicoflurbglvssertdjhcr/Build/Intermediates.noindex/SwiftExplicitPrecompiledModules -clang-scanner-module-cache-path /Users/user51/Library/Developer/Xcode/DerivedData/ModuleCache.noindex -sdk-module-cache-path /Users/user51/Library/Developer/Xcode/DerivedData/ModuleCache.noindex -serialize-diagnostics -emit-dependencies -emit-module -emit-module-path /Users/user51/Library/Developer/Xcode/DerivedData/iCohort3-bwoefxeicoflurbglvssertdjhcr/Build/Intermediates.noindex/swift-http-types.build/Debug-iphonesimulator/HTTPTypes.build/Objects-normal/arm64/HTTPTypes.swiftmodule -validate-clang-modules-once -clang-build-session-file /Users/user51/Library/Developer/Xcode/DerivedData/ModuleCache.noindex/Session.modulevalidation -package-name swift_http_types -Xcc -I/Users/user51/Library/Developer/Xcode/DerivedData/iCohort3-bwoefxeicoflurbglvssertdjhcr/Build/Intermediates.noindex/swift-http-types.build/Debug-iphonesimulator/HTTPTypes.build/swift-overrides.hmap -emit-const-values -Xfrontend -const-gather-protocols-file -Xfrontend /Users/user51/Library/Developer/Xcode/DerivedData/iCohort3-bwoefxeicoflurbglvssertdjhcr/Build/Intermediates.noindex/swift-http-types.build/Debug-iphonesimulator/HTTPTypes.build/Objects-normal/arm64/HTTPTypes_const_extract_protocols.json -Xcc -I/Users/user51/Library/Developer/Xcode/DerivedData/iCohort3-bwoefxeicoflurbglvssertdjhcr/Build/Products/Debug-iphonesimulator/include -Xcc -I/Users/user51/Library/Developer/Xcode/DerivedData/iCohort3-bwoefxeicoflurbglvssertdjhcr/Build/Intermediates.noindex/swift-http-types.build/Debug-iphonesimulator/HTTPTypes.build/DerivedSources-normal/arm64 -Xcc -I/Users/user51/Library/Developer/Xcode/DerivedData/iCohort3-bwoefxeicoflurbglvssertdjhcr/Build/Intermediates.noindex/swift-http-types.build/Debug-iphonesimulator/HTTPTypes.build/DerivedSources/arm64 -Xcc -I/Users/user51/Library/Developer/Xcode/DerivedData/iCohort3-bwoefxeicoflurbglvssertdjhcr/Build/Intermediates.noindex/swift-http-types.build/Debug-iphonesimulator/HTTPTypes.build/DerivedSources -Xcc -DSWIFT_PACKAGE -Xcc -DDEBUG\=1 -emit-objc-header -emit-objc-header-path /Users/user51/Library/Developer/Xcode/DerivedData/iCohort3-bwoefxeicoflurbglvssertdjhcr/Build/Intermediates.noindex/swift-http-types.build/Debug-iphonesimulator/HTTPTypes.build/Objects-normal/arm64/HTTPTypes-Swift.h -working-directory /Users/user51/Downloads/iCohort3/iCohort3.xcodeproj -experimental-emit-module-separately -disable-cmo

SwiftDriverJobDiscovery normal arm64 Emitting module for Crypto (in target 'Crypto' from project 'swift-crypto')

SwiftDriver\ Compilation\ Requirements Crypto normal arm64 com.apple.xcode.tools.swift.compiler (in target 'Crypto' from project 'swift-crypto')
    cd /Users/user51/Downloads/iCohort3/iCohort3.xcodeproj
    builtin-Swift-Compilation-Requirements -- /Applications/Xcode.app/Contents/Developer/Toolchains/XcodeDefault.xctoolchain/usr/bin/swiftc -module-name Crypto -Onone -enforce-exclusivity\=checked @/Users/user51/Library/Developer/Xcode/DerivedData/iCohort3-bwoefxeicoflurbglvssertdjhcr/Build/Intermediates.noindex/swift-crypto.build/Debug-iphonesimulator/Crypto.build/Objects-normal/arm64/Crypto.SwiftFileList -DSWIFT_PACKAGE -DDEBUG -DSWIFT_MODULE_RESOURCE_BUNDLE_AVAILABLE -DCRYPTO_IN_SWIFTPM -DXcode -enable-upcoming-feature MemberImportVisibility -plugin-path /Applications/Xcode.app/Contents/Developer/Toolchains/XcodeDefault.xctoolchain/usr/lib/swift/host/plugins/testing -enable-experimental-feature DebugDescriptionMacro -sdk /Applications/Xcode.app/Contents/Developer/Platforms/iPhoneSimulator.platform/Developer/SDKs/iPhoneSimulator26.2.sdk -target arm64-apple-ios12.0-simulator -g -module-cache-path /Users/user51/Library/Developer/Xcode/DerivedData/ModuleCache.noindex -Xfrontend -serialize-debugging-options -profile-coverage-mapping -profile-generate -enable-testing -suppress-warnings -index-store-path /Users/user51/Library/Developer/Xcode/DerivedData/iCohort3-bwoefxeicoflurbglvssertdjhcr/Index.noindex/DataStore -Xcc -D_LIBCPP_HARDENING_MODE\=_LIBCPP_HARDENING_MODE_DEBUG -swift-version 6 -I /Users/user51/Library/Developer/Xcode/DerivedData/iCohort3-bwoefxeicoflurbglvssertdjhcr/Build/Products/Debug-iphonesimulator -Isystem /Applications/Xcode.app/Contents/Developer/Platforms/iPhoneSimulator.platform/Developer/usr/lib -F /Users/user51/Library/Developer/Xcode/DerivedData/iCohort3-bwoefxeicoflurbglvssertdjhcr/Build/Products/Debug-iphonesimulator -F /Applications/Xcode.app/Contents/Developer/Platforms/iPhoneSimulator.platform/Developer/Library/Frameworks -F /Applications/Xcode.app/Contents/Developer/Platforms/iPhoneSimulator.platform/Developer/SDKs/iPhoneSimulator26.2.sdk/Developer/Library/Frameworks -c -j8 -enable-batch-mode -incremental -Xcc -ivfsstatcache -Xcc /Users/user51/Library/Developer/Xcode/DerivedData/SDKStatCaches.noindex/iphonesimulator26.2-23C53-dc75598d0054f22ec865fa860f139d727d00a8b37fbd7999ea79df8ebc024bf0.sdkstatcache -output-file-map /Users/user51/Library/Developer/Xcode/DerivedData/iCohort3-bwoefxeicoflurbglvssertdjhcr/Build/Intermediates.noindex/swift-crypto.build/Debug-iphonesimulator/Crypto.build/Objects-normal/arm64/Crypto-OutputFileMap.json -use-frontend-parseable-output -save-temps -no-color-diagnostics -explicit-module-build -module-cache-path /Users/user51/Library/Developer/Xcode/DerivedData/iCohort3-bwoefxeicoflurbglvssertdjhcr/Build/Intermediates.noindex/SwiftExplicitPrecompiledModules -clang-scanner-module-cache-path /Users/user51/Library/Developer/Xcode/DerivedData/ModuleCache.noindex -sdk-module-cache-path /Users/user51/Library/Developer/Xcode/DerivedData/ModuleCache.noindex -serialize-diagnostics -emit-dependencies -emit-module -emit-module-path /Users/user51/Library/Developer/Xcode/DerivedData/iCohort3-bwoefxeicoflurbglvssertdjhcr/Build/Intermediates.noindex/swift-crypto.build/Debug-iphonesimulator/Crypto.build/Objects-normal/arm64/Crypto.swiftmodule -user-module-version 4.1.0 -validate-clang-modules-once -clang-build-session-file /Users/user51/Library/Developer/Xcode/DerivedData/ModuleCache.noindex/Session.modulevalidation -package-name swift_crypto -Xcc -I/Users/user51/Library/Developer/Xcode/DerivedData/iCohort3-bwoefxeicoflurbglvssertdjhcr/Build/Intermediates.noindex/swift-crypto.build/Debug-iphonesimulator/Crypto.build/swift-overrides.hmap -emit-const-values -Xfrontend -const-gather-protocols-file -Xfrontend /Users/user51/Library/Developer/Xcode/DerivedData/iCohort3-bwoefxeicoflurbglvssertdjhcr/Build/Intermediates.noindex/swift-crypto.build/Debug-iphonesimulator/Crypto.build/Objects-normal/arm64/Crypto_const_extract_protocols.json -Xcc -I/Users/user51/Library/Developer/Xcode/DerivedData/iCohort3-bwoefxeicoflurbglvssertdjhcr/Build/Products/Debug-iphonesimulator/include -Xcc -I/Users/user51/Library/Developer/Xcode/DerivedData/iCohort3-bwoefxeicoflurbglvssertdjhcr/Build/Intermediates.noindex/swift-crypto.build/Debug-iphonesimulator/Crypto.build/DerivedSources-normal/arm64 -Xcc -I/Users/user51/Library/Developer/Xcode/DerivedData/iCohort3-bwoefxeicoflurbglvssertdjhcr/Build/Intermediates.noindex/swift-crypto.build/Debug-iphonesimulator/Crypto.build/DerivedSources/arm64 -Xcc -I/Users/user51/Library/Developer/Xcode/DerivedData/iCohort3-bwoefxeicoflurbglvssertdjhcr/Build/Intermediates.noindex/swift-crypto.build/Debug-iphonesimulator/Crypto.build/DerivedSources -Xcc -DSWIFT_PACKAGE -Xcc -DDEBUG\=1 -emit-objc-header -emit-objc-header-path /Users/user51/Library/Developer/Xcode/DerivedData/iCohort3-bwoefxeicoflurbglvssertdjhcr/Build/Intermediates.noindex/swift-crypto.build/Debug-iphonesimulator/Crypto.build/Objects-normal/arm64/Crypto-Swift.h -working-directory /Users/user51/Downloads/iCohort3/iCohort3.xcodeproj -experimental-emit-module-separately -disable-cmo

SwiftMergeGeneratedHeaders /Users/user51/Library/Developer/Xcode/DerivedData/iCohort3-bwoefxeicoflurbglvssertdjhcr/Build/Intermediates.noindex/GeneratedModuleMaps-iphonesimulator/HTTPTypes-Swift.h /Users/user51/Library/Developer/Xcode/DerivedData/iCohort3-bwoefxeicoflurbglvssertdjhcr/Build/Intermediates.noindex/swift-http-types.build/Debug-iphonesimulator/HTTPTypes.build/Objects-normal/arm64/HTTPTypes-Swift.h (in target 'HTTPTypes' from project 'swift-http-types')
    cd /Users/user51/Library/Developer/Xcode/DerivedData/iCohort3-bwoefxeicoflurbglvssertdjhcr/SourcePackages/checkouts/swift-http-types
    builtin-swiftHeaderTool -arch arm64 /Users/user51/Library/Developer/Xcode/DerivedData/iCohort3-bwoefxeicoflurbglvssertdjhcr/Build/Intermediates.noindex/swift-http-types.build/Debug-iphonesimulator/HTTPTypes.build/Objects-normal/arm64/HTTPTypes-Swift.h -o /Users/user51/Library/Developer/Xcode/DerivedData/iCohort3-bwoefxeicoflurbglvssertdjhcr/Build/Intermediates.noindex/GeneratedModuleMaps-iphonesimulator/HTTPTypes-Swift.h

Copy /Users/user51/Library/Developer/Xcode/DerivedData/iCohort3-bwoefxeicoflurbglvssertdjhcr/Build/Products/Debug-iphonesimulator/HTTPTypes.swiftmodule/arm64-apple-ios-simulator.swiftmodule /Users/user51/Library/Developer/Xcode/DerivedData/iCohort3-bwoefxeicoflurbglvssertdjhcr/Build/Intermediates.noindex/swift-http-types.build/Debug-iphonesimulator/HTTPTypes.build/Objects-normal/arm64/HTTPTypes.swiftmodule (in target 'HTTPTypes' from project 'swift-http-types')
    cd /Users/user51/Library/Developer/Xcode/DerivedData/iCohort3-bwoefxeicoflurbglvssertdjhcr/SourcePackages/checkouts/swift-http-types
    builtin-copy -exclude .DS_Store -exclude CVS -exclude .svn -exclude .git -exclude .hg -resolve-src-symlinks -rename /Users/user51/Library/Developer/Xcode/DerivedData/iCohort3-bwoefxeicoflurbglvssertdjhcr/Build/Intermediates.noindex/swift-http-types.build/Debug-iphonesimulator/HTTPTypes.build/Objects-normal/arm64/HTTPTypes.swiftmodule /Users/user51/Library/Developer/Xcode/DerivedData/iCohort3-bwoefxeicoflurbglvssertdjhcr/Build/Products/Debug-iphonesimulator/HTTPTypes.swiftmodule/arm64-apple-ios-simulator.swiftmodule

SwiftDriverJobDiscovery normal arm64 Compiling FailureObserver.swift, LockIsolated.swift, Rethrows.swift (in target 'IssueReporting' from project 'xctest-dynamic-overlay')

Copy /Users/user51/Library/Developer/Xcode/DerivedData/iCohort3-bwoefxeicoflurbglvssertdjhcr/Build/Products/Debug-iphonesimulator/HTTPTypes.swiftmodule/arm64-apple-ios-simulator.swiftdoc /Users/user51/Library/Developer/Xcode/DerivedData/iCohort3-bwoefxeicoflurbglvssertdjhcr/Build/Intermediates.noindex/swift-http-types.build/Debug-iphonesimulator/HTTPTypes.build/Objects-normal/arm64/HTTPTypes.swiftdoc (in target 'HTTPTypes' from project 'swift-http-types')
    cd /Users/user51/Library/Developer/Xcode/DerivedData/iCohort3-bwoefxeicoflurbglvssertdjhcr/SourcePackages/checkouts/swift-http-types
    builtin-copy -exclude .DS_Store -exclude CVS -exclude .svn -exclude .git -exclude .hg -resolve-src-symlinks -rename /Users/user51/Library/Developer/Xcode/DerivedData/iCohort3-bwoefxeicoflurbglvssertdjhcr/Build/Intermediates.noindex/swift-http-types.build/Debug-iphonesimulator/HTTPTypes.build/Objects-normal/arm64/HTTPTypes.swiftdoc /Users/user51/Library/Developer/Xcode/DerivedData/iCohort3-bwoefxeicoflurbglvssertdjhcr/Build/Products/Debug-iphonesimulator/HTTPTypes.swiftmodule/arm64-apple-ios-simulator.swiftdoc

Copy /Users/user51/Library/Developer/Xcode/DerivedData/iCohort3-bwoefxeicoflurbglvssertdjhcr/Build/Products/Debug-iphonesimulator/HTTPTypes.swiftmodule/arm64-apple-ios-simulator.abi.json /Users/user51/Library/Developer/Xcode/DerivedData/iCohort3-bwoefxeicoflurbglvssertdjhcr/Build/Intermediates.noindex/swift-http-types.build/Debug-iphonesimulator/HTTPTypes.build/Objects-normal/arm64/HTTPTypes.abi.json (in target 'HTTPTypes' from project 'swift-http-types')
    cd /Users/user51/Library/Developer/Xcode/DerivedData/iCohort3-bwoefxeicoflurbglvssertdjhcr/SourcePackages/checkouts/swift-http-types
    builtin-copy -exclude .DS_Store -exclude CVS -exclude .svn -exclude .git -exclude .hg -resolve-src-symlinks -rename /Users/user51/Library/Developer/Xcode/DerivedData/iCohort3-bwoefxeicoflurbglvssertdjhcr/Build/Intermediates.noindex/swift-http-types.build/Debug-iphonesimulator/HTTPTypes.build/Objects-normal/arm64/HTTPTypes.abi.json /Users/user51/Library/Developer/Xcode/DerivedData/iCohort3-bwoefxeicoflurbglvssertdjhcr/Build/Products/Debug-iphonesimulator/HTTPTypes.swiftmodule/arm64-apple-ios-simulator.abi.json

Copy /Users/user51/Library/Developer/Xcode/DerivedData/iCohort3-bwoefxeicoflurbglvssertdjhcr/Build/Products/Debug-iphonesimulator/HTTPTypes.swiftmodule/Project/arm64-apple-ios-simulator.swiftsourceinfo /Users/user51/Library/Developer/Xcode/DerivedData/iCohort3-bwoefxeicoflurbglvssertdjhcr/Build/Intermediates.noindex/swift-http-types.build/Debug-iphonesimulator/HTTPTypes.build/Objects-normal/arm64/HTTPTypes.swiftsourceinfo (in target 'HTTPTypes' from project 'swift-http-types')
    cd /Users/user51/Library/Developer/Xcode/DerivedData/iCohort3-bwoefxeicoflurbglvssertdjhcr/SourcePackages/checkouts/swift-http-types
    builtin-copy -exclude .DS_Store -exclude CVS -exclude .svn -exclude .git -exclude .hg -resolve-src-symlinks -rename /Users/user51/Library/Developer/Xcode/DerivedData/iCohort3-bwoefxeicoflurbglvssertdjhcr/Build/Intermediates.noindex/swift-http-types.build/Debug-iphonesimulator/HTTPTypes.build/Objects-normal/arm64/HTTPTypes.swiftsourceinfo /Users/user51/Library/Developer/Xcode/DerivedData/iCohort3-bwoefxeicoflurbglvssertdjhcr/Build/Products/Debug-iphonesimulator/HTTPTypes.swiftmodule/Project/arm64-apple-ios-simulator.swiftsourceinfo

SwiftMergeGeneratedHeaders /Users/user51/Library/Developer/Xcode/DerivedData/iCohort3-bwoefxeicoflurbglvssertdjhcr/Build/Intermediates.noindex/GeneratedModuleMaps-iphonesimulator/Crypto-Swift.h /Users/user51/Library/Developer/Xcode/DerivedData/iCohort3-bwoefxeicoflurbglvssertdjhcr/Build/Intermediates.noindex/swift-crypto.build/Debug-iphonesimulator/Crypto.build/Objects-normal/arm64/Crypto-Swift.h (in target 'Crypto' from project 'swift-crypto')
    cd /Users/user51/Library/Developer/Xcode/DerivedData/iCohort3-bwoefxeicoflurbglvssertdjhcr/SourcePackages/checkouts/swift-crypto
    builtin-swiftHeaderTool -arch arm64 /Users/user51/Library/Developer/Xcode/DerivedData/iCohort3-bwoefxeicoflurbglvssertdjhcr/Build/Intermediates.noindex/swift-crypto.build/Debug-iphonesimulator/Crypto.build/Objects-normal/arm64/Crypto-Swift.h -o /Users/user51/Library/Developer/Xcode/DerivedData/iCohort3-bwoefxeicoflurbglvssertdjhcr/Build/Intermediates.noindex/GeneratedModuleMaps-iphonesimulator/Crypto-Swift.h

Copy /Users/user51/Library/Developer/Xcode/DerivedData/iCohort3-bwoefxeicoflurbglvssertdjhcr/Build/Products/Debug-iphonesimulator/Crypto.swiftmodule/arm64-apple-ios-simulator.swiftmodule /Users/user51/Library/Developer/Xcode/DerivedData/iCohort3-bwoefxeicoflurbglvssertdjhcr/Build/Intermediates.noindex/swift-crypto.build/Debug-iphonesimulator/Crypto.build/Objects-normal/arm64/Crypto.swiftmodule (in target 'Crypto' from project 'swift-crypto')
    cd /Users/user51/Library/Developer/Xcode/DerivedData/iCohort3-bwoefxeicoflurbglvssertdjhcr/SourcePackages/checkouts/swift-crypto
    builtin-copy -exclude .DS_Store -exclude CVS -exclude .svn -exclude .git -exclude .hg -resolve-src-symlinks -rename /Users/user51/Library/Developer/Xcode/DerivedData/iCohort3-bwoefxeicoflurbglvssertdjhcr/Build/Intermediates.noindex/swift-crypto.build/Debug-iphonesimulator/Crypto.build/Objects-normal/arm64/Crypto.swiftmodule /Users/user51/Library/Developer/Xcode/DerivedData/iCohort3-bwoefxeicoflurbglvssertdjhcr/Build/Products/Debug-iphonesimulator/Crypto.swiftmodule/arm64-apple-ios-simulator.swiftmodule

Copy /Users/user51/Library/Developer/Xcode/DerivedData/iCohort3-bwoefxeicoflurbglvssertdjhcr/Build/Products/Debug-iphonesimulator/Crypto.swiftmodule/arm64-apple-ios-simulator.swiftdoc /Users/user51/Library/Developer/Xcode/DerivedData/iCohort3-bwoefxeicoflurbglvssertdjhcr/Build/Intermediates.noindex/swift-crypto.build/Debug-iphonesimulator/Crypto.build/Objects-normal/arm64/Crypto.swiftdoc (in target 'Crypto' from project 'swift-crypto')
    cd /Users/user51/Library/Developer/Xcode/DerivedData/iCohort3-bwoefxeicoflurbglvssertdjhcr/SourcePackages/checkouts/swift-crypto
    builtin-copy -exclude .DS_Store -exclude CVS -exclude .svn -exclude .git -exclude .hg -resolve-src-symlinks -rename /Users/user51/Library/Developer/Xcode/DerivedData/iCohort3-bwoefxeicoflurbglvssertdjhcr/Build/Intermediates.noindex/swift-crypto.build/Debug-iphonesimulator/Crypto.build/Objects-normal/arm64/Crypto.swiftdoc /Users/user51/Library/Developer/Xcode/DerivedData/iCohort3-bwoefxeicoflurbglvssertdjhcr/Build/Products/Debug-iphonesimulator/Crypto.swiftmodule/arm64-apple-ios-simulator.swiftdoc

Copy /Users/user51/Library/Developer/Xcode/DerivedData/iCohort3-bwoefxeicoflurbglvssertdjhcr/Build/Products/Debug-iphonesimulator/Crypto.swiftmodule/arm64-apple-ios-simulator.abi.json /Users/user51/Library/Developer/Xcode/DerivedData/iCohort3-bwoefxeicoflurbglvssertdjhcr/Build/Intermediates.noindex/swift-crypto.build/Debug-iphonesimulator/Crypto.build/Objects-normal/arm64/Crypto.abi.json (in target 'Crypto' from project 'swift-crypto')
    cd /Users/user51/Library/Developer/Xcode/DerivedData/iCohort3-bwoefxeicoflurbglvssertdjhcr/SourcePackages/checkouts/swift-crypto
    builtin-copy -exclude .DS_Store -exclude CVS -exclude .svn -exclude .git -exclude .hg -resolve-src-symlinks -rename /Users/user51/Library/Developer/Xcode/DerivedData/iCohort3-bwoefxeicoflurbglvssertdjhcr/Build/Intermediates.noindex/swift-crypto.build/Debug-iphonesimulator/Crypto.build/Objects-normal/arm64/Crypto.abi.json /Users/user51/Library/Developer/Xcode/DerivedData/iCohort3-bwoefxeicoflurbglvssertdjhcr/Build/Products/Debug-iphonesimulator/Crypto.swiftmodule/arm64-apple-ios-simulator.abi.json

SwiftDriverJobDiscovery normal arm64 Compiling ErrorReporting.swift, AppHostWarning.swift, Deprecations.swift (in target 'IssueReporting' from project 'xctest-dynamic-overlay')

Copy /Users/user51/Library/Developer/Xcode/DerivedData/iCohort3-bwoefxeicoflurbglvssertdjhcr/Build/Products/Debug-iphonesimulator/Crypto.swiftmodule/Project/arm64-apple-ios-simulator.swiftsourceinfo /Users/user51/Library/Developer/Xcode/DerivedData/iCohort3-bwoefxeicoflurbglvssertdjhcr/Build/Intermediates.noindex/swift-crypto.build/Debug-iphonesimulator/Crypto.build/Objects-normal/arm64/Crypto.swiftsourceinfo (in target 'Crypto' from project 'swift-crypto')
    cd /Users/user51/Library/Developer/Xcode/DerivedData/iCohort3-bwoefxeicoflurbglvssertdjhcr/SourcePackages/checkouts/swift-crypto
    builtin-copy -exclude .DS_Store -exclude CVS -exclude .svn -exclude .git -exclude .hg -resolve-src-symlinks -rename /Users/user51/Library/Developer/Xcode/DerivedData/iCohort3-bwoefxeicoflurbglvssertdjhcr/Build/Intermediates.noindex/swift-crypto.build/Debug-iphonesimulator/Crypto.build/Objects-normal/arm64/Crypto.swiftsourceinfo /Users/user51/Library/Developer/Xcode/DerivedData/iCohort3-bwoefxeicoflurbglvssertdjhcr/Build/Products/Debug-iphonesimulator/Crypto.swiftmodule/Project/arm64-apple-ios-simulator.swiftsourceinfo

SwiftCompile normal arm64 Compiling\ XCTest.swift,\ IsTesting.swift,\ IssueReporter.swift /Users/user51/Library/Developer/Xcode/DerivedData/iCohort3-bwoefxeicoflurbglvssertdjhcr/SourcePackages/checkouts/xctest-dynamic-overlay/Sources/IssueReporting/Internal/XCTest.swift /Users/user51/Library/Developer/Xcode/DerivedData/iCohort3-bwoefxeicoflurbglvssertdjhcr/SourcePackages/checkouts/xctest-dynamic-overlay/Sources/IssueReporting/IsTesting.swift /Users/user51/Library/Developer/Xcode/DerivedData/iCohort3-bwoefxeicoflurbglvssertdjhcr/SourcePackages/checkouts/xctest-dynamic-overlay/Sources/IssueReporting/IssueReporter.swift (in target 'IssueReporting' from project 'xctest-dynamic-overlay')

SwiftCompile normal arm64 /Users/user51/Library/Developer/Xcode/DerivedData/iCohort3-bwoefxeicoflurbglvssertdjhcr/SourcePackages/checkouts/xctest-dynamic-overlay/Sources/IssueReporting/Internal/XCTest.swift (in target 'IssueReporting' from project 'xctest-dynamic-overlay')
    cd /Users/user51/Downloads/iCohort3/iCohort3.xcodeproj
    

SwiftCompile normal arm64 /Users/user51/Library/Developer/Xcode/DerivedData/iCohort3-bwoefxeicoflurbglvssertdjhcr/SourcePackages/checkouts/xctest-dynamic-overlay/Sources/IssueReporting/IsTesting.swift (in target 'IssueReporting' from project 'xctest-dynamic-overlay')
    cd /Users/user51/Downloads/iCohort3/iCohort3.xcodeproj
    

SwiftCompile normal arm64 /Users/user51/Library/Developer/Xcode/DerivedData/iCohort3-bwoefxeicoflurbglvssertdjhcr/SourcePackages/checkouts/xctest-dynamic-overlay/Sources/IssueReporting/IssueReporter.swift (in target 'IssueReporting' from project 'xctest-dynamic-overlay')
    cd /Users/user51/Downloads/iCohort3/iCohort3.xcodeproj
    

SwiftCompile normal arm64 Compiling\ WithExpectedIssue.swift,\ WithIssueContext.swift /Users/user51/Library/Developer/Xcode/DerivedData/iCohort3-bwoefxeicoflurbglvssertdjhcr/SourcePackages/checkouts/xctest-dynamic-overlay/Sources/IssueReporting/WithExpectedIssue.swift /Users/user51/Library/Developer/Xcode/DerivedData/iCohort3-bwoefxeicoflurbglvssertdjhcr/SourcePackages/checkouts/xctest-dynamic-overlay/Sources/IssueReporting/WithIssueContext.swift (in target 'IssueReporting' from project 'xctest-dynamic-overlay')

SwiftCompile normal arm64 /Users/user51/Library/Developer/Xcode/DerivedData/iCohort3-bwoefxeicoflurbglvssertdjhcr/SourcePackages/checkouts/xctest-dynamic-overlay/Sources/IssueReporting/WithExpectedIssue.swift (in target 'IssueReporting' from project 'xctest-dynamic-overlay')
    cd /Users/user51/Downloads/iCohort3/iCohort3.xcodeproj
    

SwiftCompile normal arm64 /Users/user51/Library/Developer/Xcode/DerivedData/iCohort3-bwoefxeicoflurbglvssertdjhcr/SourcePackages/checkouts/xctest-dynamic-overlay/Sources/IssueReporting/WithIssueContext.swift (in target 'IssueReporting' from project 'xctest-dynamic-overlay')
    cd /Users/user51/Downloads/iCohort3/iCohort3.xcodeproj
    

SwiftCompile normal arm64 Compiling\ HTTPRequest.swift /Users/user51/Library/Developer/Xcode/DerivedData/iCohort3-bwoefxeicoflurbglvssertdjhcr/SourcePackages/checkouts/swift-http-types/Sources/HTTPTypes/HTTPRequest.swift (in target 'HTTPTypes' from project 'swift-http-types')

SwiftCompile normal arm64 /Users/user51/Library/Developer/Xcode/DerivedData/iCohort3-bwoefxeicoflurbglvssertdjhcr/SourcePackages/checkouts/swift-http-types/Sources/HTTPTypes/HTTPRequest.swift (in target 'HTTPTypes' from project 'swift-http-types')
    cd /Users/user51/Downloads/iCohort3/iCohort3.xcodeproj
    

SwiftCompile normal arm64 Compiling\ NIOLock.swift /Users/user51/Library/Developer/Xcode/DerivedData/iCohort3-bwoefxeicoflurbglvssertdjhcr/SourcePackages/checkouts/swift-http-types/Sources/HTTPTypes/NIOLock.swift (in target 'HTTPTypes' from project 'swift-http-types')

SwiftCompile normal arm64 /Users/user51/Library/Developer/Xcode/DerivedData/iCohort3-bwoefxeicoflurbglvssertdjhcr/SourcePackages/checkouts/swift-http-types/Sources/HTTPTypes/NIOLock.swift (in target 'HTTPTypes' from project 'swift-http-types')
    cd /Users/user51/Downloads/iCohort3/iCohort3.xcodeproj
    

SwiftDriverJobDiscovery normal arm64 Compiling BreakpointReporter.swift, FatalErrorReporter.swift (in target 'IssueReporting' from project 'xctest-dynamic-overlay')

SwiftCompile normal arm64 Compiling\ HTTPField.swift,\ HTTPFieldName.swift /Users/user51/Library/Developer/Xcode/DerivedData/iCohort3-bwoefxeicoflurbglvssertdjhcr/SourcePackages/checkouts/swift-http-types/Sources/HTTPTypes/HTTPField.swift /Users/user51/Library/Developer/Xcode/DerivedData/iCohort3-bwoefxeicoflurbglvssertdjhcr/SourcePackages/checkouts/swift-http-types/Sources/HTTPTypes/HTTPFieldName.swift (in target 'HTTPTypes' from project 'swift-http-types')

SwiftCompile normal arm64 /Users/user51/Library/Developer/Xcode/DerivedData/iCohort3-bwoefxeicoflurbglvssertdjhcr/SourcePackages/checkouts/swift-http-types/Sources/HTTPTypes/HTTPField.swift (in target 'HTTPTypes' from project 'swift-http-types')
    cd /Users/user51/Downloads/iCohort3/iCohort3.xcodeproj
    

SwiftCompile normal arm64 /Users/user51/Library/Developer/Xcode/DerivedData/iCohort3-bwoefxeicoflurbglvssertdjhcr/SourcePackages/checkouts/swift-http-types/Sources/HTTPTypes/HTTPFieldName.swift (in target 'HTTPTypes' from project 'swift-http-types')
    cd /Users/user51/Downloads/iCohort3/iCohort3.xcodeproj
    

SwiftDriverJobDiscovery normal arm64 Compiling TestContext.swift, Unimplemented.swift (in target 'IssueReporting' from project 'xctest-dynamic-overlay')

SwiftCompile normal arm64 Compiling\ HTTPResponse.swift /Users/user51/Library/Developer/Xcode/DerivedData/iCohort3-bwoefxeicoflurbglvssertdjhcr/SourcePackages/checkouts/swift-http-types/Sources/HTTPTypes/HTTPResponse.swift (in target 'HTTPTypes' from project 'swift-http-types')
SwiftCompile normal arm64 /Users/user51/Library/Developer/Xcode/DerivedData/iCohort3-bwoefxeicoflurbglvssertdjhcr/SourcePackages/checkouts/swift-http-types/Sources/HTTPTypes/HTTPResponse.swift (in target 'HTTPTypes' from project 'swift-http-types')
    cd /Users/user51/Downloads/iCohort3/iCohort3.xcodeproj
    

SwiftDriverJobDiscovery normal arm64 Compiling NIOLock.swift (in target 'HTTPTypes' from project 'swift-http-types')

SwiftCompile normal arm64 Compiling\ HTTPParsedFields.swift /Users/user51/Library/Developer/Xcode/DerivedData/iCohort3-bwoefxeicoflurbglvssertdjhcr/SourcePackages/checkouts/swift-http-types/Sources/HTTPTypes/HTTPParsedFields.swift (in target 'HTTPTypes' from project 'swift-http-types')

SwiftCompile normal arm64 /Users/user51/Library/Developer/Xcode/DerivedData/iCohort3-bwoefxeicoflurbglvssertdjhcr/SourcePackages/checkouts/swift-http-types/Sources/HTTPTypes/HTTPParsedFields.swift (in target 'HTTPTypes' from project 'swift-http-types')
    cd /Users/user51/Downloads/iCohort3/iCohort3.xcodeproj
    

SwiftDriverJobDiscovery normal arm64 Compiling RuntimeWarningReporter.swift, ReportIssue.swift (in target 'IssueReporting' from project 'xctest-dynamic-overlay')

SwiftCompile normal arm64 Compiling\ HTTPRequest+URL.swift /Users/user51/Library/Developer/Xcode/DerivedData/iCohort3-bwoefxeicoflurbglvssertdjhcr/SourcePackages/checkouts/swift-http-types/Sources/HTTPTypes/HTTPRequest+URL.swift (in target 'HTTPTypes' from project 'swift-http-types')

SwiftCompile normal arm64 /Users/user51/Library/Developer/Xcode/DerivedData/iCohort3-bwoefxeicoflurbglvssertdjhcr/SourcePackages/checkouts/swift-http-types/Sources/HTTPTypes/HTTPRequest+URL.swift (in target 'HTTPTypes' from project 'swift-http-types')
    cd /Users/user51/Downloads/iCohort3/iCohort3.xcodeproj
    

SwiftDriverJobDiscovery normal arm64 Emitting module for IssueReporting (in target 'IssueReporting' from project 'xctest-dynamic-overlay')

SwiftDriver\ Compilation\ Requirements IssueReporting normal arm64 com.apple.xcode.tools.swift.compiler (in target 'IssueReporting' from project 'xctest-dynamic-overlay')
    cd /Users/user51/Downloads/iCohort3/iCohort3.xcodeproj
    builtin-Swift-Compilation-Requirements -- /Applications/Xcode.app/Contents/Developer/Toolchains/XcodeDefault.xctoolchain/usr/bin/swiftc -module-name IssueReporting -Onone -enforce-exclusivity\=checked @/Users/user51/Library/Developer/Xcode/DerivedData/iCohort3-bwoefxeicoflurbglvssertdjhcr/Build/Intermediates.noindex/xctest-dynamic-overlay.build/Debug-iphonesimulator/IssueReporting.build/Objects-normal/arm64/IssueReporting.SwiftFileList -DSWIFT_PACKAGE -DDEBUG -DSWIFT_MODULE_RESOURCE_BUNDLE_UNAVAILABLE -DXcode -plugin-path /Applications/Xcode.app/Contents/Developer/Toolchains/XcodeDefault.xctoolchain/usr/lib/swift/host/plugins/testing -enable-experimental-feature DebugDescriptionMacro -sdk /Applications/Xcode.app/Contents/Developer/Platforms/iPhoneSimulator.platform/Developer/SDKs/iPhoneSimulator26.2.sdk -target arm64-apple-ios13.0-simulator -g -module-cache-path /Users/user51/Library/Developer/Xcode/DerivedData/ModuleCache.noindex -Xfrontend -serialize-debugging-options -profile-coverage-mapping -profile-generate -enable-testing -suppress-warnings -index-store-path /Users/user51/Library/Developer/Xcode/DerivedData/iCohort3-bwoefxeicoflurbglvssertdjhcr/Index.noindex/DataStore -Xcc -D_LIBCPP_HARDENING_MODE\=_LIBCPP_HARDENING_MODE_DEBUG -swift-version 6 -I /Users/user51/Library/Developer/Xcode/DerivedData/iCohort3-bwoefxeicoflurbglvssertdjhcr/Build/Products/Debug-iphonesimulator -Isystem /Applications/Xcode.app/Contents/Developer/Platforms/iPhoneSimulator.platform/Developer/usr/lib -F /Users/user51/Library/Developer/Xcode/DerivedData/iCohort3-bwoefxeicoflurbglvssertdjhcr/Build/Products/Debug-iphonesimulator/PackageFrameworks -F /Users/user51/Library/Developer/Xcode/DerivedData/iCohort3-bwoefxeicoflurbglvssertdjhcr/Build/Products/Debug-iphonesimulator -F /Applications/Xcode.app/Contents/Developer/Platforms/iPhoneSimulator.platform/Developer/Library/Frameworks -F /Applications/Xcode.app/Contents/Developer/Platforms/iPhoneSimulator.platform/Developer/SDKs/iPhoneSimulator26.2.sdk/Developer/Library/Frameworks -c -j8 -enable-batch-mode -incremental -Xcc -ivfsstatcache -Xcc /Users/user51/Library/Developer/Xcode/DerivedData/SDKStatCaches.noindex/iphonesimulator26.2-23C53-dc75598d0054f22ec865fa860f139d727d00a8b37fbd7999ea79df8ebc024bf0.sdkstatcache -output-file-map /Users/user51/Library/Developer/Xcode/DerivedData/iCohort3-bwoefxeicoflurbglvssertdjhcr/Build/Intermediates.noindex/xctest-dynamic-overlay.build/Debug-iphonesimulator/IssueReporting.build/Objects-normal/arm64/IssueReporting-OutputFileMap.json -use-frontend-parseable-output -save-temps -no-color-diagnostics -explicit-module-build -module-cache-path /Users/user51/Library/Developer/Xcode/DerivedData/iCohort3-bwoefxeicoflurbglvssertdjhcr/Build/Intermediates.noindex/SwiftExplicitPrecompiledModules -clang-scanner-module-cache-path /Users/user51/Library/Developer/Xcode/DerivedData/ModuleCache.noindex -sdk-module-cache-path /Users/user51/Library/Developer/Xcode/DerivedData/ModuleCache.noindex -serialize-diagnostics -emit-dependencies -emit-module -emit-module-path /Users/user51/Library/Developer/Xcode/DerivedData/iCohort3-bwoefxeicoflurbglvssertdjhcr/Build/Intermediates.noindex/xctest-dynamic-overlay.build/Debug-iphonesimulator/IssueReporting.build/Objects-normal/arm64/IssueReporting.swiftmodule -user-module-version 1.7.0 -validate-clang-modules-once -clang-build-session-file /Users/user51/Library/Developer/Xcode/DerivedData/ModuleCache.noindex/Session.modulevalidation -package-name xctest_dynamic_overlay -Xcc -I/Users/user51/Library/Developer/Xcode/DerivedData/iCohort3-bwoefxeicoflurbglvssertdjhcr/Build/Intermediates.noindex/xctest-dynamic-overlay.build/Debug-iphonesimulator/IssueReporting.build/swift-overrides.hmap -emit-const-values -Xfrontend -const-gather-protocols-file -Xfrontend /Users/user51/Library/Developer/Xcode/DerivedData/iCohort3-bwoefxeicoflurbglvssertdjhcr/Build/Intermediates.noindex/xctest-dynamic-overlay.build/Debug-iphonesimulator/IssueReporting.build/Objects-normal/arm64/IssueReporting_const_extract_protocols.json -Xcc -I/Users/user51/Library/Developer/Xcode/DerivedData/iCohort3-bwoefxeicoflurbglvssertdjhcr/Build/Products/Debug-iphonesimulator/include -Xcc -I/Users/user51/Library/Developer/Xcode/DerivedData/iCohort3-bwoefxeicoflurbglvssertdjhcr/Build/Intermediates.noindex/xctest-dynamic-overlay.build/Debug-iphonesimulator/IssueReporting.build/DerivedSources-normal/arm64 -Xcc -I/Users/user51/Library/Developer/Xcode/DerivedData/iCohort3-bwoefxeicoflurbglvssertdjhcr/Build/Intermediates.noindex/xctest-dynamic-overlay.build/Debug-iphonesimulator/IssueReporting.build/DerivedSources/arm64 -Xcc -I/Users/user51/Library/Developer/Xcode/DerivedData/iCohort3-bwoefxeicoflurbglvssertdjhcr/Build/Intermediates.noindex/xctest-dynamic-overlay.build/Debug-iphonesimulator/IssueReporting.build/DerivedSources -Xcc -DSWIFT_PACKAGE -Xcc -DDEBUG\=1 -emit-objc-header -emit-objc-header-path /Users/user51/Library/Developer/Xcode/DerivedData/iCohort3-bwoefxeicoflurbglvssertdjhcr/Build/Intermediates.noindex/xctest-dynamic-overlay.build/Debug-iphonesimulator/IssueReporting.build/Objects-normal/arm64/IssueReporting-Swift.h -working-directory /Users/user51/Downloads/iCohort3/iCohort3.xcodeproj -experimental-emit-module-separately -disable-cmo

SwiftDriverJobDiscovery normal arm64 Compiling HTTPRequest.swift (in target 'HTTPTypes' from project 'swift-http-types')

SwiftCompile normal arm64 Compiling\ HTTPFields.swift /Users/user51/Library/Developer/Xcode/DerivedData/iCohort3-bwoefxeicoflurbglvssertdjhcr/SourcePackages/checkouts/swift-http-types/Sources/HTTPTypes/HTTPFields.swift (in target 'HTTPTypes' from project 'swift-http-types')
SwiftCompile normal arm64 /Users/user51/Library/Developer/Xcode/DerivedData/iCohort3-bwoefxeicoflurbglvssertdjhcr/SourcePackages/checkouts/swift-http-types/Sources/HTTPTypes/HTTPFields.swift (in target 'HTTPTypes' from project 'swift-http-types')
    cd /Users/user51/Downloads/iCohort3/iCohort3.xcodeproj
    

SwiftMergeGeneratedHeaders /Users/user51/Library/Developer/Xcode/DerivedData/iCohort3-bwoefxeicoflurbglvssertdjhcr/Build/Intermediates.noindex/GeneratedModuleMaps-iphonesimulator/IssueReporting-Swift.h /Users/user51/Library/Developer/Xcode/DerivedData/iCohort3-bwoefxeicoflurbglvssertdjhcr/Build/Intermediates.noindex/xctest-dynamic-overlay.build/Debug-iphonesimulator/IssueReporting.build/Objects-normal/arm64/IssueReporting-Swift.h (in target 'IssueReporting' from project 'xctest-dynamic-overlay')
    cd /Users/user51/Library/Developer/Xcode/DerivedData/iCohort3-bwoefxeicoflurbglvssertdjhcr/SourcePackages/checkouts/xctest-dynamic-overlay
    builtin-swiftHeaderTool -arch arm64 /Users/user51/Library/Developer/Xcode/DerivedData/iCohort3-bwoefxeicoflurbglvssertdjhcr/Build/Intermediates.noindex/xctest-dynamic-overlay.build/Debug-iphonesimulator/IssueReporting.build/Objects-normal/arm64/IssueReporting-Swift.h -o /Users/user51/Library/Developer/Xcode/DerivedData/iCohort3-bwoefxeicoflurbglvssertdjhcr/Build/Intermediates.noindex/GeneratedModuleMaps-iphonesimulator/IssueReporting-Swift.h

SwiftDriverJobDiscovery normal arm64 Compiling WithExpectedIssue.swift, WithIssueContext.swift (in target 'IssueReporting' from project 'xctest-dynamic-overlay')

Copy /Users/user51/Library/Developer/Xcode/DerivedData/iCohort3-bwoefxeicoflurbglvssertdjhcr/Build/Products/Debug-iphonesimulator/IssueReporting.swiftmodule/arm64-apple-ios-simulator.swiftmodule /Users/user51/Library/Developer/Xcode/DerivedData/iCohort3-bwoefxeicoflurbglvssertdjhcr/Build/Intermediates.noindex/xctest-dynamic-overlay.build/Debug-iphonesimulator/IssueReporting.build/Objects-normal/arm64/IssueReporting.swiftmodule (in target 'IssueReporting' from project 'xctest-dynamic-overlay')
    cd /Users/user51/Library/Developer/Xcode/DerivedData/iCohort3-bwoefxeicoflurbglvssertdjhcr/SourcePackages/checkouts/xctest-dynamic-overlay
    builtin-copy -exclude .DS_Store -exclude CVS -exclude .svn -exclude .git -exclude .hg -resolve-src-symlinks -rename /Users/user51/Library/Developer/Xcode/DerivedData/iCohort3-bwoefxeicoflurbglvssertdjhcr/Build/Intermediates.noindex/xctest-dynamic-overlay.build/Debug-iphonesimulator/IssueReporting.build/Objects-normal/arm64/IssueReporting.swiftmodule /Users/user51/Library/Developer/Xcode/DerivedData/iCohort3-bwoefxeicoflurbglvssertdjhcr/Build/Products/Debug-iphonesimulator/IssueReporting.swiftmodule/arm64-apple-ios-simulator.swiftmodule

Copy /Users/user51/Library/Developer/Xcode/DerivedData/iCohort3-bwoefxeicoflurbglvssertdjhcr/Build/Products/Debug-iphonesimulator/IssueReporting.swiftmodule/arm64-apple-ios-simulator.swiftdoc /Users/user51/Library/Developer/Xcode/DerivedData/iCohort3-bwoefxeicoflurbglvssertdjhcr/Build/Intermediates.noindex/xctest-dynamic-overlay.build/Debug-iphonesimulator/IssueReporting.build/Objects-normal/arm64/IssueReporting.swiftdoc (in target 'IssueReporting' from project 'xctest-dynamic-overlay')
    cd /Users/user51/Library/Developer/Xcode/DerivedData/iCohort3-bwoefxeicoflurbglvssertdjhcr/SourcePackages/checkouts/xctest-dynamic-overlay
    builtin-copy -exclude .DS_Store -exclude CVS -exclude .svn -exclude .git -exclude .hg -resolve-src-symlinks -rename /Users/user51/Library/Developer/Xcode/DerivedData/iCohort3-bwoefxeicoflurbglvssertdjhcr/Build/Intermediates.noindex/xctest-dynamic-overlay.build/Debug-iphonesimulator/IssueReporting.build/Objects-normal/arm64/IssueReporting.swiftdoc /Users/user51/Library/Developer/Xcode/DerivedData/iCohort3-bwoefxeicoflurbglvssertdjhcr/Build/Products/Debug-iphonesimulator/IssueReporting.swiftmodule/arm64-apple-ios-simulator.swiftdoc

Copy /Users/user51/Library/Developer/Xcode/DerivedData/iCohort3-bwoefxeicoflurbglvssertdjhcr/Build/Products/Debug-iphonesimulator/IssueReporting.swiftmodule/arm64-apple-ios-simulator.abi.json /Users/user51/Library/Developer/Xcode/DerivedData/iCohort3-bwoefxeicoflurbglvssertdjhcr/Build/Intermediates.noindex/xctest-dynamic-overlay.build/Debug-iphonesimulator/IssueReporting.build/Objects-normal/arm64/IssueReporting.abi.json (in target 'IssueReporting' from project 'xctest-dynamic-overlay')
    cd /Users/user51/Library/Developer/Xcode/DerivedData/iCohort3-bwoefxeicoflurbglvssertdjhcr/SourcePackages/checkouts/xctest-dynamic-overlay
    builtin-copy -exclude .DS_Store -exclude CVS -exclude .svn -exclude .git -exclude .hg -resolve-src-symlinks -rename /Users/user51/Library/Developer/Xcode/DerivedData/iCohort3-bwoefxeicoflurbglvssertdjhcr/Build/Intermediates.noindex/xctest-dynamic-overlay.build/Debug-iphonesimulator/IssueReporting.build/Objects-normal/arm64/IssueReporting.abi.json /Users/user51/Library/Developer/Xcode/DerivedData/iCohort3-bwoefxeicoflurbglvssertdjhcr/Build/Products/Debug-iphonesimulator/IssueReporting.swiftmodule/arm64-apple-ios-simulator.abi.json

Copy /Users/user51/Library/Developer/Xcode/DerivedData/iCohort3-bwoefxeicoflurbglvssertdjhcr/Build/Products/Debug-iphonesimulator/IssueReporting.swiftmodule/Project/arm64-apple-ios-simulator.swiftsourceinfo /Users/user51/Library/Developer/Xcode/DerivedData/iCohort3-bwoefxeicoflurbglvssertdjhcr/Build/Intermediates.noindex/xctest-dynamic-overlay.build/Debug-iphonesimulator/IssueReporting.build/Objects-normal/arm64/IssueReporting.swiftsourceinfo (in target 'IssueReporting' from project 'xctest-dynamic-overlay')
    cd /Users/user51/Library/Developer/Xcode/DerivedData/iCohort3-bwoefxeicoflurbglvssertdjhcr/SourcePackages/checkouts/xctest-dynamic-overlay
    builtin-copy -exclude .DS_Store -exclude CVS -exclude .svn -exclude .git -exclude .hg -resolve-src-symlinks -rename /Users/user51/Library/Developer/Xcode/DerivedData/iCohort3-bwoefxeicoflurbglvssertdjhcr/Build/Intermediates.noindex/xctest-dynamic-overlay.build/Debug-iphonesimulator/IssueReporting.build/Objects-normal/arm64/IssueReporting.swiftsourceinfo /Users/user51/Library/Developer/Xcode/DerivedData/iCohort3-bwoefxeicoflurbglvssertdjhcr/Build/Products/Debug-iphonesimulator/IssueReporting.swiftmodule/Project/arm64-apple-ios-simulator.swiftsourceinfo

SwiftCompile normal arm64 Compiling\ ISOLatin1String.swift /Users/user51/Library/Developer/Xcode/DerivedData/iCohort3-bwoefxeicoflurbglvssertdjhcr/SourcePackages/checkouts/swift-http-types/Sources/HTTPTypes/ISOLatin1String.swift (in target 'HTTPTypes' from project 'swift-http-types')

SwiftCompile normal arm64 /Users/user51/Library/Developer/Xcode/DerivedData/iCohort3-bwoefxeicoflurbglvssertdjhcr/SourcePackages/checkouts/swift-http-types/Sources/HTTPTypes/ISOLatin1String.swift (in target 'HTTPTypes' from project 'swift-http-types')
    cd /Users/user51/Downloads/iCohort3/iCohort3.xcodeproj
    

SwiftDriverJobDiscovery normal arm64 Compiling XCTest.swift, IsTesting.swift, IssueReporter.swift (in target 'IssueReporting' from project 'xctest-dynamic-overlay')

SwiftCompile normal arm64 Compiling\ MLDSA.swift,\ Signature.swift,\ CryptoKitErrors_boring.swift,\ Optional+withUnsafeBytes_boring.swift,\ RNG_boring.swift,\ SafeCompare_boring.swift,\ Zeroization_boring.swift,\ PrettyBytes.swift,\ SafeCompare.swift,\ SecureBytes.swift,\ Zeroization.swift /Users/user51/Library/Developer/Xcode/DerivedData/iCohort3-bwoefxeicoflurbglvssertdjhcr/SourcePackages/checkouts/swift-crypto/Sources/Crypto/Signatures/MLDSA.swift /Users/user51/Library/Developer/Xcode/DerivedData/iCohort3-bwoefxeicoflurbglvssertdjhcr/SourcePackages/checkouts/swift-crypto/Sources/Crypto/Signatures/Signature.swift /Users/user51/Library/Developer/Xcode/DerivedData/iCohort3-bwoefxeicoflurbglvssertdjhcr/SourcePackages/checkouts/swift-crypto/Sources/Crypto/Util/BoringSSL/CryptoKitErrors_boring.swift /Users/user51/Library/Developer/Xcode/DerivedData/iCohort3-bwoefxeicoflurbglvssertdjhcr/SourcePackages/checkouts/swift-crypto/Sources/Crypto/Util/BoringSSL/Optional+withUnsafeBytes_boring.swift /Users/user51/Library/Developer/Xcode/DerivedData/iCohort3-bwoefxeicoflurbglvssertdjhcr/SourcePackages/checkouts/swift-crypto/Sources/Crypto/Util/BoringSSL/RNG_boring.swift /Users/user51/Library/Developer/Xcode/DerivedData/iCohort3-bwoefxeicoflurbglvssertdjhcr/SourcePackages/checkouts/swift-crypto/Sources/Crypto/Util/BoringSSL/SafeCompare_boring.swift /Users/user51/Library/Developer/Xcode/DerivedData/iCohort3-bwoefxeicoflurbglvssertdjhcr/SourcePackages/checkouts/swift-crypto/Sources/Crypto/Util/BoringSSL/Zeroization_boring.swift /Users/user51/Library/Developer/Xcode/DerivedData/iCohort3-bwoefxeicoflurbglvssertdjhcr/SourcePackages/checkouts/swift-crypto/Sources/Crypto/Util/PrettyBytes.swift /Users/user51/Library/Developer/Xcode/DerivedData/iCohort3-bwoefxeicoflurbglvssertdjhcr/SourcePackages/checkouts/swift-crypto/Sources/Crypto/Util/SafeCompare.swift /Users/user51/Library/Developer/Xcode/DerivedData/iCohort3-bwoefxeicoflurbglvssertdjhcr/SourcePackages/checkouts/swift-crypto/Sources/Crypto/Util/SecureBytes.swift /Users/user51/Library/Developer/Xcode/DerivedData/iCohort3-bwoefxeicoflurbglvssertdjhcr/SourcePackages/checkouts/swift-crypto/Sources/Crypto/Util/Zeroization.swift (in target 'Crypto' from project 'swift-crypto')

SwiftCompile normal arm64 /Users/user51/Library/Developer/Xcode/DerivedData/iCohort3-bwoefxeicoflurbglvssertdjhcr/SourcePackages/checkouts/swift-crypto/Sources/Crypto/Signatures/MLDSA.swift (in target 'Crypto' from project 'swift-crypto')
    cd /Users/user51/Downloads/iCohort3/iCohort3.xcodeproj
    

SwiftCompile normal arm64 /Users/user51/Library/Developer/Xcode/DerivedData/iCohort3-bwoefxeicoflurbglvssertdjhcr/SourcePackages/checkouts/swift-crypto/Sources/Crypto/Signatures/Signature.swift (in target 'Crypto' from project 'swift-crypto')
    cd /Users/user51/Downloads/iCohort3/iCohort3.xcodeproj
    

SwiftCompile normal arm64 /Users/user51/Library/Developer/Xcode/DerivedData/iCohort3-bwoefxeicoflurbglvssertdjhcr/SourcePackages/checkouts/swift-crypto/Sources/Crypto/Util/BoringSSL/CryptoKitErrors_boring.swift (in target 'Crypto' from project 'swift-crypto')
    cd /Users/user51/Downloads/iCohort3/iCohort3.xcodeproj
    

SwiftCompile normal arm64 /Users/user51/Library/Developer/Xcode/DerivedData/iCohort3-bwoefxeicoflurbglvssertdjhcr/SourcePackages/checkouts/swift-crypto/Sources/Crypto/Util/BoringSSL/Optional+withUnsafeBytes_boring.swift (in target 'Crypto' from project 'swift-crypto')
    cd /Users/user51/Downloads/iCohort3/iCohort3.xcodeproj
    

SwiftCompile normal arm64 /Users/user51/Library/Developer/Xcode/DerivedData/iCohort3-bwoefxeicoflurbglvssertdjhcr/SourcePackages/checkouts/swift-crypto/Sources/Crypto/Util/BoringSSL/RNG_boring.swift (in target 'Crypto' from project 'swift-crypto')
    cd /Users/user51/Downloads/iCohort3/iCohort3.xcodeproj
    

SwiftCompile normal arm64 /Users/user51/Library/Developer/Xcode/DerivedData/iCohort3-bwoefxeicoflurbglvssertdjhcr/SourcePackages/checkouts/swift-crypto/Sources/Crypto/Util/BoringSSL/SafeCompare_boring.swift (in target 'Crypto' from project 'swift-crypto')
    cd /Users/user51/Downloads/iCohort3/iCohort3.xcodeproj
    

SwiftCompile normal arm64 /Users/user51/Library/Developer/Xcode/DerivedData/iCohort3-bwoefxeicoflurbglvssertdjhcr/SourcePackages/checkouts/swift-crypto/Sources/Crypto/Util/BoringSSL/Zeroization_boring.swift (in target 'Crypto' from project 'swift-crypto')
    cd /Users/user51/Downloads/iCohort3/iCohort3.xcodeproj
    

SwiftCompile normal arm64 /Users/user51/Library/Developer/Xcode/DerivedData/iCohort3-bwoefxeicoflurbglvssertdjhcr/SourcePackages/checkouts/swift-crypto/Sources/Crypto/Util/PrettyBytes.swift (in target 'Crypto' from project 'swift-crypto')
    cd /Users/user51/Downloads/iCohort3/iCohort3.xcodeproj
    

SwiftCompile normal arm64 /Users/user51/Library/Developer/Xcode/DerivedData/iCohort3-bwoefxeicoflurbglvssertdjhcr/SourcePackages/checkouts/swift-crypto/Sources/Crypto/Util/SafeCompare.swift (in target 'Crypto' from project 'swift-crypto')
    cd /Users/user51/Downloads/iCohort3/iCohort3.xcodeproj
    

SwiftCompile normal arm64 /Users/user51/Library/Developer/Xcode/DerivedData/iCohort3-bwoefxeicoflurbglvssertdjhcr/SourcePackages/checkouts/swift-crypto/Sources/Crypto/Util/SecureBytes.swift (in target 'Crypto' from project 'swift-crypto')
    cd /Users/user51/Downloads/iCohort3/iCohort3.xcodeproj
    

SwiftCompile normal arm64 /Users/user51/Library/Developer/Xcode/DerivedData/iCohort3-bwoefxeicoflurbglvssertdjhcr/SourcePackages/checkouts/swift-crypto/Sources/Crypto/Util/Zeroization.swift (in target 'Crypto' from project 'swift-crypto')
    cd /Users/user51/Downloads/iCohort3/iCohort3.xcodeproj
    

SwiftDriverJobDiscovery normal arm64 Compiling HTTPField.swift, HTTPFieldName.swift (in target 'HTTPTypes' from project 'swift-http-types')

SwiftCompile normal arm64 Compiling\ resource_bundle_accessor.swift,\ AES-GCM.swift,\ AES-GCM_boring.swift,\ ChaChaPoly_boring.swift,\ ChaChaPoly.swift,\ Cipher.swift,\ Nonces.swift,\ ASN1.swift,\ ASN1Any.swift,\ ASN1BitString.swift,\ ASN1Boolean.swift,\ ASN1Identifier.swift /Users/user51/Library/Developer/Xcode/DerivedData/iCohort3-bwoefxeicoflurbglvssertdjhcr/Build/Intermediates.noindex/swift-crypto.build/Debug-iphonesimulator/Crypto.build/DerivedSources/resource_bundle_accessor.swift /Users/user51/Library/Developer/Xcode/DerivedData/iCohort3-bwoefxeicoflurbglvssertdjhcr/SourcePackages/checkouts/swift-crypto/Sources/Crypto/AEADs/AES/GCM/AES-GCM.swift /Users/user51/Library/Developer/Xcode/DerivedData/iCohort3-bwoefxeicoflurbglvssertdjhcr/SourcePackages/checkouts/swift-crypto/Sources/Crypto/AEADs/AES/GCM/BoringSSL/AES-GCM_boring.swift /Users/user51/Library/Developer/Xcode/DerivedData/iCohort3-bwoefxeicoflurbglvssertdjhcr/SourcePackages/checkouts/swift-crypto/Sources/Crypto/AEADs/ChachaPoly/BoringSSL/ChaChaPoly_boring.swift /Users/user51/Library/Developer/Xcode/DerivedData/iCohort3-bwoefxeicoflurbglvssertdjhcr/SourcePackages/checkouts/swift-crypto/Sources/Crypto/AEADs/ChachaPoly/ChaChaPoly.swift /Users/user51/Library/Developer/Xcode/DerivedData/iCohort3-bwoefxeicoflurbglvssertdjhcr/SourcePackages/checkouts/swift-crypto/Sources/Crypto/AEADs/Cipher.swift /Users/user51/Library/Developer/Xcode/DerivedData/iCohort3-bwoefxeicoflurbglvssertdjhcr/SourcePackages/checkouts/swift-crypto/Sources/Crypto/AEADs/Nonces.swift /Users/user51/Library/Developer/Xcode/DerivedData/iCohort3-bwoefxeicoflurbglvssertdjhcr/SourcePackages/checkouts/swift-crypto/Sources/Crypto/ASN1/ASN1.swift /Users/user51/Library/Developer/Xcode/DerivedData/iCohort3-bwoefxeicoflurbglvssertdjhcr/SourcePackages/checkouts/swift-crypto/Sources/Crypto/ASN1/Basic\ ASN1\ Types/ASN1Any.swift /Users/user51/Library/Developer/Xcode/DerivedData/iCohort3-bwoefxeicoflurbglvssertdjhcr/SourcePackages/checkouts/swift-crypto/Sources/Crypto/ASN1/Basic\ ASN1\ Types/ASN1BitString.swift /Users/user51/Library/Developer/Xcode/DerivedData/iCohort3-bwoefxeicoflurbglvssertdjhcr/SourcePackages/checkouts/swift-crypto/Sources/Crypto/ASN1/Basic\ ASN1\ Types/ASN1Boolean.swift /Users/user51/Library/Developer/Xcode/DerivedData/iCohort3-bwoefxeicoflurbglvssertdjhcr/SourcePackages/checkouts/swift-crypto/Sources/Crypto/ASN1/Basic\ ASN1\ Types/ASN1Identifier.swift (in target 'Crypto' from project 'swift-crypto')

SwiftCompile normal arm64 /Users/user51/Library/Developer/Xcode/DerivedData/iCohort3-bwoefxeicoflurbglvssertdjhcr/Build/Intermediates.noindex/swift-crypto.build/Debug-iphonesimulator/Crypto.build/DerivedSources/resource_bundle_accessor.swift (in target 'Crypto' from project 'swift-crypto')
    cd /Users/user51/Downloads/iCohort3/iCohort3.xcodeproj
    

SwiftCompile normal arm64 /Users/user51/Library/Developer/Xcode/DerivedData/iCohort3-bwoefxeicoflurbglvssertdjhcr/SourcePackages/checkouts/swift-crypto/Sources/Crypto/AEADs/AES/GCM/AES-GCM.swift (in target 'Crypto' from project 'swift-crypto')
    cd /Users/user51/Downloads/iCohort3/iCohort3.xcodeproj
    

SwiftCompile normal arm64 /Users/user51/Library/Developer/Xcode/DerivedData/iCohort3-bwoefxeicoflurbglvssertdjhcr/SourcePackages/checkouts/swift-crypto/Sources/Crypto/AEADs/AES/GCM/BoringSSL/AES-GCM_boring.swift (in target 'Crypto' from project 'swift-crypto')
    cd /Users/user51/Downloads/iCohort3/iCohort3.xcodeproj
    

SwiftCompile normal arm64 /Users/user51/Library/Developer/Xcode/DerivedData/iCohort3-bwoefxeicoflurbglvssertdjhcr/SourcePackages/checkouts/swift-crypto/Sources/Crypto/AEADs/ChachaPoly/BoringSSL/ChaChaPoly_boring.swift (in target 'Crypto' from project 'swift-crypto')
    cd /Users/user51/Downloads/iCohort3/iCohort3.xcodeproj
    

SwiftCompile normal arm64 /Users/user51/Library/Developer/Xcode/DerivedData/iCohort3-bwoefxeicoflurbglvssertdjhcr/SourcePackages/checkouts/swift-crypto/Sources/Crypto/AEADs/ChachaPoly/ChaChaPoly.swift (in target 'Crypto' from project 'swift-crypto')
    cd /Users/user51/Downloads/iCohort3/iCohort3.xcodeproj
    

SwiftCompile normal arm64 /Users/user51/Library/Developer/Xcode/DerivedData/iCohort3-bwoefxeicoflurbglvssertdjhcr/SourcePackages/checkouts/swift-crypto/Sources/Crypto/AEADs/Cipher.swift (in target 'Crypto' from project 'swift-crypto')
    cd /Users/user51/Downloads/iCohort3/iCohort3.xcodeproj
    

SwiftCompile normal arm64 /Users/user51/Library/Developer/Xcode/DerivedData/iCohort3-bwoefxeicoflurbglvssertdjhcr/SourcePackages/checkouts/swift-crypto/Sources/Crypto/AEADs/Nonces.swift (in target 'Crypto' from project 'swift-crypto')
    cd /Users/user51/Downloads/iCohort3/iCohort3.xcodeproj
    

SwiftCompile normal arm64 /Users/user51/Library/Developer/Xcode/DerivedData/iCohort3-bwoefxeicoflurbglvssertdjhcr/SourcePackages/checkouts/swift-crypto/Sources/Crypto/ASN1/ASN1.swift (in target 'Crypto' from project 'swift-crypto')
    cd /Users/user51/Downloads/iCohort3/iCohort3.xcodeproj
    

SwiftCompile normal arm64 /Users/user51/Library/Developer/Xcode/DerivedData/iCohort3-bwoefxeicoflurbglvssertdjhcr/SourcePackages/checkouts/swift-crypto/Sources/Crypto/ASN1/Basic\ ASN1\ Types/ASN1Any.swift (in target 'Crypto' from project 'swift-crypto')
    cd /Users/user51/Downloads/iCohort3/iCohort3.xcodeproj
    

SwiftCompile normal arm64 /Users/user51/Library/Developer/Xcode/DerivedData/iCohort3-bwoefxeicoflurbglvssertdjhcr/SourcePackages/checkouts/swift-crypto/Sources/Crypto/ASN1/Basic\ ASN1\ Types/ASN1BitString.swift (in target 'Crypto' from project 'swift-crypto')
    cd /Users/user51/Downloads/iCohort3/iCohort3.xcodeproj
    

SwiftCompile normal arm64 /Users/user51/Library/Developer/Xcode/DerivedData/iCohort3-bwoefxeicoflurbglvssertdjhcr/SourcePackages/checkouts/swift-crypto/Sources/Crypto/ASN1/Basic\ ASN1\ Types/ASN1Boolean.swift (in target 'Crypto' from project 'swift-crypto')
    cd /Users/user51/Downloads/iCohort3/iCohort3.xcodeproj
    

SwiftCompile normal arm64 /Users/user51/Library/Developer/Xcode/DerivedData/iCohort3-bwoefxeicoflurbglvssertdjhcr/SourcePackages/checkouts/swift-crypto/Sources/Crypto/ASN1/Basic\ ASN1\ Types/ASN1Identifier.swift (in target 'Crypto' from project 'swift-crypto')
    cd /Users/user51/Downloads/iCohort3/iCohort3.xcodeproj
    

SwiftDriverJobDiscovery normal arm64 Compiling HTTPParsedFields.swift (in target 'HTTPTypes' from project 'swift-http-types')

SwiftCompile normal arm64 Compiling\ HMAC.swift,\ MACFunctions.swift,\ MessageAuthenticationCode.swift,\ AES.swift,\ ECDSASignature_boring.swift,\ ECDSA_boring.swift,\ EdDSA_boring.swift,\ MLDSA_boring.swift,\ MLDSA_wrapper.swift,\ ECDSA.swift,\ Ed25519.swift /Users/user51/Library/Developer/Xcode/DerivedData/iCohort3-bwoefxeicoflurbglvssertdjhcr/SourcePackages/checkouts/swift-crypto/Sources/Crypto/Message\ Authentication\ Codes/HMAC/HMAC.swift /Users/user51/Library/Developer/Xcode/DerivedData/iCohort3-bwoefxeicoflurbglvssertdjhcr/SourcePackages/checkouts/swift-crypto/Sources/Crypto/Message\ Authentication\ Codes/MACFunctions.swift /Users/user51/Library/Developer/Xcode/DerivedData/iCohort3-bwoefxeicoflurbglvssertdjhcr/SourcePackages/checkouts/swift-crypto/Sources/Crypto/Message\ Authentication\ Codes/MessageAuthenticationCode.swift /Users/user51/Library/Developer/Xcode/DerivedData/iCohort3-bwoefxeicoflurbglvssertdjhcr/SourcePackages/checkouts/swift-crypto/Sources/Crypto/PRF/AES.swift /Users/user51/Library/Developer/Xcode/DerivedData/iCohort3-bwoefxeicoflurbglvssertdjhcr/SourcePackages/checkouts/swift-crypto/Sources/Crypto/Signatures/BoringSSL/ECDSASignature_boring.swift /Users/user51/Library/Developer/Xcode/DerivedData/iCohort3-bwoefxeicoflurbglvssertdjhcr/SourcePackages/checkouts/swift-crypto/Sources/Crypto/Signatures/BoringSSL/ECDSA_boring.swift /Users/user51/Library/Developer/Xcode/DerivedData/iCohort3-bwoefxeicoflurbglvssertdjhcr/SourcePackages/checkouts/swift-crypto/Sources/Crypto/Signatures/BoringSSL/EdDSA_boring.swift /Users/user51/Library/Developer/Xcode/DerivedData/iCohort3-bwoefxeicoflurbglvssertdjhcr/SourcePackages/checkouts/swift-crypto/Sources/Crypto/Signatures/BoringSSL/MLDSA_boring.swift /Users/user51/Library/Developer/Xcode/DerivedData/iCohort3-bwoefxeicoflurbglvssertdjhcr/SourcePackages/checkouts/swift-crypto/Sources/Crypto/Signatures/BoringSSL/MLDSA_wrapper.swift /Users/user51/Library/Developer/Xcode/DerivedData/iCohort3-bwoefxeicoflurbglvssertdjhcr/SourcePackages/checkouts/swift-crypto/Sources/Crypto/Signatures/ECDSA.swift /Users/user51/Library/Developer/Xcode/DerivedData/iCohort3-bwoefxeicoflurbglvssertdjhcr/SourcePackages/checkouts/swift-crypto/Sources/Crypto/Signatures/Ed25519.swift (in target 'Crypto' from project 'swift-crypto')

SwiftCompile normal arm64 /Users/user51/Library/Developer/Xcode/DerivedData/iCohort3-bwoefxeicoflurbglvssertdjhcr/SourcePackages/checkouts/swift-crypto/Sources/Crypto/Message\ Authentication\ Codes/HMAC/HMAC.swift (in target 'Crypto' from project 'swift-crypto')
    cd /Users/user51/Downloads/iCohort3/iCohort3.xcodeproj
    

SwiftCompile normal arm64 /Users/user51/Library/Developer/Xcode/DerivedData/iCohort3-bwoefxeicoflurbglvssertdjhcr/SourcePackages/checkouts/swift-crypto/Sources/Crypto/Message\ Authentication\ Codes/MACFunctions.swift (in target 'Crypto' from project 'swift-crypto')
    cd /Users/user51/Downloads/iCohort3/iCohort3.xcodeproj
    

SwiftCompile normal arm64 /Users/user51/Library/Developer/Xcode/DerivedData/iCohort3-bwoefxeicoflurbglvssertdjhcr/SourcePackages/checkouts/swift-crypto/Sources/Crypto/Message\ Authentication\ Codes/MessageAuthenticationCode.swift (in target 'Crypto' from project 'swift-crypto')
    cd /Users/user51/Downloads/iCohort3/iCohort3.xcodeproj
    

SwiftCompile normal arm64 /Users/user51/Library/Developer/Xcode/DerivedData/iCohort3-bwoefxeicoflurbglvssertdjhcr/SourcePackages/checkouts/swift-crypto/Sources/Crypto/PRF/AES.swift (in target 'Crypto' from project 'swift-crypto')
    cd /Users/user51/Downloads/iCohort3/iCohort3.xcodeproj
    

SwiftCompile normal arm64 /Users/user51/Library/Developer/Xcode/DerivedData/iCohort3-bwoefxeicoflurbglvssertdjhcr/SourcePackages/checkouts/swift-crypto/Sources/Crypto/Signatures/BoringSSL/ECDSASignature_boring.swift (in target 'Crypto' from project 'swift-crypto')
    cd /Users/user51/Downloads/iCohort3/iCohort3.xcodeproj
    

SwiftCompile normal arm64 /Users/user51/Library/Developer/Xcode/DerivedData/iCohort3-bwoefxeicoflurbglvssertdjhcr/SourcePackages/checkouts/swift-crypto/Sources/Crypto/Signatures/BoringSSL/ECDSA_boring.swift (in target 'Crypto' from project 'swift-crypto')
    cd /Users/user51/Downloads/iCohort3/iCohort3.xcodeproj
    

SwiftCompile normal arm64 /Users/user51/Library/Developer/Xcode/DerivedData/iCohort3-bwoefxeicoflurbglvssertdjhcr/SourcePackages/checkouts/swift-crypto/Sources/Crypto/Signatures/BoringSSL/EdDSA_boring.swift (in target 'Crypto' from project 'swift-crypto')
    cd /Users/user51/Downloads/iCohort3/iCohort3.xcodeproj
    

SwiftCompile normal arm64 /Users/user51/Library/Developer/Xcode/DerivedData/iCohort3-bwoefxeicoflurbglvssertdjhcr/SourcePackages/checkouts/swift-crypto/Sources/Crypto/Signatures/BoringSSL/MLDSA_boring.swift (in target 'Crypto' from project 'swift-crypto')
    cd /Users/user51/Downloads/iCohort3/iCohort3.xcodeproj
    

SwiftCompile normal arm64 /Users/user51/Library/Developer/Xcode/DerivedData/iCohort3-bwoefxeicoflurbglvssertdjhcr/SourcePackages/checkouts/swift-crypto/Sources/Crypto/Signatures/BoringSSL/MLDSA_wrapper.swift (in target 'Crypto' from project 'swift-crypto')
    cd /Users/user51/Downloads/iCohort3/iCohort3.xcodeproj
    

SwiftCompile normal arm64 /Users/user51/Library/Developer/Xcode/DerivedData/iCohort3-bwoefxeicoflurbglvssertdjhcr/SourcePackages/checkouts/swift-crypto/Sources/Crypto/Signatures/ECDSA.swift (in target 'Crypto' from project 'swift-crypto')
    cd /Users/user51/Downloads/iCohort3/iCohort3.xcodeproj
    

SwiftCompile normal arm64 /Users/user51/Library/Developer/Xcode/DerivedData/iCohort3-bwoefxeicoflurbglvssertdjhcr/SourcePackages/checkouts/swift-crypto/Sources/Crypto/Signatures/Ed25519.swift (in target 'Crypto' from project 'swift-crypto')
    cd /Users/user51/Downloads/iCohort3/iCohort3.xcodeproj
    

SwiftDriverJobDiscovery normal arm64 Compiling SwiftTesting.swift, UncheckedSendable.swift, Warn.swift (in target 'IssueReporting' from project 'xctest-dynamic-overlay')

SwiftCompile normal arm64 Compiling\ CryptoError_boring.swift,\ CryptoKitErrors.swift,\ Digest_boring.swift,\ Digest.swift,\ Digests.swift,\ HashFunctions.swift,\ HashFunctions_SHA2.swift,\ HashFunctions_SHA3.swift,\ Digest_xkcp.swift,\ HPKE-AEAD.swift,\ HPKE-Ciphersuite.swift,\ HPKE-KDF.swift /Users/user51/Library/Developer/Xcode/DerivedData/iCohort3-bwoefxeicoflurbglvssertdjhcr/SourcePackages/checkouts/swift-crypto/Sources/Crypto/CryptoError_boring.swift /Users/user51/Library/Developer/Xcode/DerivedData/iCohort3-bwoefxeicoflurbglvssertdjhcr/SourcePackages/checkouts/swift-crypto/Sources/Crypto/CryptoKitErrors.swift /Users/user51/Library/Developer/Xcode/DerivedData/iCohort3-bwoefxeicoflurbglvssertdjhcr/SourcePackages/checkouts/swift-crypto/Sources/Crypto/Digests/BoringSSL/Digest_boring.swift /Users/user51/Library/Developer/Xcode/DerivedData/iCohort3-bwoefxeicoflurbglvssertdjhcr/SourcePackages/checkouts/swift-crypto/Sources/Crypto/Digests/Digest.swift /Users/user51/Library/Developer/Xcode/DerivedData/iCohort3-bwoefxeicoflurbglvssertdjhcr/SourcePackages/checkouts/swift-crypto/Sources/Crypto/Digests/Digests.swift /Users/user51/Library/Developer/Xcode/DerivedData/iCohort3-bwoefxeicoflurbglvssertdjhcr/SourcePackages/checkouts/swift-crypto/Sources/Crypto/Digests/HashFunctions.swift /Users/user51/Library/Developer/Xcode/DerivedData/iCohort3-bwoefxeicoflurbglvssertdjhcr/SourcePackages/checkouts/swift-crypto/Sources/Crypto/Digests/HashFunctions_SHA2.swift /Users/user51/Library/Developer/Xcode/DerivedData/iCohort3-bwoefxeicoflurbglvssertdjhcr/SourcePackages/checkouts/swift-crypto/Sources/Crypto/Digests/HashFunctions_SHA3.swift /Users/user51/Library/Developer/Xcode/DerivedData/iCohort3-bwoefxeicoflurbglvssertdjhcr/SourcePackages/checkouts/swift-crypto/Sources/Crypto/Digests/XKCP/Digest_xkcp.swift /Users/user51/Library/Developer/Xcode/DerivedData/iCohort3-bwoefxeicoflurbglvssertdjhcr/SourcePackages/checkouts/swift-crypto/Sources/Crypto/HPKE/Ciphersuite/HPKE-AEAD.swift /Users/user51/Library/Developer/Xcode/DerivedData/iCohort3-bwoefxeicoflurbglvssertdjhcr/SourcePackages/checkouts/swift-crypto/Sources/Crypto/HPKE/Ciphersuite/HPKE-Ciphersuite.swift /Users/user51/Library/Developer/Xcode/DerivedData/iCohort3-bwoefxeicoflurbglvssertdjhcr/SourcePackages/checkouts/swift-crypto/Sources/Crypto/HPKE/Ciphersuite/HPKE-KDF.swift (in target 'Crypto' from project 'swift-crypto')

SwiftCompile normal arm64 /Users/user51/Library/Developer/Xcode/DerivedData/iCohort3-bwoefxeicoflurbglvssertdjhcr/SourcePackages/checkouts/swift-crypto/Sources/Crypto/CryptoError_boring.swift (in target 'Crypto' from project 'swift-crypto')
    cd /Users/user51/Downloads/iCohort3/iCohort3.xcodeproj
    

SwiftCompile normal arm64 /Users/user51/Library/Developer/Xcode/DerivedData/iCohort3-bwoefxeicoflurbglvssertdjhcr/SourcePackages/checkouts/swift-crypto/Sources/Crypto/CryptoKitErrors.swift (in target 'Crypto' from project 'swift-crypto')
    cd /Users/user51/Downloads/iCohort3/iCohort3.xcodeproj
    

SwiftCompile normal arm64 /Users/user51/Library/Developer/Xcode/DerivedData/iCohort3-bwoefxeicoflurbglvssertdjhcr/SourcePackages/checkouts/swift-crypto/Sources/Crypto/Digests/BoringSSL/Digest_boring.swift (in target 'Crypto' from project 'swift-crypto')
    cd /Users/user51/Downloads/iCohort3/iCohort3.xcodeproj
    

SwiftCompile normal arm64 /Users/user51/Library/Developer/Xcode/DerivedData/iCohort3-bwoefxeicoflurbglvssertdjhcr/SourcePackages/checkouts/swift-crypto/Sources/Crypto/Digests/Digest.swift (in target 'Crypto' from project 'swift-crypto')
    cd /Users/user51/Downloads/iCohort3/iCohort3.xcodeproj
    

SwiftCompile normal arm64 /Users/user51/Library/Developer/Xcode/DerivedData/iCohort3-bwoefxeicoflurbglvssertdjhcr/SourcePackages/checkouts/swift-crypto/Sources/Crypto/Digests/Digests.swift (in target 'Crypto' from project 'swift-crypto')
    cd /Users/user51/Downloads/iCohort3/iCohort3.xcodeproj
    

SwiftCompile normal arm64 /Users/user51/Library/Developer/Xcode/DerivedData/iCohort3-bwoefxeicoflurbglvssertdjhcr/SourcePackages/checkouts/swift-crypto/Sources/Crypto/Digests/HashFunctions.swift (in target 'Crypto' from project 'swift-crypto')
    cd /Users/user51/Downloads/iCohort3/iCohort3.xcodeproj
    

SwiftCompile normal arm64 /Users/user51/Library/Developer/Xcode/DerivedData/iCohort3-bwoefxeicoflurbglvssertdjhcr/SourcePackages/checkouts/swift-crypto/Sources/Crypto/Digests/HashFunctions_SHA2.swift (in target 'Crypto' from project 'swift-crypto')
    cd /Users/user51/Downloads/iCohort3/iCohort3.xcodeproj
    

SwiftCompile normal arm64 /Users/user51/Library/Developer/Xcode/DerivedData/iCohort3-bwoefxeicoflurbglvssertdjhcr/SourcePackages/checkouts/swift-crypto/Sources/Crypto/Digests/HashFunctions_SHA3.swift (in target 'Crypto' from project 'swift-crypto')
    cd /Users/user51/Downloads/iCohort3/iCohort3.xcodeproj
    

SwiftCompile normal arm64 /Users/user51/Library/Developer/Xcode/DerivedData/iCohort3-bwoefxeicoflurbglvssertdjhcr/SourcePackages/checkouts/swift-crypto/Sources/Crypto/Digests/XKCP/Digest_xkcp.swift (in target 'Crypto' from project 'swift-crypto')
    cd /Users/user51/Downloads/iCohort3/iCohort3.xcodeproj
    

SwiftCompile normal arm64 /Users/user51/Library/Developer/Xcode/DerivedData/iCohort3-bwoefxeicoflurbglvssertdjhcr/SourcePackages/checkouts/swift-crypto/Sources/Crypto/HPKE/Ciphersuite/HPKE-AEAD.swift (in target 'Crypto' from project 'swift-crypto')
    cd /Users/user51/Downloads/iCohort3/iCohort3.xcodeproj
    

SwiftCompile normal arm64 /Users/user51/Library/Developer/Xcode/DerivedData/iCohort3-bwoefxeicoflurbglvssertdjhcr/SourcePackages/checkouts/swift-crypto/Sources/Crypto/HPKE/Ciphersuite/HPKE-Ciphersuite.swift (in target 'Crypto' from project 'swift-crypto')
    cd /Users/user51/Downloads/iCohort3/iCohort3.xcodeproj
    

SwiftCompile normal arm64 /Users/user51/Library/Developer/Xcode/DerivedData/iCohort3-bwoefxeicoflurbglvssertdjhcr/SourcePackages/checkouts/swift-crypto/Sources/Crypto/HPKE/Ciphersuite/HPKE-KDF.swift (in target 'Crypto' from project 'swift-crypto')
    cd /Users/user51/Downloads/iCohort3/iCohort3.xcodeproj
    

SwiftDriver\ Compilation IssueReporting normal arm64 com.apple.xcode.tools.swift.compiler (in target 'IssueReporting' from project 'xctest-dynamic-overlay')
    cd /Users/user51/Downloads/iCohort3/iCohort3.xcodeproj
    builtin-Swift-Compilation -- /Applications/Xcode.app/Contents/Developer/Toolchains/XcodeDefault.xctoolchain/usr/bin/swiftc -module-name IssueReporting -Onone -enforce-exclusivity\=checked @/Users/user51/Library/Developer/Xcode/DerivedData/iCohort3-bwoefxeicoflurbglvssertdjhcr/Build/Intermediates.noindex/xctest-dynamic-overlay.build/Debug-iphonesimulator/IssueReporting.build/Objects-normal/arm64/IssueReporting.SwiftFileList -DSWIFT_PACKAGE -DDEBUG -DSWIFT_MODULE_RESOURCE_BUNDLE_UNAVAILABLE -DXcode -plugin-path /Applications/Xcode.app/Contents/Developer/Toolchains/XcodeDefault.xctoolchain/usr/lib/swift/host/plugins/testing -enable-experimental-feature DebugDescriptionMacro -sdk /Applications/Xcode.app/Contents/Developer/Platforms/iPhoneSimulator.platform/Developer/SDKs/iPhoneSimulator26.2.sdk -target arm64-apple-ios13.0-simulator -g -module-cache-path /Users/user51/Library/Developer/Xcode/DerivedData/ModuleCache.noindex -Xfrontend -serialize-debugging-options -profile-coverage-mapping -profile-generate -enable-testing -suppress-warnings -index-store-path /Users/user51/Library/Developer/Xcode/DerivedData/iCohort3-bwoefxeicoflurbglvssertdjhcr/Index.noindex/DataStore -Xcc -D_LIBCPP_HARDENING_MODE\=_LIBCPP_HARDENING_MODE_DEBUG -swift-version 6 -I /Users/user51/Library/Developer/Xcode/DerivedData/iCohort3-bwoefxeicoflurbglvssertdjhcr/Build/Products/Debug-iphonesimulator -Isystem /Applications/Xcode.app/Contents/Developer/Platforms/iPhoneSimulator.platform/Developer/usr/lib -F /Users/user51/Library/Developer/Xcode/DerivedData/iCohort3-bwoefxeicoflurbglvssertdjhcr/Build/Products/Debug-iphonesimulator/PackageFrameworks -F /Users/user51/Library/Developer/Xcode/DerivedData/iCohort3-bwoefxeicoflurbglvssertdjhcr/Build/Products/Debug-iphonesimulator -F /Applications/Xcode.app/Contents/Developer/Platforms/iPhoneSimulator.platform/Developer/Library/Frameworks -F /Applications/Xcode.app/Contents/Developer/Platforms/iPhoneSimulator.platform/Developer/SDKs/iPhoneSimulator26.2.sdk/Developer/Library/Frameworks -c -j8 -enable-batch-mode -incremental -Xcc -ivfsstatcache -Xcc /Users/user51/Library/Developer/Xcode/DerivedData/SDKStatCaches.noindex/iphonesimulator26.2-23C53-dc75598d0054f22ec865fa860f139d727d00a8b37fbd7999ea79df8ebc024bf0.sdkstatcache -output-file-map /Users/user51/Library/Developer/Xcode/DerivedData/iCohort3-bwoefxeicoflurbglvssertdjhcr/Build/Intermediates.noindex/xctest-dynamic-overlay.build/Debug-iphonesimulator/IssueReporting.build/Objects-normal/arm64/IssueReporting-OutputFileMap.json -use-frontend-parseable-output -save-temps -no-color-diagnostics -explicit-module-build -module-cache-path /Users/user51/Library/Developer/Xcode/DerivedData/iCohort3-bwoefxeicoflurbglvssertdjhcr/Build/Intermediates.noindex/SwiftExplicitPrecompiledModules -clang-scanner-module-cache-path /Users/user51/Library/Developer/Xcode/DerivedData/ModuleCache.noindex -sdk-module-cache-path /Users/user51/Library/Developer/Xcode/DerivedData/ModuleCache.noindex -serialize-diagnostics -emit-dependencies -emit-module -emit-module-path /Users/user51/Library/Developer/Xcode/DerivedData/iCohort3-bwoefxeicoflurbglvssertdjhcr/Build/Intermediates.noindex/xctest-dynamic-overlay.build/Debug-iphonesimulator/IssueReporting.build/Objects-normal/arm64/IssueReporting.swiftmodule -user-module-version 1.7.0 -validate-clang-modules-once -clang-build-session-file /Users/user51/Library/Developer/Xcode/DerivedData/ModuleCache.noindex/Session.modulevalidation -package-name xctest_dynamic_overlay -Xcc -I/Users/user51/Library/Developer/Xcode/DerivedData/iCohort3-bwoefxeicoflurbglvssertdjhcr/Build/Intermediates.noindex/xctest-dynamic-overlay.build/Debug-iphonesimulator/IssueReporting.build/swift-overrides.hmap -emit-const-values -Xfrontend -const-gather-protocols-file -Xfrontend /Users/user51/Library/Developer/Xcode/DerivedData/iCohort3-bwoefxeicoflurbglvssertdjhcr/Build/Intermediates.noindex/xctest-dynamic-overlay.build/Debug-iphonesimulator/IssueReporting.build/Objects-normal/arm64/IssueReporting_const_extract_protocols.json -Xcc -I/Users/user51/Library/Developer/Xcode/DerivedData/iCohort3-bwoefxeicoflurbglvssertdjhcr/Build/Products/Debug-iphonesimulator/include -Xcc -I/Users/user51/Library/Developer/Xcode/DerivedData/iCohort3-bwoefxeicoflurbglvssertdjhcr/Build/Intermediates.noindex/xctest-dynamic-overlay.build/Debug-iphonesimulator/IssueReporting.build/DerivedSources-normal/arm64 -Xcc -I/Users/user51/Library/Developer/Xcode/DerivedData/iCohort3-bwoefxeicoflurbglvssertdjhcr/Build/Intermediates.noindex/xctest-dynamic-overlay.build/Debug-iphonesimulator/IssueReporting.build/DerivedSources/arm64 -Xcc -I/Users/user51/Library/Developer/Xcode/DerivedData/iCohort3-bwoefxeicoflurbglvssertdjhcr/Build/Intermediates.noindex/xctest-dynamic-overlay.build/Debug-iphonesimulator/IssueReporting.build/DerivedSources -Xcc -DSWIFT_PACKAGE -Xcc -DDEBUG\=1 -emit-objc-header -emit-objc-header-path /Users/user51/Library/Developer/Xcode/DerivedData/iCohort3-bwoefxeicoflurbglvssertdjhcr/Build/Intermediates.noindex/xctest-dynamic-overlay.build/Debug-iphonesimulator/IssueReporting.build/Objects-normal/arm64/IssueReporting-Swift.h -working-directory /Users/user51/Downloads/iCohort3/iCohort3.xcodeproj -experimental-emit-module-separately -disable-cmo

SwiftDriverJobDiscovery normal arm64 Compiling HTTPRequest+URL.swift (in target 'HTTPTypes' from project 'swift-http-types')

SwiftCompile normal arm64 Compiling\ Insecure.swift,\ Insecure_HashFunctions.swift,\ MLKEM_boring.swift,\ MLKEM_wrapper.swift,\ XWing_boring.swift,\ KEM-Errors.swift,\ KEM.swift,\ MLKEM.swift,\ XWing.swift,\ ECDH_boring.swift,\ DH.swift,\ ECDH.swift /Users/user51/Library/Developer/Xcode/DerivedData/iCohort3-bwoefxeicoflurbglvssertdjhcr/SourcePackages/checkouts/swift-crypto/Sources/Crypto/Insecure/Insecure.swift /Users/user51/Library/Developer/Xcode/DerivedData/iCohort3-bwoefxeicoflurbglvssertdjhcr/SourcePackages/checkouts/swift-crypto/Sources/Crypto/Insecure/Insecure_HashFunctions.swift /Users/user51/Library/Developer/Xcode/DerivedData/iCohort3-bwoefxeicoflurbglvssertdjhcr/SourcePackages/checkouts/swift-crypto/Sources/Crypto/KEM/BoringSSL/MLKEM_boring.swift /Users/user51/Library/Developer/Xcode/DerivedData/iCohort3-bwoefxeicoflurbglvssertdjhcr/SourcePackages/checkouts/swift-crypto/Sources/Crypto/KEM/BoringSSL/MLKEM_wrapper.swift /Users/user51/Library/Developer/Xcode/DerivedData/iCohort3-bwoefxeicoflurbglvssertdjhcr/SourcePackages/checkouts/swift-crypto/Sources/Crypto/KEM/BoringSSL/XWing_boring.swift /Users/user51/Library/Developer/Xcode/DerivedData/iCohort3-bwoefxeicoflurbglvssertdjhcr/SourcePackages/checkouts/swift-crypto/Sources/Crypto/KEM/KEM-Errors.swift /Users/user51/Library/Developer/Xcode/DerivedData/iCohort3-bwoefxeicoflurbglvssertdjhcr/SourcePackages/checkouts/swift-crypto/Sources/Crypto/KEM/KEM.swift /Users/user51/Library/Developer/Xcode/DerivedData/iCohort3-bwoefxeicoflurbglvssertdjhcr/SourcePackages/checkouts/swift-crypto/Sources/Crypto/KEM/MLKEM.swift /Users/user51/Library/Developer/Xcode/DerivedData/iCohort3-bwoefxeicoflurbglvssertdjhcr/SourcePackages/checkouts/swift-crypto/Sources/Crypto/KEM/XWing.swift /Users/user51/Library/Developer/Xcode/DerivedData/iCohort3-bwoefxeicoflurbglvssertdjhcr/SourcePackages/checkouts/swift-crypto/Sources/Crypto/Key\ Agreement/BoringSSL/ECDH_boring.swift /Users/user51/Library/Developer/Xcode/DerivedData/iCohort3-bwoefxeicoflurbglvssertdjhcr/SourcePackages/checkouts/swift-crypto/Sources/Crypto/Key\ Agreement/DH.swift /Users/user51/Library/Developer/Xcode/DerivedData/iCohort3-bwoefxeicoflurbglvssertdjhcr/SourcePackages/checkouts/swift-crypto/Sources/Crypto/Key\ Agreement/ECDH.swift (in target 'Crypto' from project 'swift-crypto')

SwiftCompile normal arm64 /Users/user51/Library/Developer/Xcode/DerivedData/iCohort3-bwoefxeicoflurbglvssertdjhcr/SourcePackages/checkouts/swift-crypto/Sources/Crypto/Insecure/Insecure.swift (in target 'Crypto' from project 'swift-crypto')
    cd /Users/user51/Downloads/iCohort3/iCohort3.xcodeproj
    

SwiftCompile normal arm64 /Users/user51/Library/Developer/Xcode/DerivedData/iCohort3-bwoefxeicoflurbglvssertdjhcr/SourcePackages/checkouts/swift-crypto/Sources/Crypto/Insecure/Insecure_HashFunctions.swift (in target 'Crypto' from project 'swift-crypto')
    cd /Users/user51/Downloads/iCohort3/iCohort3.xcodeproj
    

SwiftCompile normal arm64 /Users/user51/Library/Developer/Xcode/DerivedData/iCohort3-bwoefxeicoflurbglvssertdjhcr/SourcePackages/checkouts/swift-crypto/Sources/Crypto/KEM/BoringSSL/MLKEM_boring.swift (in target 'Crypto' from project 'swift-crypto')
    cd /Users/user51/Downloads/iCohort3/iCohort3.xcodeproj
    

SwiftCompile normal arm64 /Users/user51/Library/Developer/Xcode/DerivedData/iCohort3-bwoefxeicoflurbglvssertdjhcr/SourcePackages/checkouts/swift-crypto/Sources/Crypto/KEM/BoringSSL/MLKEM_wrapper.swift (in target 'Crypto' from project 'swift-crypto')
    cd /Users/user51/Downloads/iCohort3/iCohort3.xcodeproj
    

SwiftCompile normal arm64 /Users/user51/Library/Developer/Xcode/DerivedData/iCohort3-bwoefxeicoflurbglvssertdjhcr/SourcePackages/checkouts/swift-crypto/Sources/Crypto/KEM/BoringSSL/XWing_boring.swift (in target 'Crypto' from project 'swift-crypto')
    cd /Users/user51/Downloads/iCohort3/iCohort3.xcodeproj
    

SwiftCompile normal arm64 /Users/user51/Library/Developer/Xcode/DerivedData/iCohort3-bwoefxeicoflurbglvssertdjhcr/SourcePackages/checkouts/swift-crypto/Sources/Crypto/KEM/KEM-Errors.swift (in target 'Crypto' from project 'swift-crypto')
    cd /Users/user51/Downloads/iCohort3/iCohort3.xcodeproj
    

SwiftCompile normal arm64 /Users/user51/Library/Developer/Xcode/DerivedData/iCohort3-bwoefxeicoflurbglvssertdjhcr/SourcePackages/checkouts/swift-crypto/Sources/Crypto/KEM/KEM.swift (in target 'Crypto' from project 'swift-crypto')
    cd /Users/user51/Downloads/iCohort3/iCohort3.xcodeproj
    

SwiftCompile normal arm64 /Users/user51/Library/Developer/Xcode/DerivedData/iCohort3-bwoefxeicoflurbglvssertdjhcr/SourcePackages/checkouts/swift-crypto/Sources/Crypto/KEM/MLKEM.swift (in target 'Crypto' from project 'swift-crypto')
    cd /Users/user51/Downloads/iCohort3/iCohort3.xcodeproj
    

SwiftCompile normal arm64 /Users/user51/Library/Developer/Xcode/DerivedData/iCohort3-bwoefxeicoflurbglvssertdjhcr/SourcePackages/checkouts/swift-crypto/Sources/Crypto/KEM/XWing.swift (in target 'Crypto' from project 'swift-crypto')
    cd /Users/user51/Downloads/iCohort3/iCohort3.xcodeproj
    

SwiftCompile normal arm64 /Users/user51/Library/Developer/Xcode/DerivedData/iCohort3-bwoefxeicoflurbglvssertdjhcr/SourcePackages/checkouts/swift-crypto/Sources/Crypto/Key\ Agreement/BoringSSL/ECDH_boring.swift (in target 'Crypto' from project 'swift-crypto')
    cd /Users/user51/Downloads/iCohort3/iCohort3.xcodeproj
    

SwiftCompile normal arm64 /Users/user51/Library/Developer/Xcode/DerivedData/iCohort3-bwoefxeicoflurbglvssertdjhcr/SourcePackages/checkouts/swift-crypto/Sources/Crypto/Key\ Agreement/DH.swift (in target 'Crypto' from project 'swift-crypto')
    cd /Users/user51/Downloads/iCohort3/iCohort3.xcodeproj
    

SwiftCompile normal arm64 /Users/user51/Library/Developer/Xcode/DerivedData/iCohort3-bwoefxeicoflurbglvssertdjhcr/SourcePackages/checkouts/swift-crypto/Sources/Crypto/Key\ Agreement/ECDH.swift (in target 'Crypto' from project 'swift-crypto')
    cd /Users/user51/Downloads/iCohort3/iCohort3.xcodeproj
    

SwiftCompile normal arm64 Compiling\ HPKE-KexKeyDerivation.swift,\ HPKE-LabeledExtract.swift,\ HPKE-Utils.swift,\ DHKEM.swift,\ HPKE-KEM-Curve25519.swift,\ HPKE-NIST-EC-KEMs.swift,\ HPKE-KEM.swift,\ HPKE-Errors.swift,\ HPKE.swift,\ HPKE-Context.swift,\ HPKE-KeySchedule.swift,\ HPKE-Modes.swift /Users/user51/Library/Developer/Xcode/DerivedData/iCohort3-bwoefxeicoflurbglvssertdjhcr/SourcePackages/checkouts/swift-crypto/Sources/Crypto/HPKE/Ciphersuite/HPKE-KexKeyDerivation.swift /Users/user51/Library/Developer/Xcode/DerivedData/iCohort3-bwoefxeicoflurbglvssertdjhcr/SourcePackages/checkouts/swift-crypto/Sources/Crypto/HPKE/Ciphersuite/HPKE-LabeledExtract.swift /Users/user51/Library/Developer/Xcode/DerivedData/iCohort3-bwoefxeicoflurbglvssertdjhcr/SourcePackages/checkouts/swift-crypto/Sources/Crypto/HPKE/Ciphersuite/HPKE-Utils.swift /Users/user51/Library/Developer/Xcode/DerivedData/iCohort3-bwoefxeicoflurbglvssertdjhcr/SourcePackages/checkouts/swift-crypto/Sources/Crypto/HPKE/Ciphersuite/KEM/Conformances/DHKEM.swift /Users/user51/Library/Developer/Xcode/DerivedData/iCohort3-bwoefxeicoflurbglvssertdjhcr/SourcePackages/checkouts/swift-crypto/Sources/Crypto/HPKE/Ciphersuite/KEM/Conformances/HPKE-KEM-Curve25519.swift /Users/user51/Library/Developer/Xcode/DerivedData/iCohort3-bwoefxeicoflurbglvssertdjhcr/SourcePackages/checkouts/swift-crypto/Sources/Crypto/HPKE/Ciphersuite/KEM/Conformances/HPKE-NIST-EC-KEMs.swift /Users/user51/Library/Developer/Xcode/DerivedData/iCohort3-bwoefxeicoflurbglvssertdjhcr/SourcePackages/checkouts/swift-crypto/Sources/Crypto/HPKE/Ciphersuite/KEM/HPKE-KEM.swift /Users/user51/Library/Developer/Xcode/DerivedData/iCohort3-bwoefxeicoflurbglvssertdjhcr/SourcePackages/checkouts/swift-crypto/Sources/Crypto/HPKE/HPKE-Errors.swift /Users/user51/Library/Developer/Xcode/DerivedData/iCohort3-bwoefxeicoflurbglvssertdjhcr/SourcePackages/checkouts/swift-crypto/Sources/Crypto/HPKE/HPKE.swift /Users/user51/Library/Developer/Xcode/DerivedData/iCohort3-bwoefxeicoflurbglvssertdjhcr/SourcePackages/checkouts/swift-crypto/Sources/Crypto/HPKE/Key\ Schedule/HPKE-Context.swift /Users/user51/Library/Developer/Xcode/DerivedData/iCohort3-bwoefxeicoflurbglvssertdjhcr/SourcePackages/checkouts/swift-crypto/Sources/Crypto/HPKE/Key\ Schedule/HPKE-KeySchedule.swift /Users/user51/Library/Developer/Xcode/DerivedData/iCohort3-bwoefxeicoflurbglvssertdjhcr/SourcePackages/checkouts/swift-crypto/Sources/Crypto/HPKE/Modes/HPKE-Modes.swift (in target 'Crypto' from project 'swift-crypto')

SwiftCompile normal arm64 /Users/user51/Library/Developer/Xcode/DerivedData/iCohort3-bwoefxeicoflurbglvssertdjhcr/SourcePackages/checkouts/swift-crypto/Sources/Crypto/HPKE/Ciphersuite/HPKE-KexKeyDerivation.swift (in target 'Crypto' from project 'swift-crypto')
    cd /Users/user51/Downloads/iCohort3/iCohort3.xcodeproj
    

SwiftCompile normal arm64 /Users/user51/Library/Developer/Xcode/DerivedData/iCohort3-bwoefxeicoflurbglvssertdjhcr/SourcePackages/checkouts/swift-crypto/Sources/Crypto/HPKE/Ciphersuite/HPKE-LabeledExtract.swift (in target 'Crypto' from project 'swift-crypto')
    cd /Users/user51/Downloads/iCohort3/iCohort3.xcodeproj
    

SwiftCompile normal arm64 /Users/user51/Library/Developer/Xcode/DerivedData/iCohort3-bwoefxeicoflurbglvssertdjhcr/SourcePackages/checkouts/swift-crypto/Sources/Crypto/HPKE/Ciphersuite/HPKE-Utils.swift (in target 'Crypto' from project 'swift-crypto')
    cd /Users/user51/Downloads/iCohort3/iCohort3.xcodeproj
    

SwiftCompile normal arm64 /Users/user51/Library/Developer/Xcode/DerivedData/iCohort3-bwoefxeicoflurbglvssertdjhcr/SourcePackages/checkouts/swift-crypto/Sources/Crypto/HPKE/Ciphersuite/KEM/Conformances/DHKEM.swift (in target 'Crypto' from project 'swift-crypto')
    cd /Users/user51/Downloads/iCohort3/iCohort3.xcodeproj
    

SwiftCompile normal arm64 /Users/user51/Library/Developer/Xcode/DerivedData/iCohort3-bwoefxeicoflurbglvssertdjhcr/SourcePackages/checkouts/swift-crypto/Sources/Crypto/HPKE/Ciphersuite/KEM/Conformances/HPKE-KEM-Curve25519.swift (in target 'Crypto' from project 'swift-crypto')
    cd /Users/user51/Downloads/iCohort3/iCohort3.xcodeproj
    

SwiftCompile normal arm64 /Users/user51/Library/Developer/Xcode/DerivedData/iCohort3-bwoefxeicoflurbglvssertdjhcr/SourcePackages/checkouts/swift-crypto/Sources/Crypto/HPKE/Ciphersuite/KEM/Conformances/HPKE-NIST-EC-KEMs.swift (in target 'Crypto' from project 'swift-crypto')
    cd /Users/user51/Downloads/iCohort3/iCohort3.xcodeproj
    

SwiftCompile normal arm64 /Users/user51/Library/Developer/Xcode/DerivedData/iCohort3-bwoefxeicoflurbglvssertdjhcr/SourcePackages/checkouts/swift-crypto/Sources/Crypto/HPKE/Ciphersuite/KEM/HPKE-KEM.swift (in target 'Crypto' from project 'swift-crypto')
    cd /Users/user51/Downloads/iCohort3/iCohort3.xcodeproj
    

SwiftCompile normal arm64 /Users/user51/Library/Developer/Xcode/DerivedData/iCohort3-bwoefxeicoflurbglvssertdjhcr/SourcePackages/checkouts/swift-crypto/Sources/Crypto/HPKE/HPKE-Errors.swift (in target 'Crypto' from project 'swift-crypto')
    cd /Users/user51/Downloads/iCohort3/iCohort3.xcodeproj
    

SwiftCompile normal arm64 /Users/user51/Library/Developer/Xcode/DerivedData/iCohort3-bwoefxeicoflurbglvssertdjhcr/SourcePackages/checkouts/swift-crypto/Sources/Crypto/HPKE/HPKE.swift (in target 'Crypto' from project 'swift-crypto')
    cd /Users/user51/Downloads/iCohort3/iCohort3.xcodeproj
    

SwiftCompile normal arm64 /Users/user51/Library/Developer/Xcode/DerivedData/iCohort3-bwoefxeicoflurbglvssertdjhcr/SourcePackages/checkouts/swift-crypto/Sources/Crypto/HPKE/Key\ Schedule/HPKE-Context.swift (in target 'Crypto' from project 'swift-crypto')
    cd /Users/user51/Downloads/iCohort3/iCohort3.xcodeproj
    

SwiftCompile normal arm64 /Users/user51/Library/Developer/Xcode/DerivedData/iCohort3-bwoefxeicoflurbglvssertdjhcr/SourcePackages/checkouts/swift-crypto/Sources/Crypto/HPKE/Key\ Schedule/HPKE-KeySchedule.swift (in target 'Crypto' from project 'swift-crypto')
    cd /Users/user51/Downloads/iCohort3/iCohort3.xcodeproj
    

SwiftCompile normal arm64 /Users/user51/Library/Developer/Xcode/DerivedData/iCohort3-bwoefxeicoflurbglvssertdjhcr/SourcePackages/checkouts/swift-crypto/Sources/Crypto/HPKE/Modes/HPKE-Modes.swift (in target 'Crypto' from project 'swift-crypto')
    cd /Users/user51/Downloads/iCohort3/iCohort3.xcodeproj
    

SwiftDriverJobDiscovery normal arm64 Compiling HMAC.swift, MACFunctions.swift, MessageAuthenticationCode.swift, AES.swift, ECDSASignature_boring.swift, ECDSA_boring.swift, EdDSA_boring.swift, MLDSA_boring.swift, MLDSA_wrapper.swift, ECDSA.swift, Ed25519.swift (in target 'Crypto' from project 'swift-crypto')

SwiftCompile normal arm64 Compiling\ ANSIx963.swift,\ HKDF.swift,\ AESWrap.swift,\ AESWrap_boring.swift,\ Ed25519_boring.swift,\ NISTCurvesKeys_boring.swift,\ X25519Keys_boring.swift,\ Curve25519.swift,\ Ed25519Keys.swift,\ NISTCurvesKeys.swift,\ X25519Keys.swift,\ SymmetricKeys.swift /Users/user51/Library/Developer/Xcode/DerivedData/iCohort3-bwoefxeicoflurbglvssertdjhcr/SourcePackages/checkouts/swift-crypto/Sources/Crypto/Key\ Derivation/ANSIx963.swift /Users/user51/Library/Developer/Xcode/DerivedData/iCohort3-bwoefxeicoflurbglvssertdjhcr/SourcePackages/checkouts/swift-crypto/Sources/Crypto/Key\ Derivation/HKDF.swift /Users/user51/Library/Developer/Xcode/DerivedData/iCohort3-bwoefxeicoflurbglvssertdjhcr/SourcePackages/checkouts/swift-crypto/Sources/Crypto/Key\ Wrapping/AESWrap.swift /Users/user51/Library/Developer/Xcode/DerivedData/iCohort3-bwoefxeicoflurbglvssertdjhcr/SourcePackages/checkouts/swift-crypto/Sources/Crypto/Key\ Wrapping/BoringSSL/AESWrap_boring.swift /Users/user51/Library/Developer/Xcode/DerivedData/iCohort3-bwoefxeicoflurbglvssertdjhcr/SourcePackages/checkouts/swift-crypto/Sources/Crypto/Keys/EC/BoringSSL/Ed25519_boring.swift /Users/user51/Library/Developer/Xcode/DerivedData/iCohort3-bwoefxeicoflurbglvssertdjhcr/SourcePackages/checkouts/swift-crypto/Sources/Crypto/Keys/EC/BoringSSL/NISTCurvesKeys_boring.swift /Users/user51/Library/Developer/Xcode/DerivedData/iCohort3-bwoefxeicoflurbglvssertdjhcr/SourcePackages/checkouts/swift-crypto/Sources/Crypto/Keys/EC/BoringSSL/X25519Keys_boring.swift /Users/user51/Library/Developer/Xcode/DerivedData/iCohort3-bwoefxeicoflurbglvssertdjhcr/SourcePackages/checkouts/swift-crypto/Sources/Crypto/Keys/EC/Curve25519.swift /Users/user51/Library/Developer/Xcode/DerivedData/iCohort3-bwoefxeicoflurbglvssertdjhcr/SourcePackages/checkouts/swift-crypto/Sources/Crypto/Keys/EC/Ed25519Keys.swift /Users/user51/Library/Developer/Xcode/DerivedData/iCohort3-bwoefxeicoflurbglvssertdjhcr/SourcePackages/checkouts/swift-crypto/Sources/Crypto/Keys/EC/NISTCurvesKeys.swift /Users/user51/Library/Developer/Xcode/DerivedData/iCohort3-bwoefxeicoflurbglvssertdjhcr/SourcePackages/checkouts/swift-crypto/Sources/Crypto/Keys/EC/X25519Keys.swift /Users/user51/Library/Developer/Xcode/DerivedData/iCohort3-bwoefxeicoflurbglvssertdjhcr/SourcePackages/checkouts/swift-crypto/Sources/Crypto/Keys/Symmetric/SymmetricKeys.swift (in target 'Crypto' from project 'swift-crypto')

SwiftCompile normal arm64 /Users/user51/Library/Developer/Xcode/DerivedData/iCohort3-bwoefxeicoflurbglvssertdjhcr/SourcePackages/checkouts/swift-crypto/Sources/Crypto/Key\ Derivation/ANSIx963.swift (in target 'Crypto' from project 'swift-crypto')
    cd /Users/user51/Downloads/iCohort3/iCohort3.xcodeproj
    

SwiftCompile normal arm64 /Users/user51/Library/Developer/Xcode/DerivedData/iCohort3-bwoefxeicoflurbglvssertdjhcr/SourcePackages/checkouts/swift-crypto/Sources/Crypto/Key\ Derivation/HKDF.swift (in target 'Crypto' from project 'swift-crypto')
    cd /Users/user51/Downloads/iCohort3/iCohort3.xcodeproj
    

SwiftCompile normal arm64 /Users/user51/Library/Developer/Xcode/DerivedData/iCohort3-bwoefxeicoflurbglvssertdjhcr/SourcePackages/checkouts/swift-crypto/Sources/Crypto/Key\ Wrapping/AESWrap.swift (in target 'Crypto' from project 'swift-crypto')
    cd /Users/user51/Downloads/iCohort3/iCohort3.xcodeproj
    

SwiftCompile normal arm64 /Users/user51/Library/Developer/Xcode/DerivedData/iCohort3-bwoefxeicoflurbglvssertdjhcr/SourcePackages/checkouts/swift-crypto/Sources/Crypto/Key\ Wrapping/BoringSSL/AESWrap_boring.swift (in target 'Crypto' from project 'swift-crypto')
    cd /Users/user51/Downloads/iCohort3/iCohort3.xcodeproj
    

SwiftCompile normal arm64 /Users/user51/Library/Developer/Xcode/DerivedData/iCohort3-bwoefxeicoflurbglvssertdjhcr/SourcePackages/checkouts/swift-crypto/Sources/Crypto/Keys/EC/BoringSSL/Ed25519_boring.swift (in target 'Crypto' from project 'swift-crypto')
    cd /Users/user51/Downloads/iCohort3/iCohort3.xcodeproj
    

SwiftCompile normal arm64 /Users/user51/Library/Developer/Xcode/DerivedData/iCohort3-bwoefxeicoflurbglvssertdjhcr/SourcePackages/checkouts/swift-crypto/Sources/Crypto/Keys/EC/BoringSSL/NISTCurvesKeys_boring.swift (in target 'Crypto' from project 'swift-crypto')
    cd /Users/user51/Downloads/iCohort3/iCohort3.xcodeproj
    

SwiftCompile normal arm64 /Users/user51/Library/Developer/Xcode/DerivedData/iCohort3-bwoefxeicoflurbglvssertdjhcr/SourcePackages/checkouts/swift-crypto/Sources/Crypto/Keys/EC/BoringSSL/X25519Keys_boring.swift (in target 'Crypto' from project 'swift-crypto')
    cd /Users/user51/Downloads/iCohort3/iCohort3.xcodeproj
    

SwiftCompile normal arm64 /Users/user51/Library/Developer/Xcode/DerivedData/iCohort3-bwoefxeicoflurbglvssertdjhcr/SourcePackages/checkouts/swift-crypto/Sources/Crypto/Keys/EC/Curve25519.swift (in target 'Crypto' from project 'swift-crypto')
    cd /Users/user51/Downloads/iCohort3/iCohort3.xcodeproj
    

SwiftCompile normal arm64 /Users/user51/Library/Developer/Xcode/DerivedData/iCohort3-bwoefxeicoflurbglvssertdjhcr/SourcePackages/checkouts/swift-crypto/Sources/Crypto/Keys/EC/Ed25519Keys.swift (in target 'Crypto' from project 'swift-crypto')
    cd /Users/user51/Downloads/iCohort3/iCohort3.xcodeproj
    

SwiftCompile normal arm64 /Users/user51/Library/Developer/Xcode/DerivedData/iCohort3-bwoefxeicoflurbglvssertdjhcr/SourcePackages/checkouts/swift-crypto/Sources/Crypto/Keys/EC/NISTCurvesKeys.swift (in target 'Crypto' from project 'swift-crypto')
    cd /Users/user51/Downloads/iCohort3/iCohort3.xcodeproj
    

SwiftCompile normal arm64 /Users/user51/Library/Developer/Xcode/DerivedData/iCohort3-bwoefxeicoflurbglvssertdjhcr/SourcePackages/checkouts/swift-crypto/Sources/Crypto/Keys/EC/X25519Keys.swift (in target 'Crypto' from project 'swift-crypto')
    cd /Users/user51/Downloads/iCohort3/iCohort3.xcodeproj
    

SwiftCompile normal arm64 /Users/user51/Library/Developer/Xcode/DerivedData/iCohort3-bwoefxeicoflurbglvssertdjhcr/SourcePackages/checkouts/swift-crypto/Sources/Crypto/Keys/Symmetric/SymmetricKeys.swift (in target 'Crypto' from project 'swift-crypto')
    cd /Users/user51/Downloads/iCohort3/iCohort3.xcodeproj
    

SwiftDriverJobDiscovery normal arm64 Compiling CryptoError_boring.swift, CryptoKitErrors.swift, Digest_boring.swift, Digest.swift, Digests.swift, HashFunctions.swift, HashFunctions_SHA2.swift, HashFunctions_SHA3.swift, Digest_xkcp.swift, HPKE-AEAD.swift, HPKE-Ciphersuite.swift, HPKE-KDF.swift (in target 'Crypto' from project 'swift-crypto')

SwiftCompile normal arm64 Compiling\ ASN1Integer.swift,\ ASN1Null.swift,\ ASN1OctetString.swift,\ ASN1Strings.swift,\ ArraySliceBigint.swift,\ GeneralizedTime.swift,\ ObjectIdentifier.swift,\ ECDSASignature.swift,\ PEMDocument.swift,\ PKCS8PrivateKey.swift,\ SEC1PrivateKey.swift,\ SubjectPublicKeyInfo.swift /Users/user51/Library/Developer/Xcode/DerivedData/iCohort3-bwoefxeicoflurbglvssertdjhcr/SourcePackages/checkouts/swift-crypto/Sources/Crypto/ASN1/Basic\ ASN1\ Types/ASN1Integer.swift /Users/user51/Library/Developer/Xcode/DerivedData/iCohort3-bwoefxeicoflurbglvssertdjhcr/SourcePackages/checkouts/swift-crypto/Sources/Crypto/ASN1/Basic\ ASN1\ Types/ASN1Null.swift /Users/user51/Library/Developer/Xcode/DerivedData/iCohort3-bwoefxeicoflurbglvssertdjhcr/SourcePackages/checkouts/swift-crypto/Sources/Crypto/ASN1/Basic\ ASN1\ Types/ASN1OctetString.swift /Users/user51/Library/Developer/Xcode/DerivedData/iCohort3-bwoefxeicoflurbglvssertdjhcr/SourcePackages/checkouts/swift-crypto/Sources/Crypto/ASN1/Basic\ ASN1\ Types/ASN1Strings.swift /Users/user51/Library/Developer/Xcode/DerivedData/iCohort3-bwoefxeicoflurbglvssertdjhcr/SourcePackages/checkouts/swift-crypto/Sources/Crypto/ASN1/Basic\ ASN1\ Types/ArraySliceBigint.swift /Users/user51/Library/Developer/Xcode/DerivedData/iCohort3-bwoefxeicoflurbglvssertdjhcr/SourcePackages/checkouts/swift-crypto/Sources/Crypto/ASN1/Basic\ ASN1\ Types/GeneralizedTime.swift /Users/user51/Library/Developer/Xcode/DerivedData/iCohort3-bwoefxeicoflurbglvssertdjhcr/SourcePackages/checkouts/swift-crypto/Sources/Crypto/ASN1/Basic\ ASN1\ Types/ObjectIdentifier.swift /Users/user51/Library/Developer/Xcode/DerivedData/iCohort3-bwoefxeicoflurbglvssertdjhcr/SourcePackages/checkouts/swift-crypto/Sources/Crypto/ASN1/ECDSASignature.swift /Users/user51/Library/Developer/Xcode/DerivedData/iCohort3-bwoefxeicoflurbglvssertdjhcr/SourcePackages/checkouts/swift-crypto/Sources/Crypto/ASN1/PEMDocument.swift /Users/user51/Library/Developer/Xcode/DerivedData/iCohort3-bwoefxeicoflurbglvssertdjhcr/SourcePackages/checkouts/swift-crypto/Sources/Crypto/ASN1/PKCS8PrivateKey.swift /Users/user51/Library/Developer/Xcode/DerivedData/iCohort3-bwoefxeicoflurbglvssertdjhcr/SourcePackages/checkouts/swift-crypto/Sources/Crypto/ASN1/SEC1PrivateKey.swift /Users/user51/Library/Developer/Xcode/DerivedData/iCohort3-bwoefxeicoflurbglvssertdjhcr/SourcePackages/checkouts/swift-crypto/Sources/Crypto/ASN1/SubjectPublicKeyInfo.swift (in target 'Crypto' from project 'swift-crypto')

SwiftCompile normal arm64 /Users/user51/Library/Developer/Xcode/DerivedData/iCohort3-bwoefxeicoflurbglvssertdjhcr/SourcePackages/checkouts/swift-crypto/Sources/Crypto/ASN1/Basic\ ASN1\ Types/ASN1Integer.swift (in target 'Crypto' from project 'swift-crypto')
    cd /Users/user51/Downloads/iCohort3/iCohort3.xcodeproj
    

SwiftCompile normal arm64 /Users/user51/Library/Developer/Xcode/DerivedData/iCohort3-bwoefxeicoflurbglvssertdjhcr/SourcePackages/checkouts/swift-crypto/Sources/Crypto/ASN1/Basic\ ASN1\ Types/ASN1Null.swift (in target 'Crypto' from project 'swift-crypto')
    cd /Users/user51/Downloads/iCohort3/iCohort3.xcodeproj
    

SwiftCompile normal arm64 /Users/user51/Library/Developer/Xcode/DerivedData/iCohort3-bwoefxeicoflurbglvssertdjhcr/SourcePackages/checkouts/swift-crypto/Sources/Crypto/ASN1/Basic\ ASN1\ Types/ASN1OctetString.swift (in target 'Crypto' from project 'swift-crypto')
    cd /Users/user51/Downloads/iCohort3/iCohort3.xcodeproj
    

SwiftCompile normal arm64 /Users/user51/Library/Developer/Xcode/DerivedData/iCohort3-bwoefxeicoflurbglvssertdjhcr/SourcePackages/checkouts/swift-crypto/Sources/Crypto/ASN1/Basic\ ASN1\ Types/ASN1Strings.swift (in target 'Crypto' from project 'swift-crypto')
    cd /Users/user51/Downloads/iCohort3/iCohort3.xcodeproj
    

SwiftCompile normal arm64 /Users/user51/Library/Developer/Xcode/DerivedData/iCohort3-bwoefxeicoflurbglvssertdjhcr/SourcePackages/checkouts/swift-crypto/Sources/Crypto/ASN1/Basic\ ASN1\ Types/ArraySliceBigint.swift (in target 'Crypto' from project 'swift-crypto')
    cd /Users/user51/Downloads/iCohort3/iCohort3.xcodeproj
    

SwiftCompile normal arm64 /Users/user51/Library/Developer/Xcode/DerivedData/iCohort3-bwoefxeicoflurbglvssertdjhcr/SourcePackages/checkouts/swift-crypto/Sources/Crypto/ASN1/Basic\ ASN1\ Types/GeneralizedTime.swift (in target 'Crypto' from project 'swift-crypto')
    cd /Users/user51/Downloads/iCohort3/iCohort3.xcodeproj
    

SwiftCompile normal arm64 /Users/user51/Library/Developer/Xcode/DerivedData/iCohort3-bwoefxeicoflurbglvssertdjhcr/SourcePackages/checkouts/swift-crypto/Sources/Crypto/ASN1/Basic\ ASN1\ Types/ObjectIdentifier.swift (in target 'Crypto' from project 'swift-crypto')
    cd /Users/user51/Downloads/iCohort3/iCohort3.xcodeproj
    

SwiftCompile normal arm64 /Users/user51/Library/Developer/Xcode/DerivedData/iCohort3-bwoefxeicoflurbglvssertdjhcr/SourcePackages/checkouts/swift-crypto/Sources/Crypto/ASN1/ECDSASignature.swift (in target 'Crypto' from project 'swift-crypto')
    cd /Users/user51/Downloads/iCohort3/iCohort3.xcodeproj
    

SwiftCompile normal arm64 /Users/user51/Library/Developer/Xcode/DerivedData/iCohort3-bwoefxeicoflurbglvssertdjhcr/SourcePackages/checkouts/swift-crypto/Sources/Crypto/ASN1/PEMDocument.swift (in target 'Crypto' from project 'swift-crypto')
    cd /Users/user51/Downloads/iCohort3/iCohort3.xcodeproj
    

SwiftCompile normal arm64 /Users/user51/Library/Developer/Xcode/DerivedData/iCohort3-bwoefxeicoflurbglvssertdjhcr/SourcePackages/checkouts/swift-crypto/Sources/Crypto/ASN1/PKCS8PrivateKey.swift (in target 'Crypto' from project 'swift-crypto')
    cd /Users/user51/Downloads/iCohort3/iCohort3.xcodeproj
    

SwiftCompile normal arm64 /Users/user51/Library/Developer/Xcode/DerivedData/iCohort3-bwoefxeicoflurbglvssertdjhcr/SourcePackages/checkouts/swift-crypto/Sources/Crypto/ASN1/SEC1PrivateKey.swift (in target 'Crypto' from project 'swift-crypto')
    cd /Users/user51/Downloads/iCohort3/iCohort3.xcodeproj
    

SwiftCompile normal arm64 /Users/user51/Library/Developer/Xcode/DerivedData/iCohort3-bwoefxeicoflurbglvssertdjhcr/SourcePackages/checkouts/swift-crypto/Sources/Crypto/ASN1/SubjectPublicKeyInfo.swift (in target 'Crypto' from project 'swift-crypto')
    cd /Users/user51/Downloads/iCohort3/iCohort3.xcodeproj
    

SwiftDriverJobDiscovery normal arm64 Compiling ISOLatin1String.swift (in target 'HTTPTypes' from project 'swift-http-types')

SwiftDriverJobDiscovery normal arm64 Compiling HTTPResponse.swift (in target 'HTTPTypes' from project 'swift-http-types')

SwiftCompile normal arm64 Compiling\ MainSerialExecutor.swift /Users/user51/Library/Developer/Xcode/DerivedData/iCohort3-bwoefxeicoflurbglvssertdjhcr/SourcePackages/checkouts/swift-concurrency-extras/Sources/ConcurrencyExtras/MainSerialExecutor.swift (in target 'ConcurrencyExtras' from project 'swift-concurrency-extras')

SwiftCompile normal arm64 /Users/user51/Library/Developer/Xcode/DerivedData/iCohort3-bwoefxeicoflurbglvssertdjhcr/SourcePackages/checkouts/swift-concurrency-extras/Sources/ConcurrencyExtras/MainSerialExecutor.swift (in target 'ConcurrencyExtras' from project 'swift-concurrency-extras')
    cd /Users/user51/Downloads/iCohort3/iCohort3.xcodeproj
    

SwiftCompile normal arm64 Compiling\ AsyncStream.swift,\ AsyncThrowingStream.swift /Users/user51/Library/Developer/Xcode/DerivedData/iCohort3-bwoefxeicoflurbglvssertdjhcr/SourcePackages/checkouts/swift-concurrency-extras/Sources/ConcurrencyExtras/AsyncStream.swift /Users/user51/Library/Developer/Xcode/DerivedData/iCohort3-bwoefxeicoflurbglvssertdjhcr/SourcePackages/checkouts/swift-concurrency-extras/Sources/ConcurrencyExtras/AsyncThrowingStream.swift (in target 'ConcurrencyExtras' from project 'swift-concurrency-extras')

SwiftCompile normal arm64 /Users/user51/Library/Developer/Xcode/DerivedData/iCohort3-bwoefxeicoflurbglvssertdjhcr/SourcePackages/checkouts/swift-concurrency-extras/Sources/ConcurrencyExtras/AsyncStream.swift (in target 'ConcurrencyExtras' from project 'swift-concurrency-extras')
    cd /Users/user51/Downloads/iCohort3/iCohort3.xcodeproj
    

SwiftCompile normal arm64 /Users/user51/Library/Developer/Xcode/DerivedData/iCohort3-bwoefxeicoflurbglvssertdjhcr/SourcePackages/checkouts/swift-concurrency-extras/Sources/ConcurrencyExtras/AsyncThrowingStream.swift (in target 'ConcurrencyExtras' from project 'swift-concurrency-extras')
    cd /Users/user51/Downloads/iCohort3/iCohort3.xcodeproj
    

SwiftDriverJobDiscovery normal arm64 Compiling resource_bundle_accessor.swift, AES-GCM.swift, AES-GCM_boring.swift, ChaChaPoly_boring.swift, ChaChaPoly.swift, Cipher.swift, Nonces.swift, ASN1.swift, ASN1Any.swift, ASN1BitString.swift, ASN1Boolean.swift, ASN1Identifier.swift (in target 'Crypto' from project 'swift-crypto')

SwiftDriverJobDiscovery normal arm64 Compiling Insecure.swift, Insecure_HashFunctions.swift, MLKEM_boring.swift, MLKEM_wrapper.swift, XWing_boring.swift, KEM-Errors.swift, KEM.swift, MLKEM.swift, XWing.swift, ECDH_boring.swift, DH.swift, ECDH.swift (in target 'Crypto' from project 'swift-crypto')

SwiftCompile normal arm64 Compiling\ Locking.swift,\ UncheckedBox.swift /Users/user51/Library/Developer/Xcode/DerivedData/iCohort3-bwoefxeicoflurbglvssertdjhcr/SourcePackages/checkouts/swift-concurrency-extras/Sources/ConcurrencyExtras/Internal/Locking.swift /Users/user51/Library/Developer/Xcode/DerivedData/iCohort3-bwoefxeicoflurbglvssertdjhcr/SourcePackages/checkouts/swift-concurrency-extras/Sources/ConcurrencyExtras/Internal/UncheckedBox.swift (in target 'ConcurrencyExtras' from project 'swift-concurrency-extras')

SwiftCompile normal arm64 /Users/user51/Library/Developer/Xcode/DerivedData/iCohort3-bwoefxeicoflurbglvssertdjhcr/SourcePackages/checkouts/swift-concurrency-extras/Sources/ConcurrencyExtras/Internal/Locking.swift (in target 'ConcurrencyExtras' from project 'swift-concurrency-extras')
    cd /Users/user51/Downloads/iCohort3/iCohort3.xcodeproj
    

SwiftCompile normal arm64 /Users/user51/Library/Developer/Xcode/DerivedData/iCohort3-bwoefxeicoflurbglvssertdjhcr/SourcePackages/checkouts/swift-concurrency-extras/Sources/ConcurrencyExtras/Internal/UncheckedBox.swift (in target 'ConcurrencyExtras' from project 'swift-concurrency-extras')
    cd /Users/user51/Downloads/iCohort3/iCohort3.xcodeproj
    

SwiftDriverJobDiscovery normal arm64 Compiling HPKE-KexKeyDerivation.swift, HPKE-LabeledExtract.swift, HPKE-Utils.swift, DHKEM.swift, HPKE-KEM-Curve25519.swift, HPKE-NIST-EC-KEMs.swift, HPKE-KEM.swift, HPKE-Errors.swift, HPKE.swift, HPKE-Context.swift, HPKE-KeySchedule.swift, HPKE-Modes.swift (in target 'Crypto' from project 'swift-crypto')

SwiftCompile normal arm64 Compiling\ Result.swift /Users/user51/Library/Developer/Xcode/DerivedData/iCohort3-bwoefxeicoflurbglvssertdjhcr/SourcePackages/checkouts/swift-concurrency-extras/Sources/ConcurrencyExtras/Result.swift (in target 'ConcurrencyExtras' from project 'swift-concurrency-extras')

SwiftCompile normal arm64 /Users/user51/Library/Developer/Xcode/DerivedData/iCohort3-bwoefxeicoflurbglvssertdjhcr/SourcePackages/checkouts/swift-concurrency-extras/Sources/ConcurrencyExtras/Result.swift (in target 'ConcurrencyExtras' from project 'swift-concurrency-extras')
    cd /Users/user51/Downloads/iCohort3/iCohort3.xcodeproj
    

SwiftDriverJobDiscovery normal arm64 Compiling MainSerialExecutor.swift (in target 'ConcurrencyExtras' from project 'swift-concurrency-extras')

SwiftDriver XCTestDynamicOverlay normal arm64 com.apple.xcode.tools.swift.compiler (in target 'XCTestDynamicOverlay' from project 'xctest-dynamic-overlay')
    cd /Users/user51/Downloads/iCohort3/iCohort3.xcodeproj
    builtin-SwiftDriver -- /Applications/Xcode.app/Contents/Developer/Toolchains/XcodeDefault.xctoolchain/usr/bin/swiftc -module-name XCTestDynamicOverlay -Onone -enforce-exclusivity\=checked @/Users/user51/Library/Developer/Xcode/DerivedData/iCohort3-bwoefxeicoflurbglvssertdjhcr/Build/Intermediates.noindex/xctest-dynamic-overlay.build/Debug-iphonesimulator/XCTestDynamicOverlay.build/Objects-normal/arm64/XCTestDynamicOverlay.SwiftFileList -DSWIFT_PACKAGE -DDEBUG -DSWIFT_MODULE_RESOURCE_BUNDLE_UNAVAILABLE -DXcode -plugin-path /Applications/Xcode.app/Contents/Developer/Toolchains/XcodeDefault.xctoolchain/usr/lib/swift/host/plugins/testing -enable-experimental-feature DebugDescriptionMacro -sdk /Applications/Xcode.app/Contents/Developer/Platforms/iPhoneSimulator.platform/Developer/SDKs/iPhoneSimulator26.2.sdk -target arm64-apple-ios13.0-simulator -g -module-cache-path /Users/user51/Library/Developer/Xcode/DerivedData/ModuleCache.noindex -Xfrontend -serialize-debugging-options -profile-coverage-mapping -profile-generate -enable-testing -suppress-warnings -index-store-path /Users/user51/Library/Developer/Xcode/DerivedData/iCohort3-bwoefxeicoflurbglvssertdjhcr/Index.noindex/DataStore -Xcc -D_LIBCPP_HARDENING_MODE\=_LIBCPP_HARDENING_MODE_DEBUG -swift-version 6 -I /Users/user51/Library/Developer/Xcode/DerivedData/iCohort3-bwoefxeicoflurbglvssertdjhcr/Build/Products/Debug-iphonesimulator -Isystem /Applications/Xcode.app/Contents/Developer/Platforms/iPhoneSimulator.platform/Developer/usr/lib -F /Users/user51/Library/Developer/Xcode/DerivedData/iCohort3-bwoefxeicoflurbglvssertdjhcr/Build/Products/Debug-iphonesimulator/PackageFrameworks -F /Users/user51/Library/Developer/Xcode/DerivedData/iCohort3-bwoefxeicoflurbglvssertdjhcr/Build/Products/Debug-iphonesimulator/PackageFrameworks -F /Users/user51/Library/Developer/Xcode/DerivedData/iCohort3-bwoefxeicoflurbglvssertdjhcr/Build/Products/Debug-iphonesimulator -F /Applications/Xcode.app/Contents/Developer/Platforms/iPhoneSimulator.platform/Developer/Library/Frameworks -F /Applications/Xcode.app/Contents/Developer/Platforms/iPhoneSimulator.platform/Developer/SDKs/iPhoneSimulator26.2.sdk/Developer/Library/Frameworks -c -j8 -enable-batch-mode -incremental -Xcc -ivfsstatcache -Xcc /Users/user51/Library/Developer/Xcode/DerivedData/SDKStatCaches.noindex/iphonesimulator26.2-23C53-dc75598d0054f22ec865fa860f139d727d00a8b37fbd7999ea79df8ebc024bf0.sdkstatcache -output-file-map /Users/user51/Library/Developer/Xcode/DerivedData/iCohort3-bwoefxeicoflurbglvssertdjhcr/Build/Intermediates.noindex/xctest-dynamic-overlay.build/Debug-iphonesimulator/XCTestDynamicOverlay.build/Objects-normal/arm64/XCTestDynamicOverlay-OutputFileMap.json -use-frontend-parseable-output -save-temps -no-color-diagnostics -explicit-module-build -module-cache-path /Users/user51/Library/Developer/Xcode/DerivedData/iCohort3-bwoefxeicoflurbglvssertdjhcr/Build/Intermediates.noindex/SwiftExplicitPrecompiledModules -clang-scanner-module-cache-path /Users/user51/Library/Developer/Xcode/DerivedData/ModuleCache.noindex -sdk-module-cache-path /Users/user51/Library/Developer/Xcode/DerivedData/ModuleCache.noindex -serialize-diagnostics -emit-dependencies -emit-module -emit-module-path /Users/user51/Library/Developer/Xcode/DerivedData/iCohort3-bwoefxeicoflurbglvssertdjhcr/Build/Intermediates.noindex/xctest-dynamic-overlay.build/Debug-iphonesimulator/XCTestDynamicOverlay.build/Objects-normal/arm64/XCTestDynamicOverlay.swiftmodule -user-module-version 1.7.0 -validate-clang-modules-once -clang-build-session-file /Users/user51/Library/Developer/Xcode/DerivedData/ModuleCache.noindex/Session.modulevalidation -package-name xctest_dynamic_overlay -Xcc -I/Users/user51/Library/Developer/Xcode/DerivedData/iCohort3-bwoefxeicoflurbglvssertdjhcr/Build/Intermediates.noindex/xctest-dynamic-overlay.build/Debug-iphonesimulator/XCTestDynamicOverlay.build/swift-overrides.hmap -emit-const-values -Xfrontend -const-gather-protocols-file -Xfrontend /Users/user51/Library/Developer/Xcode/DerivedData/iCohort3-bwoefxeicoflurbglvssertdjhcr/Build/Intermediates.noindex/xctest-dynamic-overlay.build/Debug-iphonesimulator/XCTestDynamicOverlay.build/Objects-normal/arm64/XCTestDynamicOverlay_const_extract_protocols.json -Xcc -I/Users/user51/Library/Developer/Xcode/DerivedData/iCohort3-bwoefxeicoflurbglvssertdjhcr/Build/Products/Debug-iphonesimulator/include -Xcc -I/Users/user51/Library/Developer/Xcode/DerivedData/iCohort3-bwoefxeicoflurbglvssertdjhcr/Build/Intermediates.noindex/xctest-dynamic-overlay.build/Debug-iphonesimulator/XCTestDynamicOverlay.build/DerivedSources-normal/arm64 -Xcc -I/Users/user51/Library/Developer/Xcode/DerivedData/iCohort3-bwoefxeicoflurbglvssertdjhcr/Build/Intermediates.noindex/xctest-dynamic-overlay.build/Debug-iphonesimulator/XCTestDynamicOverlay.build/DerivedSources/arm64 -Xcc -I/Users/user51/Library/Developer/Xcode/DerivedData/iCohort3-bwoefxeicoflurbglvssertdjhcr/Build/Intermediates.noindex/xctest-dynamic-overlay.build/Debug-iphonesimulator/XCTestDynamicOverlay.build/DerivedSources -Xcc -DSWIFT_PACKAGE -Xcc -DDEBUG\=1 -emit-objc-header -emit-objc-header-path /Users/user51/Library/Developer/Xcode/DerivedData/iCohort3-bwoefxeicoflurbglvssertdjhcr/Build/Intermediates.noindex/xctest-dynamic-overlay.build/Debug-iphonesimulator/XCTestDynamicOverlay.build/Objects-normal/arm64/XCTestDynamicOverlay-Swift.h -working-directory /Users/user51/Downloads/iCohort3/iCohort3.xcodeproj -experimental-emit-module-separately -disable-cmo

SwiftDriverJobDiscovery normal arm64 Compiling ASN1Integer.swift, ASN1Null.swift, ASN1OctetString.swift, ASN1Strings.swift, ArraySliceBigint.swift, GeneralizedTime.swift, ObjectIdentifier.swift, ECDSASignature.swift, PEMDocument.swift, PKCS8PrivateKey.swift, SEC1PrivateKey.swift, SubjectPublicKeyInfo.swift (in target 'Crypto' from project 'swift-crypto')

RegisterExecutionPolicyException /Users/user51/Library/Developer/Xcode/DerivedData/iCohort3-bwoefxeicoflurbglvssertdjhcr/Build/Products/Debug-iphonesimulator/IssueReportingPackageSupport.o (in target 'IssueReportingPackageSupport' from project 'xctest-dynamic-overlay')
    cd /Users/user51/Library/Developer/Xcode/DerivedData/iCohort3-bwoefxeicoflurbglvssertdjhcr/SourcePackages/checkouts/xctest-dynamic-overlay
    builtin-RegisterExecutionPolicyException /Users/user51/Library/Developer/Xcode/DerivedData/iCohort3-bwoefxeicoflurbglvssertdjhcr/Build/Products/Debug-iphonesimulator/IssueReportingPackageSupport.o

SwiftDriverJobDiscovery normal arm64 Compiling AsyncStream.swift, AsyncThrowingStream.swift (in target 'ConcurrencyExtras' from project 'swift-concurrency-extras')

SwiftDriver Clocks normal arm64 com.apple.xcode.tools.swift.compiler (in target 'Clocks' from project 'swift-clocks')
    cd /Users/user51/Downloads/iCohort3/iCohort3.xcodeproj
    builtin-SwiftDriver -- /Applications/Xcode.app/Contents/Developer/Toolchains/XcodeDefault.xctoolchain/usr/bin/swiftc -module-name Clocks -Onone -enforce-exclusivity\=checked @/Users/user51/Library/Developer/Xcode/DerivedData/iCohort3-bwoefxeicoflurbglvssertdjhcr/Build/Intermediates.noindex/swift-clocks.build/Debug-iphonesimulator/Clocks.build/Objects-normal/arm64/Clocks.SwiftFileList -DSWIFT_PACKAGE -DDEBUG -DSWIFT_MODULE_RESOURCE_BUNDLE_UNAVAILABLE -DXcode -plugin-path /Applications/Xcode.app/Contents/Developer/Toolchains/XcodeDefault.xctoolchain/usr/lib/swift/host/plugins/testing -enable-experimental-feature DebugDescriptionMacro -sdk /Applications/Xcode.app/Contents/Developer/Platforms/iPhoneSimulator.platform/Developer/SDKs/iPhoneSimulator26.2.sdk -target arm64-apple-ios13.0-simulator -g -module-cache-path /Users/user51/Library/Developer/Xcode/DerivedData/ModuleCache.noindex -Xfrontend -serialize-debugging-options -profile-coverage-mapping -profile-generate -enable-testing -suppress-warnings -index-store-path /Users/user51/Library/Developer/Xcode/DerivedData/iCohort3-bwoefxeicoflurbglvssertdjhcr/Index.noindex/DataStore -Xcc -D_LIBCPP_HARDENING_MODE\=_LIBCPP_HARDENING_MODE_DEBUG -swift-version 6 -I /Users/user51/Library/Developer/Xcode/DerivedData/iCohort3-bwoefxeicoflurbglvssertdjhcr/Build/Products/Debug-iphonesimulator -Isystem /Applications/Xcode.app/Contents/Developer/Platforms/iPhoneSimulator.platform/Developer/usr/lib -F /Users/user51/Library/Developer/Xcode/DerivedData/iCohort3-bwoefxeicoflurbglvssertdjhcr/Build/Products/Debug-iphonesimulator/PackageFrameworks -F /Users/user51/Library/Developer/Xcode/DerivedData/iCohort3-bwoefxeicoflurbglvssertdjhcr/Build/Products/Debug-iphonesimulator/PackageFrameworks -F /Users/user51/Library/Developer/Xcode/DerivedData/iCohort3-bwoefxeicoflurbglvssertdjhcr/Build/Products/Debug-iphonesimulator/PackageFrameworks -F /Users/user51/Library/Developer/Xcode/DerivedData/iCohort3-bwoefxeicoflurbglvssertdjhcr/Build/Products/Debug-iphonesimulator -F /Applications/Xcode.app/Contents/Developer/Platforms/iPhoneSimulator.platform/Developer/Library/Frameworks -F /Applications/Xcode.app/Contents/Developer/Platforms/iPhoneSimulator.platform/Developer/SDKs/iPhoneSimulator26.2.sdk/Developer/Library/Frameworks -c -j8 -enable-batch-mode -incremental -Xcc -ivfsstatcache -Xcc /Users/user51/Library/Developer/Xcode/DerivedData/SDKStatCaches.noindex/iphonesimulator26.2-23C53-dc75598d0054f22ec865fa860f139d727d00a8b37fbd7999ea79df8ebc024bf0.sdkstatcache -output-file-map /Users/user51/Library/Developer/Xcode/DerivedData/iCohort3-bwoefxeicoflurbglvssertdjhcr/Build/Intermediates.noindex/swift-clocks.build/Debug-iphonesimulator/Clocks.build/Objects-normal/arm64/Clocks-OutputFileMap.json -use-frontend-parseable-output -save-temps -no-color-diagnostics -explicit-module-build -module-cache-path /Users/user51/Library/Developer/Xcode/DerivedData/iCohort3-bwoefxeicoflurbglvssertdjhcr/Build/Intermediates.noindex/SwiftExplicitPrecompiledModules -clang-scanner-module-cache-path /Users/user51/Library/Developer/Xcode/DerivedData/ModuleCache.noindex -sdk-module-cache-path /Users/user51/Library/Developer/Xcode/DerivedData/ModuleCache.noindex -serialize-diagnostics -emit-dependencies -emit-module -emit-module-path /Users/user51/Library/Developer/Xcode/DerivedData/iCohort3-bwoefxeicoflurbglvssertdjhcr/Build/Intermediates.noindex/swift-clocks.build/Debug-iphonesimulator/Clocks.build/Objects-normal/arm64/Clocks.swiftmodule -user-module-version 1.0.6 -validate-clang-modules-once -clang-build-session-file /Users/user51/Library/Developer/Xcode/DerivedData/ModuleCache.noindex/Session.modulevalidation -package-name swift_clocks -Xcc -I/Users/user51/Library/Developer/Xcode/DerivedData/iCohort3-bwoefxeicoflurbglvssertdjhcr/Build/Intermediates.noindex/swift-clocks.build/Debug-iphonesimulator/Clocks.build/swift-overrides.hmap -emit-const-values -Xfrontend -const-gather-protocols-file -Xfrontend /Users/user51/Library/Developer/Xcode/DerivedData/iCohort3-bwoefxeicoflurbglvssertdjhcr/Build/Intermediates.noindex/swift-clocks.build/Debug-iphonesimulator/Clocks.build/Objects-normal/arm64/Clocks_const_extract_protocols.json -Xcc -I/Users/user51/Library/Developer/Xcode/DerivedData/iCohort3-bwoefxeicoflurbglvssertdjhcr/Build/Products/Debug-iphonesimulator/include -Xcc -I/Users/user51/Library/Developer/Xcode/DerivedData/iCohort3-bwoefxeicoflurbglvssertdjhcr/Build/Intermediates.noindex/swift-clocks.build/Debug-iphonesimulator/Clocks.build/DerivedSources-normal/arm64 -Xcc -I/Users/user51/Library/Developer/Xcode/DerivedData/iCohort3-bwoefxeicoflurbglvssertdjhcr/Build/Intermediates.noindex/swift-clocks.build/Debug-iphonesimulator/Clocks.build/DerivedSources/arm64 -Xcc -I/Users/user51/Library/Developer/Xcode/DerivedData/iCohort3-bwoefxeicoflurbglvssertdjhcr/Build/Intermediates.noindex/swift-clocks.build/Debug-iphonesimulator/Clocks.build/DerivedSources -Xcc -DSWIFT_PACKAGE -Xcc -DDEBUG\=1 -emit-objc-header -emit-objc-header-path /Users/user51/Library/Developer/Xcode/DerivedData/iCohort3-bwoefxeicoflurbglvssertdjhcr/Build/Intermediates.noindex/swift-clocks.build/Debug-iphonesimulator/Clocks.build/Objects-normal/arm64/Clocks-Swift.h -working-directory /Users/user51/Downloads/iCohort3/iCohort3.xcodeproj -experimental-emit-module-separately -disable-cmo

Ld /Users/user51/Library/Developer/Xcode/DerivedData/iCohort3-bwoefxeicoflurbglvssertdjhcr/Build/Products/Debug-iphonesimulator/IssueReporting.o normal (in target 'IssueReporting' from project 'xctest-dynamic-overlay')
    cd /Users/user51/Library/Developer/Xcode/DerivedData/iCohort3-bwoefxeicoflurbglvssertdjhcr/SourcePackages/checkouts/xctest-dynamic-overlay
    /Applications/Xcode.app/Contents/Developer/Toolchains/XcodeDefault.xctoolchain/usr/bin/clang -Xlinker -reproducible -target arm64-apple-ios13.0-simulator -r -isysroot /Applications/Xcode.app/Contents/Developer/Platforms/iPhoneSimulator.platform/Developer/SDKs/iPhoneSimulator26.2.sdk -O0 -w -L/Users/user51/Library/Developer/Xcode/DerivedData/iCohort3-bwoefxeicoflurbglvssertdjhcr/Build/Intermediates.noindex/EagerLinkingTBDs/Debug-iphonesimulator -L/Users/user51/Library/Developer/Xcode/DerivedData/iCohort3-bwoefxeicoflurbglvssertdjhcr/Build/Products/Debug-iphonesimulator -L/Applications/Xcode.app/Contents/Developer/Platforms/iPhoneSimulator.platform/Developer/usr/lib -F/Users/user51/Library/Developer/Xcode/DerivedData/iCohort3-bwoefxeicoflurbglvssertdjhcr/Build/Intermediates.noindex/EagerLinkingTBDs/Debug-iphonesimulator -F/Users/user51/Library/Developer/Xcode/DerivedData/iCohort3-bwoefxeicoflurbglvssertdjhcr/Build/Products/Debug-iphonesimulator/PackageFrameworks -F/Users/user51/Library/Developer/Xcode/DerivedData/iCohort3-bwoefxeicoflurbglvssertdjhcr/Build/Products/Debug-iphonesimulator -iframework /Applications/Xcode.app/Contents/Developer/Platforms/iPhoneSimulator.platform/Developer/Library/Frameworks -iframework /Applications/Xcode.app/Contents/Developer/Platforms/iPhoneSimulator.platform/Developer/SDKs/iPhoneSimulator26.2.sdk/Developer/Library/Frameworks -filelist /Users/user51/Library/Developer/Xcode/DerivedData/iCohort3-bwoefxeicoflurbglvssertdjhcr/Build/Intermediates.noindex/xctest-dynamic-overlay.build/Debug-iphonesimulator/IssueReporting.build/Objects-normal/arm64/IssueReporting.LinkFileList -nostdlib -Xlinker -object_path_lto -Xlinker /Users/user51/Library/Developer/Xcode/DerivedData/iCohort3-bwoefxeicoflurbglvssertdjhcr/Build/Intermediates.noindex/xctest-dynamic-overlay.build/Debug-iphonesimulator/IssueReporting.build/Objects-normal/arm64/IssueReporting_lto.o -rdynamic -Xlinker -no_deduplicate -Xlinker -objc_abi_version -Xlinker 2 -Xlinker -debug_variant -Xlinker -dependency_info -Xlinker /Users/user51/Library/Developer/Xcode/DerivedData/iCohort3-bwoefxeicoflurbglvssertdjhcr/Build/Intermediates.noindex/xctest-dynamic-overlay.build/Debug-iphonesimulator/IssueReporting.build/Objects-normal/arm64/IssueReporting_dependency_info.dat -fobjc-link-runtime -L/Applications/Xcode.app/Contents/Developer/Toolchains/XcodeDefault.xctoolchain/usr/lib/swift/iphonesimulator -L/usr/lib/swift -Xlinker -add_ast_path -Xlinker /Users/user51/Library/Developer/Xcode/DerivedData/iCohort3-bwoefxeicoflurbglvssertdjhcr/Build/Intermediates.noindex/xctest-dynamic-overlay.build/Debug-iphonesimulator/IssueReporting.build/Objects-normal/arm64/IssueReporting.swiftmodule @/Users/user51/Library/Developer/Xcode/DerivedData/iCohort3-bwoefxeicoflurbglvssertdjhcr/Build/Intermediates.noindex/xctest-dynamic-overlay.build/Debug-iphonesimulator/IssueReporting.build/Objects-normal/arm64/IssueReporting-linker-args.resp -o /Users/user51/Library/Developer/Xcode/DerivedData/iCohort3-bwoefxeicoflurbglvssertdjhcr/Build/Products/Debug-iphonesimulator/IssueReporting.o

SwiftDriverJobDiscovery normal arm64 Compiling ANSIx963.swift, HKDF.swift, AESWrap.swift, AESWrap_boring.swift, Ed25519_boring.swift, NISTCurvesKeys_boring.swift, X25519Keys_boring.swift, Curve25519.swift, Ed25519Keys.swift, NISTCurvesKeys.swift, X25519Keys.swift, SymmetricKeys.swift (in target 'Crypto' from project 'swift-crypto')

SwiftDriverJobDiscovery normal arm64 Compiling Locking.swift, UncheckedBox.swift (in target 'ConcurrencyExtras' from project 'swift-concurrency-extras')

SwiftDriverJobDiscovery normal arm64 Compiling Result.swift (in target 'ConcurrencyExtras' from project 'swift-concurrency-extras')

SwiftDriver\ Compilation ConcurrencyExtras normal arm64 com.apple.xcode.tools.swift.compiler (in target 'ConcurrencyExtras' from project 'swift-concurrency-extras')
    cd /Users/user51/Downloads/iCohort3/iCohort3.xcodeproj
    builtin-Swift-Compilation -- /Applications/Xcode.app/Contents/Developer/Toolchains/XcodeDefault.xctoolchain/usr/bin/swiftc -module-name ConcurrencyExtras -Onone -enforce-exclusivity\=checked @/Users/user51/Library/Developer/Xcode/DerivedData/iCohort3-bwoefxeicoflurbglvssertdjhcr/Build/Intermediates.noindex/swift-concurrency-extras.build/Debug-iphonesimulator/ConcurrencyExtras.build/Objects-normal/arm64/ConcurrencyExtras.SwiftFileList -DSWIFT_PACKAGE -DDEBUG -DSWIFT_MODULE_RESOURCE_BUNDLE_UNAVAILABLE -DXcode -plugin-path /Applications/Xcode.app/Contents/Developer/Toolchains/XcodeDefault.xctoolchain/usr/lib/swift/host/plugins/testing -enable-experimental-feature DebugDescriptionMacro -sdk /Applications/Xcode.app/Contents/Developer/Platforms/iPhoneSimulator.platform/Developer/SDKs/iPhoneSimulator26.2.sdk -target arm64-apple-ios13.0-simulator -g -module-cache-path /Users/user51/Library/Developer/Xcode/DerivedData/ModuleCache.noindex -Xfrontend -serialize-debugging-options -profile-coverage-mapping -profile-generate -enable-testing -suppress-warnings -index-store-path /Users/user51/Library/Developer/Xcode/DerivedData/iCohort3-bwoefxeicoflurbglvssertdjhcr/Index.noindex/DataStore -Xcc -D_LIBCPP_HARDENING_MODE\=_LIBCPP_HARDENING_MODE_DEBUG -swift-version 6 -I /Users/user51/Library/Developer/Xcode/DerivedData/iCohort3-bwoefxeicoflurbglvssertdjhcr/Build/Products/Debug-iphonesimulator -Isystem /Applications/Xcode.app/Contents/Developer/Platforms/iPhoneSimulator.platform/Developer/usr/lib -F /Users/user51/Library/Developer/Xcode/DerivedData/iCohort3-bwoefxeicoflurbglvssertdjhcr/Build/Products/Debug-iphonesimulator -F /Applications/Xcode.app/Contents/Developer/Platforms/iPhoneSimulator.platform/Developer/Library/Frameworks -F /Applications/Xcode.app/Contents/Developer/Platforms/iPhoneSimulator.platform/Developer/SDKs/iPhoneSimulator26.2.sdk/Developer/Library/Frameworks -c -j8 -enable-batch-mode -incremental -Xcc -ivfsstatcache -Xcc /Users/user51/Library/Developer/Xcode/DerivedData/SDKStatCaches.noindex/iphonesimulator26.2-23C53-dc75598d0054f22ec865fa860f139d727d00a8b37fbd7999ea79df8ebc024bf0.sdkstatcache -output-file-map /Users/user51/Library/Developer/Xcode/DerivedData/iCohort3-bwoefxeicoflurbglvssertdjhcr/Build/Intermediates.noindex/swift-concurrency-extras.build/Debug-iphonesimulator/ConcurrencyExtras.build/Objects-normal/arm64/ConcurrencyExtras-OutputFileMap.json -use-frontend-parseable-output -save-temps -no-color-diagnostics -explicit-module-build -module-cache-path /Users/user51/Library/Developer/Xcode/DerivedData/iCohort3-bwoefxeicoflurbglvssertdjhcr/Build/Intermediates.noindex/SwiftExplicitPrecompiledModules -clang-scanner-module-cache-path /Users/user51/Library/Developer/Xcode/DerivedData/ModuleCache.noindex -sdk-module-cache-path /Users/user51/Library/Developer/Xcode/DerivedData/ModuleCache.noindex -serialize-diagnostics -emit-dependencies -emit-module -emit-module-path /Users/user51/Library/Developer/Xcode/DerivedData/iCohort3-bwoefxeicoflurbglvssertdjhcr/Build/Intermediates.noindex/swift-concurrency-extras.build/Debug-iphonesimulator/ConcurrencyExtras.build/Objects-normal/arm64/ConcurrencyExtras.swiftmodule -user-module-version 1.3.2 -validate-clang-modules-once -clang-build-session-file /Users/user51/Library/Developer/Xcode/DerivedData/ModuleCache.noindex/Session.modulevalidation -package-name swift_concurrency_extras -Xcc -I/Users/user51/Library/Developer/Xcode/DerivedData/iCohort3-bwoefxeicoflurbglvssertdjhcr/Build/Intermediates.noindex/swift-concurrency-extras.build/Debug-iphonesimulator/ConcurrencyExtras.build/swift-overrides.hmap -emit-const-values -Xfrontend -const-gather-protocols-file -Xfrontend /Users/user51/Library/Developer/Xcode/DerivedData/iCohort3-bwoefxeicoflurbglvssertdjhcr/Build/Intermediates.noindex/swift-concurrency-extras.build/Debug-iphonesimulator/ConcurrencyExtras.build/Objects-normal/arm64/ConcurrencyExtras_const_extract_protocols.json -Xcc -I/Users/user51/Library/Developer/Xcode/DerivedData/iCohort3-bwoefxeicoflurbglvssertdjhcr/Build/Products/Debug-iphonesimulator/include -Xcc -I/Users/user51/Library/Developer/Xcode/DerivedData/iCohort3-bwoefxeicoflurbglvssertdjhcr/Build/Intermediates.noindex/swift-concurrency-extras.build/Debug-iphonesimulator/ConcurrencyExtras.build/DerivedSources-normal/arm64 -Xcc -I/Users/user51/Library/Developer/Xcode/DerivedData/iCohort3-bwoefxeicoflurbglvssertdjhcr/Build/Intermediates.noindex/swift-concurrency-extras.build/Debug-iphonesimulator/ConcurrencyExtras.build/DerivedSources/arm64 -Xcc -I/Users/user51/Library/Developer/Xcode/DerivedData/iCohort3-bwoefxeicoflurbglvssertdjhcr/Build/Intermediates.noindex/swift-concurrency-extras.build/Debug-iphonesimulator/ConcurrencyExtras.build/DerivedSources -Xcc -DSWIFT_PACKAGE -Xcc -DDEBUG\=1 -emit-objc-header -emit-objc-header-path /Users/user51/Library/Developer/Xcode/DerivedData/iCohort3-bwoefxeicoflurbglvssertdjhcr/Build/Intermediates.noindex/swift-concurrency-extras.build/Debug-iphonesimulator/ConcurrencyExtras.build/Objects-normal/arm64/ConcurrencyExtras-Swift.h -working-directory /Users/user51/Downloads/iCohort3/iCohort3.xcodeproj -experimental-emit-module-separately -disable-cmo

Ld /Users/user51/Library/Developer/Xcode/DerivedData/iCohort3-bwoefxeicoflurbglvssertdjhcr/Build/Products/Debug-iphonesimulator/ConcurrencyExtras.o normal (in target 'ConcurrencyExtras' from project 'swift-concurrency-extras')
    cd /Users/user51/Library/Developer/Xcode/DerivedData/iCohort3-bwoefxeicoflurbglvssertdjhcr/SourcePackages/checkouts/swift-concurrency-extras
    /Applications/Xcode.app/Contents/Developer/Toolchains/XcodeDefault.xctoolchain/usr/bin/clang -Xlinker -reproducible -target arm64-apple-ios13.0-simulator -r -isysroot /Applications/Xcode.app/Contents/Developer/Platforms/iPhoneSimulator.platform/Developer/SDKs/iPhoneSimulator26.2.sdk -O0 -w -L/Users/user51/Library/Developer/Xcode/DerivedData/iCohort3-bwoefxeicoflurbglvssertdjhcr/Build/Intermediates.noindex/EagerLinkingTBDs/Debug-iphonesimulator -L/Users/user51/Library/Developer/Xcode/DerivedData/iCohort3-bwoefxeicoflurbglvssertdjhcr/Build/Products/Debug-iphonesimulator -L/Applications/Xcode.app/Contents/Developer/Platforms/iPhoneSimulator.platform/Developer/usr/lib -F/Users/user51/Library/Developer/Xcode/DerivedData/iCohort3-bwoefxeicoflurbglvssertdjhcr/Build/Intermediates.noindex/EagerLinkingTBDs/Debug-iphonesimulator -F/Users/user51/Library/Developer/Xcode/DerivedData/iCohort3-bwoefxeicoflurbglvssertdjhcr/Build/Products/Debug-iphonesimulator -iframework /Applications/Xcode.app/Contents/Developer/Platforms/iPhoneSimulator.platform/Developer/Library/Frameworks -iframework /Applications/Xcode.app/Contents/Developer/Platforms/iPhoneSimulator.platform/Developer/SDKs/iPhoneSimulator26.2.sdk/Developer/Library/Frameworks -filelist /Users/user51/Library/Developer/Xcode/DerivedData/iCohort3-bwoefxeicoflurbglvssertdjhcr/Build/Intermediates.noindex/swift-concurrency-extras.build/Debug-iphonesimulator/ConcurrencyExtras.build/Objects-normal/arm64/ConcurrencyExtras.LinkFileList -nostdlib -Xlinker -object_path_lto -Xlinker /Users/user51/Library/Developer/Xcode/DerivedData/iCohort3-bwoefxeicoflurbglvssertdjhcr/Build/Intermediates.noindex/swift-concurrency-extras.build/Debug-iphonesimulator/ConcurrencyExtras.build/Objects-normal/arm64/ConcurrencyExtras_lto.o -rdynamic -Xlinker -no_deduplicate -Xlinker -objc_abi_version -Xlinker 2 -Xlinker -debug_variant -Xlinker -dependency_info -Xlinker /Users/user51/Library/Developer/Xcode/DerivedData/iCohort3-bwoefxeicoflurbglvssertdjhcr/Build/Intermediates.noindex/swift-concurrency-extras.build/Debug-iphonesimulator/ConcurrencyExtras.build/Objects-normal/arm64/ConcurrencyExtras_dependency_info.dat -fobjc-link-runtime -L/Applications/Xcode.app/Contents/Developer/Toolchains/XcodeDefault.xctoolchain/usr/lib/swift/iphonesimulator -L/usr/lib/swift -Xlinker -add_ast_path -Xlinker /Users/user51/Library/Developer/Xcode/DerivedData/iCohort3-bwoefxeicoflurbglvssertdjhcr/Build/Intermediates.noindex/swift-concurrency-extras.build/Debug-iphonesimulator/ConcurrencyExtras.build/Objects-normal/arm64/ConcurrencyExtras.swiftmodule @/Users/user51/Library/Developer/Xcode/DerivedData/iCohort3-bwoefxeicoflurbglvssertdjhcr/Build/Intermediates.noindex/swift-concurrency-extras.build/Debug-iphonesimulator/ConcurrencyExtras.build/Objects-normal/arm64/ConcurrencyExtras-linker-args.resp -o /Users/user51/Library/Developer/Xcode/DerivedData/iCohort3-bwoefxeicoflurbglvssertdjhcr/Build/Products/Debug-iphonesimulator/ConcurrencyExtras.o

ExtractAppIntentsMetadata (in target 'IssueReporting' from project 'xctest-dynamic-overlay')
    cd /Users/user51/Library/Developer/Xcode/DerivedData/iCohort3-bwoefxeicoflurbglvssertdjhcr/SourcePackages/checkouts/xctest-dynamic-overlay
    /Applications/Xcode.app/Contents/Developer/Toolchains/XcodeDefault.xctoolchain/usr/bin/appintentsmetadataprocessor --toolchain-dir /var/run/com.apple.security.cryptexd/mnt/com.apple.MobileAsset.MetalToolchain-v17.3.7003.10.GOk9dz/Metal.xctoolchain --module-name IssueReporting --sdk-root /Applications/Xcode.app/Contents/Developer/Platforms/iPhoneSimulator.platform/Developer/SDKs/iPhoneSimulator26.2.sdk --xcode-version 17C52 --platform-family iOS --deployment-target 13.0 --bundle-identifier xctest-dynamic-overlay.IssueReporting --output /Users/user51/Library/Developer/Xcode/DerivedData/iCohort3-bwoefxeicoflurbglvssertdjhcr/Build/Products/Debug-iphonesimulator/IssueReporting.appintents --target-triple arm64-apple-ios13.0-simulator --binary-file /Users/user51/Library/Developer/Xcode/DerivedData/iCohort3-bwoefxeicoflurbglvssertdjhcr/Build/Products/Debug-iphonesimulator/IssueReporting.o --dependency-file /Users/user51/Library/Developer/Xcode/DerivedData/iCohort3-bwoefxeicoflurbglvssertdjhcr/Build/Intermediates.noindex/xctest-dynamic-overlay.build/Debug-iphonesimulator/IssueReporting.build/Objects-normal/arm64/IssueReporting_dependency_info.dat --stringsdata-file /Users/user51/Library/Developer/Xcode/DerivedData/iCohort3-bwoefxeicoflurbglvssertdjhcr/Build/Intermediates.noindex/xctest-dynamic-overlay.build/Debug-iphonesimulator/IssueReporting.build/Objects-normal/arm64/ExtractedAppShortcutsMetadata.stringsdata --source-file-list /Users/user51/Library/Developer/Xcode/DerivedData/iCohort3-bwoefxeicoflurbglvssertdjhcr/Build/Intermediates.noindex/xctest-dynamic-overlay.build/Debug-iphonesimulator/IssueReporting.build/Objects-normal/arm64/IssueReporting.SwiftFileList --metadata-file-list /Users/user51/Library/Developer/Xcode/DerivedData/iCohort3-bwoefxeicoflurbglvssertdjhcr/Build/Intermediates.noindex/xctest-dynamic-overlay.build/Debug-iphonesimulator/IssueReporting.build/IssueReporting.DependencyMetadataFileList --static-metadata-file-list /Users/user51/Library/Developer/Xcode/DerivedData/iCohort3-bwoefxeicoflurbglvssertdjhcr/Build/Intermediates.noindex/xctest-dynamic-overlay.build/Debug-iphonesimulator/IssueReporting.build/IssueReporting.DependencyStaticMetadataFileList --swift-const-vals-list /Users/user51/Library/Developer/Xcode/DerivedData/iCohort3-bwoefxeicoflurbglvssertdjhcr/Build/Intermediates.noindex/xctest-dynamic-overlay.build/Debug-iphonesimulator/IssueReporting.build/Objects-normal/arm64/IssueReporting.SwiftConstValuesFileList --force --compile-time-extraction --deployment-aware-processing --validate-assistant-intents --no-app-shortcuts-localization
2026-04-06 13:23:13.985 appintentsmetadataprocessor[46334:12588605] Starting appintentsmetadataprocessor export
2026-04-06 13:23:14.168 appintentsmetadataprocessor[46334:12588605] Extracted no relevant App Intents symbols, skipping writing output

ExtractAppIntentsMetadata (in target 'ConcurrencyExtras' from project 'swift-concurrency-extras')
    cd /Users/user51/Library/Developer/Xcode/DerivedData/iCohort3-bwoefxeicoflurbglvssertdjhcr/SourcePackages/checkouts/swift-concurrency-extras
    /Applications/Xcode.app/Contents/Developer/Toolchains/XcodeDefault.xctoolchain/usr/bin/appintentsmetadataprocessor --toolchain-dir /var/run/com.apple.security.cryptexd/mnt/com.apple.MobileAsset.MetalToolchain-v17.3.7003.10.GOk9dz/Metal.xctoolchain --module-name ConcurrencyExtras --sdk-root /Applications/Xcode.app/Contents/Developer/Platforms/iPhoneSimulator.platform/Developer/SDKs/iPhoneSimulator26.2.sdk --xcode-version 17C52 --platform-family iOS --deployment-target 13.0 --bundle-identifier swift-concurrency-extras.ConcurrencyExtras --output /Users/user51/Library/Developer/Xcode/DerivedData/iCohort3-bwoefxeicoflurbglvssertdjhcr/Build/Products/Debug-iphonesimulator/ConcurrencyExtras.appintents --target-triple arm64-apple-ios13.0-simulator --binary-file /Users/user51/Library/Developer/Xcode/DerivedData/iCohort3-bwoefxeicoflurbglvssertdjhcr/Build/Products/Debug-iphonesimulator/ConcurrencyExtras.o --dependency-file /Users/user51/Library/Developer/Xcode/DerivedData/iCohort3-bwoefxeicoflurbglvssertdjhcr/Build/Intermediates.noindex/swift-concurrency-extras.build/Debug-iphonesimulator/ConcurrencyExtras.build/Objects-normal/arm64/ConcurrencyExtras_dependency_info.dat --stringsdata-file /Users/user51/Library/Developer/Xcode/DerivedData/iCohort3-bwoefxeicoflurbglvssertdjhcr/Build/Intermediates.noindex/swift-concurrency-extras.build/Debug-iphonesimulator/ConcurrencyExtras.build/Objects-normal/arm64/ExtractedAppShortcutsMetadata.stringsdata --source-file-list /Users/user51/Library/Developer/Xcode/DerivedData/iCohort3-bwoefxeicoflurbglvssertdjhcr/Build/Intermediates.noindex/swift-concurrency-extras.build/Debug-iphonesimulator/ConcurrencyExtras.build/Objects-normal/arm64/ConcurrencyExtras.SwiftFileList --metadata-file-list /Users/user51/Library/Developer/Xcode/DerivedData/iCohort3-bwoefxeicoflurbglvssertdjhcr/Build/Intermediates.noindex/swift-concurrency-extras.build/Debug-iphonesimulator/ConcurrencyExtras.build/ConcurrencyExtras.DependencyMetadataFileList --static-metadata-file-list /Users/user51/Library/Developer/Xcode/DerivedData/iCohort3-bwoefxeicoflurbglvssertdjhcr/Build/Intermediates.noindex/swift-concurrency-extras.build/Debug-iphonesimulator/ConcurrencyExtras.build/ConcurrencyExtras.DependencyStaticMetadataFileList --swift-const-vals-list /Users/user51/Library/Developer/Xcode/DerivedData/iCohort3-bwoefxeicoflurbglvssertdjhcr/Build/Intermediates.noindex/swift-concurrency-extras.build/Debug-iphonesimulator/ConcurrencyExtras.build/Objects-normal/arm64/ConcurrencyExtras.SwiftConstValuesFileList --force --compile-time-extraction --deployment-aware-processing --validate-assistant-intents --no-app-shortcuts-localization
2026-04-06 13:23:14.031 appintentsmetadataprocessor[46335:12588614] Starting appintentsmetadataprocessor export
2026-04-06 13:23:14.213 appintentsmetadataprocessor[46335:12588614] Extracted no relevant App Intents symbols, skipping writing output

SwiftEmitModule normal arm64 Emitting\ module\ for\ XCTestDynamicOverlay (in target 'XCTestDynamicOverlay' from project 'xctest-dynamic-overlay')
EmitSwiftModule normal arm64 (in target 'XCTestDynamicOverlay' from project 'xctest-dynamic-overlay')
    cd /Users/user51/Downloads/iCohort3/iCohort3.xcodeproj
    

SwiftCompile normal arm64 Compiling\ Deprecations.swift /Users/user51/Library/Developer/Xcode/DerivedData/iCohort3-bwoefxeicoflurbglvssertdjhcr/SourcePackages/checkouts/xctest-dynamic-overlay/Sources/XCTestDynamicOverlay/Internal/Deprecations.swift (in target 'XCTestDynamicOverlay' from project 'xctest-dynamic-overlay')
SwiftCompile normal arm64 /Users/user51/Library/Developer/Xcode/DerivedData/iCohort3-bwoefxeicoflurbglvssertdjhcr/SourcePackages/checkouts/xctest-dynamic-overlay/Sources/XCTestDynamicOverlay/Internal/Deprecations.swift (in target 'XCTestDynamicOverlay' from project 'xctest-dynamic-overlay')
    cd /Users/user51/Downloads/iCohort3/iCohort3.xcodeproj
    

SwiftCompile normal arm64 Compiling\ Exports.swift /Users/user51/Library/Developer/Xcode/DerivedData/iCohort3-bwoefxeicoflurbglvssertdjhcr/SourcePackages/checkouts/xctest-dynamic-overlay/Sources/XCTestDynamicOverlay/Internal/Exports.swift (in target 'XCTestDynamicOverlay' from project 'xctest-dynamic-overlay')

SwiftCompile normal arm64 /Users/user51/Library/Developer/Xcode/DerivedData/iCohort3-bwoefxeicoflurbglvssertdjhcr/SourcePackages/checkouts/xctest-dynamic-overlay/Sources/XCTestDynamicOverlay/Internal/Exports.swift (in target 'XCTestDynamicOverlay' from project 'xctest-dynamic-overlay')
    cd /Users/user51/Downloads/iCohort3/iCohort3.xcodeproj
    

SwiftDriverJobDiscovery normal arm64 Compiling Exports.swift (in target 'XCTestDynamicOverlay' from project 'xctest-dynamic-overlay')

SwiftDriverJobDiscovery normal arm64 Compiling MLDSA.swift, Signature.swift, CryptoKitErrors_boring.swift, Optional+withUnsafeBytes_boring.swift, RNG_boring.swift, SafeCompare_boring.swift, Zeroization_boring.swift, PrettyBytes.swift, SafeCompare.swift, SecureBytes.swift, Zeroization.swift (in target 'Crypto' from project 'swift-crypto')

SwiftDriver\ Compilation Crypto normal arm64 com.apple.xcode.tools.swift.compiler (in target 'Crypto' from project 'swift-crypto')
    cd /Users/user51/Downloads/iCohort3/iCohort3.xcodeproj
    builtin-Swift-Compilation -- /Applications/Xcode.app/Contents/Developer/Toolchains/XcodeDefault.xctoolchain/usr/bin/swiftc -module-name Crypto -Onone -enforce-exclusivity\=checked @/Users/user51/Library/Developer/Xcode/DerivedData/iCohort3-bwoefxeicoflurbglvssertdjhcr/Build/Intermediates.noindex/swift-crypto.build/Debug-iphonesimulator/Crypto.build/Objects-normal/arm64/Crypto.SwiftFileList -DSWIFT_PACKAGE -DDEBUG -DSWIFT_MODULE_RESOURCE_BUNDLE_AVAILABLE -DCRYPTO_IN_SWIFTPM -DXcode -enable-upcoming-feature MemberImportVisibility -plugin-path /Applications/Xcode.app/Contents/Developer/Toolchains/XcodeDefault.xctoolchain/usr/lib/swift/host/plugins/testing -enable-experimental-feature DebugDescriptionMacro -sdk /Applications/Xcode.app/Contents/Developer/Platforms/iPhoneSimulator.platform/Developer/SDKs/iPhoneSimulator26.2.sdk -target arm64-apple-ios12.0-simulator -g -module-cache-path /Users/user51/Library/Developer/Xcode/DerivedData/ModuleCache.noindex -Xfrontend -serialize-debugging-options -profile-coverage-mapping -profile-generate -enable-testing -suppress-warnings -index-store-path /Users/user51/Library/Developer/Xcode/DerivedData/iCohort3-bwoefxeicoflurbglvssertdjhcr/Index.noindex/DataStore -Xcc -D_LIBCPP_HARDENING_MODE\=_LIBCPP_HARDENING_MODE_DEBUG -swift-version 6 -I /Users/user51/Library/Developer/Xcode/DerivedData/iCohort3-bwoefxeicoflurbglvssertdjhcr/Build/Products/Debug-iphonesimulator -Isystem /Applications/Xcode.app/Contents/Developer/Platforms/iPhoneSimulator.platform/Developer/usr/lib -F /Users/user51/Library/Developer/Xcode/DerivedData/iCohort3-bwoefxeicoflurbglvssertdjhcr/Build/Products/Debug-iphonesimulator -F /Applications/Xcode.app/Contents/Developer/Platforms/iPhoneSimulator.platform/Developer/Library/Frameworks -F /Applications/Xcode.app/Contents/Developer/Platforms/iPhoneSimulator.platform/Developer/SDKs/iPhoneSimulator26.2.sdk/Developer/Library/Frameworks -c -j8 -enable-batch-mode -incremental -Xcc -ivfsstatcache -Xcc /Users/user51/Library/Developer/Xcode/DerivedData/SDKStatCaches.noindex/iphonesimulator26.2-23C53-dc75598d0054f22ec865fa860f139d727d00a8b37fbd7999ea79df8ebc024bf0.sdkstatcache -output-file-map /Users/user51/Library/Developer/Xcode/DerivedData/iCohort3-bwoefxeicoflurbglvssertdjhcr/Build/Intermediates.noindex/swift-crypto.build/Debug-iphonesimulator/Crypto.build/Objects-normal/arm64/Crypto-OutputFileMap.json -use-frontend-parseable-output -save-temps -no-color-diagnostics -explicit-module-build -module-cache-path /Users/user51/Library/Developer/Xcode/DerivedData/iCohort3-bwoefxeicoflurbglvssertdjhcr/Build/Intermediates.noindex/SwiftExplicitPrecompiledModules -clang-scanner-module-cache-path /Users/user51/Library/Developer/Xcode/DerivedData/ModuleCache.noindex -sdk-module-cache-path /Users/user51/Library/Developer/Xcode/DerivedData/ModuleCache.noindex -serialize-diagnostics -emit-dependencies -emit-module -emit-module-path /Users/user51/Library/Developer/Xcode/DerivedData/iCohort3-bwoefxeicoflurbglvssertdjhcr/Build/Intermediates.noindex/swift-crypto.build/Debug-iphonesimulator/Crypto.build/Objects-normal/arm64/Crypto.swiftmodule -user-module-version 4.1.0 -validate-clang-modules-once -clang-build-session-file /Users/user51/Library/Developer/Xcode/DerivedData/ModuleCache.noindex/Session.modulevalidation -package-name swift_crypto -Xcc -I/Users/user51/Library/Developer/Xcode/DerivedData/iCohort3-bwoefxeicoflurbglvssertdjhcr/Build/Intermediates.noindex/swift-crypto.build/Debug-iphonesimulator/Crypto.build/swift-overrides.hmap -emit-const-values -Xfrontend -const-gather-protocols-file -Xfrontend /Users/user51/Library/Developer/Xcode/DerivedData/iCohort3-bwoefxeicoflurbglvssertdjhcr/Build/Intermediates.noindex/swift-crypto.build/Debug-iphonesimulator/Crypto.build/Objects-normal/arm64/Crypto_const_extract_protocols.json -Xcc -I/Users/user51/Library/Developer/Xcode/DerivedData/iCohort3-bwoefxeicoflurbglvssertdjhcr/Build/Products/Debug-iphonesimulator/include -Xcc -I/Users/user51/Library/Developer/Xcode/DerivedData/iCohort3-bwoefxeicoflurbglvssertdjhcr/Build/Intermediates.noindex/swift-crypto.build/Debug-iphonesimulator/Crypto.build/DerivedSources-normal/arm64 -Xcc -I/Users/user51/Library/Developer/Xcode/DerivedData/iCohort3-bwoefxeicoflurbglvssertdjhcr/Build/Intermediates.noindex/swift-crypto.build/Debug-iphonesimulator/Crypto.build/DerivedSources/arm64 -Xcc -I/Users/user51/Library/Developer/Xcode/DerivedData/iCohort3-bwoefxeicoflurbglvssertdjhcr/Build/Intermediates.noindex/swift-crypto.build/Debug-iphonesimulator/Crypto.build/DerivedSources -Xcc -DSWIFT_PACKAGE -Xcc -DDEBUG\=1 -emit-objc-header -emit-objc-header-path /Users/user51/Library/Developer/Xcode/DerivedData/iCohort3-bwoefxeicoflurbglvssertdjhcr/Build/Intermediates.noindex/swift-crypto.build/Debug-iphonesimulator/Crypto.build/Objects-normal/arm64/Crypto-Swift.h -working-directory /Users/user51/Downloads/iCohort3/iCohort3.xcodeproj -experimental-emit-module-separately -disable-cmo

RegisterExecutionPolicyException /Users/user51/Library/Developer/Xcode/DerivedData/iCohort3-bwoefxeicoflurbglvssertdjhcr/Build/Products/Debug-iphonesimulator/IssueReporting.o (in target 'IssueReporting' from project 'xctest-dynamic-overlay')
    cd /Users/user51/Library/Developer/Xcode/DerivedData/iCohort3-bwoefxeicoflurbglvssertdjhcr/SourcePackages/checkouts/xctest-dynamic-overlay
    builtin-RegisterExecutionPolicyException /Users/user51/Library/Developer/Xcode/DerivedData/iCohort3-bwoefxeicoflurbglvssertdjhcr/Build/Products/Debug-iphonesimulator/IssueReporting.o

Ld /Users/user51/Library/Developer/Xcode/DerivedData/iCohort3-bwoefxeicoflurbglvssertdjhcr/Build/Products/Debug-iphonesimulator/Crypto.o normal (in target 'Crypto' from project 'swift-crypto')
    cd /Users/user51/Library/Developer/Xcode/DerivedData/iCohort3-bwoefxeicoflurbglvssertdjhcr/SourcePackages/checkouts/swift-crypto
    /Applications/Xcode.app/Contents/Developer/Toolchains/XcodeDefault.xctoolchain/usr/bin/clang -Xlinker -reproducible -target arm64-apple-ios12.0-simulator -r -isysroot /Applications/Xcode.app/Contents/Developer/Platforms/iPhoneSimulator.platform/Developer/SDKs/iPhoneSimulator26.2.sdk -O0 -w -L/Users/user51/Library/Developer/Xcode/DerivedData/iCohort3-bwoefxeicoflurbglvssertdjhcr/Build/Intermediates.noindex/EagerLinkingTBDs/Debug-iphonesimulator -L/Users/user51/Library/Developer/Xcode/DerivedData/iCohort3-bwoefxeicoflurbglvssertdjhcr/Build/Products/Debug-iphonesimulator -L/Applications/Xcode.app/Contents/Developer/Platforms/iPhoneSimulator.platform/Developer/usr/lib -F/Users/user51/Library/Developer/Xcode/DerivedData/iCohort3-bwoefxeicoflurbglvssertdjhcr/Build/Intermediates.noindex/EagerLinkingTBDs/Debug-iphonesimulator -F/Users/user51/Library/Developer/Xcode/DerivedData/iCohort3-bwoefxeicoflurbglvssertdjhcr/Build/Products/Debug-iphonesimulator -iframework /Applications/Xcode.app/Contents/Developer/Platforms/iPhoneSimulator.platform/Developer/Library/Frameworks -iframework /Applications/Xcode.app/Contents/Developer/Platforms/iPhoneSimulator.platform/Developer/SDKs/iPhoneSimulator26.2.sdk/Developer/Library/Frameworks -filelist /Users/user51/Library/Developer/Xcode/DerivedData/iCohort3-bwoefxeicoflurbglvssertdjhcr/Build/Intermediates.noindex/swift-crypto.build/Debug-iphonesimulator/Crypto.build/Objects-normal/arm64/Crypto.LinkFileList -nostdlib -Xlinker -object_path_lto -Xlinker /Users/user51/Library/Developer/Xcode/DerivedData/iCohort3-bwoefxeicoflurbglvssertdjhcr/Build/Intermediates.noindex/swift-crypto.build/Debug-iphonesimulator/Crypto.build/Objects-normal/arm64/Crypto_lto.o -rdynamic -Xlinker -no_deduplicate -Xlinker -objc_abi_version -Xlinker 2 -Xlinker -debug_variant -Xlinker -dependency_info -Xlinker /Users/user51/Library/Developer/Xcode/DerivedData/iCohort3-bwoefxeicoflurbglvssertdjhcr/Build/Intermediates.noindex/swift-crypto.build/Debug-iphonesimulator/Crypto.build/Objects-normal/arm64/Crypto_dependency_info.dat -fobjc-link-runtime -L/Applications/Xcode.app/Contents/Developer/Toolchains/XcodeDefault.xctoolchain/usr/lib/swift/iphonesimulator -L/usr/lib/swift -Xlinker -add_ast_path -Xlinker /Users/user51/Library/Developer/Xcode/DerivedData/iCohort3-bwoefxeicoflurbglvssertdjhcr/Build/Intermediates.noindex/swift-crypto.build/Debug-iphonesimulator/Crypto.build/Objects-normal/arm64/Crypto.swiftmodule @/Users/user51/Library/Developer/Xcode/DerivedData/iCohort3-bwoefxeicoflurbglvssertdjhcr/Build/Intermediates.noindex/swift-crypto.build/Debug-iphonesimulator/Crypto.build/Objects-normal/arm64/Crypto-linker-args.resp -o /Users/user51/Library/Developer/Xcode/DerivedData/iCohort3-bwoefxeicoflurbglvssertdjhcr/Build/Products/Debug-iphonesimulator/Crypto.o

RegisterExecutionPolicyException /Users/user51/Library/Developer/Xcode/DerivedData/iCohort3-bwoefxeicoflurbglvssertdjhcr/Build/Products/Debug-iphonesimulator/ConcurrencyExtras.o (in target 'ConcurrencyExtras' from project 'swift-concurrency-extras')
    cd /Users/user51/Library/Developer/Xcode/DerivedData/iCohort3-bwoefxeicoflurbglvssertdjhcr/SourcePackages/checkouts/swift-concurrency-extras
    builtin-RegisterExecutionPolicyException /Users/user51/Library/Developer/Xcode/DerivedData/iCohort3-bwoefxeicoflurbglvssertdjhcr/Build/Products/Debug-iphonesimulator/ConcurrencyExtras.o

SwiftCompile normal arm64 Compiling\ UnimplementedClock.swift /Users/user51/Library/Developer/Xcode/DerivedData/iCohort3-bwoefxeicoflurbglvssertdjhcr/SourcePackages/checkouts/swift-clocks/Sources/Clocks/UnimplementedClock.swift (in target 'Clocks' from project 'swift-clocks')

SwiftCompile normal arm64 /Users/user51/Library/Developer/Xcode/DerivedData/iCohort3-bwoefxeicoflurbglvssertdjhcr/SourcePackages/checkouts/swift-clocks/Sources/Clocks/UnimplementedClock.swift (in target 'Clocks' from project 'swift-clocks')
    cd /Users/user51/Downloads/iCohort3/iCohort3.xcodeproj
    

SwiftCompile normal arm64 Compiling\ TestClock.swift /Users/user51/Library/Developer/Xcode/DerivedData/iCohort3-bwoefxeicoflurbglvssertdjhcr/SourcePackages/checkouts/swift-clocks/Sources/Clocks/TestClock.swift (in target 'Clocks' from project 'swift-clocks')
SwiftCompile normal arm64 /Users/user51/Library/Developer/Xcode/DerivedData/iCohort3-bwoefxeicoflurbglvssertdjhcr/SourcePackages/checkouts/swift-clocks/Sources/Clocks/TestClock.swift (in target 'Clocks' from project 'swift-clocks')
    cd /Users/user51/Downloads/iCohort3/iCohort3.xcodeproj
    

SwiftCompile normal arm64 Compiling\ Lock.swift /Users/user51/Library/Developer/Xcode/DerivedData/iCohort3-bwoefxeicoflurbglvssertdjhcr/SourcePackages/checkouts/swift-clocks/Sources/Clocks/Internal/Lock.swift (in target 'Clocks' from project 'swift-clocks')

SwiftCompile normal arm64 /Users/user51/Library/Developer/Xcode/DerivedData/iCohort3-bwoefxeicoflurbglvssertdjhcr/SourcePackages/checkouts/swift-clocks/Sources/Clocks/Internal/Lock.swift (in target 'Clocks' from project 'swift-clocks')
    cd /Users/user51/Downloads/iCohort3/iCohort3.xcodeproj
    

SwiftEmitModule normal arm64 Emitting\ module\ for\ Clocks (in target 'Clocks' from project 'swift-clocks')

EmitSwiftModule normal arm64 (in target 'Clocks' from project 'swift-clocks')
    cd /Users/user51/Downloads/iCohort3/iCohort3.xcodeproj
    

SwiftCompile normal arm64 Compiling\ Timer.swift /Users/user51/Library/Developer/Xcode/DerivedData/iCohort3-bwoefxeicoflurbglvssertdjhcr/SourcePackages/checkouts/swift-clocks/Sources/Clocks/Timer.swift (in target 'Clocks' from project 'swift-clocks')

SwiftCompile normal arm64 /Users/user51/Library/Developer/Xcode/DerivedData/iCohort3-bwoefxeicoflurbglvssertdjhcr/SourcePackages/checkouts/swift-clocks/Sources/Clocks/Timer.swift (in target 'Clocks' from project 'swift-clocks')
    cd /Users/user51/Downloads/iCohort3/iCohort3.xcodeproj
    

SwiftDriverJobDiscovery normal arm64 Compiling HTTPFields.swift (in target 'HTTPTypes' from project 'swift-http-types')

SwiftCompile normal arm64 Compiling\ SwiftUI.swift /Users/user51/Library/Developer/Xcode/DerivedData/iCohort3-bwoefxeicoflurbglvssertdjhcr/SourcePackages/checkouts/swift-clocks/Sources/Clocks/SwiftUI.swift (in target 'Clocks' from project 'swift-clocks')

SwiftCompile normal arm64 /Users/user51/Library/Developer/Xcode/DerivedData/iCohort3-bwoefxeicoflurbglvssertdjhcr/SourcePackages/checkouts/swift-clocks/Sources/Clocks/SwiftUI.swift (in target 'Clocks' from project 'swift-clocks')
    cd /Users/user51/Downloads/iCohort3/iCohort3.xcodeproj
    

SwiftDriver\ Compilation HTTPTypes normal arm64 com.apple.xcode.tools.swift.compiler (in target 'HTTPTypes' from project 'swift-http-types')
    cd /Users/user51/Downloads/iCohort3/iCohort3.xcodeproj
    builtin-Swift-Compilation -- /Applications/Xcode.app/Contents/Developer/Toolchains/XcodeDefault.xctoolchain/usr/bin/swiftc -module-name HTTPTypes -Onone -enforce-exclusivity\=checked @/Users/user51/Library/Developer/Xcode/DerivedData/iCohort3-bwoefxeicoflurbglvssertdjhcr/Build/Intermediates.noindex/swift-http-types.build/Debug-iphonesimulator/HTTPTypes.build/Objects-normal/arm64/HTTPTypes.SwiftFileList -DSWIFT_PACKAGE -DDEBUG -DSWIFT_MODULE_RESOURCE_BUNDLE_UNAVAILABLE -DXcode -enable-experimental-feature StrictConcurrency\=complete -enable-upcoming-feature MemberImportVisibility -plugin-path /Applications/Xcode.app/Contents/Developer/Toolchains/XcodeDefault.xctoolchain/usr/lib/swift/host/plugins/testing -enable-experimental-feature DebugDescriptionMacro -sdk /Applications/Xcode.app/Contents/Developer/Platforms/iPhoneSimulator.platform/Developer/SDKs/iPhoneSimulator26.2.sdk -target arm64-apple-ios12.0-simulator -g -module-cache-path /Users/user51/Library/Developer/Xcode/DerivedData/ModuleCache.noindex -Xfrontend -serialize-debugging-options -profile-coverage-mapping -profile-generate -enable-testing -suppress-warnings -index-store-path /Users/user51/Library/Developer/Xcode/DerivedData/iCohort3-bwoefxeicoflurbglvssertdjhcr/Index.noindex/DataStore -Xcc -D_LIBCPP_HARDENING_MODE\=_LIBCPP_HARDENING_MODE_DEBUG -swift-version 5 -I /Users/user51/Library/Developer/Xcode/DerivedData/iCohort3-bwoefxeicoflurbglvssertdjhcr/Build/Products/Debug-iphonesimulator -Isystem /Applications/Xcode.app/Contents/Developer/Platforms/iPhoneSimulator.platform/Developer/usr/lib -F /Users/user51/Library/Developer/Xcode/DerivedData/iCohort3-bwoefxeicoflurbglvssertdjhcr/Build/Products/Debug-iphonesimulator -F /Applications/Xcode.app/Contents/Developer/Platforms/iPhoneSimulator.platform/Developer/Library/Frameworks -F /Applications/Xcode.app/Contents/Developer/Platforms/iPhoneSimulator.platform/Developer/SDKs/iPhoneSimulator26.2.sdk/Developer/Library/Frameworks -c -j8 -enable-batch-mode -incremental -Xcc -ivfsstatcache -Xcc /Users/user51/Library/Developer/Xcode/DerivedData/SDKStatCaches.noindex/iphonesimulator26.2-23C53-dc75598d0054f22ec865fa860f139d727d00a8b37fbd7999ea79df8ebc024bf0.sdkstatcache -output-file-map /Users/user51/Library/Developer/Xcode/DerivedData/iCohort3-bwoefxeicoflurbglvssertdjhcr/Build/Intermediates.noindex/swift-http-types.build/Debug-iphonesimulator/HTTPTypes.build/Objects-normal/arm64/HTTPTypes-OutputFileMap.json -use-frontend-parseable-output -save-temps -no-color-diagnostics -explicit-module-build -module-cache-path /Users/user51/Library/Developer/Xcode/DerivedData/iCohort3-bwoefxeicoflurbglvssertdjhcr/Build/Intermediates.noindex/SwiftExplicitPrecompiledModules -clang-scanner-module-cache-path /Users/user51/Library/Developer/Xcode/DerivedData/ModuleCache.noindex -sdk-module-cache-path /Users/user51/Library/Developer/Xcode/DerivedData/ModuleCache.noindex -serialize-diagnostics -emit-dependencies -emit-module -emit-module-path /Users/user51/Library/Developer/Xcode/DerivedData/iCohort3-bwoefxeicoflurbglvssertdjhcr/Build/Intermediates.noindex/swift-http-types.build/Debug-iphonesimulator/HTTPTypes.build/Objects-normal/arm64/HTTPTypes.swiftmodule -validate-clang-modules-once -clang-build-session-file /Users/user51/Library/Developer/Xcode/DerivedData/ModuleCache.noindex/Session.modulevalidation -package-name swift_http_types -Xcc -I/Users/user51/Library/Developer/Xcode/DerivedData/iCohort3-bwoefxeicoflurbglvssertdjhcr/Build/Intermediates.noindex/swift-http-types.build/Debug-iphonesimulator/HTTPTypes.build/swift-overrides.hmap -emit-const-values -Xfrontend -const-gather-protocols-file -Xfrontend /Users/user51/Library/Developer/Xcode/DerivedData/iCohort3-bwoefxeicoflurbglvssertdjhcr/Build/Intermediates.noindex/swift-http-types.build/Debug-iphonesimulator/HTTPTypes.build/Objects-normal/arm64/HTTPTypes_const_extract_protocols.json -Xcc -I/Users/user51/Library/Developer/Xcode/DerivedData/iCohort3-bwoefxeicoflurbglvssertdjhcr/Build/Products/Debug-iphonesimulator/include -Xcc -I/Users/user51/Library/Developer/Xcode/DerivedData/iCohort3-bwoefxeicoflurbglvssertdjhcr/Build/Intermediates.noindex/swift-http-types.build/Debug-iphonesimulator/HTTPTypes.build/DerivedSources-normal/arm64 -Xcc -I/Users/user51/Library/Developer/Xcode/DerivedData/iCohort3-bwoefxeicoflurbglvssertdjhcr/Build/Intermediates.noindex/swift-http-types.build/Debug-iphonesimulator/HTTPTypes.build/DerivedSources/arm64 -Xcc -I/Users/user51/Library/Developer/Xcode/DerivedData/iCohort3-bwoefxeicoflurbglvssertdjhcr/Build/Intermediates.noindex/swift-http-types.build/Debug-iphonesimulator/HTTPTypes.build/DerivedSources -Xcc -DSWIFT_PACKAGE -Xcc -DDEBUG\=1 -emit-objc-header -emit-objc-header-path /Users/user51/Library/Developer/Xcode/DerivedData/iCohort3-bwoefxeicoflurbglvssertdjhcr/Build/Intermediates.noindex/swift-http-types.build/Debug-iphonesimulator/HTTPTypes.build/Objects-normal/arm64/HTTPTypes-Swift.h -working-directory /Users/user51/Downloads/iCohort3/iCohort3.xcodeproj -experimental-emit-module-separately -disable-cmo

SwiftDriverJobDiscovery normal arm64 Emitting module for XCTestDynamicOverlay (in target 'XCTestDynamicOverlay' from project 'xctest-dynamic-overlay')

SwiftDriver\ Compilation\ Requirements XCTestDynamicOverlay normal arm64 com.apple.xcode.tools.swift.compiler (in target 'XCTestDynamicOverlay' from project 'xctest-dynamic-overlay')
    cd /Users/user51/Downloads/iCohort3/iCohort3.xcodeproj
    builtin-Swift-Compilation-Requirements -- /Applications/Xcode.app/Contents/Developer/Toolchains/XcodeDefault.xctoolchain/usr/bin/swiftc -module-name XCTestDynamicOverlay -Onone -enforce-exclusivity\=checked @/Users/user51/Library/Developer/Xcode/DerivedData/iCohort3-bwoefxeicoflurbglvssertdjhcr/Build/Intermediates.noindex/xctest-dynamic-overlay.build/Debug-iphonesimulator/XCTestDynamicOverlay.build/Objects-normal/arm64/XCTestDynamicOverlay.SwiftFileList -DSWIFT_PACKAGE -DDEBUG -DSWIFT_MODULE_RESOURCE_BUNDLE_UNAVAILABLE -DXcode -plugin-path /Applications/Xcode.app/Contents/Developer/Toolchains/XcodeDefault.xctoolchain/usr/lib/swift/host/plugins/testing -enable-experimental-feature DebugDescriptionMacro -sdk /Applications/Xcode.app/Contents/Developer/Platforms/iPhoneSimulator.platform/Developer/SDKs/iPhoneSimulator26.2.sdk -target arm64-apple-ios13.0-simulator -g -module-cache-path /Users/user51/Library/Developer/Xcode/DerivedData/ModuleCache.noindex -Xfrontend -serialize-debugging-options -profile-coverage-mapping -profile-generate -enable-testing -suppress-warnings -index-store-path /Users/user51/Library/Developer/Xcode/DerivedData/iCohort3-bwoefxeicoflurbglvssertdjhcr/Index.noindex/DataStore -Xcc -D_LIBCPP_HARDENING_MODE\=_LIBCPP_HARDENING_MODE_DEBUG -swift-version 6 -I /Users/user51/Library/Developer/Xcode/DerivedData/iCohort3-bwoefxeicoflurbglvssertdjhcr/Build/Products/Debug-iphonesimulator -Isystem /Applications/Xcode.app/Contents/Developer/Platforms/iPhoneSimulator.platform/Developer/usr/lib -F /Users/user51/Library/Developer/Xcode/DerivedData/iCohort3-bwoefxeicoflurbglvssertdjhcr/Build/Products/Debug-iphonesimulator/PackageFrameworks -F /Users/user51/Library/Developer/Xcode/DerivedData/iCohort3-bwoefxeicoflurbglvssertdjhcr/Build/Products/Debug-iphonesimulator/PackageFrameworks -F /Users/user51/Library/Developer/Xcode/DerivedData/iCohort3-bwoefxeicoflurbglvssertdjhcr/Build/Products/Debug-iphonesimulator -F /Applications/Xcode.app/Contents/Developer/Platforms/iPhoneSimulator.platform/Developer/Library/Frameworks -F /Applications/Xcode.app/Contents/Developer/Platforms/iPhoneSimulator.platform/Developer/SDKs/iPhoneSimulator26.2.sdk/Developer/Library/Frameworks -c -j8 -enable-batch-mode -incremental -Xcc -ivfsstatcache -Xcc /Users/user51/Library/Developer/Xcode/DerivedData/SDKStatCaches.noindex/iphonesimulator26.2-23C53-dc75598d0054f22ec865fa860f139d727d00a8b37fbd7999ea79df8ebc024bf0.sdkstatcache -output-file-map /Users/user51/Library/Developer/Xcode/DerivedData/iCohort3-bwoefxeicoflurbglvssertdjhcr/Build/Intermediates.noindex/xctest-dynamic-overlay.build/Debug-iphonesimulator/XCTestDynamicOverlay.build/Objects-normal/arm64/XCTestDynamicOverlay-OutputFileMap.json -use-frontend-parseable-output -save-temps -no-color-diagnostics -explicit-module-build -module-cache-path /Users/user51/Library/Developer/Xcode/DerivedData/iCohort3-bwoefxeicoflurbglvssertdjhcr/Build/Intermediates.noindex/SwiftExplicitPrecompiledModules -clang-scanner-module-cache-path /Users/user51/Library/Developer/Xcode/DerivedData/ModuleCache.noindex -sdk-module-cache-path /Users/user51/Library/Developer/Xcode/DerivedData/ModuleCache.noindex -serialize-diagnostics -emit-dependencies -emit-module -emit-module-path /Users/user51/Library/Developer/Xcode/DerivedData/iCohort3-bwoefxeicoflurbglvssertdjhcr/Build/Intermediates.noindex/xctest-dynamic-overlay.build/Debug-iphonesimulator/XCTestDynamicOverlay.build/Objects-normal/arm64/XCTestDynamicOverlay.swiftmodule -user-module-version 1.7.0 -validate-clang-modules-once -clang-build-session-file /Users/user51/Library/Developer/Xcode/DerivedData/ModuleCache.noindex/Session.modulevalidation -package-name xctest_dynamic_overlay -Xcc -I/Users/user51/Library/Developer/Xcode/DerivedData/iCohort3-bwoefxeicoflurbglvssertdjhcr/Build/Intermediates.noindex/xctest-dynamic-overlay.build/Debug-iphonesimulator/XCTestDynamicOverlay.build/swift-overrides.hmap -emit-const-values -Xfrontend -const-gather-protocols-file -Xfrontend /Users/user51/Library/Developer/Xcode/DerivedData/iCohort3-bwoefxeicoflurbglvssertdjhcr/Build/Intermediates.noindex/xctest-dynamic-overlay.build/Debug-iphonesimulator/XCTestDynamicOverlay.build/Objects-normal/arm64/XCTestDynamicOverlay_const_extract_protocols.json -Xcc -I/Users/user51/Library/Developer/Xcode/DerivedData/iCohort3-bwoefxeicoflurbglvssertdjhcr/Build/Products/Debug-iphonesimulator/include -Xcc -I/Users/user51/Library/Developer/Xcode/DerivedData/iCohort3-bwoefxeicoflurbglvssertdjhcr/Build/Intermediates.noindex/xctest-dynamic-overlay.build/Debug-iphonesimulator/XCTestDynamicOverlay.build/DerivedSources-normal/arm64 -Xcc -I/Users/user51/Library/Developer/Xcode/DerivedData/iCohort3-bwoefxeicoflurbglvssertdjhcr/Build/Intermediates.noindex/xctest-dynamic-overlay.build/Debug-iphonesimulator/XCTestDynamicOverlay.build/DerivedSources/arm64 -Xcc -I/Users/user51/Library/Developer/Xcode/DerivedData/iCohort3-bwoefxeicoflurbglvssertdjhcr/Build/Intermediates.noindex/xctest-dynamic-overlay.build/Debug-iphonesimulator/XCTestDynamicOverlay.build/DerivedSources -Xcc -DSWIFT_PACKAGE -Xcc -DDEBUG\=1 -emit-objc-header -emit-objc-header-path /Users/user51/Library/Developer/Xcode/DerivedData/iCohort3-bwoefxeicoflurbglvssertdjhcr/Build/Intermediates.noindex/xctest-dynamic-overlay.build/Debug-iphonesimulator/XCTestDynamicOverlay.build/Objects-normal/arm64/XCTestDynamicOverlay-Swift.h -working-directory /Users/user51/Downloads/iCohort3/iCohort3.xcodeproj -experimental-emit-module-separately -disable-cmo

Ld /Users/user51/Library/Developer/Xcode/DerivedData/iCohort3-bwoefxeicoflurbglvssertdjhcr/Build/Products/Debug-iphonesimulator/HTTPTypes.o normal (in target 'HTTPTypes' from project 'swift-http-types')
    cd /Users/user51/Library/Developer/Xcode/DerivedData/iCohort3-bwoefxeicoflurbglvssertdjhcr/SourcePackages/checkouts/swift-http-types
    /Applications/Xcode.app/Contents/Developer/Toolchains/XcodeDefault.xctoolchain/usr/bin/clang -Xlinker -reproducible -target arm64-apple-ios12.0-simulator -r -isysroot /Applications/Xcode.app/Contents/Developer/Platforms/iPhoneSimulator.platform/Developer/SDKs/iPhoneSimulator26.2.sdk -O0 -w -L/Users/user51/Library/Developer/Xcode/DerivedData/iCohort3-bwoefxeicoflurbglvssertdjhcr/Build/Intermediates.noindex/EagerLinkingTBDs/Debug-iphonesimulator -L/Users/user51/Library/Developer/Xcode/DerivedData/iCohort3-bwoefxeicoflurbglvssertdjhcr/Build/Products/Debug-iphonesimulator -L/Applications/Xcode.app/Contents/Developer/Platforms/iPhoneSimulator.platform/Developer/usr/lib -F/Users/user51/Library/Developer/Xcode/DerivedData/iCohort3-bwoefxeicoflurbglvssertdjhcr/Build/Intermediates.noindex/EagerLinkingTBDs/Debug-iphonesimulator -F/Users/user51/Library/Developer/Xcode/DerivedData/iCohort3-bwoefxeicoflurbglvssertdjhcr/Build/Products/Debug-iphonesimulator -iframework /Applications/Xcode.app/Contents/Developer/Platforms/iPhoneSimulator.platform/Developer/Library/Frameworks -iframework /Applications/Xcode.app/Contents/Developer/Platforms/iPhoneSimulator.platform/Developer/SDKs/iPhoneSimulator26.2.sdk/Developer/Library/Frameworks -filelist /Users/user51/Library/Developer/Xcode/DerivedData/iCohort3-bwoefxeicoflurbglvssertdjhcr/Build/Intermediates.noindex/swift-http-types.build/Debug-iphonesimulator/HTTPTypes.build/Objects-normal/arm64/HTTPTypes.LinkFileList -nostdlib -Xlinker -object_path_lto -Xlinker /Users/user51/Library/Developer/Xcode/DerivedData/iCohort3-bwoefxeicoflurbglvssertdjhcr/Build/Intermediates.noindex/swift-http-types.build/Debug-iphonesimulator/HTTPTypes.build/Objects-normal/arm64/HTTPTypes_lto.o -rdynamic -Xlinker -no_deduplicate -Xlinker -objc_abi_version -Xlinker 2 -Xlinker -debug_variant -Xlinker -dependency_info -Xlinker /Users/user51/Library/Developer/Xcode/DerivedData/iCohort3-bwoefxeicoflurbglvssertdjhcr/Build/Intermediates.noindex/swift-http-types.build/Debug-iphonesimulator/HTTPTypes.build/Objects-normal/arm64/HTTPTypes_dependency_info.dat -fobjc-link-runtime -L/Applications/Xcode.app/Contents/Developer/Toolchains/XcodeDefault.xctoolchain/usr/lib/swift/iphonesimulator -L/usr/lib/swift -Xlinker -add_ast_path -Xlinker /Users/user51/Library/Developer/Xcode/DerivedData/iCohort3-bwoefxeicoflurbglvssertdjhcr/Build/Intermediates.noindex/swift-http-types.build/Debug-iphonesimulator/HTTPTypes.build/Objects-normal/arm64/HTTPTypes.swiftmodule @/Users/user51/Library/Developer/Xcode/DerivedData/iCohort3-bwoefxeicoflurbglvssertdjhcr/Build/Intermediates.noindex/swift-http-types.build/Debug-iphonesimulator/HTTPTypes.build/Objects-normal/arm64/HTTPTypes-linker-args.resp -o /Users/user51/Library/Developer/Xcode/DerivedData/iCohort3-bwoefxeicoflurbglvssertdjhcr/Build/Products/Debug-iphonesimulator/HTTPTypes.o

SwiftMergeGeneratedHeaders /Users/user51/Library/Developer/Xcode/DerivedData/iCohort3-bwoefxeicoflurbglvssertdjhcr/Build/Intermediates.noindex/GeneratedModuleMaps-iphonesimulator/XCTestDynamicOverlay-Swift.h /Users/user51/Library/Developer/Xcode/DerivedData/iCohort3-bwoefxeicoflurbglvssertdjhcr/Build/Intermediates.noindex/xctest-dynamic-overlay.build/Debug-iphonesimulator/XCTestDynamicOverlay.build/Objects-normal/arm64/XCTestDynamicOverlay-Swift.h (in target 'XCTestDynamicOverlay' from project 'xctest-dynamic-overlay')
    cd /Users/user51/Library/Developer/Xcode/DerivedData/iCohort3-bwoefxeicoflurbglvssertdjhcr/SourcePackages/checkouts/xctest-dynamic-overlay
    builtin-swiftHeaderTool -arch arm64 /Users/user51/Library/Developer/Xcode/DerivedData/iCohort3-bwoefxeicoflurbglvssertdjhcr/Build/Intermediates.noindex/xctest-dynamic-overlay.build/Debug-iphonesimulator/XCTestDynamicOverlay.build/Objects-normal/arm64/XCTestDynamicOverlay-Swift.h -o /Users/user51/Library/Developer/Xcode/DerivedData/iCohort3-bwoefxeicoflurbglvssertdjhcr/Build/Intermediates.noindex/GeneratedModuleMaps-iphonesimulator/XCTestDynamicOverlay-Swift.h

SwiftDriverJobDiscovery normal arm64 Compiling Lock.swift (in target 'Clocks' from project 'swift-clocks')

Copy /Users/user51/Library/Developer/Xcode/DerivedData/iCohort3-bwoefxeicoflurbglvssertdjhcr/Build/Products/Debug-iphonesimulator/XCTestDynamicOverlay.swiftmodule/arm64-apple-ios-simulator.swiftmodule /Users/user51/Library/Developer/Xcode/DerivedData/iCohort3-bwoefxeicoflurbglvssertdjhcr/Build/Intermediates.noindex/xctest-dynamic-overlay.build/Debug-iphonesimulator/XCTestDynamicOverlay.build/Objects-normal/arm64/XCTestDynamicOverlay.swiftmodule (in target 'XCTestDynamicOverlay' from project 'xctest-dynamic-overlay')
    cd /Users/user51/Library/Developer/Xcode/DerivedData/iCohort3-bwoefxeicoflurbglvssertdjhcr/SourcePackages/checkouts/xctest-dynamic-overlay
    builtin-copy -exclude .DS_Store -exclude CVS -exclude .svn -exclude .git -exclude .hg -resolve-src-symlinks -rename /Users/user51/Library/Developer/Xcode/DerivedData/iCohort3-bwoefxeicoflurbglvssertdjhcr/Build/Intermediates.noindex/xctest-dynamic-overlay.build/Debug-iphonesimulator/XCTestDynamicOverlay.build/Objects-normal/arm64/XCTestDynamicOverlay.swiftmodule /Users/user51/Library/Developer/Xcode/DerivedData/iCohort3-bwoefxeicoflurbglvssertdjhcr/Build/Products/Debug-iphonesimulator/XCTestDynamicOverlay.swiftmodule/arm64-apple-ios-simulator.swiftmodule

Copy /Users/user51/Library/Developer/Xcode/DerivedData/iCohort3-bwoefxeicoflurbglvssertdjhcr/Build/Products/Debug-iphonesimulator/XCTestDynamicOverlay.swiftmodule/arm64-apple-ios-simulator.swiftdoc /Users/user51/Library/Developer/Xcode/DerivedData/iCohort3-bwoefxeicoflurbglvssertdjhcr/Build/Intermediates.noindex/xctest-dynamic-overlay.build/Debug-iphonesimulator/XCTestDynamicOverlay.build/Objects-normal/arm64/XCTestDynamicOverlay.swiftdoc (in target 'XCTestDynamicOverlay' from project 'xctest-dynamic-overlay')
    cd /Users/user51/Library/Developer/Xcode/DerivedData/iCohort3-bwoefxeicoflurbglvssertdjhcr/SourcePackages/checkouts/xctest-dynamic-overlay
    builtin-copy -exclude .DS_Store -exclude CVS -exclude .svn -exclude .git -exclude .hg -resolve-src-symlinks -rename /Users/user51/Library/Developer/Xcode/DerivedData/iCohort3-bwoefxeicoflurbglvssertdjhcr/Build/Intermediates.noindex/xctest-dynamic-overlay.build/Debug-iphonesimulator/XCTestDynamicOverlay.build/Objects-normal/arm64/XCTestDynamicOverlay.swiftdoc /Users/user51/Library/Developer/Xcode/DerivedData/iCohort3-bwoefxeicoflurbglvssertdjhcr/Build/Products/Debug-iphonesimulator/XCTestDynamicOverlay.swiftmodule/arm64-apple-ios-simulator.swiftdoc

Copy /Users/user51/Library/Developer/Xcode/DerivedData/iCohort3-bwoefxeicoflurbglvssertdjhcr/Build/Products/Debug-iphonesimulator/XCTestDynamicOverlay.swiftmodule/arm64-apple-ios-simulator.abi.json /Users/user51/Library/Developer/Xcode/DerivedData/iCohort3-bwoefxeicoflurbglvssertdjhcr/Build/Intermediates.noindex/xctest-dynamic-overlay.build/Debug-iphonesimulator/XCTestDynamicOverlay.build/Objects-normal/arm64/XCTestDynamicOverlay.abi.json (in target 'XCTestDynamicOverlay' from project 'xctest-dynamic-overlay')
    cd /Users/user51/Library/Developer/Xcode/DerivedData/iCohort3-bwoefxeicoflurbglvssertdjhcr/SourcePackages/checkouts/xctest-dynamic-overlay
    builtin-copy -exclude .DS_Store -exclude CVS -exclude .svn -exclude .git -exclude .hg -resolve-src-symlinks -rename /Users/user51/Library/Developer/Xcode/DerivedData/iCohort3-bwoefxeicoflurbglvssertdjhcr/Build/Intermediates.noindex/xctest-dynamic-overlay.build/Debug-iphonesimulator/XCTestDynamicOverlay.build/Objects-normal/arm64/XCTestDynamicOverlay.abi.json /Users/user51/Library/Developer/Xcode/DerivedData/iCohort3-bwoefxeicoflurbglvssertdjhcr/Build/Products/Debug-iphonesimulator/XCTestDynamicOverlay.swiftmodule/arm64-apple-ios-simulator.abi.json

SwiftDriverJobDiscovery normal arm64 Compiling Timer.swift (in target 'Clocks' from project 'swift-clocks')

Copy /Users/user51/Library/Developer/Xcode/DerivedData/iCohort3-bwoefxeicoflurbglvssertdjhcr/Build/Products/Debug-iphonesimulator/XCTestDynamicOverlay.swiftmodule/Project/arm64-apple-ios-simulator.swiftsourceinfo /Users/user51/Library/Developer/Xcode/DerivedData/iCohort3-bwoefxeicoflurbglvssertdjhcr/Build/Intermediates.noindex/xctest-dynamic-overlay.build/Debug-iphonesimulator/XCTestDynamicOverlay.build/Objects-normal/arm64/XCTestDynamicOverlay.swiftsourceinfo (in target 'XCTestDynamicOverlay' from project 'xctest-dynamic-overlay')
    cd /Users/user51/Library/Developer/Xcode/DerivedData/iCohort3-bwoefxeicoflurbglvssertdjhcr/SourcePackages/checkouts/xctest-dynamic-overlay
    builtin-copy -exclude .DS_Store -exclude CVS -exclude .svn -exclude .git -exclude .hg -resolve-src-symlinks -rename /Users/user51/Library/Developer/Xcode/DerivedData/iCohort3-bwoefxeicoflurbglvssertdjhcr/Build/Intermediates.noindex/xctest-dynamic-overlay.build/Debug-iphonesimulator/XCTestDynamicOverlay.build/Objects-normal/arm64/XCTestDynamicOverlay.swiftsourceinfo /Users/user51/Library/Developer/Xcode/DerivedData/iCohort3-bwoefxeicoflurbglvssertdjhcr/Build/Products/Debug-iphonesimulator/XCTestDynamicOverlay.swiftmodule/Project/arm64-apple-ios-simulator.swiftsourceinfo

SwiftCompile normal arm64 Compiling\ AnyClock.swift /Users/user51/Library/Developer/Xcode/DerivedData/iCohort3-bwoefxeicoflurbglvssertdjhcr/SourcePackages/checkouts/swift-clocks/Sources/Clocks/AnyClock.swift (in target 'Clocks' from project 'swift-clocks')

SwiftCompile normal arm64 /Users/user51/Library/Developer/Xcode/DerivedData/iCohort3-bwoefxeicoflurbglvssertdjhcr/SourcePackages/checkouts/swift-clocks/Sources/Clocks/AnyClock.swift (in target 'Clocks' from project 'swift-clocks')
    cd /Users/user51/Downloads/iCohort3/iCohort3.xcodeproj
    

SwiftCompile normal arm64 Compiling\ ImmediateClock.swift /Users/user51/Library/Developer/Xcode/DerivedData/iCohort3-bwoefxeicoflurbglvssertdjhcr/SourcePackages/checkouts/swift-clocks/Sources/Clocks/ImmediateClock.swift (in target 'Clocks' from project 'swift-clocks')
SwiftCompile normal arm64 /Users/user51/Library/Developer/Xcode/DerivedData/iCohort3-bwoefxeicoflurbglvssertdjhcr/SourcePackages/checkouts/swift-clocks/Sources/Clocks/ImmediateClock.swift (in target 'Clocks' from project 'swift-clocks')
    cd /Users/user51/Downloads/iCohort3/iCohort3.xcodeproj
    

SwiftCompile normal arm64 Compiling\ _AsyncTimerSequence.swift /Users/user51/Library/Developer/Xcode/DerivedData/iCohort3-bwoefxeicoflurbglvssertdjhcr/SourcePackages/checkouts/swift-clocks/Sources/Clocks/Internal/_AsyncTimerSequence.swift (in target 'Clocks' from project 'swift-clocks')
SwiftCompile normal arm64 /Users/user51/Library/Developer/Xcode/DerivedData/iCohort3-bwoefxeicoflurbglvssertdjhcr/SourcePackages/checkouts/swift-clocks/Sources/Clocks/Internal/_AsyncTimerSequence.swift (in target 'Clocks' from project 'swift-clocks')
    cd /Users/user51/Downloads/iCohort3/iCohort3.xcodeproj
    

SwiftDriverJobDiscovery normal arm64 Compiling SwiftUI.swift (in target 'Clocks' from project 'swift-clocks')

ExtractAppIntentsMetadata (in target 'Crypto' from project 'swift-crypto')
    cd /Users/user51/Library/Developer/Xcode/DerivedData/iCohort3-bwoefxeicoflurbglvssertdjhcr/SourcePackages/checkouts/swift-crypto
    /Applications/Xcode.app/Contents/Developer/Toolchains/XcodeDefault.xctoolchain/usr/bin/appintentsmetadataprocessor --toolchain-dir /var/run/com.apple.security.cryptexd/mnt/com.apple.MobileAsset.MetalToolchain-v17.3.7003.10.GOk9dz/Metal.xctoolchain --module-name Crypto --sdk-root /Applications/Xcode.app/Contents/Developer/Platforms/iPhoneSimulator.platform/Developer/SDKs/iPhoneSimulator26.2.sdk --xcode-version 17C52 --platform-family iOS --deployment-target 12.0 --bundle-identifier swift-crypto.Crypto --output /Users/user51/Library/Developer/Xcode/DerivedData/iCohort3-bwoefxeicoflurbglvssertdjhcr/Build/Products/Debug-iphonesimulator/Crypto.appintents --target-triple arm64-apple-ios12.0-simulator --binary-file /Users/user51/Library/Developer/Xcode/DerivedData/iCohort3-bwoefxeicoflurbglvssertdjhcr/Build/Products/Debug-iphonesimulator/Crypto.o --dependency-file /Users/user51/Library/Developer/Xcode/DerivedData/iCohort3-bwoefxeicoflurbglvssertdjhcr/Build/Intermediates.noindex/swift-crypto.build/Debug-iphonesimulator/Crypto.build/Objects-normal/arm64/Crypto_dependency_info.dat --stringsdata-file /Users/user51/Library/Developer/Xcode/DerivedData/iCohort3-bwoefxeicoflurbglvssertdjhcr/Build/Intermediates.noindex/swift-crypto.build/Debug-iphonesimulator/Crypto.build/Objects-normal/arm64/ExtractedAppShortcutsMetadata.stringsdata --source-file-list /Users/user51/Library/Developer/Xcode/DerivedData/iCohort3-bwoefxeicoflurbglvssertdjhcr/Build/Intermediates.noindex/swift-crypto.build/Debug-iphonesimulator/Crypto.build/Objects-normal/arm64/Crypto.SwiftFileList --metadata-file-list /Users/user51/Library/Developer/Xcode/DerivedData/iCohort3-bwoefxeicoflurbglvssertdjhcr/Build/Intermediates.noindex/swift-crypto.build/Debug-iphonesimulator/Crypto.build/Crypto.DependencyMetadataFileList --static-metadata-file-list /Users/user51/Library/Developer/Xcode/DerivedData/iCohort3-bwoefxeicoflurbglvssertdjhcr/Build/Intermediates.noindex/swift-crypto.build/Debug-iphonesimulator/Crypto.build/Crypto.DependencyStaticMetadataFileList --swift-const-vals-list /Users/user51/Library/Developer/Xcode/DerivedData/iCohort3-bwoefxeicoflurbglvssertdjhcr/Build/Intermediates.noindex/swift-crypto.build/Debug-iphonesimulator/Crypto.build/Objects-normal/arm64/Crypto.SwiftConstValuesFileList --force --compile-time-extraction --deployment-aware-processing --validate-assistant-intents --no-app-shortcuts-localization
2026-04-06 13:23:14.455 appintentsmetadataprocessor[46355:12588687] Starting appintentsmetadataprocessor export
2026-04-06 13:23:14.646 appintentsmetadataprocessor[46355:12588687] Extracted no relevant App Intents symbols, skipping writing output

SwiftDriverJobDiscovery normal arm64 Emitting module for Clocks (in target 'Clocks' from project 'swift-clocks')

SwiftDriver\ Compilation\ Requirements Clocks normal arm64 com.apple.xcode.tools.swift.compiler (in target 'Clocks' from project 'swift-clocks')
    cd /Users/user51/Downloads/iCohort3/iCohort3.xcodeproj
    builtin-Swift-Compilation-Requirements -- /Applications/Xcode.app/Contents/Developer/Toolchains/XcodeDefault.xctoolchain/usr/bin/swiftc -module-name Clocks -Onone -enforce-exclusivity\=checked @/Users/user51/Library/Developer/Xcode/DerivedData/iCohort3-bwoefxeicoflurbglvssertdjhcr/Build/Intermediates.noindex/swift-clocks.build/Debug-iphonesimulator/Clocks.build/Objects-normal/arm64/Clocks.SwiftFileList -DSWIFT_PACKAGE -DDEBUG -DSWIFT_MODULE_RESOURCE_BUNDLE_UNAVAILABLE -DXcode -plugin-path /Applications/Xcode.app/Contents/Developer/Toolchains/XcodeDefault.xctoolchain/usr/lib/swift/host/plugins/testing -enable-experimental-feature DebugDescriptionMacro -sdk /Applications/Xcode.app/Contents/Developer/Platforms/iPhoneSimulator.platform/Developer/SDKs/iPhoneSimulator26.2.sdk -target arm64-apple-ios13.0-simulator -g -module-cache-path /Users/user51/Library/Developer/Xcode/DerivedData/ModuleCache.noindex -Xfrontend -serialize-debugging-options -profile-coverage-mapping -profile-generate -enable-testing -suppress-warnings -index-store-path /Users/user51/Library/Developer/Xcode/DerivedData/iCohort3-bwoefxeicoflurbglvssertdjhcr/Index.noindex/DataStore -Xcc -D_LIBCPP_HARDENING_MODE\=_LIBCPP_HARDENING_MODE_DEBUG -swift-version 6 -I /Users/user51/Library/Developer/Xcode/DerivedData/iCohort3-bwoefxeicoflurbglvssertdjhcr/Build/Products/Debug-iphonesimulator -Isystem /Applications/Xcode.app/Contents/Developer/Platforms/iPhoneSimulator.platform/Developer/usr/lib -F /Users/user51/Library/Developer/Xcode/DerivedData/iCohort3-bwoefxeicoflurbglvssertdjhcr/Build/Products/Debug-iphonesimulator/PackageFrameworks -F /Users/user51/Library/Developer/Xcode/DerivedData/iCohort3-bwoefxeicoflurbglvssertdjhcr/Build/Products/Debug-iphonesimulator/PackageFrameworks -F /Users/user51/Library/Developer/Xcode/DerivedData/iCohort3-bwoefxeicoflurbglvssertdjhcr/Build/Products/Debug-iphonesimulator/PackageFrameworks -F /Users/user51/Library/Developer/Xcode/DerivedData/iCohort3-bwoefxeicoflurbglvssertdjhcr/Build/Products/Debug-iphonesimulator -F /Applications/Xcode.app/Contents/Developer/Platforms/iPhoneSimulator.platform/Developer/Library/Frameworks -F /Applications/Xcode.app/Contents/Developer/Platforms/iPhoneSimulator.platform/Developer/SDKs/iPhoneSimulator26.2.sdk/Developer/Library/Frameworks -c -j8 -enable-batch-mode -incremental -Xcc -ivfsstatcache -Xcc /Users/user51/Library/Developer/Xcode/DerivedData/SDKStatCaches.noindex/iphonesimulator26.2-23C53-dc75598d0054f22ec865fa860f139d727d00a8b37fbd7999ea79df8ebc024bf0.sdkstatcache -output-file-map /Users/user51/Library/Developer/Xcode/DerivedData/iCohort3-bwoefxeicoflurbglvssertdjhcr/Build/Intermediates.noindex/swift-clocks.build/Debug-iphonesimulator/Clocks.build/Objects-normal/arm64/Clocks-OutputFileMap.json -use-frontend-parseable-output -save-temps -no-color-diagnostics -explicit-module-build -module-cache-path /Users/user51/Library/Developer/Xcode/DerivedData/iCohort3-bwoefxeicoflurbglvssertdjhcr/Build/Intermediates.noindex/SwiftExplicitPrecompiledModules -clang-scanner-module-cache-path /Users/user51/Library/Developer/Xcode/DerivedData/ModuleCache.noindex -sdk-module-cache-path /Users/user51/Library/Developer/Xcode/DerivedData/ModuleCache.noindex -serialize-diagnostics -emit-dependencies -emit-module -emit-module-path /Users/user51/Library/Developer/Xcode/DerivedData/iCohort3-bwoefxeicoflurbglvssertdjhcr/Build/Intermediates.noindex/swift-clocks.build/Debug-iphonesimulator/Clocks.build/Objects-normal/arm64/Clocks.swiftmodule -user-module-version 1.0.6 -validate-clang-modules-once -clang-build-session-file /Users/user51/Library/Developer/Xcode/DerivedData/ModuleCache.noindex/Session.modulevalidation -package-name swift_clocks -Xcc -I/Users/user51/Library/Developer/Xcode/DerivedData/iCohort3-bwoefxeicoflurbglvssertdjhcr/Build/Intermediates.noindex/swift-clocks.build/Debug-iphonesimulator/Clocks.build/swift-overrides.hmap -emit-const-values -Xfrontend -const-gather-protocols-file -Xfrontend /Users/user51/Library/Developer/Xcode/DerivedData/iCohort3-bwoefxeicoflurbglvssertdjhcr/Build/Intermediates.noindex/swift-clocks.build/Debug-iphonesimulator/Clocks.build/Objects-normal/arm64/Clocks_const_extract_protocols.json -Xcc -I/Users/user51/Library/Developer/Xcode/DerivedData/iCohort3-bwoefxeicoflurbglvssertdjhcr/Build/Products/Debug-iphonesimulator/include -Xcc -I/Users/user51/Library/Developer/Xcode/DerivedData/iCohort3-bwoefxeicoflurbglvssertdjhcr/Build/Intermediates.noindex/swift-clocks.build/Debug-iphonesimulator/Clocks.build/DerivedSources-normal/arm64 -Xcc -I/Users/user51/Library/Developer/Xcode/DerivedData/iCohort3-bwoefxeicoflurbglvssertdjhcr/Build/Intermediates.noindex/swift-clocks.build/Debug-iphonesimulator/Clocks.build/DerivedSources/arm64 -Xcc -I/Users/user51/Library/Developer/Xcode/DerivedData/iCohort3-bwoefxeicoflurbglvssertdjhcr/Build/Intermediates.noindex/swift-clocks.build/Debug-iphonesimulator/Clocks.build/DerivedSources -Xcc -DSWIFT_PACKAGE -Xcc -DDEBUG\=1 -emit-objc-header -emit-objc-header-path /Users/user51/Library/Developer/Xcode/DerivedData/iCohort3-bwoefxeicoflurbglvssertdjhcr/Build/Intermediates.noindex/swift-clocks.build/Debug-iphonesimulator/Clocks.build/Objects-normal/arm64/Clocks-Swift.h -working-directory /Users/user51/Downloads/iCohort3/iCohort3.xcodeproj -experimental-emit-module-separately -disable-cmo

ExtractAppIntentsMetadata (in target 'HTTPTypes' from project 'swift-http-types')
    cd /Users/user51/Library/Developer/Xcode/DerivedData/iCohort3-bwoefxeicoflurbglvssertdjhcr/SourcePackages/checkouts/swift-http-types
    /Applications/Xcode.app/Contents/Developer/Toolchains/XcodeDefault.xctoolchain/usr/bin/appintentsmetadataprocessor --toolchain-dir /var/run/com.apple.security.cryptexd/mnt/com.apple.MobileAsset.MetalToolchain-v17.3.7003.10.GOk9dz/Metal.xctoolchain --module-name HTTPTypes --sdk-root /Applications/Xcode.app/Contents/Developer/Platforms/iPhoneSimulator.platform/Developer/SDKs/iPhoneSimulator26.2.sdk --xcode-version 17C52 --platform-family iOS --deployment-target 12.0 --bundle-identifier swift-http-types.HTTPTypes --output /Users/user51/Library/Developer/Xcode/DerivedData/iCohort3-bwoefxeicoflurbglvssertdjhcr/Build/Products/Debug-iphonesimulator/HTTPTypes.appintents --target-triple arm64-apple-ios12.0-simulator --binary-file /Users/user51/Library/Developer/Xcode/DerivedData/iCohort3-bwoefxeicoflurbglvssertdjhcr/Build/Products/Debug-iphonesimulator/HTTPTypes.o --dependency-file /Users/user51/Library/Developer/Xcode/DerivedData/iCohort3-bwoefxeicoflurbglvssertdjhcr/Build/Intermediates.noindex/swift-http-types.build/Debug-iphonesimulator/HTTPTypes.build/Objects-normal/arm64/HTTPTypes_dependency_info.dat --stringsdata-file /Users/user51/Library/Developer/Xcode/DerivedData/iCohort3-bwoefxeicoflurbglvssertdjhcr/Build/Intermediates.noindex/swift-http-types.build/Debug-iphonesimulator/HTTPTypes.build/Objects-normal/arm64/ExtractedAppShortcutsMetadata.stringsdata --source-file-list /Users/user51/Library/Developer/Xcode/DerivedData/iCohort3-bwoefxeicoflurbglvssertdjhcr/Build/Intermediates.noindex/swift-http-types.build/Debug-iphonesimulator/HTTPTypes.build/Objects-normal/arm64/HTTPTypes.SwiftFileList --metadata-file-list /Users/user51/Library/Developer/Xcode/DerivedData/iCohort3-bwoefxeicoflurbglvssertdjhcr/Build/Intermediates.noindex/swift-http-types.build/Debug-iphonesimulator/HTTPTypes.build/HTTPTypes.DependencyMetadataFileList --static-metadata-file-list /Users/user51/Library/Developer/Xcode/DerivedData/iCohort3-bwoefxeicoflurbglvssertdjhcr/Build/Intermediates.noindex/swift-http-types.build/Debug-iphonesimulator/HTTPTypes.build/HTTPTypes.DependencyStaticMetadataFileList --swift-const-vals-list /Users/user51/Library/Developer/Xcode/DerivedData/iCohort3-bwoefxeicoflurbglvssertdjhcr/Build/Intermediates.noindex/swift-http-types.build/Debug-iphonesimulator/HTTPTypes.build/Objects-normal/arm64/HTTPTypes.SwiftConstValuesFileList --force --compile-time-extraction --deployment-aware-processing --validate-assistant-intents --no-app-shortcuts-localization
2026-04-06 13:23:14.482 appintentsmetadataprocessor[46356:12588690] Starting appintentsmetadataprocessor export
2026-04-06 13:23:14.661 appintentsmetadataprocessor[46356:12588690] Extracted no relevant App Intents symbols, skipping writing output

SwiftMergeGeneratedHeaders /Users/user51/Library/Developer/Xcode/DerivedData/iCohort3-bwoefxeicoflurbglvssertdjhcr/Build/Intermediates.noindex/GeneratedModuleMaps-iphonesimulator/Clocks-Swift.h /Users/user51/Library/Developer/Xcode/DerivedData/iCohort3-bwoefxeicoflurbglvssertdjhcr/Build/Intermediates.noindex/swift-clocks.build/Debug-iphonesimulator/Clocks.build/Objects-normal/arm64/Clocks-Swift.h (in target 'Clocks' from project 'swift-clocks')
    cd /Users/user51/Library/Developer/Xcode/DerivedData/iCohort3-bwoefxeicoflurbglvssertdjhcr/SourcePackages/checkouts/swift-clocks
    builtin-swiftHeaderTool -arch arm64 /Users/user51/Library/Developer/Xcode/DerivedData/iCohort3-bwoefxeicoflurbglvssertdjhcr/Build/Intermediates.noindex/swift-clocks.build/Debug-iphonesimulator/Clocks.build/Objects-normal/arm64/Clocks-Swift.h -o /Users/user51/Library/Developer/Xcode/DerivedData/iCohort3-bwoefxeicoflurbglvssertdjhcr/Build/Intermediates.noindex/GeneratedModuleMaps-iphonesimulator/Clocks-Swift.h

SwiftDriverJobDiscovery normal arm64 Compiling UnimplementedClock.swift (in target 'Clocks' from project 'swift-clocks')

Copy /Users/user51/Library/Developer/Xcode/DerivedData/iCohort3-bwoefxeicoflurbglvssertdjhcr/Build/Products/Debug-iphonesimulator/Clocks.swiftmodule/arm64-apple-ios-simulator.swiftmodule /Users/user51/Library/Developer/Xcode/DerivedData/iCohort3-bwoefxeicoflurbglvssertdjhcr/Build/Intermediates.noindex/swift-clocks.build/Debug-iphonesimulator/Clocks.build/Objects-normal/arm64/Clocks.swiftmodule (in target 'Clocks' from project 'swift-clocks')
    cd /Users/user51/Library/Developer/Xcode/DerivedData/iCohort3-bwoefxeicoflurbglvssertdjhcr/SourcePackages/checkouts/swift-clocks
    builtin-copy -exclude .DS_Store -exclude CVS -exclude .svn -exclude .git -exclude .hg -resolve-src-symlinks -rename /Users/user51/Library/Developer/Xcode/DerivedData/iCohort3-bwoefxeicoflurbglvssertdjhcr/Build/Intermediates.noindex/swift-clocks.build/Debug-iphonesimulator/Clocks.build/Objects-normal/arm64/Clocks.swiftmodule /Users/user51/Library/Developer/Xcode/DerivedData/iCohort3-bwoefxeicoflurbglvssertdjhcr/Build/Products/Debug-iphonesimulator/Clocks.swiftmodule/arm64-apple-ios-simulator.swiftmodule

Copy /Users/user51/Library/Developer/Xcode/DerivedData/iCohort3-bwoefxeicoflurbglvssertdjhcr/Build/Products/Debug-iphonesimulator/Clocks.swiftmodule/arm64-apple-ios-simulator.swiftdoc /Users/user51/Library/Developer/Xcode/DerivedData/iCohort3-bwoefxeicoflurbglvssertdjhcr/Build/Intermediates.noindex/swift-clocks.build/Debug-iphonesimulator/Clocks.build/Objects-normal/arm64/Clocks.swiftdoc (in target 'Clocks' from project 'swift-clocks')
    cd /Users/user51/Library/Developer/Xcode/DerivedData/iCohort3-bwoefxeicoflurbglvssertdjhcr/SourcePackages/checkouts/swift-clocks
    builtin-copy -exclude .DS_Store -exclude CVS -exclude .svn -exclude .git -exclude .hg -resolve-src-symlinks -rename /Users/user51/Library/Developer/Xcode/DerivedData/iCohort3-bwoefxeicoflurbglvssertdjhcr/Build/Intermediates.noindex/swift-clocks.build/Debug-iphonesimulator/Clocks.build/Objects-normal/arm64/Clocks.swiftdoc /Users/user51/Library/Developer/Xcode/DerivedData/iCohort3-bwoefxeicoflurbglvssertdjhcr/Build/Products/Debug-iphonesimulator/Clocks.swiftmodule/arm64-apple-ios-simulator.swiftdoc

Copy /Users/user51/Library/Developer/Xcode/DerivedData/iCohort3-bwoefxeicoflurbglvssertdjhcr/Build/Products/Debug-iphonesimulator/Clocks.swiftmodule/arm64-apple-ios-simulator.abi.json /Users/user51/Library/Developer/Xcode/DerivedData/iCohort3-bwoefxeicoflurbglvssertdjhcr/Build/Intermediates.noindex/swift-clocks.build/Debug-iphonesimulator/Clocks.build/Objects-normal/arm64/Clocks.abi.json (in target 'Clocks' from project 'swift-clocks')
    cd /Users/user51/Library/Developer/Xcode/DerivedData/iCohort3-bwoefxeicoflurbglvssertdjhcr/SourcePackages/checkouts/swift-clocks
    builtin-copy -exclude .DS_Store -exclude CVS -exclude .svn -exclude .git -exclude .hg -resolve-src-symlinks -rename /Users/user51/Library/Developer/Xcode/DerivedData/iCohort3-bwoefxeicoflurbglvssertdjhcr/Build/Intermediates.noindex/swift-clocks.build/Debug-iphonesimulator/Clocks.build/Objects-normal/arm64/Clocks.abi.json /Users/user51/Library/Developer/Xcode/DerivedData/iCohort3-bwoefxeicoflurbglvssertdjhcr/Build/Products/Debug-iphonesimulator/Clocks.swiftmodule/arm64-apple-ios-simulator.abi.json

Copy /Users/user51/Library/Developer/Xcode/DerivedData/iCohort3-bwoefxeicoflurbglvssertdjhcr/Build/Products/Debug-iphonesimulator/Clocks.swiftmodule/Project/arm64-apple-ios-simulator.swiftsourceinfo /Users/user51/Library/Developer/Xcode/DerivedData/iCohort3-bwoefxeicoflurbglvssertdjhcr/Build/Intermediates.noindex/swift-clocks.build/Debug-iphonesimulator/Clocks.build/Objects-normal/arm64/Clocks.swiftsourceinfo (in target 'Clocks' from project 'swift-clocks')
    cd /Users/user51/Library/Developer/Xcode/DerivedData/iCohort3-bwoefxeicoflurbglvssertdjhcr/SourcePackages/checkouts/swift-clocks
    builtin-copy -exclude .DS_Store -exclude CVS -exclude .svn -exclude .git -exclude .hg -resolve-src-symlinks -rename /Users/user51/Library/Developer/Xcode/DerivedData/iCohort3-bwoefxeicoflurbglvssertdjhcr/Build/Intermediates.noindex/swift-clocks.build/Debug-iphonesimulator/Clocks.build/Objects-normal/arm64/Clocks.swiftsourceinfo /Users/user51/Library/Developer/Xcode/DerivedData/iCohort3-bwoefxeicoflurbglvssertdjhcr/Build/Products/Debug-iphonesimulator/Clocks.swiftmodule/Project/arm64-apple-ios-simulator.swiftsourceinfo

SwiftDriver Helpers normal arm64 com.apple.xcode.tools.swift.compiler (in target 'Helpers' from project 'Supabase')
    cd /Users/user51/Downloads/iCohort3/iCohort3.xcodeproj
    builtin-SwiftDriver -- /Applications/Xcode.app/Contents/Developer/Toolchains/XcodeDefault.xctoolchain/usr/bin/swiftc -module-name Helpers -Onone -enforce-exclusivity\=checked @/Users/user51/Library/Developer/Xcode/DerivedData/iCohort3-bwoefxeicoflurbglvssertdjhcr/Build/Intermediates.noindex/Supabase.build/Debug-iphonesimulator/Helpers.build/Objects-normal/arm64/Helpers.SwiftFileList -DSWIFT_PACKAGE -DDEBUG -DSWIFT_MODULE_RESOURCE_BUNDLE_UNAVAILABLE -DXcode -enable-upcoming-feature ExistentialAny -enable-experimental-feature StrictConcurrency -plugin-path /Applications/Xcode.app/Contents/Developer/Toolchains/XcodeDefault.xctoolchain/usr/lib/swift/host/plugins/testing -enable-experimental-feature DebugDescriptionMacro -sdk /Applications/Xcode.app/Contents/Developer/Platforms/iPhoneSimulator.platform/Developer/SDKs/iPhoneSimulator26.2.sdk -target arm64-apple-ios13.0-simulator -g -module-cache-path /Users/user51/Library/Developer/Xcode/DerivedData/ModuleCache.noindex -Xfrontend -serialize-debugging-options -profile-coverage-mapping -profile-generate -enable-testing -suppress-warnings -index-store-path /Users/user51/Library/Developer/Xcode/DerivedData/iCohort3-bwoefxeicoflurbglvssertdjhcr/Index.noindex/DataStore -Xcc -D_LIBCPP_HARDENING_MODE\=_LIBCPP_HARDENING_MODE_DEBUG -swift-version 5 -I /Users/user51/Library/Developer/Xcode/DerivedData/iCohort3-bwoefxeicoflurbglvssertdjhcr/Build/Products/Debug-iphonesimulator -Isystem /Applications/Xcode.app/Contents/Developer/Platforms/iPhoneSimulator.platform/Developer/usr/lib -F /Users/user51/Library/Developer/Xcode/DerivedData/iCohort3-bwoefxeicoflurbglvssertdjhcr/Build/Products/Debug-iphonesimulator/PackageFrameworks -F /Users/user51/Library/Developer/Xcode/DerivedData/iCohort3-bwoefxeicoflurbglvssertdjhcr/Build/Products/Debug-iphonesimulator/PackageFrameworks -F /Users/user51/Library/Developer/Xcode/DerivedData/iCohort3-bwoefxeicoflurbglvssertdjhcr/Build/Products/Debug-iphonesimulator/PackageFrameworks -F /Users/user51/Library/Developer/Xcode/DerivedData/iCohort3-bwoefxeicoflurbglvssertdjhcr/Build/Products/Debug-iphonesimulator/PackageFrameworks -F /Users/user51/Library/Developer/Xcode/DerivedData/iCohort3-bwoefxeicoflurbglvssertdjhcr/Build/Products/Debug-iphonesimulator/PackageFrameworks -F /Users/user51/Library/Developer/Xcode/DerivedData/iCohort3-bwoefxeicoflurbglvssertdjhcr/Build/Products/Debug-iphonesimulator/PackageFrameworks -F /Users/user51/Library/Developer/Xcode/DerivedData/iCohort3-bwoefxeicoflurbglvssertdjhcr/Build/Products/Debug-iphonesimulator -F /Applications/Xcode.app/Contents/Developer/Platforms/iPhoneSimulator.platform/Developer/Library/Frameworks -F /Applications/Xcode.app/Contents/Developer/Platforms/iPhoneSimulator.platform/Developer/SDKs/iPhoneSimulator26.2.sdk/Developer/Library/Frameworks -c -j8 -enable-batch-mode -incremental -Xcc -ivfsstatcache -Xcc /Users/user51/Library/Developer/Xcode/DerivedData/SDKStatCaches.noindex/iphonesimulator26.2-23C53-dc75598d0054f22ec865fa860f139d727d00a8b37fbd7999ea79df8ebc024bf0.sdkstatcache -output-file-map /Users/user51/Library/Developer/Xcode/DerivedData/iCohort3-bwoefxeicoflurbglvssertdjhcr/Build/Intermediates.noindex/Supabase.build/Debug-iphonesimulator/Helpers.build/Objects-normal/arm64/Helpers-OutputFileMap.json -use-frontend-parseable-output -save-temps -no-color-diagnostics -explicit-module-build -module-cache-path /Users/user51/Library/Developer/Xcode/DerivedData/iCohort3-bwoefxeicoflurbglvssertdjhcr/Build/Intermediates.noindex/SwiftExplicitPrecompiledModules -clang-scanner-module-cache-path /Users/user51/Library/Developer/Xcode/DerivedData/ModuleCache.noindex -sdk-module-cache-path /Users/user51/Library/Developer/Xcode/DerivedData/ModuleCache.noindex -serialize-diagnostics -emit-dependencies -emit-module -emit-module-path /Users/user51/Library/Developer/Xcode/DerivedData/iCohort3-bwoefxeicoflurbglvssertdjhcr/Build/Intermediates.noindex/Supabase.build/Debug-iphonesimulator/Helpers.build/Objects-normal/arm64/Helpers.swiftmodule -validate-clang-modules-once -clang-build-session-file /Users/user51/Library/Developer/Xcode/DerivedData/ModuleCache.noindex/Session.modulevalidation -package-name supabase_swift -Xcc -I/Users/user51/Library/Developer/Xcode/DerivedData/iCohort3-bwoefxeicoflurbglvssertdjhcr/Build/Intermediates.noindex/Supabase.build/Debug-iphonesimulator/Helpers.build/swift-overrides.hmap -emit-const-values -Xfrontend -const-gather-protocols-file -Xfrontend /Users/user51/Library/Developer/Xcode/DerivedData/iCohort3-bwoefxeicoflurbglvssertdjhcr/Build/Intermediates.noindex/Supabase.build/Debug-iphonesimulator/Helpers.build/Objects-normal/arm64/Helpers_const_extract_protocols.json -Xcc -I/Users/user51/Library/Developer/Xcode/DerivedData/iCohort3-bwoefxeicoflurbglvssertdjhcr/Build/Products/Debug-iphonesimulator/include -Xcc -I/Users/user51/Library/Developer/Xcode/DerivedData/iCohort3-bwoefxeicoflurbglvssertdjhcr/Build/Intermediates.noindex/Supabase.build/Debug-iphonesimulator/Helpers.build/DerivedSources-normal/arm64 -Xcc -I/Users/user51/Library/Developer/Xcode/DerivedData/iCohort3-bwoefxeicoflurbglvssertdjhcr/Build/Intermediates.noindex/Supabase.build/Debug-iphonesimulator/Helpers.build/DerivedSources/arm64 -Xcc -I/Users/user51/Library/Developer/Xcode/DerivedData/iCohort3-bwoefxeicoflurbglvssertdjhcr/Build/Intermediates.noindex/Supabase.build/Debug-iphonesimulator/Helpers.build/DerivedSources -Xcc -DSWIFT_PACKAGE -Xcc -DDEBUG\=1 -emit-objc-header -emit-objc-header-path /Users/user51/Library/Developer/Xcode/DerivedData/iCohort3-bwoefxeicoflurbglvssertdjhcr/Build/Intermediates.noindex/Supabase.build/Debug-iphonesimulator/Helpers.build/Objects-normal/arm64/Helpers-Swift.h -working-directory /Users/user51/Downloads/iCohort3/iCohort3.xcodeproj -experimental-emit-module-separately -disable-cmo

SwiftDriverJobDiscovery normal arm64 Compiling AnyClock.swift (in target 'Clocks' from project 'swift-clocks')

SwiftDriverJobDiscovery normal arm64 Compiling Deprecations.swift (in target 'XCTestDynamicOverlay' from project 'xctest-dynamic-overlay')

SwiftDriverJobDiscovery normal arm64 Compiling TestClock.swift (in target 'Clocks' from project 'swift-clocks')

SwiftDriver\ Compilation XCTestDynamicOverlay normal arm64 com.apple.xcode.tools.swift.compiler (in target 'XCTestDynamicOverlay' from project 'xctest-dynamic-overlay')
    cd /Users/user51/Downloads/iCohort3/iCohort3.xcodeproj
    builtin-Swift-Compilation -- /Applications/Xcode.app/Contents/Developer/Toolchains/XcodeDefault.xctoolchain/usr/bin/swiftc -module-name XCTestDynamicOverlay -Onone -enforce-exclusivity\=checked @/Users/user51/Library/Developer/Xcode/DerivedData/iCohort3-bwoefxeicoflurbglvssertdjhcr/Build/Intermediates.noindex/xctest-dynamic-overlay.build/Debug-iphonesimulator/XCTestDynamicOverlay.build/Objects-normal/arm64/XCTestDynamicOverlay.SwiftFileList -DSWIFT_PACKAGE -DDEBUG -DSWIFT_MODULE_RESOURCE_BUNDLE_UNAVAILABLE -DXcode -plugin-path /Applications/Xcode.app/Contents/Developer/Toolchains/XcodeDefault.xctoolchain/usr/lib/swift/host/plugins/testing -enable-experimental-feature DebugDescriptionMacro -sdk /Applications/Xcode.app/Contents/Developer/Platforms/iPhoneSimulator.platform/Developer/SDKs/iPhoneSimulator26.2.sdk -target arm64-apple-ios13.0-simulator -g -module-cache-path /Users/user51/Library/Developer/Xcode/DerivedData/ModuleCache.noindex -Xfrontend -serialize-debugging-options -profile-coverage-mapping -profile-generate -enable-testing -suppress-warnings -index-store-path /Users/user51/Library/Developer/Xcode/DerivedData/iCohort3-bwoefxeicoflurbglvssertdjhcr/Index.noindex/DataStore -Xcc -D_LIBCPP_HARDENING_MODE\=_LIBCPP_HARDENING_MODE_DEBUG -swift-version 6 -I /Users/user51/Library/Developer/Xcode/DerivedData/iCohort3-bwoefxeicoflurbglvssertdjhcr/Build/Products/Debug-iphonesimulator -Isystem /Applications/Xcode.app/Contents/Developer/Platforms/iPhoneSimulator.platform/Developer/usr/lib -F /Users/user51/Library/Developer/Xcode/DerivedData/iCohort3-bwoefxeicoflurbglvssertdjhcr/Build/Products/Debug-iphonesimulator/PackageFrameworks -F /Users/user51/Library/Developer/Xcode/DerivedData/iCohort3-bwoefxeicoflurbglvssertdjhcr/Build/Products/Debug-iphonesimulator/PackageFrameworks -F /Users/user51/Library/Developer/Xcode/DerivedData/iCohort3-bwoefxeicoflurbglvssertdjhcr/Build/Products/Debug-iphonesimulator -F /Applications/Xcode.app/Contents/Developer/Platforms/iPhoneSimulator.platform/Developer/Library/Frameworks -F /Applications/Xcode.app/Contents/Developer/Platforms/iPhoneSimulator.platform/Developer/SDKs/iPhoneSimulator26.2.sdk/Developer/Library/Frameworks -c -j8 -enable-batch-mode -incremental -Xcc -ivfsstatcache -Xcc /Users/user51/Library/Developer/Xcode/DerivedData/SDKStatCaches.noindex/iphonesimulator26.2-23C53-dc75598d0054f22ec865fa860f139d727d00a8b37fbd7999ea79df8ebc024bf0.sdkstatcache -output-file-map /Users/user51/Library/Developer/Xcode/DerivedData/iCohort3-bwoefxeicoflurbglvssertdjhcr/Build/Intermediates.noindex/xctest-dynamic-overlay.build/Debug-iphonesimulator/XCTestDynamicOverlay.build/Objects-normal/arm64/XCTestDynamicOverlay-OutputFileMap.json -use-frontend-parseable-output -save-temps -no-color-diagnostics -explicit-module-build -module-cache-path /Users/user51/Library/Developer/Xcode/DerivedData/iCohort3-bwoefxeicoflurbglvssertdjhcr/Build/Intermediates.noindex/SwiftExplicitPrecompiledModules -clang-scanner-module-cache-path /Users/user51/Library/Developer/Xcode/DerivedData/ModuleCache.noindex -sdk-module-cache-path /Users/user51/Library/Developer/Xcode/DerivedData/ModuleCache.noindex -serialize-diagnostics -emit-dependencies -emit-module -emit-module-path /Users/user51/Library/Developer/Xcode/DerivedData/iCohort3-bwoefxeicoflurbglvssertdjhcr/Build/Intermediates.noindex/xctest-dynamic-overlay.build/Debug-iphonesimulator/XCTestDynamicOverlay.build/Objects-normal/arm64/XCTestDynamicOverlay.swiftmodule -user-module-version 1.7.0 -validate-clang-modules-once -clang-build-session-file /Users/user51/Library/Developer/Xcode/DerivedData/ModuleCache.noindex/Session.modulevalidation -package-name xctest_dynamic_overlay -Xcc -I/Users/user51/Library/Developer/Xcode/DerivedData/iCohort3-bwoefxeicoflurbglvssertdjhcr/Build/Intermediates.noindex/xctest-dynamic-overlay.build/Debug-iphonesimulator/XCTestDynamicOverlay.build/swift-overrides.hmap -emit-const-values -Xfrontend -const-gather-protocols-file -Xfrontend /Users/user51/Library/Developer/Xcode/DerivedData/iCohort3-bwoefxeicoflurbglvssertdjhcr/Build/Intermediates.noindex/xctest-dynamic-overlay.build/Debug-iphonesimulator/XCTestDynamicOverlay.build/Objects-normal/arm64/XCTestDynamicOverlay_const_extract_protocols.json -Xcc -I/Users/user51/Library/Developer/Xcode/DerivedData/iCohort3-bwoefxeicoflurbglvssertdjhcr/Build/Products/Debug-iphonesimulator/include -Xcc -I/Users/user51/Library/Developer/Xcode/DerivedData/iCohort3-bwoefxeicoflurbglvssertdjhcr/Build/Intermediates.noindex/xctest-dynamic-overlay.build/Debug-iphonesimulator/XCTestDynamicOverlay.build/DerivedSources-normal/arm64 -Xcc -I/Users/user51/Library/Developer/Xcode/DerivedData/iCohort3-bwoefxeicoflurbglvssertdjhcr/Build/Intermediates.noindex/xctest-dynamic-overlay.build/Debug-iphonesimulator/XCTestDynamicOverlay.build/DerivedSources/arm64 -Xcc -I/Users/user51/Library/Developer/Xcode/DerivedData/iCohort3-bwoefxeicoflurbglvssertdjhcr/Build/Intermediates.noindex/xctest-dynamic-overlay.build/Debug-iphonesimulator/XCTestDynamicOverlay.build/DerivedSources -Xcc -DSWIFT_PACKAGE -Xcc -DDEBUG\=1 -emit-objc-header -emit-objc-header-path /Users/user51/Library/Developer/Xcode/DerivedData/iCohort3-bwoefxeicoflurbglvssertdjhcr/Build/Intermediates.noindex/xctest-dynamic-overlay.build/Debug-iphonesimulator/XCTestDynamicOverlay.build/Objects-normal/arm64/XCTestDynamicOverlay-Swift.h -working-directory /Users/user51/Downloads/iCohort3/iCohort3.xcodeproj -experimental-emit-module-separately -disable-cmo

Ld /Users/user51/Library/Developer/Xcode/DerivedData/iCohort3-bwoefxeicoflurbglvssertdjhcr/Build/Products/Debug-iphonesimulator/XCTestDynamicOverlay.o normal (in target 'XCTestDynamicOverlay' from project 'xctest-dynamic-overlay')
    cd /Users/user51/Library/Developer/Xcode/DerivedData/iCohort3-bwoefxeicoflurbglvssertdjhcr/SourcePackages/checkouts/xctest-dynamic-overlay
    /Applications/Xcode.app/Contents/Developer/Toolchains/XcodeDefault.xctoolchain/usr/bin/clang -Xlinker -reproducible -target arm64-apple-ios13.0-simulator -r -isysroot /Applications/Xcode.app/Contents/Developer/Platforms/iPhoneSimulator.platform/Developer/SDKs/iPhoneSimulator26.2.sdk -O0 -w -L/Users/user51/Library/Developer/Xcode/DerivedData/iCohort3-bwoefxeicoflurbglvssertdjhcr/Build/Intermediates.noindex/EagerLinkingTBDs/Debug-iphonesimulator -L/Users/user51/Library/Developer/Xcode/DerivedData/iCohort3-bwoefxeicoflurbglvssertdjhcr/Build/Products/Debug-iphonesimulator -L/Applications/Xcode.app/Contents/Developer/Platforms/iPhoneSimulator.platform/Developer/usr/lib -F/Users/user51/Library/Developer/Xcode/DerivedData/iCohort3-bwoefxeicoflurbglvssertdjhcr/Build/Intermediates.noindex/EagerLinkingTBDs/Debug-iphonesimulator -F/Users/user51/Library/Developer/Xcode/DerivedData/iCohort3-bwoefxeicoflurbglvssertdjhcr/Build/Products/Debug-iphonesimulator/PackageFrameworks -F/Users/user51/Library/Developer/Xcode/DerivedData/iCohort3-bwoefxeicoflurbglvssertdjhcr/Build/Products/Debug-iphonesimulator/PackageFrameworks -F/Users/user51/Library/Developer/Xcode/DerivedData/iCohort3-bwoefxeicoflurbglvssertdjhcr/Build/Products/Debug-iphonesimulator -iframework /Applications/Xcode.app/Contents/Developer/Platforms/iPhoneSimulator.platform/Developer/Library/Frameworks -iframework /Applications/Xcode.app/Contents/Developer/Platforms/iPhoneSimulator.platform/Developer/SDKs/iPhoneSimulator26.2.sdk/Developer/Library/Frameworks -filelist /Users/user51/Library/Developer/Xcode/DerivedData/iCohort3-bwoefxeicoflurbglvssertdjhcr/Build/Intermediates.noindex/xctest-dynamic-overlay.build/Debug-iphonesimulator/XCTestDynamicOverlay.build/Objects-normal/arm64/XCTestDynamicOverlay.LinkFileList -nostdlib -Xlinker -object_path_lto -Xlinker /Users/user51/Library/Developer/Xcode/DerivedData/iCohort3-bwoefxeicoflurbglvssertdjhcr/Build/Intermediates.noindex/xctest-dynamic-overlay.build/Debug-iphonesimulator/XCTestDynamicOverlay.build/Objects-normal/arm64/XCTestDynamicOverlay_lto.o -rdynamic -Xlinker -no_deduplicate -Xlinker -objc_abi_version -Xlinker 2 -Xlinker -debug_variant -Xlinker -dependency_info -Xlinker /Users/user51/Library/Developer/Xcode/DerivedData/iCohort3-bwoefxeicoflurbglvssertdjhcr/Build/Intermediates.noindex/xctest-dynamic-overlay.build/Debug-iphonesimulator/XCTestDynamicOverlay.build/Objects-normal/arm64/XCTestDynamicOverlay_dependency_info.dat -fobjc-link-runtime -L/Applications/Xcode.app/Contents/Developer/Toolchains/XcodeDefault.xctoolchain/usr/lib/swift/iphonesimulator -L/usr/lib/swift -Xlinker -add_ast_path -Xlinker /Users/user51/Library/Developer/Xcode/DerivedData/iCohort3-bwoefxeicoflurbglvssertdjhcr/Build/Intermediates.noindex/xctest-dynamic-overlay.build/Debug-iphonesimulator/XCTestDynamicOverlay.build/Objects-normal/arm64/XCTestDynamicOverlay.swiftmodule @/Users/user51/Library/Developer/Xcode/DerivedData/iCohort3-bwoefxeicoflurbglvssertdjhcr/Build/Intermediates.noindex/xctest-dynamic-overlay.build/Debug-iphonesimulator/XCTestDynamicOverlay.build/Objects-normal/arm64/XCTestDynamicOverlay-linker-args.resp -o /Users/user51/Library/Developer/Xcode/DerivedData/iCohort3-bwoefxeicoflurbglvssertdjhcr/Build/Products/Debug-iphonesimulator/XCTestDynamicOverlay.o

SwiftDriverJobDiscovery normal arm64 Compiling ImmediateClock.swift (in target 'Clocks' from project 'swift-clocks')

RegisterExecutionPolicyException /Users/user51/Library/Developer/Xcode/DerivedData/iCohort3-bwoefxeicoflurbglvssertdjhcr/Build/Products/Debug-iphonesimulator/Crypto.o (in target 'Crypto' from project 'swift-crypto')
    cd /Users/user51/Library/Developer/Xcode/DerivedData/iCohort3-bwoefxeicoflurbglvssertdjhcr/SourcePackages/checkouts/swift-crypto
    builtin-RegisterExecutionPolicyException /Users/user51/Library/Developer/Xcode/DerivedData/iCohort3-bwoefxeicoflurbglvssertdjhcr/Build/Products/Debug-iphonesimulator/Crypto.o

RegisterExecutionPolicyException /Users/user51/Library/Developer/Xcode/DerivedData/iCohort3-bwoefxeicoflurbglvssertdjhcr/Build/Products/Debug-iphonesimulator/HTTPTypes.o (in target 'HTTPTypes' from project 'swift-http-types')
    cd /Users/user51/Library/Developer/Xcode/DerivedData/iCohort3-bwoefxeicoflurbglvssertdjhcr/SourcePackages/checkouts/swift-http-types
    builtin-RegisterExecutionPolicyException /Users/user51/Library/Developer/Xcode/DerivedData/iCohort3-bwoefxeicoflurbglvssertdjhcr/Build/Products/Debug-iphonesimulator/HTTPTypes.o

ExtractAppIntentsMetadata (in target 'XCTestDynamicOverlay' from project 'xctest-dynamic-overlay')
    cd /Users/user51/Library/Developer/Xcode/DerivedData/iCohort3-bwoefxeicoflurbglvssertdjhcr/SourcePackages/checkouts/xctest-dynamic-overlay
    /Applications/Xcode.app/Contents/Developer/Toolchains/XcodeDefault.xctoolchain/usr/bin/appintentsmetadataprocessor --toolchain-dir /var/run/com.apple.security.cryptexd/mnt/com.apple.MobileAsset.MetalToolchain-v17.3.7003.10.GOk9dz/Metal.xctoolchain --module-name XCTestDynamicOverlay --sdk-root /Applications/Xcode.app/Contents/Developer/Platforms/iPhoneSimulator.platform/Developer/SDKs/iPhoneSimulator26.2.sdk --xcode-version 17C52 --platform-family iOS --deployment-target 13.0 --bundle-identifier xctest-dynamic-overlay.XCTestDynamicOverlay --output /Users/user51/Library/Developer/Xcode/DerivedData/iCohort3-bwoefxeicoflurbglvssertdjhcr/Build/Products/Debug-iphonesimulator/XCTestDynamicOverlay.appintents --target-triple arm64-apple-ios13.0-simulator --binary-file /Users/user51/Library/Developer/Xcode/DerivedData/iCohort3-bwoefxeicoflurbglvssertdjhcr/Build/Products/Debug-iphonesimulator/XCTestDynamicOverlay.o --dependency-file /Users/user51/Library/Developer/Xcode/DerivedData/iCohort3-bwoefxeicoflurbglvssertdjhcr/Build/Intermediates.noindex/xctest-dynamic-overlay.build/Debug-iphonesimulator/XCTestDynamicOverlay.build/Objects-normal/arm64/XCTestDynamicOverlay_dependency_info.dat --stringsdata-file /Users/user51/Library/Developer/Xcode/DerivedData/iCohort3-bwoefxeicoflurbglvssertdjhcr/Build/Intermediates.noindex/xctest-dynamic-overlay.build/Debug-iphonesimulator/XCTestDynamicOverlay.build/Objects-normal/arm64/ExtractedAppShortcutsMetadata.stringsdata --source-file-list /Users/user51/Library/Developer/Xcode/DerivedData/iCohort3-bwoefxeicoflurbglvssertdjhcr/Build/Intermediates.noindex/xctest-dynamic-overlay.build/Debug-iphonesimulator/XCTestDynamicOverlay.build/Objects-normal/arm64/XCTestDynamicOverlay.SwiftFileList --metadata-file-list /Users/user51/Library/Developer/Xcode/DerivedData/iCohort3-bwoefxeicoflurbglvssertdjhcr/Build/Intermediates.noindex/xctest-dynamic-overlay.build/Debug-iphonesimulator/XCTestDynamicOverlay.build/XCTestDynamicOverlay.DependencyMetadataFileList --static-metadata-file-list /Users/user51/Library/Developer/Xcode/DerivedData/iCohort3-bwoefxeicoflurbglvssertdjhcr/Build/Intermediates.noindex/xctest-dynamic-overlay.build/Debug-iphonesimulator/XCTestDynamicOverlay.build/XCTestDynamicOverlay.DependencyStaticMetadataFileList --swift-const-vals-list /Users/user51/Library/Developer/Xcode/DerivedData/iCohort3-bwoefxeicoflurbglvssertdjhcr/Build/Intermediates.noindex/xctest-dynamic-overlay.build/Debug-iphonesimulator/XCTestDynamicOverlay.build/Objects-normal/arm64/XCTestDynamicOverlay.SwiftConstValuesFileList --force --compile-time-extraction --deployment-aware-processing --validate-assistant-intents --no-app-shortcuts-localization
2026-04-06 13:23:14.719 appintentsmetadataprocessor[46361:12588728] Starting appintentsmetadataprocessor export
2026-04-06 13:23:14.838 appintentsmetadataprocessor[46361:12588728] Extracted no relevant App Intents symbols, skipping writing output

SwiftDriverJobDiscovery normal arm64 Compiling _AsyncTimerSequence.swift (in target 'Clocks' from project 'swift-clocks')

SwiftDriver\ Compilation Clocks normal arm64 com.apple.xcode.tools.swift.compiler (in target 'Clocks' from project 'swift-clocks')
    cd /Users/user51/Downloads/iCohort3/iCohort3.xcodeproj
    builtin-Swift-Compilation -- /Applications/Xcode.app/Contents/Developer/Toolchains/XcodeDefault.xctoolchain/usr/bin/swiftc -module-name Clocks -Onone -enforce-exclusivity\=checked @/Users/user51/Library/Developer/Xcode/DerivedData/iCohort3-bwoefxeicoflurbglvssertdjhcr/Build/Intermediates.noindex/swift-clocks.build/Debug-iphonesimulator/Clocks.build/Objects-normal/arm64/Clocks.SwiftFileList -DSWIFT_PACKAGE -DDEBUG -DSWIFT_MODULE_RESOURCE_BUNDLE_UNAVAILABLE -DXcode -plugin-path /Applications/Xcode.app/Contents/Developer/Toolchains/XcodeDefault.xctoolchain/usr/lib/swift/host/plugins/testing -enable-experimental-feature DebugDescriptionMacro -sdk /Applications/Xcode.app/Contents/Developer/Platforms/iPhoneSimulator.platform/Developer/SDKs/iPhoneSimulator26.2.sdk -target arm64-apple-ios13.0-simulator -g -module-cache-path /Users/user51/Library/Developer/Xcode/DerivedData/ModuleCache.noindex -Xfrontend -serialize-debugging-options -profile-coverage-mapping -profile-generate -enable-testing -suppress-warnings -index-store-path /Users/user51/Library/Developer/Xcode/DerivedData/iCohort3-bwoefxeicoflurbglvssertdjhcr/Index.noindex/DataStore -Xcc -D_LIBCPP_HARDENING_MODE\=_LIBCPP_HARDENING_MODE_DEBUG -swift-version 6 -I /Users/user51/Library/Developer/Xcode/DerivedData/iCohort3-bwoefxeicoflurbglvssertdjhcr/Build/Products/Debug-iphonesimulator -Isystem /Applications/Xcode.app/Contents/Developer/Platforms/iPhoneSimulator.platform/Developer/usr/lib -F /Users/user51/Library/Developer/Xcode/DerivedData/iCohort3-bwoefxeicoflurbglvssertdjhcr/Build/Products/Debug-iphonesimulator/PackageFrameworks -F /Users/user51/Library/Developer/Xcode/DerivedData/iCohort3-bwoefxeicoflurbglvssertdjhcr/Build/Products/Debug-iphonesimulator/PackageFrameworks -F /Users/user51/Library/Developer/Xcode/DerivedData/iCohort3-bwoefxeicoflurbglvssertdjhcr/Build/Products/Debug-iphonesimulator/PackageFrameworks -F /Users/user51/Library/Developer/Xcode/DerivedData/iCohort3-bwoefxeicoflurbglvssertdjhcr/Build/Products/Debug-iphonesimulator -F /Applications/Xcode.app/Contents/Developer/Platforms/iPhoneSimulator.platform/Developer/Library/Frameworks -F /Applications/Xcode.app/Contents/Developer/Platforms/iPhoneSimulator.platform/Developer/SDKs/iPhoneSimulator26.2.sdk/Developer/Library/Frameworks -c -j8 -enable-batch-mode -incremental -Xcc -ivfsstatcache -Xcc /Users/user51/Library/Developer/Xcode/DerivedData/SDKStatCaches.noindex/iphonesimulator26.2-23C53-dc75598d0054f22ec865fa860f139d727d00a8b37fbd7999ea79df8ebc024bf0.sdkstatcache -output-file-map /Users/user51/Library/Developer/Xcode/DerivedData/iCohort3-bwoefxeicoflurbglvssertdjhcr/Build/Intermediates.noindex/swift-clocks.build/Debug-iphonesimulator/Clocks.build/Objects-normal/arm64/Clocks-OutputFileMap.json -use-frontend-parseable-output -save-temps -no-color-diagnostics -explicit-module-build -module-cache-path /Users/user51/Library/Developer/Xcode/DerivedData/iCohort3-bwoefxeicoflurbglvssertdjhcr/Build/Intermediates.noindex/SwiftExplicitPrecompiledModules -clang-scanner-module-cache-path /Users/user51/Library/Developer/Xcode/DerivedData/ModuleCache.noindex -sdk-module-cache-path /Users/user51/Library/Developer/Xcode/DerivedData/ModuleCache.noindex -serialize-diagnostics -emit-dependencies -emit-module -emit-module-path /Users/user51/Library/Developer/Xcode/DerivedData/iCohort3-bwoefxeicoflurbglvssertdjhcr/Build/Intermediates.noindex/swift-clocks.build/Debug-iphonesimulator/Clocks.build/Objects-normal/arm64/Clocks.swiftmodule -user-module-version 1.0.6 -validate-clang-modules-once -clang-build-session-file /Users/user51/Library/Developer/Xcode/DerivedData/ModuleCache.noindex/Session.modulevalidation -package-name swift_clocks -Xcc -I/Users/user51/Library/Developer/Xcode/DerivedData/iCohort3-bwoefxeicoflurbglvssertdjhcr/Build/Intermediates.noindex/swift-clocks.build/Debug-iphonesimulator/Clocks.build/swift-overrides.hmap -emit-const-values -Xfrontend -const-gather-protocols-file -Xfrontend /Users/user51/Library/Developer/Xcode/DerivedData/iCohort3-bwoefxeicoflurbglvssertdjhcr/Build/Intermediates.noindex/swift-clocks.build/Debug-iphonesimulator/Clocks.build/Objects-normal/arm64/Clocks_const_extract_protocols.json -Xcc -I/Users/user51/Library/Developer/Xcode/DerivedData/iCohort3-bwoefxeicoflurbglvssertdjhcr/Build/Products/Debug-iphonesimulator/include -Xcc -I/Users/user51/Library/Developer/Xcode/DerivedData/iCohort3-bwoefxeicoflurbglvssertdjhcr/Build/Intermediates.noindex/swift-clocks.build/Debug-iphonesimulator/Clocks.build/DerivedSources-normal/arm64 -Xcc -I/Users/user51/Library/Developer/Xcode/DerivedData/iCohort3-bwoefxeicoflurbglvssertdjhcr/Build/Intermediates.noindex/swift-clocks.build/Debug-iphonesimulator/Clocks.build/DerivedSources/arm64 -Xcc -I/Users/user51/Library/Developer/Xcode/DerivedData/iCohort3-bwoefxeicoflurbglvssertdjhcr/Build/Intermediates.noindex/swift-clocks.build/Debug-iphonesimulator/Clocks.build/DerivedSources -Xcc -DSWIFT_PACKAGE -Xcc -DDEBUG\=1 -emit-objc-header -emit-objc-header-path /Users/user51/Library/Developer/Xcode/DerivedData/iCohort3-bwoefxeicoflurbglvssertdjhcr/Build/Intermediates.noindex/swift-clocks.build/Debug-iphonesimulator/Clocks.build/Objects-normal/arm64/Clocks-Swift.h -working-directory /Users/user51/Downloads/iCohort3/iCohort3.xcodeproj -experimental-emit-module-separately -disable-cmo

Ld /Users/user51/Library/Developer/Xcode/DerivedData/iCohort3-bwoefxeicoflurbglvssertdjhcr/Build/Products/Debug-iphonesimulator/Clocks.o normal (in target 'Clocks' from project 'swift-clocks')
    cd /Users/user51/Library/Developer/Xcode/DerivedData/iCohort3-bwoefxeicoflurbglvssertdjhcr/SourcePackages/checkouts/swift-clocks
    /Applications/Xcode.app/Contents/Developer/Toolchains/XcodeDefault.xctoolchain/usr/bin/clang -Xlinker -reproducible -target arm64-apple-ios13.0-simulator -r -isysroot /Applications/Xcode.app/Contents/Developer/Platforms/iPhoneSimulator.platform/Developer/SDKs/iPhoneSimulator26.2.sdk -O0 -w -L/Users/user51/Library/Developer/Xcode/DerivedData/iCohort3-bwoefxeicoflurbglvssertdjhcr/Build/Intermediates.noindex/EagerLinkingTBDs/Debug-iphonesimulator -L/Users/user51/Library/Developer/Xcode/DerivedData/iCohort3-bwoefxeicoflurbglvssertdjhcr/Build/Products/Debug-iphonesimulator -L/Applications/Xcode.app/Contents/Developer/Platforms/iPhoneSimulator.platform/Developer/usr/lib -F/Users/user51/Library/Developer/Xcode/DerivedData/iCohort3-bwoefxeicoflurbglvssertdjhcr/Build/Intermediates.noindex/EagerLinkingTBDs/Debug-iphonesimulator -F/Users/user51/Library/Developer/Xcode/DerivedData/iCohort3-bwoefxeicoflurbglvssertdjhcr/Build/Products/Debug-iphonesimulator/PackageFrameworks -F/Users/user51/Library/Developer/Xcode/DerivedData/iCohort3-bwoefxeicoflurbglvssertdjhcr/Build/Products/Debug-iphonesimulator/PackageFrameworks -F/Users/user51/Library/Developer/Xcode/DerivedData/iCohort3-bwoefxeicoflurbglvssertdjhcr/Build/Products/Debug-iphonesimulator/PackageFrameworks -F/Users/user51/Library/Developer/Xcode/DerivedData/iCohort3-bwoefxeicoflurbglvssertdjhcr/Build/Products/Debug-iphonesimulator -iframework /Applications/Xcode.app/Contents/Developer/Platforms/iPhoneSimulator.platform/Developer/Library/Frameworks -iframework /Applications/Xcode.app/Contents/Developer/Platforms/iPhoneSimulator.platform/Developer/SDKs/iPhoneSimulator26.2.sdk/Developer/Library/Frameworks -filelist /Users/user51/Library/Developer/Xcode/DerivedData/iCohort3-bwoefxeicoflurbglvssertdjhcr/Build/Intermediates.noindex/swift-clocks.build/Debug-iphonesimulator/Clocks.build/Objects-normal/arm64/Clocks.LinkFileList -nostdlib -Xlinker -object_path_lto -Xlinker /Users/user51/Library/Developer/Xcode/DerivedData/iCohort3-bwoefxeicoflurbglvssertdjhcr/Build/Intermediates.noindex/swift-clocks.build/Debug-iphonesimulator/Clocks.build/Objects-normal/arm64/Clocks_lto.o -rdynamic -Xlinker -no_deduplicate -Xlinker -objc_abi_version -Xlinker 2 -Xlinker -debug_variant -Xlinker -dependency_info -Xlinker /Users/user51/Library/Developer/Xcode/DerivedData/iCohort3-bwoefxeicoflurbglvssertdjhcr/Build/Intermediates.noindex/swift-clocks.build/Debug-iphonesimulator/Clocks.build/Objects-normal/arm64/Clocks_dependency_info.dat -fobjc-link-runtime -L/Applications/Xcode.app/Contents/Developer/Toolchains/XcodeDefault.xctoolchain/usr/lib/swift/iphonesimulator -L/usr/lib/swift -Xlinker -add_ast_path -Xlinker /Users/user51/Library/Developer/Xcode/DerivedData/iCohort3-bwoefxeicoflurbglvssertdjhcr/Build/Intermediates.noindex/swift-clocks.build/Debug-iphonesimulator/Clocks.build/Objects-normal/arm64/Clocks.swiftmodule @/Users/user51/Library/Developer/Xcode/DerivedData/iCohort3-bwoefxeicoflurbglvssertdjhcr/Build/Intermediates.noindex/swift-clocks.build/Debug-iphonesimulator/Clocks.build/Objects-normal/arm64/Clocks-linker-args.resp -o /Users/user51/Library/Developer/Xcode/DerivedData/iCohort3-bwoefxeicoflurbglvssertdjhcr/Build/Products/Debug-iphonesimulator/Clocks.o

ExtractAppIntentsMetadata (in target 'Clocks' from project 'swift-clocks')
    cd /Users/user51/Library/Developer/Xcode/DerivedData/iCohort3-bwoefxeicoflurbglvssertdjhcr/SourcePackages/checkouts/swift-clocks
    /Applications/Xcode.app/Contents/Developer/Toolchains/XcodeDefault.xctoolchain/usr/bin/appintentsmetadataprocessor --toolchain-dir /var/run/com.apple.security.cryptexd/mnt/com.apple.MobileAsset.MetalToolchain-v17.3.7003.10.GOk9dz/Metal.xctoolchain --module-name Clocks --sdk-root /Applications/Xcode.app/Contents/Developer/Platforms/iPhoneSimulator.platform/Developer/SDKs/iPhoneSimulator26.2.sdk --xcode-version 17C52 --platform-family iOS --deployment-target 13.0 --bundle-identifier swift-clocks.Clocks --output /Users/user51/Library/Developer/Xcode/DerivedData/iCohort3-bwoefxeicoflurbglvssertdjhcr/Build/Products/Debug-iphonesimulator/Clocks.appintents --target-triple arm64-apple-ios13.0-simulator --binary-file /Users/user51/Library/Developer/Xcode/DerivedData/iCohort3-bwoefxeicoflurbglvssertdjhcr/Build/Products/Debug-iphonesimulator/Clocks.o --dependency-file /Users/user51/Library/Developer/Xcode/DerivedData/iCohort3-bwoefxeicoflurbglvssertdjhcr/Build/Intermediates.noindex/swift-clocks.build/Debug-iphonesimulator/Clocks.build/Objects-normal/arm64/Clocks_dependency_info.dat --stringsdata-file /Users/user51/Library/Developer/Xcode/DerivedData/iCohort3-bwoefxeicoflurbglvssertdjhcr/Build/Intermediates.noindex/swift-clocks.build/Debug-iphonesimulator/Clocks.build/Objects-normal/arm64/ExtractedAppShortcutsMetadata.stringsdata --source-file-list /Users/user51/Library/Developer/Xcode/DerivedData/iCohort3-bwoefxeicoflurbglvssertdjhcr/Build/Intermediates.noindex/swift-clocks.build/Debug-iphonesimulator/Clocks.build/Objects-normal/arm64/Clocks.SwiftFileList --metadata-file-list /Users/user51/Library/Developer/Xcode/DerivedData/iCohort3-bwoefxeicoflurbglvssertdjhcr/Build/Intermediates.noindex/swift-clocks.build/Debug-iphonesimulator/Clocks.build/Clocks.DependencyMetadataFileList --static-metadata-file-list /Users/user51/Library/Developer/Xcode/DerivedData/iCohort3-bwoefxeicoflurbglvssertdjhcr/Build/Intermediates.noindex/swift-clocks.build/Debug-iphonesimulator/Clocks.build/Clocks.DependencyStaticMetadataFileList --swift-const-vals-list /Users/user51/Library/Developer/Xcode/DerivedData/iCohort3-bwoefxeicoflurbglvssertdjhcr/Build/Intermediates.noindex/swift-clocks.build/Debug-iphonesimulator/Clocks.build/Objects-normal/arm64/Clocks.SwiftConstValuesFileList --force --compile-time-extraction --deployment-aware-processing --validate-assistant-intents --no-app-shortcuts-localization
2026-04-06 13:23:14.807 appintentsmetadataprocessor[46368:12588749] Starting appintentsmetadataprocessor export
2026-04-06 13:23:14.939 appintentsmetadataprocessor[46368:12588749] Extracted no relevant App Intents symbols, skipping writing output

SwiftCompile normal arm64 Compiling\ Base64URL.swift,\ Codable.swift,\ DateFormatter.swift /Users/user51/Library/Developer/Xcode/DerivedData/iCohort3-bwoefxeicoflurbglvssertdjhcr/SourcePackages/checkouts/supabase-swift/Sources/Helpers/Base64URL.swift /Users/user51/Library/Developer/Xcode/DerivedData/iCohort3-bwoefxeicoflurbglvssertdjhcr/SourcePackages/checkouts/supabase-swift/Sources/Helpers/Codable.swift /Users/user51/Library/Developer/Xcode/DerivedData/iCohort3-bwoefxeicoflurbglvssertdjhcr/SourcePackages/checkouts/supabase-swift/Sources/Helpers/DateFormatter.swift (in target 'Helpers' from project 'Supabase')
SwiftCompile normal arm64 /Users/user51/Library/Developer/Xcode/DerivedData/iCohort3-bwoefxeicoflurbglvssertdjhcr/SourcePackages/checkouts/supabase-swift/Sources/Helpers/Base64URL.swift (in target 'Helpers' from project 'Supabase')
    cd /Users/user51/Downloads/iCohort3/iCohort3.xcodeproj
    

SwiftCompile normal arm64 /Users/user51/Library/Developer/Xcode/DerivedData/iCohort3-bwoefxeicoflurbglvssertdjhcr/SourcePackages/checkouts/supabase-swift/Sources/Helpers/Codable.swift (in target 'Helpers' from project 'Supabase')
    cd /Users/user51/Downloads/iCohort3/iCohort3.xcodeproj
    

SwiftCompile normal arm64 /Users/user51/Library/Developer/Xcode/DerivedData/iCohort3-bwoefxeicoflurbglvssertdjhcr/SourcePackages/checkouts/supabase-swift/Sources/Helpers/DateFormatter.swift (in target 'Helpers' from project 'Supabase')
    cd /Users/user51/Downloads/iCohort3/iCohort3.xcodeproj
    

SwiftCompile normal arm64 Compiling\ EventEmitter.swift,\ FoundationExtensions.swift,\ HTTPClient.swift /Users/user51/Library/Developer/Xcode/DerivedData/iCohort3-bwoefxeicoflurbglvssertdjhcr/SourcePackages/checkouts/supabase-swift/Sources/Helpers/EventEmitter.swift /Users/user51/Library/Developer/Xcode/DerivedData/iCohort3-bwoefxeicoflurbglvssertdjhcr/SourcePackages/checkouts/supabase-swift/Sources/Helpers/FoundationExtensions.swift /Users/user51/Library/Developer/Xcode/DerivedData/iCohort3-bwoefxeicoflurbglvssertdjhcr/SourcePackages/checkouts/supabase-swift/Sources/Helpers/HTTP/HTTPClient.swift (in target 'Helpers' from project 'Supabase')
SwiftCompile normal arm64 /Users/user51/Library/Developer/Xcode/DerivedData/iCohort3-bwoefxeicoflurbglvssertdjhcr/SourcePackages/checkouts/supabase-swift/Sources/Helpers/EventEmitter.swift (in target 'Helpers' from project 'Supabase')
    cd /Users/user51/Downloads/iCohort3/iCohort3.xcodeproj
    

SwiftCompile normal arm64 /Users/user51/Library/Developer/Xcode/DerivedData/iCohort3-bwoefxeicoflurbglvssertdjhcr/SourcePackages/checkouts/supabase-swift/Sources/Helpers/FoundationExtensions.swift (in target 'Helpers' from project 'Supabase')
    cd /Users/user51/Downloads/iCohort3/iCohort3.xcodeproj
    

SwiftCompile normal arm64 /Users/user51/Library/Developer/Xcode/DerivedData/iCohort3-bwoefxeicoflurbglvssertdjhcr/SourcePackages/checkouts/supabase-swift/Sources/Helpers/HTTP/HTTPClient.swift (in target 'Helpers' from project 'Supabase')
    cd /Users/user51/Downloads/iCohort3/iCohort3.xcodeproj
    

SwiftCompile normal arm64 Compiling\ LoggerInterceptor.swift,\ RetryRequestInterceptor.swift,\ JWT.swift /Users/user51/Library/Developer/Xcode/DerivedData/iCohort3-bwoefxeicoflurbglvssertdjhcr/SourcePackages/checkouts/supabase-swift/Sources/Helpers/HTTP/LoggerInterceptor.swift /Users/user51/Library/Developer/Xcode/DerivedData/iCohort3-bwoefxeicoflurbglvssertdjhcr/SourcePackages/checkouts/supabase-swift/Sources/Helpers/HTTP/RetryRequestInterceptor.swift /Users/user51/Library/Developer/Xcode/DerivedData/iCohort3-bwoefxeicoflurbglvssertdjhcr/SourcePackages/checkouts/supabase-swift/Sources/Helpers/JWT.swift (in target 'Helpers' from project 'Supabase')
SwiftCompile normal arm64 /Users/user51/Library/Developer/Xcode/DerivedData/iCohort3-bwoefxeicoflurbglvssertdjhcr/SourcePackages/checkouts/supabase-swift/Sources/Helpers/HTTP/LoggerInterceptor.swift (in target 'Helpers' from project 'Supabase')
    cd /Users/user51/Downloads/iCohort3/iCohort3.xcodeproj
    

SwiftCompile normal arm64 /Users/user51/Library/Developer/Xcode/DerivedData/iCohort3-bwoefxeicoflurbglvssertdjhcr/SourcePackages/checkouts/supabase-swift/Sources/Helpers/HTTP/RetryRequestInterceptor.swift (in target 'Helpers' from project 'Supabase')
    cd /Users/user51/Downloads/iCohort3/iCohort3.xcodeproj
    

SwiftCompile normal arm64 /Users/user51/Library/Developer/Xcode/DerivedData/iCohort3-bwoefxeicoflurbglvssertdjhcr/SourcePackages/checkouts/supabase-swift/Sources/Helpers/JWT.swift (in target 'Helpers' from project 'Supabase')
    cd /Users/user51/Downloads/iCohort3/iCohort3.xcodeproj
    

SwiftCompile normal arm64 Compiling\ AnyJSON+Codable.swift,\ AnyJSON.swift,\ AsyncValueSubject.swift /Users/user51/Library/Developer/Xcode/DerivedData/iCohort3-bwoefxeicoflurbglvssertdjhcr/SourcePackages/checkouts/supabase-swift/Sources/Helpers/AnyJSON/AnyJSON+Codable.swift /Users/user51/Library/Developer/Xcode/DerivedData/iCohort3-bwoefxeicoflurbglvssertdjhcr/SourcePackages/checkouts/supabase-swift/Sources/Helpers/AnyJSON/AnyJSON.swift /Users/user51/Library/Developer/Xcode/DerivedData/iCohort3-bwoefxeicoflurbglvssertdjhcr/SourcePackages/checkouts/supabase-swift/Sources/Helpers/AsyncValueSubject.swift (in target 'Helpers' from project 'Supabase')

SwiftCompile normal arm64 /Users/user51/Library/Developer/Xcode/DerivedData/iCohort3-bwoefxeicoflurbglvssertdjhcr/SourcePackages/checkouts/supabase-swift/Sources/Helpers/AnyJSON/AnyJSON+Codable.swift (in target 'Helpers' from project 'Supabase')
    cd /Users/user51/Downloads/iCohort3/iCohort3.xcodeproj
    

SwiftCompile normal arm64 /Users/user51/Library/Developer/Xcode/DerivedData/iCohort3-bwoefxeicoflurbglvssertdjhcr/SourcePackages/checkouts/supabase-swift/Sources/Helpers/AnyJSON/AnyJSON.swift (in target 'Helpers' from project 'Supabase')
    cd /Users/user51/Downloads/iCohort3/iCohort3.xcodeproj
    

SwiftCompile normal arm64 /Users/user51/Library/Developer/Xcode/DerivedData/iCohort3-bwoefxeicoflurbglvssertdjhcr/SourcePackages/checkouts/supabase-swift/Sources/Helpers/AsyncValueSubject.swift (in target 'Helpers' from project 'Supabase')
    cd /Users/user51/Downloads/iCohort3/iCohort3.xcodeproj
    

SwiftCompile normal arm64 Compiling\ OSLogSupabaseLogger.swift,\ SupabaseLogger.swift,\ HTTPError.swift /Users/user51/Library/Developer/Xcode/DerivedData/iCohort3-bwoefxeicoflurbglvssertdjhcr/SourcePackages/checkouts/supabase-swift/Sources/Helpers/Logger/OSLogSupabaseLogger.swift /Users/user51/Library/Developer/Xcode/DerivedData/iCohort3-bwoefxeicoflurbglvssertdjhcr/SourcePackages/checkouts/supabase-swift/Sources/Helpers/Logger/SupabaseLogger.swift /Users/user51/Library/Developer/Xcode/DerivedData/iCohort3-bwoefxeicoflurbglvssertdjhcr/SourcePackages/checkouts/supabase-swift/Sources/Helpers/SharedModels/HTTPError.swift (in target 'Helpers' from project 'Supabase')

SwiftCompile normal arm64 /Users/user51/Library/Developer/Xcode/DerivedData/iCohort3-bwoefxeicoflurbglvssertdjhcr/SourcePackages/checkouts/supabase-swift/Sources/Helpers/Logger/OSLogSupabaseLogger.swift (in target 'Helpers' from project 'Supabase')
    cd /Users/user51/Downloads/iCohort3/iCohort3.xcodeproj
    

SwiftCompile normal arm64 /Users/user51/Library/Developer/Xcode/DerivedData/iCohort3-bwoefxeicoflurbglvssertdjhcr/SourcePackages/checkouts/supabase-swift/Sources/Helpers/Logger/SupabaseLogger.swift (in target 'Helpers' from project 'Supabase')
    cd /Users/user51/Downloads/iCohort3/iCohort3.xcodeproj
    

SwiftCompile normal arm64 /Users/user51/Library/Developer/Xcode/DerivedData/iCohort3-bwoefxeicoflurbglvssertdjhcr/SourcePackages/checkouts/supabase-swift/Sources/Helpers/SharedModels/HTTPError.swift (in target 'Helpers' from project 'Supabase')
    cd /Users/user51/Downloads/iCohort3/iCohort3.xcodeproj
    

SwiftCompile normal arm64 Compiling\ PostgrestError.swift,\ Task+withTimeout.swift,\ TaskLocalHelpers.swift /Users/user51/Library/Developer/Xcode/DerivedData/iCohort3-bwoefxeicoflurbglvssertdjhcr/SourcePackages/checkouts/supabase-swift/Sources/Helpers/SharedModels/PostgrestError.swift /Users/user51/Library/Developer/Xcode/DerivedData/iCohort3-bwoefxeicoflurbglvssertdjhcr/SourcePackages/checkouts/supabase-swift/Sources/Helpers/Task+withTimeout.swift /Users/user51/Library/Developer/Xcode/DerivedData/iCohort3-bwoefxeicoflurbglvssertdjhcr/SourcePackages/checkouts/supabase-swift/Sources/Helpers/TaskLocalHelpers.swift (in target 'Helpers' from project 'Supabase')

SwiftCompile normal arm64 /Users/user51/Library/Developer/Xcode/DerivedData/iCohort3-bwoefxeicoflurbglvssertdjhcr/SourcePackages/checkouts/supabase-swift/Sources/Helpers/SharedModels/PostgrestError.swift (in target 'Helpers' from project 'Supabase')
    cd /Users/user51/Downloads/iCohort3/iCohort3.xcodeproj
    

SwiftCompile normal arm64 /Users/user51/Library/Developer/Xcode/DerivedData/iCohort3-bwoefxeicoflurbglvssertdjhcr/SourcePackages/checkouts/supabase-swift/Sources/Helpers/Task+withTimeout.swift (in target 'Helpers' from project 'Supabase')
    cd /Users/user51/Downloads/iCohort3/iCohort3.xcodeproj
    

SwiftCompile normal arm64 /Users/user51/Library/Developer/Xcode/DerivedData/iCohort3-bwoefxeicoflurbglvssertdjhcr/SourcePackages/checkouts/supabase-swift/Sources/Helpers/TaskLocalHelpers.swift (in target 'Helpers' from project 'Supabase')
    cd /Users/user51/Downloads/iCohort3/iCohort3.xcodeproj
    

SwiftCompile normal arm64 Compiling\ HTTPFields.swift,\ HTTPRequest.swift,\ HTTPResponse.swift /Users/user51/Library/Developer/Xcode/DerivedData/iCohort3-bwoefxeicoflurbglvssertdjhcr/SourcePackages/checkouts/supabase-swift/Sources/Helpers/HTTP/HTTPFields.swift /Users/user51/Library/Developer/Xcode/DerivedData/iCohort3-bwoefxeicoflurbglvssertdjhcr/SourcePackages/checkouts/supabase-swift/Sources/Helpers/HTTP/HTTPRequest.swift /Users/user51/Library/Developer/Xcode/DerivedData/iCohort3-bwoefxeicoflurbglvssertdjhcr/SourcePackages/checkouts/supabase-swift/Sources/Helpers/HTTP/HTTPResponse.swift (in target 'Helpers' from project 'Supabase')

SwiftCompile normal arm64 /Users/user51/Library/Developer/Xcode/DerivedData/iCohort3-bwoefxeicoflurbglvssertdjhcr/SourcePackages/checkouts/supabase-swift/Sources/Helpers/HTTP/HTTPFields.swift (in target 'Helpers' from project 'Supabase')
    cd /Users/user51/Downloads/iCohort3/iCohort3.xcodeproj
    

SwiftCompile normal arm64 /Users/user51/Library/Developer/Xcode/DerivedData/iCohort3-bwoefxeicoflurbglvssertdjhcr/SourcePackages/checkouts/supabase-swift/Sources/Helpers/HTTP/HTTPRequest.swift (in target 'Helpers' from project 'Supabase')
    cd /Users/user51/Downloads/iCohort3/iCohort3.xcodeproj
    

SwiftCompile normal arm64 /Users/user51/Library/Developer/Xcode/DerivedData/iCohort3-bwoefxeicoflurbglvssertdjhcr/SourcePackages/checkouts/supabase-swift/Sources/Helpers/HTTP/HTTPResponse.swift (in target 'Helpers' from project 'Supabase')
    cd /Users/user51/Downloads/iCohort3/iCohort3.xcodeproj
    

SwiftEmitModule normal arm64 Emitting\ module\ for\ Helpers (in target 'Helpers' from project 'Supabase')

EmitSwiftModule normal arm64 (in target 'Helpers' from project 'Supabase')
    cd /Users/user51/Downloads/iCohort3/iCohort3.xcodeproj
    

SwiftCompile normal arm64 Compiling\ URLSession+AsyncAwait.swift,\ Version.swift,\ _Clock.swift /Users/user51/Library/Developer/Xcode/DerivedData/iCohort3-bwoefxeicoflurbglvssertdjhcr/SourcePackages/checkouts/supabase-swift/Sources/Helpers/URLSession+AsyncAwait.swift /Users/user51/Library/Developer/Xcode/DerivedData/iCohort3-bwoefxeicoflurbglvssertdjhcr/SourcePackages/checkouts/supabase-swift/Sources/Helpers/Version.swift /Users/user51/Library/Developer/Xcode/DerivedData/iCohort3-bwoefxeicoflurbglvssertdjhcr/SourcePackages/checkouts/supabase-swift/Sources/Helpers/_Clock.swift (in target 'Helpers' from project 'Supabase')
SwiftCompile normal arm64 /Users/user51/Library/Developer/Xcode/DerivedData/iCohort3-bwoefxeicoflurbglvssertdjhcr/SourcePackages/checkouts/supabase-swift/Sources/Helpers/URLSession+AsyncAwait.swift (in target 'Helpers' from project 'Supabase')
    cd /Users/user51/Downloads/iCohort3/iCohort3.xcodeproj
    

SwiftCompile normal arm64 /Users/user51/Library/Developer/Xcode/DerivedData/iCohort3-bwoefxeicoflurbglvssertdjhcr/SourcePackages/checkouts/supabase-swift/Sources/Helpers/Version.swift (in target 'Helpers' from project 'Supabase')
    cd /Users/user51/Downloads/iCohort3/iCohort3.xcodeproj
    

SwiftCompile normal arm64 /Users/user51/Library/Developer/Xcode/DerivedData/iCohort3-bwoefxeicoflurbglvssertdjhcr/SourcePackages/checkouts/supabase-swift/Sources/Helpers/_Clock.swift (in target 'Helpers' from project 'Supabase')
    cd /Users/user51/Downloads/iCohort3/iCohort3.xcodeproj
    

SwiftDriverJobDiscovery normal arm64 Compiling PostgrestError.swift, Task+withTimeout.swift, TaskLocalHelpers.swift (in target 'Helpers' from project 'Supabase')

SwiftDriverJobDiscovery normal arm64 Compiling Base64URL.swift, Codable.swift, DateFormatter.swift (in target 'Helpers' from project 'Supabase')

SwiftDriverJobDiscovery normal arm64 Compiling EventEmitter.swift, FoundationExtensions.swift, HTTPClient.swift (in target 'Helpers' from project 'Supabase')

RegisterExecutionPolicyException /Users/user51/Library/Developer/Xcode/DerivedData/iCohort3-bwoefxeicoflurbglvssertdjhcr/Build/Products/Debug-iphonesimulator/XCTestDynamicOverlay.o (in target 'XCTestDynamicOverlay' from project 'xctest-dynamic-overlay')
    cd /Users/user51/Library/Developer/Xcode/DerivedData/iCohort3-bwoefxeicoflurbglvssertdjhcr/SourcePackages/checkouts/xctest-dynamic-overlay
    builtin-RegisterExecutionPolicyException /Users/user51/Library/Developer/Xcode/DerivedData/iCohort3-bwoefxeicoflurbglvssertdjhcr/Build/Products/Debug-iphonesimulator/XCTestDynamicOverlay.o

RegisterExecutionPolicyException /Users/user51/Library/Developer/Xcode/DerivedData/iCohort3-bwoefxeicoflurbglvssertdjhcr/Build/Products/Debug-iphonesimulator/Clocks.o (in target 'Clocks' from project 'swift-clocks')
    cd /Users/user51/Library/Developer/Xcode/DerivedData/iCohort3-bwoefxeicoflurbglvssertdjhcr/SourcePackages/checkouts/swift-clocks
    builtin-RegisterExecutionPolicyException /Users/user51/Library/Developer/Xcode/DerivedData/iCohort3-bwoefxeicoflurbglvssertdjhcr/Build/Products/Debug-iphonesimulator/Clocks.o

SwiftDriverJobDiscovery normal arm64 Compiling HTTPFields.swift, HTTPRequest.swift, HTTPResponse.swift (in target 'Helpers' from project 'Supabase')

SwiftDriverJobDiscovery normal arm64 Compiling AnyJSON+Codable.swift, AnyJSON.swift, AsyncValueSubject.swift (in target 'Helpers' from project 'Supabase')

SwiftDriverJobDiscovery normal arm64 Compiling OSLogSupabaseLogger.swift, SupabaseLogger.swift, HTTPError.swift (in target 'Helpers' from project 'Supabase')

SwiftDriverJobDiscovery normal arm64 Emitting module for Helpers (in target 'Helpers' from project 'Supabase')

SwiftDriver\ Compilation\ Requirements Helpers normal arm64 com.apple.xcode.tools.swift.compiler (in target 'Helpers' from project 'Supabase')
    cd /Users/user51/Downloads/iCohort3/iCohort3.xcodeproj
    builtin-Swift-Compilation-Requirements -- /Applications/Xcode.app/Contents/Developer/Toolchains/XcodeDefault.xctoolchain/usr/bin/swiftc -module-name Helpers -Onone -enforce-exclusivity\=checked @/Users/user51/Library/Developer/Xcode/DerivedData/iCohort3-bwoefxeicoflurbglvssertdjhcr/Build/Intermediates.noindex/Supabase.build/Debug-iphonesimulator/Helpers.build/Objects-normal/arm64/Helpers.SwiftFileList -DSWIFT_PACKAGE -DDEBUG -DSWIFT_MODULE_RESOURCE_BUNDLE_UNAVAILABLE -DXcode -enable-upcoming-feature ExistentialAny -enable-experimental-feature StrictConcurrency -plugin-path /Applications/Xcode.app/Contents/Developer/Toolchains/XcodeDefault.xctoolchain/usr/lib/swift/host/plugins/testing -enable-experimental-feature DebugDescriptionMacro -sdk /Applications/Xcode.app/Contents/Developer/Platforms/iPhoneSimulator.platform/Developer/SDKs/iPhoneSimulator26.2.sdk -target arm64-apple-ios13.0-simulator -g -module-cache-path /Users/user51/Library/Developer/Xcode/DerivedData/ModuleCache.noindex -Xfrontend -serialize-debugging-options -profile-coverage-mapping -profile-generate -enable-testing -suppress-warnings -index-store-path /Users/user51/Library/Developer/Xcode/DerivedData/iCohort3-bwoefxeicoflurbglvssertdjhcr/Index.noindex/DataStore -Xcc -D_LIBCPP_HARDENING_MODE\=_LIBCPP_HARDENING_MODE_DEBUG -swift-version 5 -I /Users/user51/Library/Developer/Xcode/DerivedData/iCohort3-bwoefxeicoflurbglvssertdjhcr/Build/Products/Debug-iphonesimulator -Isystem /Applications/Xcode.app/Contents/Developer/Platforms/iPhoneSimulator.platform/Developer/usr/lib -F /Users/user51/Library/Developer/Xcode/DerivedData/iCohort3-bwoefxeicoflurbglvssertdjhcr/Build/Products/Debug-iphonesimulator/PackageFrameworks -F /Users/user51/Library/Developer/Xcode/DerivedData/iCohort3-bwoefxeicoflurbglvssertdjhcr/Build/Products/Debug-iphonesimulator/PackageFrameworks -F /Users/user51/Library/Developer/Xcode/DerivedData/iCohort3-bwoefxeicoflurbglvssertdjhcr/Build/Products/Debug-iphonesimulator/PackageFrameworks -F /Users/user51/Library/Developer/Xcode/DerivedData/iCohort3-bwoefxeicoflurbglvssertdjhcr/Build/Products/Debug-iphonesimulator/PackageFrameworks -F /Users/user51/Library/Developer/Xcode/DerivedData/iCohort3-bwoefxeicoflurbglvssertdjhcr/Build/Products/Debug-iphonesimulator/PackageFrameworks -F /Users/user51/Library/Developer/Xcode/DerivedData/iCohort3-bwoefxeicoflurbglvssertdjhcr/Build/Products/Debug-iphonesimulator/PackageFrameworks -F /Users/user51/Library/Developer/Xcode/DerivedData/iCohort3-bwoefxeicoflurbglvssertdjhcr/Build/Products/Debug-iphonesimulator -F /Applications/Xcode.app/Contents/Developer/Platforms/iPhoneSimulator.platform/Developer/Library/Frameworks -F /Applications/Xcode.app/Contents/Developer/Platforms/iPhoneSimulator.platform/Developer/SDKs/iPhoneSimulator26.2.sdk/Developer/Library/Frameworks -c -j8 -enable-batch-mode -incremental -Xcc -ivfsstatcache -Xcc /Users/user51/Library/Developer/Xcode/DerivedData/SDKStatCaches.noindex/iphonesimulator26.2-23C53-dc75598d0054f22ec865fa860f139d727d00a8b37fbd7999ea79df8ebc024bf0.sdkstatcache -output-file-map /Users/user51/Library/Developer/Xcode/DerivedData/iCohort3-bwoefxeicoflurbglvssertdjhcr/Build/Intermediates.noindex/Supabase.build/Debug-iphonesimulator/Helpers.build/Objects-normal/arm64/Helpers-OutputFileMap.json -use-frontend-parseable-output -save-temps -no-color-diagnostics -explicit-module-build -module-cache-path /Users/user51/Library/Developer/Xcode/DerivedData/iCohort3-bwoefxeicoflurbglvssertdjhcr/Build/Intermediates.noindex/SwiftExplicitPrecompiledModules -clang-scanner-module-cache-path /Users/user51/Library/Developer/Xcode/DerivedData/ModuleCache.noindex -sdk-module-cache-path /Users/user51/Library/Developer/Xcode/DerivedData/ModuleCache.noindex -serialize-diagnostics -emit-dependencies -emit-module -emit-module-path /Users/user51/Library/Developer/Xcode/DerivedData/iCohort3-bwoefxeicoflurbglvssertdjhcr/Build/Intermediates.noindex/Supabase.build/Debug-iphonesimulator/Helpers.build/Objects-normal/arm64/Helpers.swiftmodule -validate-clang-modules-once -clang-build-session-file /Users/user51/Library/Developer/Xcode/DerivedData/ModuleCache.noindex/Session.modulevalidation -package-name supabase_swift -Xcc -I/Users/user51/Library/Developer/Xcode/DerivedData/iCohort3-bwoefxeicoflurbglvssertdjhcr/Build/Intermediates.noindex/Supabase.build/Debug-iphonesimulator/Helpers.build/swift-overrides.hmap -emit-const-values -Xfrontend -const-gather-protocols-file -Xfrontend /Users/user51/Library/Developer/Xcode/DerivedData/iCohort3-bwoefxeicoflurbglvssertdjhcr/Build/Intermediates.noindex/Supabase.build/Debug-iphonesimulator/Helpers.build/Objects-normal/arm64/Helpers_const_extract_protocols.json -Xcc -I/Users/user51/Library/Developer/Xcode/DerivedData/iCohort3-bwoefxeicoflurbglvssertdjhcr/Build/Products/Debug-iphonesimulator/include -Xcc -I/Users/user51/Library/Developer/Xcode/DerivedData/iCohort3-bwoefxeicoflurbglvssertdjhcr/Build/Intermediates.noindex/Supabase.build/Debug-iphonesimulator/Helpers.build/DerivedSources-normal/arm64 -Xcc -I/Users/user51/Library/Developer/Xcode/DerivedData/iCohort3-bwoefxeicoflurbglvssertdjhcr/Build/Intermediates.noindex/Supabase.build/Debug-iphonesimulator/Helpers.build/DerivedSources/arm64 -Xcc -I/Users/user51/Library/Developer/Xcode/DerivedData/iCohort3-bwoefxeicoflurbglvssertdjhcr/Build/Intermediates.noindex/Supabase.build/Debug-iphonesimulator/Helpers.build/DerivedSources -Xcc -DSWIFT_PACKAGE -Xcc -DDEBUG\=1 -emit-objc-header -emit-objc-header-path /Users/user51/Library/Developer/Xcode/DerivedData/iCohort3-bwoefxeicoflurbglvssertdjhcr/Build/Intermediates.noindex/Supabase.build/Debug-iphonesimulator/Helpers.build/Objects-normal/arm64/Helpers-Swift.h -working-directory /Users/user51/Downloads/iCohort3/iCohort3.xcodeproj -experimental-emit-module-separately -disable-cmo

SwiftMergeGeneratedHeaders /Users/user51/Library/Developer/Xcode/DerivedData/iCohort3-bwoefxeicoflurbglvssertdjhcr/Build/Intermediates.noindex/GeneratedModuleMaps-iphonesimulator/Helpers-Swift.h /Users/user51/Library/Developer/Xcode/DerivedData/iCohort3-bwoefxeicoflurbglvssertdjhcr/Build/Intermediates.noindex/Supabase.build/Debug-iphonesimulator/Helpers.build/Objects-normal/arm64/Helpers-Swift.h (in target 'Helpers' from project 'Supabase')
    cd /Users/user51/Library/Developer/Xcode/DerivedData/iCohort3-bwoefxeicoflurbglvssertdjhcr/SourcePackages/checkouts/supabase-swift
    builtin-swiftHeaderTool -arch arm64 /Users/user51/Library/Developer/Xcode/DerivedData/iCohort3-bwoefxeicoflurbglvssertdjhcr/Build/Intermediates.noindex/Supabase.build/Debug-iphonesimulator/Helpers.build/Objects-normal/arm64/Helpers-Swift.h -o /Users/user51/Library/Developer/Xcode/DerivedData/iCohort3-bwoefxeicoflurbglvssertdjhcr/Build/Intermediates.noindex/GeneratedModuleMaps-iphonesimulator/Helpers-Swift.h

Copy /Users/user51/Library/Developer/Xcode/DerivedData/iCohort3-bwoefxeicoflurbglvssertdjhcr/Build/Products/Debug-iphonesimulator/Helpers.swiftmodule/arm64-apple-ios-simulator.swiftdoc /Users/user51/Library/Developer/Xcode/DerivedData/iCohort3-bwoefxeicoflurbglvssertdjhcr/Build/Intermediates.noindex/Supabase.build/Debug-iphonesimulator/Helpers.build/Objects-normal/arm64/Helpers.swiftdoc (in target 'Helpers' from project 'Supabase')
    cd /Users/user51/Library/Developer/Xcode/DerivedData/iCohort3-bwoefxeicoflurbglvssertdjhcr/SourcePackages/checkouts/supabase-swift
    builtin-copy -exclude .DS_Store -exclude CVS -exclude .svn -exclude .git -exclude .hg -resolve-src-symlinks -rename /Users/user51/Library/Developer/Xcode/DerivedData/iCohort3-bwoefxeicoflurbglvssertdjhcr/Build/Intermediates.noindex/Supabase.build/Debug-iphonesimulator/Helpers.build/Objects-normal/arm64/Helpers.swiftdoc /Users/user51/Library/Developer/Xcode/DerivedData/iCohort3-bwoefxeicoflurbglvssertdjhcr/Build/Products/Debug-iphonesimulator/Helpers.swiftmodule/arm64-apple-ios-simulator.swiftdoc

Copy /Users/user51/Library/Developer/Xcode/DerivedData/iCohort3-bwoefxeicoflurbglvssertdjhcr/Build/Products/Debug-iphonesimulator/Helpers.swiftmodule/arm64-apple-ios-simulator.abi.json /Users/user51/Library/Developer/Xcode/DerivedData/iCohort3-bwoefxeicoflurbglvssertdjhcr/Build/Intermediates.noindex/Supabase.build/Debug-iphonesimulator/Helpers.build/Objects-normal/arm64/Helpers.abi.json (in target 'Helpers' from project 'Supabase')
    cd /Users/user51/Library/Developer/Xcode/DerivedData/iCohort3-bwoefxeicoflurbglvssertdjhcr/SourcePackages/checkouts/supabase-swift
    builtin-copy -exclude .DS_Store -exclude CVS -exclude .svn -exclude .git -exclude .hg -resolve-src-symlinks -rename /Users/user51/Library/Developer/Xcode/DerivedData/iCohort3-bwoefxeicoflurbglvssertdjhcr/Build/Intermediates.noindex/Supabase.build/Debug-iphonesimulator/Helpers.build/Objects-normal/arm64/Helpers.abi.json /Users/user51/Library/Developer/Xcode/DerivedData/iCohort3-bwoefxeicoflurbglvssertdjhcr/Build/Products/Debug-iphonesimulator/Helpers.swiftmodule/arm64-apple-ios-simulator.abi.json

Copy /Users/user51/Library/Developer/Xcode/DerivedData/iCohort3-bwoefxeicoflurbglvssertdjhcr/Build/Products/Debug-iphonesimulator/Helpers.swiftmodule/arm64-apple-ios-simulator.swiftmodule /Users/user51/Library/Developer/Xcode/DerivedData/iCohort3-bwoefxeicoflurbglvssertdjhcr/Build/Intermediates.noindex/Supabase.build/Debug-iphonesimulator/Helpers.build/Objects-normal/arm64/Helpers.swiftmodule (in target 'Helpers' from project 'Supabase')
    cd /Users/user51/Library/Developer/Xcode/DerivedData/iCohort3-bwoefxeicoflurbglvssertdjhcr/SourcePackages/checkouts/supabase-swift
    builtin-copy -exclude .DS_Store -exclude CVS -exclude .svn -exclude .git -exclude .hg -resolve-src-symlinks -rename /Users/user51/Library/Developer/Xcode/DerivedData/iCohort3-bwoefxeicoflurbglvssertdjhcr/Build/Intermediates.noindex/Supabase.build/Debug-iphonesimulator/Helpers.build/Objects-normal/arm64/Helpers.swiftmodule /Users/user51/Library/Developer/Xcode/DerivedData/iCohort3-bwoefxeicoflurbglvssertdjhcr/Build/Products/Debug-iphonesimulator/Helpers.swiftmodule/arm64-apple-ios-simulator.swiftmodule

Copy /Users/user51/Library/Developer/Xcode/DerivedData/iCohort3-bwoefxeicoflurbglvssertdjhcr/Build/Products/Debug-iphonesimulator/Helpers.swiftmodule/Project/arm64-apple-ios-simulator.swiftsourceinfo /Users/user51/Library/Developer/Xcode/DerivedData/iCohort3-bwoefxeicoflurbglvssertdjhcr/Build/Intermediates.noindex/Supabase.build/Debug-iphonesimulator/Helpers.build/Objects-normal/arm64/Helpers.swiftsourceinfo (in target 'Helpers' from project 'Supabase')
    cd /Users/user51/Library/Developer/Xcode/DerivedData/iCohort3-bwoefxeicoflurbglvssertdjhcr/SourcePackages/checkouts/supabase-swift
    builtin-copy -exclude .DS_Store -exclude CVS -exclude .svn -exclude .git -exclude .hg -resolve-src-symlinks -rename /Users/user51/Library/Developer/Xcode/DerivedData/iCohort3-bwoefxeicoflurbglvssertdjhcr/Build/Intermediates.noindex/Supabase.build/Debug-iphonesimulator/Helpers.build/Objects-normal/arm64/Helpers.swiftsourceinfo /Users/user51/Library/Developer/Xcode/DerivedData/iCohort3-bwoefxeicoflurbglvssertdjhcr/Build/Products/Debug-iphonesimulator/Helpers.swiftmodule/Project/arm64-apple-ios-simulator.swiftsourceinfo

SwiftDriverJobDiscovery normal arm64 Compiling LoggerInterceptor.swift, RetryRequestInterceptor.swift, JWT.swift (in target 'Helpers' from project 'Supabase')

SwiftDriver Storage normal arm64 com.apple.xcode.tools.swift.compiler (in target 'Storage' from project 'Supabase')
    cd /Users/user51/Downloads/iCohort3/iCohort3.xcodeproj
    builtin-SwiftDriver -- /Applications/Xcode.app/Contents/Developer/Toolchains/XcodeDefault.xctoolchain/usr/bin/swiftc -module-name Storage -Onone -enforce-exclusivity\=checked @/Users/user51/Library/Developer/Xcode/DerivedData/iCohort3-bwoefxeicoflurbglvssertdjhcr/Build/Intermediates.noindex/Supabase.build/Debug-iphonesimulator/Storage.build/Objects-normal/arm64/Storage.SwiftFileList -DSWIFT_PACKAGE -DDEBUG -DSWIFT_MODULE_RESOURCE_BUNDLE_UNAVAILABLE -DXcode -enable-upcoming-feature ExistentialAny -enable-experimental-feature StrictConcurrency -plugin-path /Applications/Xcode.app/Contents/Developer/Toolchains/XcodeDefault.xctoolchain/usr/lib/swift/host/plugins/testing -enable-experimental-feature DebugDescriptionMacro -sdk /Applications/Xcode.app/Contents/Developer/Platforms/iPhoneSimulator.platform/Developer/SDKs/iPhoneSimulator26.2.sdk -target arm64-apple-ios13.0-simulator -g -module-cache-path /Users/user51/Library/Developer/Xcode/DerivedData/ModuleCache.noindex -Xfrontend -serialize-debugging-options -profile-coverage-mapping -profile-generate -enable-testing -suppress-warnings -index-store-path /Users/user51/Library/Developer/Xcode/DerivedData/iCohort3-bwoefxeicoflurbglvssertdjhcr/Index.noindex/DataStore -Xcc -D_LIBCPP_HARDENING_MODE\=_LIBCPP_HARDENING_MODE_DEBUG -swift-version 5 -I /Users/user51/Library/Developer/Xcode/DerivedData/iCohort3-bwoefxeicoflurbglvssertdjhcr/Build/Products/Debug-iphonesimulator -Isystem /Applications/Xcode.app/Contents/Developer/Platforms/iPhoneSimulator.platform/Developer/usr/lib -F /Users/user51/Library/Developer/Xcode/DerivedData/iCohort3-bwoefxeicoflurbglvssertdjhcr/Build/Products/Debug-iphonesimulator/PackageFrameworks -F /Users/user51/Library/Developer/Xcode/DerivedData/iCohort3-bwoefxeicoflurbglvssertdjhcr/Build/Products/Debug-iphonesimulator/PackageFrameworks -F /Users/user51/Library/Developer/Xcode/DerivedData/iCohort3-bwoefxeicoflurbglvssertdjhcr/Build/Products/Debug-iphonesimulator/PackageFrameworks -F /Users/user51/Library/Developer/Xcode/DerivedData/iCohort3-bwoefxeicoflurbglvssertdjhcr/Build/Products/Debug-iphonesimulator/PackageFrameworks -F /Users/user51/Library/Developer/Xcode/DerivedData/iCohort3-bwoefxeicoflurbglvssertdjhcr/Build/Products/Debug-iphonesimulator/PackageFrameworks -F /Users/user51/Library/Developer/Xcode/DerivedData/iCohort3-bwoefxeicoflurbglvssertdjhcr/Build/Products/Debug-iphonesimulator/PackageFrameworks -F /Users/user51/Library/Developer/Xcode/DerivedData/iCohort3-bwoefxeicoflurbglvssertdjhcr/Build/Products/Debug-iphonesimulator/PackageFrameworks -F /Users/user51/Library/Developer/Xcode/DerivedData/iCohort3-bwoefxeicoflurbglvssertdjhcr/Build/Products/Debug-iphonesimulator -F /Applications/Xcode.app/Contents/Developer/Platforms/iPhoneSimulator.platform/Developer/Library/Frameworks -F /Applications/Xcode.app/Contents/Developer/Platforms/iPhoneSimulator.platform/Developer/SDKs/iPhoneSimulator26.2.sdk/Developer/Library/Frameworks -c -j8 -enable-batch-mode -incremental -Xcc -ivfsstatcache -Xcc /Users/user51/Library/Developer/Xcode/DerivedData/SDKStatCaches.noindex/iphonesimulator26.2-23C53-dc75598d0054f22ec865fa860f139d727d00a8b37fbd7999ea79df8ebc024bf0.sdkstatcache -output-file-map /Users/user51/Library/Developer/Xcode/DerivedData/iCohort3-bwoefxeicoflurbglvssertdjhcr/Build/Intermediates.noindex/Supabase.build/Debug-iphonesimulator/Storage.build/Objects-normal/arm64/Storage-OutputFileMap.json -use-frontend-parseable-output -save-temps -no-color-diagnostics -explicit-module-build -module-cache-path /Users/user51/Library/Developer/Xcode/DerivedData/iCohort3-bwoefxeicoflurbglvssertdjhcr/Build/Intermediates.noindex/SwiftExplicitPrecompiledModules -clang-scanner-module-cache-path /Users/user51/Library/Developer/Xcode/DerivedData/ModuleCache.noindex -sdk-module-cache-path /Users/user51/Library/Developer/Xcode/DerivedData/ModuleCache.noindex -serialize-diagnostics -emit-dependencies -emit-module -emit-module-path /Users/user51/Library/Developer/Xcode/DerivedData/iCohort3-bwoefxeicoflurbglvssertdjhcr/Build/Intermediates.noindex/Supabase.build/Debug-iphonesimulator/Storage.build/Objects-normal/arm64/Storage.swiftmodule -validate-clang-modules-once -clang-build-session-file /Users/user51/Library/Developer/Xcode/DerivedData/ModuleCache.noindex/Session.modulevalidation -package-name supabase_swift -Xcc -I/Users/user51/Library/Developer/Xcode/DerivedData/iCohort3-bwoefxeicoflurbglvssertdjhcr/Build/Intermediates.noindex/Supabase.build/Debug-iphonesimulator/Storage.build/swift-overrides.hmap -emit-const-values -Xfrontend -const-gather-protocols-file -Xfrontend /Users/user51/Library/Developer/Xcode/DerivedData/iCohort3-bwoefxeicoflurbglvssertdjhcr/Build/Intermediates.noindex/Supabase.build/Debug-iphonesimulator/Storage.build/Objects-normal/arm64/Storage_const_extract_protocols.json -Xcc -I/Users/user51/Library/Developer/Xcode/DerivedData/iCohort3-bwoefxeicoflurbglvssertdjhcr/Build/Products/Debug-iphonesimulator/include -Xcc -I/Users/user51/Library/Developer/Xcode/DerivedData/iCohort3-bwoefxeicoflurbglvssertdjhcr/Build/Intermediates.noindex/Supabase.build/Debug-iphonesimulator/Storage.build/DerivedSources-normal/arm64 -Xcc -I/Users/user51/Library/Developer/Xcode/DerivedData/iCohort3-bwoefxeicoflurbglvssertdjhcr/Build/Intermediates.noindex/Supabase.build/Debug-iphonesimulator/Storage.build/DerivedSources/arm64 -Xcc -I/Users/user51/Library/Developer/Xcode/DerivedData/iCohort3-bwoefxeicoflurbglvssertdjhcr/Build/Intermediates.noindex/Supabase.build/Debug-iphonesimulator/Storage.build/DerivedSources -Xcc -DSWIFT_PACKAGE -Xcc -DDEBUG\=1 -emit-objc-header -emit-objc-header-path /Users/user51/Library/Developer/Xcode/DerivedData/iCohort3-bwoefxeicoflurbglvssertdjhcr/Build/Intermediates.noindex/Supabase.build/Debug-iphonesimulator/Storage.build/Objects-normal/arm64/Storage-Swift.h -working-directory /Users/user51/Downloads/iCohort3/iCohort3.xcodeproj -experimental-emit-module-separately -disable-cmo

SwiftDriver Realtime normal arm64 com.apple.xcode.tools.swift.compiler (in target 'Realtime' from project 'Supabase')
    cd /Users/user51/Downloads/iCohort3/iCohort3.xcodeproj
    builtin-SwiftDriver -- /Applications/Xcode.app/Contents/Developer/Toolchains/XcodeDefault.xctoolchain/usr/bin/swiftc -module-name Realtime -Onone -enforce-exclusivity\=checked @/Users/user51/Library/Developer/Xcode/DerivedData/iCohort3-bwoefxeicoflurbglvssertdjhcr/Build/Intermediates.noindex/Supabase.build/Debug-iphonesimulator/Realtime.build/Objects-normal/arm64/Realtime.SwiftFileList -DSWIFT_PACKAGE -DDEBUG -DSWIFT_MODULE_RESOURCE_BUNDLE_UNAVAILABLE -DXcode -enable-upcoming-feature ExistentialAny -enable-experimental-feature StrictConcurrency -plugin-path /Applications/Xcode.app/Contents/Developer/Toolchains/XcodeDefault.xctoolchain/usr/lib/swift/host/plugins/testing -enable-experimental-feature DebugDescriptionMacro -sdk /Applications/Xcode.app/Contents/Developer/Platforms/iPhoneSimulator.platform/Developer/SDKs/iPhoneSimulator26.2.sdk -target arm64-apple-ios13.0-simulator -g -module-cache-path /Users/user51/Library/Developer/Xcode/DerivedData/ModuleCache.noindex -Xfrontend -serialize-debugging-options -profile-coverage-mapping -profile-generate -enable-testing -suppress-warnings -index-store-path /Users/user51/Library/Developer/Xcode/DerivedData/iCohort3-bwoefxeicoflurbglvssertdjhcr/Index.noindex/DataStore -Xcc -D_LIBCPP_HARDENING_MODE\=_LIBCPP_HARDENING_MODE_DEBUG -swift-version 5 -I /Users/user51/Library/Developer/Xcode/DerivedData/iCohort3-bwoefxeicoflurbglvssertdjhcr/Build/Products/Debug-iphonesimulator -Isystem /Applications/Xcode.app/Contents/Developer/Platforms/iPhoneSimulator.platform/Developer/usr/lib -F /Users/user51/Library/Developer/Xcode/DerivedData/iCohort3-bwoefxeicoflurbglvssertdjhcr/Build/Products/Debug-iphonesimulator/PackageFrameworks -F /Users/user51/Library/Developer/Xcode/DerivedData/iCohort3-bwoefxeicoflurbglvssertdjhcr/Build/Products/Debug-iphonesimulator/PackageFrameworks -F /Users/user51/Library/Developer/Xcode/DerivedData/iCohort3-bwoefxeicoflurbglvssertdjhcr/Build/Products/Debug-iphonesimulator/PackageFrameworks -F /Users/user51/Library/Developer/Xcode/DerivedData/iCohort3-bwoefxeicoflurbglvssertdjhcr/Build/Products/Debug-iphonesimulator/PackageFrameworks -F /Users/user51/Library/Developer/Xcode/DerivedData/iCohort3-bwoefxeicoflurbglvssertdjhcr/Build/Products/Debug-iphonesimulator/PackageFrameworks -F /Users/user51/Library/Developer/Xcode/DerivedData/iCohort3-bwoefxeicoflurbglvssertdjhcr/Build/Products/Debug-iphonesimulator/PackageFrameworks -F /Users/user51/Library/Developer/Xcode/DerivedData/iCohort3-bwoefxeicoflurbglvssertdjhcr/Build/Products/Debug-iphonesimulator/PackageFrameworks -F /Users/user51/Library/Developer/Xcode/DerivedData/iCohort3-bwoefxeicoflurbglvssertdjhcr/Build/Products/Debug-iphonesimulator -F /Applications/Xcode.app/Contents/Developer/Platforms/iPhoneSimulator.platform/Developer/Library/Frameworks -F /Applications/Xcode.app/Contents/Developer/Platforms/iPhoneSimulator.platform/Developer/SDKs/iPhoneSimulator26.2.sdk/Developer/Library/Frameworks -c -j8 -enable-batch-mode -incremental -Xcc -ivfsstatcache -Xcc /Users/user51/Library/Developer/Xcode/DerivedData/SDKStatCaches.noindex/iphonesimulator26.2-23C53-dc75598d0054f22ec865fa860f139d727d00a8b37fbd7999ea79df8ebc024bf0.sdkstatcache -output-file-map /Users/user51/Library/Developer/Xcode/DerivedData/iCohort3-bwoefxeicoflurbglvssertdjhcr/Build/Intermediates.noindex/Supabase.build/Debug-iphonesimulator/Realtime.build/Objects-normal/arm64/Realtime-OutputFileMap.json -use-frontend-parseable-output -save-temps -no-color-diagnostics -explicit-module-build -module-cache-path /Users/user51/Library/Developer/Xcode/DerivedData/iCohort3-bwoefxeicoflurbglvssertdjhcr/Build/Intermediates.noindex/SwiftExplicitPrecompiledModules -clang-scanner-module-cache-path /Users/user51/Library/Developer/Xcode/DerivedData/ModuleCache.noindex -sdk-module-cache-path /Users/user51/Library/Developer/Xcode/DerivedData/ModuleCache.noindex -serialize-diagnostics -emit-dependencies -emit-module -emit-module-path /Users/user51/Library/Developer/Xcode/DerivedData/iCohort3-bwoefxeicoflurbglvssertdjhcr/Build/Intermediates.noindex/Supabase.build/Debug-iphonesimulator/Realtime.build/Objects-normal/arm64/Realtime.swiftmodule -validate-clang-modules-once -clang-build-session-file /Users/user51/Library/Developer/Xcode/DerivedData/ModuleCache.noindex/Session.modulevalidation -package-name supabase_swift -Xcc -I/Users/user51/Library/Developer/Xcode/DerivedData/iCohort3-bwoefxeicoflurbglvssertdjhcr/Build/Intermediates.noindex/Supabase.build/Debug-iphonesimulator/Realtime.build/swift-overrides.hmap -emit-const-values -Xfrontend -const-gather-protocols-file -Xfrontend /Users/user51/Library/Developer/Xcode/DerivedData/iCohort3-bwoefxeicoflurbglvssertdjhcr/Build/Intermediates.noindex/Supabase.build/Debug-iphonesimulator/Realtime.build/Objects-normal/arm64/Realtime_const_extract_protocols.json -Xcc -I/Users/user51/Library/Developer/Xcode/DerivedData/iCohort3-bwoefxeicoflurbglvssertdjhcr/Build/Products/Debug-iphonesimulator/include -Xcc -I/Users/user51/Library/Developer/Xcode/DerivedData/iCohort3-bwoefxeicoflurbglvssertdjhcr/Build/Intermediates.noindex/Supabase.build/Debug-iphonesimulator/Realtime.build/DerivedSources-normal/arm64 -Xcc -I/Users/user51/Library/Developer/Xcode/DerivedData/iCohort3-bwoefxeicoflurbglvssertdjhcr/Build/Intermediates.noindex/Supabase.build/Debug-iphonesimulator/Realtime.build/DerivedSources/arm64 -Xcc -I/Users/user51/Library/Developer/Xcode/DerivedData/iCohort3-bwoefxeicoflurbglvssertdjhcr/Build/Intermediates.noindex/Supabase.build/Debug-iphonesimulator/Realtime.build/DerivedSources -Xcc -DSWIFT_PACKAGE -Xcc -DDEBUG\=1 -emit-objc-header -emit-objc-header-path /Users/user51/Library/Developer/Xcode/DerivedData/iCohort3-bwoefxeicoflurbglvssertdjhcr/Build/Intermediates.noindex/Supabase.build/Debug-iphonesimulator/Realtime.build/Objects-normal/arm64/Realtime-Swift.h -working-directory /Users/user51/Downloads/iCohort3/iCohort3.xcodeproj -experimental-emit-module-separately -disable-cmo

SwiftDriver PostgREST normal arm64 com.apple.xcode.tools.swift.compiler (in target 'PostgREST' from project 'Supabase')
    cd /Users/user51/Downloads/iCohort3/iCohort3.xcodeproj
    builtin-SwiftDriver -- /Applications/Xcode.app/Contents/Developer/Toolchains/XcodeDefault.xctoolchain/usr/bin/swiftc -module-name PostgREST -Onone -enforce-exclusivity\=checked @/Users/user51/Library/Developer/Xcode/DerivedData/iCohort3-bwoefxeicoflurbglvssertdjhcr/Build/Intermediates.noindex/Supabase.build/Debug-iphonesimulator/PostgREST.build/Objects-normal/arm64/PostgREST.SwiftFileList -DSWIFT_PACKAGE -DDEBUG -DSWIFT_MODULE_RESOURCE_BUNDLE_UNAVAILABLE -DXcode -enable-upcoming-feature ExistentialAny -enable-experimental-feature StrictConcurrency -plugin-path /Applications/Xcode.app/Contents/Developer/Toolchains/XcodeDefault.xctoolchain/usr/lib/swift/host/plugins/testing -enable-experimental-feature DebugDescriptionMacro -sdk /Applications/Xcode.app/Contents/Developer/Platforms/iPhoneSimulator.platform/Developer/SDKs/iPhoneSimulator26.2.sdk -target arm64-apple-ios13.0-simulator -g -module-cache-path /Users/user51/Library/Developer/Xcode/DerivedData/ModuleCache.noindex -Xfrontend -serialize-debugging-options -profile-coverage-mapping -profile-generate -enable-testing -suppress-warnings -index-store-path /Users/user51/Library/Developer/Xcode/DerivedData/iCohort3-bwoefxeicoflurbglvssertdjhcr/Index.noindex/DataStore -Xcc -D_LIBCPP_HARDENING_MODE\=_LIBCPP_HARDENING_MODE_DEBUG -swift-version 5 -I /Users/user51/Library/Developer/Xcode/DerivedData/iCohort3-bwoefxeicoflurbglvssertdjhcr/Build/Products/Debug-iphonesimulator -Isystem /Applications/Xcode.app/Contents/Developer/Platforms/iPhoneSimulator.platform/Developer/usr/lib -F /Users/user51/Library/Developer/Xcode/DerivedData/iCohort3-bwoefxeicoflurbglvssertdjhcr/Build/Products/Debug-iphonesimulator/PackageFrameworks -F /Users/user51/Library/Developer/Xcode/DerivedData/iCohort3-bwoefxeicoflurbglvssertdjhcr/Build/Products/Debug-iphonesimulator/PackageFrameworks -F /Users/user51/Library/Developer/Xcode/DerivedData/iCohort3-bwoefxeicoflurbglvssertdjhcr/Build/Products/Debug-iphonesimulator/PackageFrameworks -F /Users/user51/Library/Developer/Xcode/DerivedData/iCohort3-bwoefxeicoflurbglvssertdjhcr/Build/Products/Debug-iphonesimulator/PackageFrameworks -F /Users/user51/Library/Developer/Xcode/DerivedData/iCohort3-bwoefxeicoflurbglvssertdjhcr/Build/Products/Debug-iphonesimulator/PackageFrameworks -F /Users/user51/Library/Developer/Xcode/DerivedData/iCohort3-bwoefxeicoflurbglvssertdjhcr/Build/Products/Debug-iphonesimulator/PackageFrameworks -F /Users/user51/Library/Developer/Xcode/DerivedData/iCohort3-bwoefxeicoflurbglvssertdjhcr/Build/Products/Debug-iphonesimulator/PackageFrameworks -F /Users/user51/Library/Developer/Xcode/DerivedData/iCohort3-bwoefxeicoflurbglvssertdjhcr/Build/Products/Debug-iphonesimulator -F /Applications/Xcode.app/Contents/Developer/Platforms/iPhoneSimulator.platform/Developer/Library/Frameworks -F /Applications/Xcode.app/Contents/Developer/Platforms/iPhoneSimulator.platform/Developer/SDKs/iPhoneSimulator26.2.sdk/Developer/Library/Frameworks -c -j8 -enable-batch-mode -incremental -Xcc -ivfsstatcache -Xcc /Users/user51/Library/Developer/Xcode/DerivedData/SDKStatCaches.noindex/iphonesimulator26.2-23C53-dc75598d0054f22ec865fa860f139d727d00a8b37fbd7999ea79df8ebc024bf0.sdkstatcache -output-file-map /Users/user51/Library/Developer/Xcode/DerivedData/iCohort3-bwoefxeicoflurbglvssertdjhcr/Build/Intermediates.noindex/Supabase.build/Debug-iphonesimulator/PostgREST.build/Objects-normal/arm64/PostgREST-OutputFileMap.json -use-frontend-parseable-output -save-temps -no-color-diagnostics -explicit-module-build -module-cache-path /Users/user51/Library/Developer/Xcode/DerivedData/iCohort3-bwoefxeicoflurbglvssertdjhcr/Build/Intermediates.noindex/SwiftExplicitPrecompiledModules -clang-scanner-module-cache-path /Users/user51/Library/Developer/Xcode/DerivedData/ModuleCache.noindex -sdk-module-cache-path /Users/user51/Library/Developer/Xcode/DerivedData/ModuleCache.noindex -serialize-diagnostics -emit-dependencies -emit-module -emit-module-path /Users/user51/Library/Developer/Xcode/DerivedData/iCohort3-bwoefxeicoflurbglvssertdjhcr/Build/Intermediates.noindex/Supabase.build/Debug-iphonesimulator/PostgREST.build/Objects-normal/arm64/PostgREST.swiftmodule -validate-clang-modules-once -clang-build-session-file /Users/user51/Library/Developer/Xcode/DerivedData/ModuleCache.noindex/Session.modulevalidation -package-name supabase_swift -Xcc -I/Users/user51/Library/Developer/Xcode/DerivedData/iCohort3-bwoefxeicoflurbglvssertdjhcr/Build/Intermediates.noindex/Supabase.build/Debug-iphonesimulator/PostgREST.build/swift-overrides.hmap -emit-const-values -Xfrontend -const-gather-protocols-file -Xfrontend /Users/user51/Library/Developer/Xcode/DerivedData/iCohort3-bwoefxeicoflurbglvssertdjhcr/Build/Intermediates.noindex/Supabase.build/Debug-iphonesimulator/PostgREST.build/Objects-normal/arm64/PostgREST_const_extract_protocols.json -Xcc -I/Users/user51/Library/Developer/Xcode/DerivedData/iCohort3-bwoefxeicoflurbglvssertdjhcr/Build/Products/Debug-iphonesimulator/include -Xcc -I/Users/user51/Library/Developer/Xcode/DerivedData/iCohort3-bwoefxeicoflurbglvssertdjhcr/Build/Intermediates.noindex/Supabase.build/Debug-iphonesimulator/PostgREST.build/DerivedSources-normal/arm64 -Xcc -I/Users/user51/Library/Developer/Xcode/DerivedData/iCohort3-bwoefxeicoflurbglvssertdjhcr/Build/Intermediates.noindex/Supabase.build/Debug-iphonesimulator/PostgREST.build/DerivedSources/arm64 -Xcc -I/Users/user51/Library/Developer/Xcode/DerivedData/iCohort3-bwoefxeicoflurbglvssertdjhcr/Build/Intermediates.noindex/Supabase.build/Debug-iphonesimulator/PostgREST.build/DerivedSources -Xcc -DSWIFT_PACKAGE -Xcc -DDEBUG\=1 -emit-objc-header -emit-objc-header-path /Users/user51/Library/Developer/Xcode/DerivedData/iCohort3-bwoefxeicoflurbglvssertdjhcr/Build/Intermediates.noindex/Supabase.build/Debug-iphonesimulator/PostgREST.build/Objects-normal/arm64/PostgREST-Swift.h -working-directory /Users/user51/Downloads/iCohort3/iCohort3.xcodeproj -experimental-emit-module-separately -disable-cmo

SwiftDriver Functions normal arm64 com.apple.xcode.tools.swift.compiler (in target 'Functions' from project 'Supabase')
    cd /Users/user51/Downloads/iCohort3/iCohort3.xcodeproj
    builtin-SwiftDriver -- /Applications/Xcode.app/Contents/Developer/Toolchains/XcodeDefault.xctoolchain/usr/bin/swiftc -module-name Functions -Onone -enforce-exclusivity\=checked @/Users/user51/Library/Developer/Xcode/DerivedData/iCohort3-bwoefxeicoflurbglvssertdjhcr/Build/Intermediates.noindex/Supabase.build/Debug-iphonesimulator/Functions.build/Objects-normal/arm64/Functions.SwiftFileList -DSWIFT_PACKAGE -DDEBUG -DSWIFT_MODULE_RESOURCE_BUNDLE_UNAVAILABLE -DXcode -enable-upcoming-feature ExistentialAny -enable-experimental-feature StrictConcurrency -plugin-path /Applications/Xcode.app/Contents/Developer/Toolchains/XcodeDefault.xctoolchain/usr/lib/swift/host/plugins/testing -enable-experimental-feature DebugDescriptionMacro -sdk /Applications/Xcode.app/Contents/Developer/Platforms/iPhoneSimulator.platform/Developer/SDKs/iPhoneSimulator26.2.sdk -target arm64-apple-ios13.0-simulator -g -module-cache-path /Users/user51/Library/Developer/Xcode/DerivedData/ModuleCache.noindex -Xfrontend -serialize-debugging-options -profile-coverage-mapping -profile-generate -enable-testing -suppress-warnings -index-store-path /Users/user51/Library/Developer/Xcode/DerivedData/iCohort3-bwoefxeicoflurbglvssertdjhcr/Index.noindex/DataStore -Xcc -D_LIBCPP_HARDENING_MODE\=_LIBCPP_HARDENING_MODE_DEBUG -swift-version 5 -I /Users/user51/Library/Developer/Xcode/DerivedData/iCohort3-bwoefxeicoflurbglvssertdjhcr/Build/Products/Debug-iphonesimulator -Isystem /Applications/Xcode.app/Contents/Developer/Platforms/iPhoneSimulator.platform/Developer/usr/lib -F /Users/user51/Library/Developer/Xcode/DerivedData/iCohort3-bwoefxeicoflurbglvssertdjhcr/Build/Products/Debug-iphonesimulator/PackageFrameworks -F /Users/user51/Library/Developer/Xcode/DerivedData/iCohort3-bwoefxeicoflurbglvssertdjhcr/Build/Products/Debug-iphonesimulator/PackageFrameworks -F /Users/user51/Library/Developer/Xcode/DerivedData/iCohort3-bwoefxeicoflurbglvssertdjhcr/Build/Products/Debug-iphonesimulator/PackageFrameworks -F /Users/user51/Library/Developer/Xcode/DerivedData/iCohort3-bwoefxeicoflurbglvssertdjhcr/Build/Products/Debug-iphonesimulator/PackageFrameworks -F /Users/user51/Library/Developer/Xcode/DerivedData/iCohort3-bwoefxeicoflurbglvssertdjhcr/Build/Products/Debug-iphonesimulator/PackageFrameworks -F /Users/user51/Library/Developer/Xcode/DerivedData/iCohort3-bwoefxeicoflurbglvssertdjhcr/Build/Products/Debug-iphonesimulator/PackageFrameworks -F /Users/user51/Library/Developer/Xcode/DerivedData/iCohort3-bwoefxeicoflurbglvssertdjhcr/Build/Products/Debug-iphonesimulator/PackageFrameworks -F /Users/user51/Library/Developer/Xcode/DerivedData/iCohort3-bwoefxeicoflurbglvssertdjhcr/Build/Products/Debug-iphonesimulator -F /Applications/Xcode.app/Contents/Developer/Platforms/iPhoneSimulator.platform/Developer/Library/Frameworks -F /Applications/Xcode.app/Contents/Developer/Platforms/iPhoneSimulator.platform/Developer/SDKs/iPhoneSimulator26.2.sdk/Developer/Library/Frameworks -c -j8 -enable-batch-mode -incremental -Xcc -ivfsstatcache -Xcc /Users/user51/Library/Developer/Xcode/DerivedData/SDKStatCaches.noindex/iphonesimulator26.2-23C53-dc75598d0054f22ec865fa860f139d727d00a8b37fbd7999ea79df8ebc024bf0.sdkstatcache -output-file-map /Users/user51/Library/Developer/Xcode/DerivedData/iCohort3-bwoefxeicoflurbglvssertdjhcr/Build/Intermediates.noindex/Supabase.build/Debug-iphonesimulator/Functions.build/Objects-normal/arm64/Functions-OutputFileMap.json -use-frontend-parseable-output -save-temps -no-color-diagnostics -explicit-module-build -module-cache-path /Users/user51/Library/Developer/Xcode/DerivedData/iCohort3-bwoefxeicoflurbglvssertdjhcr/Build/Intermediates.noindex/SwiftExplicitPrecompiledModules -clang-scanner-module-cache-path /Users/user51/Library/Developer/Xcode/DerivedData/ModuleCache.noindex -sdk-module-cache-path /Users/user51/Library/Developer/Xcode/DerivedData/ModuleCache.noindex -serialize-diagnostics -emit-dependencies -emit-module -emit-module-path /Users/user51/Library/Developer/Xcode/DerivedData/iCohort3-bwoefxeicoflurbglvssertdjhcr/Build/Intermediates.noindex/Supabase.build/Debug-iphonesimulator/Functions.build/Objects-normal/arm64/Functions.swiftmodule -validate-clang-modules-once -clang-build-session-file /Users/user51/Library/Developer/Xcode/DerivedData/ModuleCache.noindex/Session.modulevalidation -package-name supabase_swift -Xcc -I/Users/user51/Library/Developer/Xcode/DerivedData/iCohort3-bwoefxeicoflurbglvssertdjhcr/Build/Intermediates.noindex/Supabase.build/Debug-iphonesimulator/Functions.build/swift-overrides.hmap -emit-const-values -Xfrontend -const-gather-protocols-file -Xfrontend /Users/user51/Library/Developer/Xcode/DerivedData/iCohort3-bwoefxeicoflurbglvssertdjhcr/Build/Intermediates.noindex/Supabase.build/Debug-iphonesimulator/Functions.build/Objects-normal/arm64/Functions_const_extract_protocols.json -Xcc -I/Users/user51/Library/Developer/Xcode/DerivedData/iCohort3-bwoefxeicoflurbglvssertdjhcr/Build/Products/Debug-iphonesimulator/include -Xcc -I/Users/user51/Library/Developer/Xcode/DerivedData/iCohort3-bwoefxeicoflurbglvssertdjhcr/Build/Intermediates.noindex/Supabase.build/Debug-iphonesimulator/Functions.build/DerivedSources-normal/arm64 -Xcc -I/Users/user51/Library/Developer/Xcode/DerivedData/iCohort3-bwoefxeicoflurbglvssertdjhcr/Build/Intermediates.noindex/Supabase.build/Debug-iphonesimulator/Functions.build/DerivedSources/arm64 -Xcc -I/Users/user51/Library/Developer/Xcode/DerivedData/iCohort3-bwoefxeicoflurbglvssertdjhcr/Build/Intermediates.noindex/Supabase.build/Debug-iphonesimulator/Functions.build/DerivedSources -Xcc -DSWIFT_PACKAGE -Xcc -DDEBUG\=1 -emit-objc-header -emit-objc-header-path /Users/user51/Library/Developer/Xcode/DerivedData/iCohort3-bwoefxeicoflurbglvssertdjhcr/Build/Intermediates.noindex/Supabase.build/Debug-iphonesimulator/Functions.build/Objects-normal/arm64/Functions-Swift.h -working-directory /Users/user51/Downloads/iCohort3/iCohort3.xcodeproj -experimental-emit-module-separately -disable-cmo

SwiftDriver Auth normal arm64 com.apple.xcode.tools.swift.compiler (in target 'Auth' from project 'Supabase')
    cd /Users/user51/Downloads/iCohort3/iCohort3.xcodeproj
    builtin-SwiftDriver -- /Applications/Xcode.app/Contents/Developer/Toolchains/XcodeDefault.xctoolchain/usr/bin/swiftc -module-name Auth -Onone -enforce-exclusivity\=checked @/Users/user51/Library/Developer/Xcode/DerivedData/iCohort3-bwoefxeicoflurbglvssertdjhcr/Build/Intermediates.noindex/Supabase.build/Debug-iphonesimulator/Auth.build/Objects-normal/arm64/Auth.SwiftFileList -DSWIFT_PACKAGE -DDEBUG -DSWIFT_MODULE_RESOURCE_BUNDLE_UNAVAILABLE -DXcode -enable-upcoming-feature ExistentialAny -enable-experimental-feature StrictConcurrency -plugin-path /Applications/Xcode.app/Contents/Developer/Toolchains/XcodeDefault.xctoolchain/usr/lib/swift/host/plugins/testing -enable-experimental-feature DebugDescriptionMacro -sdk /Applications/Xcode.app/Contents/Developer/Platforms/iPhoneSimulator.platform/Developer/SDKs/iPhoneSimulator26.2.sdk -target arm64-apple-ios13.0-simulator -g -module-cache-path /Users/user51/Library/Developer/Xcode/DerivedData/ModuleCache.noindex -Xfrontend -serialize-debugging-options -profile-coverage-mapping -profile-generate -enable-testing -suppress-warnings -index-store-path /Users/user51/Library/Developer/Xcode/DerivedData/iCohort3-bwoefxeicoflurbglvssertdjhcr/Index.noindex/DataStore -Xcc -D_LIBCPP_HARDENING_MODE\=_LIBCPP_HARDENING_MODE_DEBUG -swift-version 5 -I /Users/user51/Library/Developer/Xcode/DerivedData/iCohort3-bwoefxeicoflurbglvssertdjhcr/Build/Products/Debug-iphonesimulator -Isystem /Applications/Xcode.app/Contents/Developer/Platforms/iPhoneSimulator.platform/Developer/usr/lib -F /Users/user51/Library/Developer/Xcode/DerivedData/iCohort3-bwoefxeicoflurbglvssertdjhcr/Build/Products/Debug-iphonesimulator/PackageFrameworks -F /Users/user51/Library/Developer/Xcode/DerivedData/iCohort3-bwoefxeicoflurbglvssertdjhcr/Build/Products/Debug-iphonesimulator/PackageFrameworks -F /Users/user51/Library/Developer/Xcode/DerivedData/iCohort3-bwoefxeicoflurbglvssertdjhcr/Build/Products/Debug-iphonesimulator/PackageFrameworks -F /Users/user51/Library/Developer/Xcode/DerivedData/iCohort3-bwoefxeicoflurbglvssertdjhcr/Build/Products/Debug-iphonesimulator/PackageFrameworks -F /Users/user51/Library/Developer/Xcode/DerivedData/iCohort3-bwoefxeicoflurbglvssertdjhcr/Build/Products/Debug-iphonesimulator/PackageFrameworks -F /Users/user51/Library/Developer/Xcode/DerivedData/iCohort3-bwoefxeicoflurbglvssertdjhcr/Build/Products/Debug-iphonesimulator/PackageFrameworks -F /Users/user51/Library/Developer/Xcode/DerivedData/iCohort3-bwoefxeicoflurbglvssertdjhcr/Build/Products/Debug-iphonesimulator/PackageFrameworks -F /Users/user51/Library/Developer/Xcode/DerivedData/iCohort3-bwoefxeicoflurbglvssertdjhcr/Build/Products/Debug-iphonesimulator/PackageFrameworks -F /Users/user51/Library/Developer/Xcode/DerivedData/iCohort3-bwoefxeicoflurbglvssertdjhcr/Build/Products/Debug-iphonesimulator -F /Applications/Xcode.app/Contents/Developer/Platforms/iPhoneSimulator.platform/Developer/Library/Frameworks -F /Applications/Xcode.app/Contents/Developer/Platforms/iPhoneSimulator.platform/Developer/SDKs/iPhoneSimulator26.2.sdk/Developer/Library/Frameworks -c -j8 -enable-batch-mode -incremental -Xcc -ivfsstatcache -Xcc /Users/user51/Library/Developer/Xcode/DerivedData/SDKStatCaches.noindex/iphonesimulator26.2-23C53-dc75598d0054f22ec865fa860f139d727d00a8b37fbd7999ea79df8ebc024bf0.sdkstatcache -output-file-map /Users/user51/Library/Developer/Xcode/DerivedData/iCohort3-bwoefxeicoflurbglvssertdjhcr/Build/Intermediates.noindex/Supabase.build/Debug-iphonesimulator/Auth.build/Objects-normal/arm64/Auth-OutputFileMap.json -use-frontend-parseable-output -save-temps -no-color-diagnostics -explicit-module-build -module-cache-path /Users/user51/Library/Developer/Xcode/DerivedData/iCohort3-bwoefxeicoflurbglvssertdjhcr/Build/Intermediates.noindex/SwiftExplicitPrecompiledModules -clang-scanner-module-cache-path /Users/user51/Library/Developer/Xcode/DerivedData/ModuleCache.noindex -sdk-module-cache-path /Users/user51/Library/Developer/Xcode/DerivedData/ModuleCache.noindex -serialize-diagnostics -emit-dependencies -emit-module -emit-module-path /Users/user51/Library/Developer/Xcode/DerivedData/iCohort3-bwoefxeicoflurbglvssertdjhcr/Build/Intermediates.noindex/Supabase.build/Debug-iphonesimulator/Auth.build/Objects-normal/arm64/Auth.swiftmodule -validate-clang-modules-once -clang-build-session-file /Users/user51/Library/Developer/Xcode/DerivedData/ModuleCache.noindex/Session.modulevalidation -package-name supabase_swift -Xcc -I/Users/user51/Library/Developer/Xcode/DerivedData/iCohort3-bwoefxeicoflurbglvssertdjhcr/Build/Intermediates.noindex/Supabase.build/Debug-iphonesimulator/Auth.build/swift-overrides.hmap -emit-const-values -Xfrontend -const-gather-protocols-file -Xfrontend /Users/user51/Library/Developer/Xcode/DerivedData/iCohort3-bwoefxeicoflurbglvssertdjhcr/Build/Intermediates.noindex/Supabase.build/Debug-iphonesimulator/Auth.build/Objects-normal/arm64/Auth_const_extract_protocols.json -Xcc -I/Users/user51/Library/Developer/Xcode/DerivedData/iCohort3-bwoefxeicoflurbglvssertdjhcr/Build/Products/Debug-iphonesimulator/include -Xcc -I/Users/user51/Library/Developer/Xcode/DerivedData/iCohort3-bwoefxeicoflurbglvssertdjhcr/Build/Intermediates.noindex/Supabase.build/Debug-iphonesimulator/Auth.build/DerivedSources-normal/arm64 -Xcc -I/Users/user51/Library/Developer/Xcode/DerivedData/iCohort3-bwoefxeicoflurbglvssertdjhcr/Build/Intermediates.noindex/Supabase.build/Debug-iphonesimulator/Auth.build/DerivedSources/arm64 -Xcc -I/Users/user51/Library/Developer/Xcode/DerivedData/iCohort3-bwoefxeicoflurbglvssertdjhcr/Build/Intermediates.noindex/Supabase.build/Debug-iphonesimulator/Auth.build/DerivedSources -Xcc -DSWIFT_PACKAGE -Xcc -DDEBUG\=1 -emit-objc-header -emit-objc-header-path /Users/user51/Library/Developer/Xcode/DerivedData/iCohort3-bwoefxeicoflurbglvssertdjhcr/Build/Intermediates.noindex/Supabase.build/Debug-iphonesimulator/Auth.build/Objects-normal/arm64/Auth-Swift.h -working-directory /Users/user51/Downloads/iCohort3/iCohort3.xcodeproj -experimental-emit-module-separately -disable-cmo

SwiftDriverJobDiscovery normal arm64 Compiling URLSession+AsyncAwait.swift, Version.swift, _Clock.swift (in target 'Helpers' from project 'Supabase')

SwiftDriver\ Compilation Helpers normal arm64 com.apple.xcode.tools.swift.compiler (in target 'Helpers' from project 'Supabase')
    cd /Users/user51/Downloads/iCohort3/iCohort3.xcodeproj
    builtin-Swift-Compilation -- /Applications/Xcode.app/Contents/Developer/Toolchains/XcodeDefault.xctoolchain/usr/bin/swiftc -module-name Helpers -Onone -enforce-exclusivity\=checked @/Users/user51/Library/Developer/Xcode/DerivedData/iCohort3-bwoefxeicoflurbglvssertdjhcr/Build/Intermediates.noindex/Supabase.build/Debug-iphonesimulator/Helpers.build/Objects-normal/arm64/Helpers.SwiftFileList -DSWIFT_PACKAGE -DDEBUG -DSWIFT_MODULE_RESOURCE_BUNDLE_UNAVAILABLE -DXcode -enable-upcoming-feature ExistentialAny -enable-experimental-feature StrictConcurrency -plugin-path /Applications/Xcode.app/Contents/Developer/Toolchains/XcodeDefault.xctoolchain/usr/lib/swift/host/plugins/testing -enable-experimental-feature DebugDescriptionMacro -sdk /Applications/Xcode.app/Contents/Developer/Platforms/iPhoneSimulator.platform/Developer/SDKs/iPhoneSimulator26.2.sdk -target arm64-apple-ios13.0-simulator -g -module-cache-path /Users/user51/Library/Developer/Xcode/DerivedData/ModuleCache.noindex -Xfrontend -serialize-debugging-options -profile-coverage-mapping -profile-generate -enable-testing -suppress-warnings -index-store-path /Users/user51/Library/Developer/Xcode/DerivedData/iCohort3-bwoefxeicoflurbglvssertdjhcr/Index.noindex/DataStore -Xcc -D_LIBCPP_HARDENING_MODE\=_LIBCPP_HARDENING_MODE_DEBUG -swift-version 5 -I /Users/user51/Library/Developer/Xcode/DerivedData/iCohort3-bwoefxeicoflurbglvssertdjhcr/Build/Products/Debug-iphonesimulator -Isystem /Applications/Xcode.app/Contents/Developer/Platforms/iPhoneSimulator.platform/Developer/usr/lib -F /Users/user51/Library/Developer/Xcode/DerivedData/iCohort3-bwoefxeicoflurbglvssertdjhcr/Build/Products/Debug-iphonesimulator/PackageFrameworks -F /Users/user51/Library/Developer/Xcode/DerivedData/iCohort3-bwoefxeicoflurbglvssertdjhcr/Build/Products/Debug-iphonesimulator/PackageFrameworks -F /Users/user51/Library/Developer/Xcode/DerivedData/iCohort3-bwoefxeicoflurbglvssertdjhcr/Build/Products/Debug-iphonesimulator/PackageFrameworks -F /Users/user51/Library/Developer/Xcode/DerivedData/iCohort3-bwoefxeicoflurbglvssertdjhcr/Build/Products/Debug-iphonesimulator/PackageFrameworks -F /Users/user51/Library/Developer/Xcode/DerivedData/iCohort3-bwoefxeicoflurbglvssertdjhcr/Build/Products/Debug-iphonesimulator/PackageFrameworks -F /Users/user51/Library/Developer/Xcode/DerivedData/iCohort3-bwoefxeicoflurbglvssertdjhcr/Build/Products/Debug-iphonesimulator/PackageFrameworks -F /Users/user51/Library/Developer/Xcode/DerivedData/iCohort3-bwoefxeicoflurbglvssertdjhcr/Build/Products/Debug-iphonesimulator -F /Applications/Xcode.app/Contents/Developer/Platforms/iPhoneSimulator.platform/Developer/Library/Frameworks -F /Applications/Xcode.app/Contents/Developer/Platforms/iPhoneSimulator.platform/Developer/SDKs/iPhoneSimulator26.2.sdk/Developer/Library/Frameworks -c -j8 -enable-batch-mode -incremental -Xcc -ivfsstatcache -Xcc /Users/user51/Library/Developer/Xcode/DerivedData/SDKStatCaches.noindex/iphonesimulator26.2-23C53-dc75598d0054f22ec865fa860f139d727d00a8b37fbd7999ea79df8ebc024bf0.sdkstatcache -output-file-map /Users/user51/Library/Developer/Xcode/DerivedData/iCohort3-bwoefxeicoflurbglvssertdjhcr/Build/Intermediates.noindex/Supabase.build/Debug-iphonesimulator/Helpers.build/Objects-normal/arm64/Helpers-OutputFileMap.json -use-frontend-parseable-output -save-temps -no-color-diagnostics -explicit-module-build -module-cache-path /Users/user51/Library/Developer/Xcode/DerivedData/iCohort3-bwoefxeicoflurbglvssertdjhcr/Build/Intermediates.noindex/SwiftExplicitPrecompiledModules -clang-scanner-module-cache-path /Users/user51/Library/Developer/Xcode/DerivedData/ModuleCache.noindex -sdk-module-cache-path /Users/user51/Library/Developer/Xcode/DerivedData/ModuleCache.noindex -serialize-diagnostics -emit-dependencies -emit-module -emit-module-path /Users/user51/Library/Developer/Xcode/DerivedData/iCohort3-bwoefxeicoflurbglvssertdjhcr/Build/Intermediates.noindex/Supabase.build/Debug-iphonesimulator/Helpers.build/Objects-normal/arm64/Helpers.swiftmodule -validate-clang-modules-once -clang-build-session-file /Users/user51/Library/Developer/Xcode/DerivedData/ModuleCache.noindex/Session.modulevalidation -package-name supabase_swift -Xcc -I/Users/user51/Library/Developer/Xcode/DerivedData/iCohort3-bwoefxeicoflurbglvssertdjhcr/Build/Intermediates.noindex/Supabase.build/Debug-iphonesimulator/Helpers.build/swift-overrides.hmap -emit-const-values -Xfrontend -const-gather-protocols-file -Xfrontend /Users/user51/Library/Developer/Xcode/DerivedData/iCohort3-bwoefxeicoflurbglvssertdjhcr/Build/Intermediates.noindex/Supabase.build/Debug-iphonesimulator/Helpers.build/Objects-normal/arm64/Helpers_const_extract_protocols.json -Xcc -I/Users/user51/Library/Developer/Xcode/DerivedData/iCohort3-bwoefxeicoflurbglvssertdjhcr/Build/Products/Debug-iphonesimulator/include -Xcc -I/Users/user51/Library/Developer/Xcode/DerivedData/iCohort3-bwoefxeicoflurbglvssertdjhcr/Build/Intermediates.noindex/Supabase.build/Debug-iphonesimulator/Helpers.build/DerivedSources-normal/arm64 -Xcc -I/Users/user51/Library/Developer/Xcode/DerivedData/iCohort3-bwoefxeicoflurbglvssertdjhcr/Build/Intermediates.noindex/Supabase.build/Debug-iphonesimulator/Helpers.build/DerivedSources/arm64 -Xcc -I/Users/user51/Library/Developer/Xcode/DerivedData/iCohort3-bwoefxeicoflurbglvssertdjhcr/Build/Intermediates.noindex/Supabase.build/Debug-iphonesimulator/Helpers.build/DerivedSources -Xcc -DSWIFT_PACKAGE -Xcc -DDEBUG\=1 -emit-objc-header -emit-objc-header-path /Users/user51/Library/Developer/Xcode/DerivedData/iCohort3-bwoefxeicoflurbglvssertdjhcr/Build/Intermediates.noindex/Supabase.build/Debug-iphonesimulator/Helpers.build/Objects-normal/arm64/Helpers-Swift.h -working-directory /Users/user51/Downloads/iCohort3/iCohort3.xcodeproj -experimental-emit-module-separately -disable-cmo

Ld /Users/user51/Library/Developer/Xcode/DerivedData/iCohort3-bwoefxeicoflurbglvssertdjhcr/Build/Products/Debug-iphonesimulator/Helpers.o normal (in target 'Helpers' from project 'Supabase')
    cd /Users/user51/Library/Developer/Xcode/DerivedData/iCohort3-bwoefxeicoflurbglvssertdjhcr/SourcePackages/checkouts/supabase-swift
    /Applications/Xcode.app/Contents/Developer/Toolchains/XcodeDefault.xctoolchain/usr/bin/clang -Xlinker -reproducible -target arm64-apple-ios13.0-simulator -r -isysroot /Applications/Xcode.app/Contents/Developer/Platforms/iPhoneSimulator.platform/Developer/SDKs/iPhoneSimulator26.2.sdk -O0 -w -L/Users/user51/Library/Developer/Xcode/DerivedData/iCohort3-bwoefxeicoflurbglvssertdjhcr/Build/Intermediates.noindex/EagerLinkingTBDs/Debug-iphonesimulator -L/Users/user51/Library/Developer/Xcode/DerivedData/iCohort3-bwoefxeicoflurbglvssertdjhcr/Build/Products/Debug-iphonesimulator -L/Applications/Xcode.app/Contents/Developer/Platforms/iPhoneSimulator.platform/Developer/usr/lib -F/Users/user51/Library/Developer/Xcode/DerivedData/iCohort3-bwoefxeicoflurbglvssertdjhcr/Build/Intermediates.noindex/EagerLinkingTBDs/Debug-iphonesimulator -F/Users/user51/Library/Developer/Xcode/DerivedData/iCohort3-bwoefxeicoflurbglvssertdjhcr/Build/Products/Debug-iphonesimulator/PackageFrameworks -F/Users/user51/Library/Developer/Xcode/DerivedData/iCohort3-bwoefxeicoflurbglvssertdjhcr/Build/Products/Debug-iphonesimulator/PackageFrameworks -F/Users/user51/Library/Developer/Xcode/DerivedData/iCohort3-bwoefxeicoflurbglvssertdjhcr/Build/Products/Debug-iphonesimulator/PackageFrameworks -F/Users/user51/Library/Developer/Xcode/DerivedData/iCohort3-bwoefxeicoflurbglvssertdjhcr/Build/Products/Debug-iphonesimulator/PackageFrameworks -F/Users/user51/Library/Developer/Xcode/DerivedData/iCohort3-bwoefxeicoflurbglvssertdjhcr/Build/Products/Debug-iphonesimulator/PackageFrameworks -F/Users/user51/Library/Developer/Xcode/DerivedData/iCohort3-bwoefxeicoflurbglvssertdjhcr/Build/Products/Debug-iphonesimulator/PackageFrameworks -F/Users/user51/Library/Developer/Xcode/DerivedData/iCohort3-bwoefxeicoflurbglvssertdjhcr/Build/Products/Debug-iphonesimulator -iframework /Applications/Xcode.app/Contents/Developer/Platforms/iPhoneSimulator.platform/Developer/Library/Frameworks -iframework /Applications/Xcode.app/Contents/Developer/Platforms/iPhoneSimulator.platform/Developer/SDKs/iPhoneSimulator26.2.sdk/Developer/Library/Frameworks -filelist /Users/user51/Library/Developer/Xcode/DerivedData/iCohort3-bwoefxeicoflurbglvssertdjhcr/Build/Intermediates.noindex/Supabase.build/Debug-iphonesimulator/Helpers.build/Objects-normal/arm64/Helpers.LinkFileList -nostdlib -Xlinker -object_path_lto -Xlinker /Users/user51/Library/Developer/Xcode/DerivedData/iCohort3-bwoefxeicoflurbglvssertdjhcr/Build/Intermediates.noindex/Supabase.build/Debug-iphonesimulator/Helpers.build/Objects-normal/arm64/Helpers_lto.o -rdynamic -Xlinker -no_deduplicate -Xlinker -objc_abi_version -Xlinker 2 -Xlinker -debug_variant -Xlinker -dependency_info -Xlinker /Users/user51/Library/Developer/Xcode/DerivedData/iCohort3-bwoefxeicoflurbglvssertdjhcr/Build/Intermediates.noindex/Supabase.build/Debug-iphonesimulator/Helpers.build/Objects-normal/arm64/Helpers_dependency_info.dat -fobjc-link-runtime -L/Applications/Xcode.app/Contents/Developer/Toolchains/XcodeDefault.xctoolchain/usr/lib/swift/iphonesimulator -L/usr/lib/swift -Xlinker -add_ast_path -Xlinker /Users/user51/Library/Developer/Xcode/DerivedData/iCohort3-bwoefxeicoflurbglvssertdjhcr/Build/Intermediates.noindex/Supabase.build/Debug-iphonesimulator/Helpers.build/Objects-normal/arm64/Helpers.swiftmodule @/Users/user51/Library/Developer/Xcode/DerivedData/iCohort3-bwoefxeicoflurbglvssertdjhcr/Build/Intermediates.noindex/Supabase.build/Debug-iphonesimulator/Helpers.build/Objects-normal/arm64/Helpers-linker-args.resp -o /Users/user51/Library/Developer/Xcode/DerivedData/iCohort3-bwoefxeicoflurbglvssertdjhcr/Build/Products/Debug-iphonesimulator/Helpers.o

ExtractAppIntentsMetadata (in target 'Helpers' from project 'Supabase')
    cd /Users/user51/Library/Developer/Xcode/DerivedData/iCohort3-bwoefxeicoflurbglvssertdjhcr/SourcePackages/checkouts/supabase-swift
    /Applications/Xcode.app/Contents/Developer/Toolchains/XcodeDefault.xctoolchain/usr/bin/appintentsmetadataprocessor --toolchain-dir /var/run/com.apple.security.cryptexd/mnt/com.apple.MobileAsset.MetalToolchain-v17.3.7003.10.GOk9dz/Metal.xctoolchain --module-name Helpers --sdk-root /Applications/Xcode.app/Contents/Developer/Platforms/iPhoneSimulator.platform/Developer/SDKs/iPhoneSimulator26.2.sdk --xcode-version 17C52 --platform-family iOS --deployment-target 13.0 --bundle-identifier supabase-swift.Helpers --output /Users/user51/Library/Developer/Xcode/DerivedData/iCohort3-bwoefxeicoflurbglvssertdjhcr/Build/Products/Debug-iphonesimulator/Helpers.appintents --target-triple arm64-apple-ios13.0-simulator --binary-file /Users/user51/Library/Developer/Xcode/DerivedData/iCohort3-bwoefxeicoflurbglvssertdjhcr/Build/Products/Debug-iphonesimulator/Helpers.o --dependency-file /Users/user51/Library/Developer/Xcode/DerivedData/iCohort3-bwoefxeicoflurbglvssertdjhcr/Build/Intermediates.noindex/Supabase.build/Debug-iphonesimulator/Helpers.build/Objects-normal/arm64/Helpers_dependency_info.dat --stringsdata-file /Users/user51/Library/Developer/Xcode/DerivedData/iCohort3-bwoefxeicoflurbglvssertdjhcr/Build/Intermediates.noindex/Supabase.build/Debug-iphonesimulator/Helpers.build/Objects-normal/arm64/ExtractedAppShortcutsMetadata.stringsdata --source-file-list /Users/user51/Library/Developer/Xcode/DerivedData/iCohort3-bwoefxeicoflurbglvssertdjhcr/Build/Intermediates.noindex/Supabase.build/Debug-iphonesimulator/Helpers.build/Objects-normal/arm64/Helpers.SwiftFileList --metadata-file-list /Users/user51/Library/Developer/Xcode/DerivedData/iCohort3-bwoefxeicoflurbglvssertdjhcr/Build/Intermediates.noindex/Supabase.build/Debug-iphonesimulator/Helpers.build/Helpers.DependencyMetadataFileList --static-metadata-file-list /Users/user51/Library/Developer/Xcode/DerivedData/iCohort3-bwoefxeicoflurbglvssertdjhcr/Build/Intermediates.noindex/Supabase.build/Debug-iphonesimulator/Helpers.build/Helpers.DependencyStaticMetadataFileList --swift-const-vals-list /Users/user51/Library/Developer/Xcode/DerivedData/iCohort3-bwoefxeicoflurbglvssertdjhcr/Build/Intermediates.noindex/Supabase.build/Debug-iphonesimulator/Helpers.build/Objects-normal/arm64/Helpers.SwiftConstValuesFileList --force --compile-time-extraction --deployment-aware-processing --validate-assistant-intents --no-app-shortcuts-localization
2026-04-06 13:23:15.521 appintentsmetadataprocessor[46393:12588931] Starting appintentsmetadataprocessor export
2026-04-06 13:23:15.977 appintentsmetadataprocessor[46393:12588931] Extracted no relevant App Intents symbols, skipping writing output

SwiftCompile normal arm64 Compiling\ FunctionsClient.swift /Users/user51/Library/Developer/Xcode/DerivedData/iCohort3-bwoefxeicoflurbglvssertdjhcr/SourcePackages/checkouts/supabase-swift/Sources/Functions/FunctionsClient.swift (in target 'Functions' from project 'Supabase')
SwiftCompile normal arm64 /Users/user51/Library/Developer/Xcode/DerivedData/iCohort3-bwoefxeicoflurbglvssertdjhcr/SourcePackages/checkouts/supabase-swift/Sources/Functions/FunctionsClient.swift (in target 'Functions' from project 'Supabase')
    cd /Users/user51/Downloads/iCohort3/iCohort3.xcodeproj
    

SwiftCompile normal arm64 Compiling\ Exports.swift /Users/user51/Library/Developer/Xcode/DerivedData/iCohort3-bwoefxeicoflurbglvssertdjhcr/SourcePackages/checkouts/supabase-swift/Sources/Functions/Exports.swift (in target 'Functions' from project 'Supabase')

SwiftCompile normal arm64 /Users/user51/Library/Developer/Xcode/DerivedData/iCohort3-bwoefxeicoflurbglvssertdjhcr/SourcePackages/checkouts/supabase-swift/Sources/Functions/Exports.swift (in target 'Functions' from project 'Supabase')
    cd /Users/user51/Downloads/iCohort3/iCohort3.xcodeproj
    

SwiftEmitModule normal arm64 Emitting\ module\ for\ Functions (in target 'Functions' from project 'Supabase')

EmitSwiftModule normal arm64 (in target 'Functions' from project 'Supabase')
    cd /Users/user51/Downloads/iCohort3/iCohort3.xcodeproj
    

SwiftCompile normal arm64 Compiling\ Types.swift /Users/user51/Library/Developer/Xcode/DerivedData/iCohort3-bwoefxeicoflurbglvssertdjhcr/SourcePackages/checkouts/supabase-swift/Sources/Functions/Types.swift (in target 'Functions' from project 'Supabase')

SwiftCompile normal arm64 /Users/user51/Library/Developer/Xcode/DerivedData/iCohort3-bwoefxeicoflurbglvssertdjhcr/SourcePackages/checkouts/supabase-swift/Sources/Functions/Types.swift (in target 'Functions' from project 'Supabase')
    cd /Users/user51/Downloads/iCohort3/iCohort3.xcodeproj
    

SwiftEmitModule normal arm64 Emitting\ module\ for\ Storage (in target 'Storage' from project 'Supabase')

EmitSwiftModule normal arm64 (in target 'Storage' from project 'Supabase')
    cd /Users/user51/Downloads/iCohort3/iCohort3.xcodeproj
    

SwiftCompile normal arm64 Compiling\ Deprecated.swift,\ Exports.swift /Users/user51/Library/Developer/Xcode/DerivedData/iCohort3-bwoefxeicoflurbglvssertdjhcr/SourcePackages/checkouts/supabase-swift/Sources/Storage/Deprecated.swift /Users/user51/Library/Developer/Xcode/DerivedData/iCohort3-bwoefxeicoflurbglvssertdjhcr/SourcePackages/checkouts/supabase-swift/Sources/Storage/Exports.swift (in target 'Storage' from project 'Supabase')

SwiftCompile normal arm64 /Users/user51/Library/Developer/Xcode/DerivedData/iCohort3-bwoefxeicoflurbglvssertdjhcr/SourcePackages/checkouts/supabase-swift/Sources/Storage/Deprecated.swift (in target 'Storage' from project 'Supabase')
    cd /Users/user51/Downloads/iCohort3/iCohort3.xcodeproj
    

SwiftCompile normal arm64 /Users/user51/Library/Developer/Xcode/DerivedData/iCohort3-bwoefxeicoflurbglvssertdjhcr/SourcePackages/checkouts/supabase-swift/Sources/Storage/Exports.swift (in target 'Storage' from project 'Supabase')
    cd /Users/user51/Downloads/iCohort3/iCohort3.xcodeproj
    

SwiftEmitModule normal arm64 Emitting\ module\ for\ PostgREST (in target 'PostgREST' from project 'Supabase')

EmitSwiftModule normal arm64 (in target 'PostgREST' from project 'Supabase')
    cd /Users/user51/Downloads/iCohort3/iCohort3.xcodeproj
    

SwiftDriverJobDiscovery normal arm64 Compiling Exports.swift (in target 'Functions' from project 'Supabase')

SwiftCompile normal arm64 Compiling\ StorageError.swift,\ StorageFileApi.swift /Users/user51/Library/Developer/Xcode/DerivedData/iCohort3-bwoefxeicoflurbglvssertdjhcr/SourcePackages/checkouts/supabase-swift/Sources/Storage/StorageError.swift /Users/user51/Library/Developer/Xcode/DerivedData/iCohort3-bwoefxeicoflurbglvssertdjhcr/SourcePackages/checkouts/supabase-swift/Sources/Storage/StorageFileApi.swift (in target 'Storage' from project 'Supabase')
SwiftCompile normal arm64 /Users/user51/Library/Developer/Xcode/DerivedData/iCohort3-bwoefxeicoflurbglvssertdjhcr/SourcePackages/checkouts/supabase-swift/Sources/Storage/StorageError.swift (in target 'Storage' from project 'Supabase')
    cd /Users/user51/Downloads/iCohort3/iCohort3.xcodeproj
    

SwiftCompile normal arm64 /Users/user51/Library/Developer/Xcode/DerivedData/iCohort3-bwoefxeicoflurbglvssertdjhcr/SourcePackages/checkouts/supabase-swift/Sources/Storage/StorageFileApi.swift (in target 'Storage' from project 'Supabase')
    cd /Users/user51/Downloads/iCohort3/iCohort3.xcodeproj
    

SwiftEmitModule normal arm64 Emitting\ module\ for\ Realtime (in target 'Realtime' from project 'Supabase')

EmitSwiftModule normal arm64 (in target 'Realtime' from project 'Supabase')
    cd /Users/user51/Downloads/iCohort3/iCohort3.xcodeproj
    

SwiftEmitModule normal arm64 Emitting\ module\ for\ Auth (in target 'Auth' from project 'Supabase')
EmitSwiftModule normal arm64 (in target 'Auth' from project 'Supabase')
    cd /Users/user51/Downloads/iCohort3/iCohort3.xcodeproj
    

SwiftDriverJobDiscovery normal arm64 Emitting module for Functions (in target 'Functions' from project 'Supabase')

SwiftDriver\ Compilation\ Requirements Functions normal arm64 com.apple.xcode.tools.swift.compiler (in target 'Functions' from project 'Supabase')
    cd /Users/user51/Downloads/iCohort3/iCohort3.xcodeproj
    builtin-Swift-Compilation-Requirements -- /Applications/Xcode.app/Contents/Developer/Toolchains/XcodeDefault.xctoolchain/usr/bin/swiftc -module-name Functions -Onone -enforce-exclusivity\=checked @/Users/user51/Library/Developer/Xcode/DerivedData/iCohort3-bwoefxeicoflurbglvssertdjhcr/Build/Intermediates.noindex/Supabase.build/Debug-iphonesimulator/Functions.build/Objects-normal/arm64/Functions.SwiftFileList -DSWIFT_PACKAGE -DDEBUG -DSWIFT_MODULE_RESOURCE_BUNDLE_UNAVAILABLE -DXcode -enable-upcoming-feature ExistentialAny -enable-experimental-feature StrictConcurrency -plugin-path /Applications/Xcode.app/Contents/Developer/Toolchains/XcodeDefault.xctoolchain/usr/lib/swift/host/plugins/testing -enable-experimental-feature DebugDescriptionMacro -sdk /Applications/Xcode.app/Contents/Developer/Platforms/iPhoneSimulator.platform/Developer/SDKs/iPhoneSimulator26.2.sdk -target arm64-apple-ios13.0-simulator -g -module-cache-path /Users/user51/Library/Developer/Xcode/DerivedData/ModuleCache.noindex -Xfrontend -serialize-debugging-options -profile-coverage-mapping -profile-generate -enable-testing -suppress-warnings -index-store-path /Users/user51/Library/Developer/Xcode/DerivedData/iCohort3-bwoefxeicoflurbglvssertdjhcr/Index.noindex/DataStore -Xcc -D_LIBCPP_HARDENING_MODE\=_LIBCPP_HARDENING_MODE_DEBUG -swift-version 5 -I /Users/user51/Library/Developer/Xcode/DerivedData/iCohort3-bwoefxeicoflurbglvssertdjhcr/Build/Products/Debug-iphonesimulator -Isystem /Applications/Xcode.app/Contents/Developer/Platforms/iPhoneSimulator.platform/Developer/usr/lib -F /Users/user51/Library/Developer/Xcode/DerivedData/iCohort3-bwoefxeicoflurbglvssertdjhcr/Build/Products/Debug-iphonesimulator/PackageFrameworks -F /Users/user51/Library/Developer/Xcode/DerivedData/iCohort3-bwoefxeicoflurbglvssertdjhcr/Build/Products/Debug-iphonesimulator/PackageFrameworks -F /Users/user51/Library/Developer/Xcode/DerivedData/iCohort3-bwoefxeicoflurbglvssertdjhcr/Build/Products/Debug-iphonesimulator/PackageFrameworks -F /Users/user51/Library/Developer/Xcode/DerivedData/iCohort3-bwoefxeicoflurbglvssertdjhcr/Build/Products/Debug-iphonesimulator/PackageFrameworks -F /Users/user51/Library/Developer/Xcode/DerivedData/iCohort3-bwoefxeicoflurbglvssertdjhcr/Build/Products/Debug-iphonesimulator/PackageFrameworks -F /Users/user51/Library/Developer/Xcode/DerivedData/iCohort3-bwoefxeicoflurbglvssertdjhcr/Build/Products/Debug-iphonesimulator/PackageFrameworks -F /Users/user51/Library/Developer/Xcode/DerivedData/iCohort3-bwoefxeicoflurbglvssertdjhcr/Build/Products/Debug-iphonesimulator/PackageFrameworks -F /Users/user51/Library/Developer/Xcode/DerivedData/iCohort3-bwoefxeicoflurbglvssertdjhcr/Build/Products/Debug-iphonesimulator -F /Applications/Xcode.app/Contents/Developer/Platforms/iPhoneSimulator.platform/Developer/Library/Frameworks -F /Applications/Xcode.app/Contents/Developer/Platforms/iPhoneSimulator.platform/Developer/SDKs/iPhoneSimulator26.2.sdk/Developer/Library/Frameworks -c -j8 -enable-batch-mode -incremental -Xcc -ivfsstatcache -Xcc /Users/user51/Library/Developer/Xcode/DerivedData/SDKStatCaches.noindex/iphonesimulator26.2-23C53-dc75598d0054f22ec865fa860f139d727d00a8b37fbd7999ea79df8ebc024bf0.sdkstatcache -output-file-map /Users/user51/Library/Developer/Xcode/DerivedData/iCohort3-bwoefxeicoflurbglvssertdjhcr/Build/Intermediates.noindex/Supabase.build/Debug-iphonesimulator/Functions.build/Objects-normal/arm64/Functions-OutputFileMap.json -use-frontend-parseable-output -save-temps -no-color-diagnostics -explicit-module-build -module-cache-path /Users/user51/Library/Developer/Xcode/DerivedData/iCohort3-bwoefxeicoflurbglvssertdjhcr/Build/Intermediates.noindex/SwiftExplicitPrecompiledModules -clang-scanner-module-cache-path /Users/user51/Library/Developer/Xcode/DerivedData/ModuleCache.noindex -sdk-module-cache-path /Users/user51/Library/Developer/Xcode/DerivedData/ModuleCache.noindex -serialize-diagnostics -emit-dependencies -emit-module -emit-module-path /Users/user51/Library/Developer/Xcode/DerivedData/iCohort3-bwoefxeicoflurbglvssertdjhcr/Build/Intermediates.noindex/Supabase.build/Debug-iphonesimulator/Functions.build/Objects-normal/arm64/Functions.swiftmodule -validate-clang-modules-once -clang-build-session-file /Users/user51/Library/Developer/Xcode/DerivedData/ModuleCache.noindex/Session.modulevalidation -package-name supabase_swift -Xcc -I/Users/user51/Library/Developer/Xcode/DerivedData/iCohort3-bwoefxeicoflurbglvssertdjhcr/Build/Intermediates.noindex/Supabase.build/Debug-iphonesimulator/Functions.build/swift-overrides.hmap -emit-const-values -Xfrontend -const-gather-protocols-file -Xfrontend /Users/user51/Library/Developer/Xcode/DerivedData/iCohort3-bwoefxeicoflurbglvssertdjhcr/Build/Intermediates.noindex/Supabase.build/Debug-iphonesimulator/Functions.build/Objects-normal/arm64/Functions_const_extract_protocols.json -Xcc -I/Users/user51/Library/Developer/Xcode/DerivedData/iCohort3-bwoefxeicoflurbglvssertdjhcr/Build/Products/Debug-iphonesimulator/include -Xcc -I/Users/user51/Library/Developer/Xcode/DerivedData/iCohort3-bwoefxeicoflurbglvssertdjhcr/Build/Intermediates.noindex/Supabase.build/Debug-iphonesimulator/Functions.build/DerivedSources-normal/arm64 -Xcc -I/Users/user51/Library/Developer/Xcode/DerivedData/iCohort3-bwoefxeicoflurbglvssertdjhcr/Build/Intermediates.noindex/Supabase.build/Debug-iphonesimulator/Functions.build/DerivedSources/arm64 -Xcc -I/Users/user51/Library/Developer/Xcode/DerivedData/iCohort3-bwoefxeicoflurbglvssertdjhcr/Build/Intermediates.noindex/Supabase.build/Debug-iphonesimulator/Functions.build/DerivedSources -Xcc -DSWIFT_PACKAGE -Xcc -DDEBUG\=1 -emit-objc-header -emit-objc-header-path /Users/user51/Library/Developer/Xcode/DerivedData/iCohort3-bwoefxeicoflurbglvssertdjhcr/Build/Intermediates.noindex/Supabase.build/Debug-iphonesimulator/Functions.build/Objects-normal/arm64/Functions-Swift.h -working-directory /Users/user51/Downloads/iCohort3/iCohort3.xcodeproj -experimental-emit-module-separately -disable-cmo

SwiftDriverJobDiscovery normal arm64 Compiling Types.swift (in target 'Functions' from project 'Supabase')

SwiftCompile normal arm64 Compiling\ Types.swift /Users/user51/Library/Developer/Xcode/DerivedData/iCohort3-bwoefxeicoflurbglvssertdjhcr/SourcePackages/checkouts/supabase-swift/Sources/Storage/Types.swift (in target 'Storage' from project 'Supabase')
SwiftCompile normal arm64 /Users/user51/Library/Developer/Xcode/DerivedData/iCohort3-bwoefxeicoflurbglvssertdjhcr/SourcePackages/checkouts/supabase-swift/Sources/Storage/Types.swift (in target 'Storage' from project 'Supabase')
    cd /Users/user51/Downloads/iCohort3/iCohort3.xcodeproj
    

SwiftMergeGeneratedHeaders /Users/user51/Library/Developer/Xcode/DerivedData/iCohort3-bwoefxeicoflurbglvssertdjhcr/Build/Intermediates.noindex/GeneratedModuleMaps-iphonesimulator/Functions-Swift.h /Users/user51/Library/Developer/Xcode/DerivedData/iCohort3-bwoefxeicoflurbglvssertdjhcr/Build/Intermediates.noindex/Supabase.build/Debug-iphonesimulator/Functions.build/Objects-normal/arm64/Functions-Swift.h (in target 'Functions' from project 'Supabase')
    cd /Users/user51/Library/Developer/Xcode/DerivedData/iCohort3-bwoefxeicoflurbglvssertdjhcr/SourcePackages/checkouts/supabase-swift
    builtin-swiftHeaderTool -arch arm64 /Users/user51/Library/Developer/Xcode/DerivedData/iCohort3-bwoefxeicoflurbglvssertdjhcr/Build/Intermediates.noindex/Supabase.build/Debug-iphonesimulator/Functions.build/Objects-normal/arm64/Functions-Swift.h -o /Users/user51/Library/Developer/Xcode/DerivedData/iCohort3-bwoefxeicoflurbglvssertdjhcr/Build/Intermediates.noindex/GeneratedModuleMaps-iphonesimulator/Functions-Swift.h

SwiftDriverJobDiscovery normal arm64 Emitting module for PostgREST (in target 'PostgREST' from project 'Supabase')

SwiftDriver\ Compilation\ Requirements PostgREST normal arm64 com.apple.xcode.tools.swift.compiler (in target 'PostgREST' from project 'Supabase')
    cd /Users/user51/Downloads/iCohort3/iCohort3.xcodeproj
    builtin-Swift-Compilation-Requirements -- /Applications/Xcode.app/Contents/Developer/Toolchains/XcodeDefault.xctoolchain/usr/bin/swiftc -module-name PostgREST -Onone -enforce-exclusivity\=checked @/Users/user51/Library/Developer/Xcode/DerivedData/iCohort3-bwoefxeicoflurbglvssertdjhcr/Build/Intermediates.noindex/Supabase.build/Debug-iphonesimulator/PostgREST.build/Objects-normal/arm64/PostgREST.SwiftFileList -DSWIFT_PACKAGE -DDEBUG -DSWIFT_MODULE_RESOURCE_BUNDLE_UNAVAILABLE -DXcode -enable-upcoming-feature ExistentialAny -enable-experimental-feature StrictConcurrency -plugin-path /Applications/Xcode.app/Contents/Developer/Toolchains/XcodeDefault.xctoolchain/usr/lib/swift/host/plugins/testing -enable-experimental-feature DebugDescriptionMacro -sdk /Applications/Xcode.app/Contents/Developer/Platforms/iPhoneSimulator.platform/Developer/SDKs/iPhoneSimulator26.2.sdk -target arm64-apple-ios13.0-simulator -g -module-cache-path /Users/user51/Library/Developer/Xcode/DerivedData/ModuleCache.noindex -Xfrontend -serialize-debugging-options -profile-coverage-mapping -profile-generate -enable-testing -suppress-warnings -index-store-path /Users/user51/Library/Developer/Xcode/DerivedData/iCohort3-bwoefxeicoflurbglvssertdjhcr/Index.noindex/DataStore -Xcc -D_LIBCPP_HARDENING_MODE\=_LIBCPP_HARDENING_MODE_DEBUG -swift-version 5 -I /Users/user51/Library/Developer/Xcode/DerivedData/iCohort3-bwoefxeicoflurbglvssertdjhcr/Build/Products/Debug-iphonesimulator -Isystem /Applications/Xcode.app/Contents/Developer/Platforms/iPhoneSimulator.platform/Developer/usr/lib -F /Users/user51/Library/Developer/Xcode/DerivedData/iCohort3-bwoefxeicoflurbglvssertdjhcr/Build/Products/Debug-iphonesimulator/PackageFrameworks -F /Users/user51/Library/Developer/Xcode/DerivedData/iCohort3-bwoefxeicoflurbglvssertdjhcr/Build/Products/Debug-iphonesimulator/PackageFrameworks -F /Users/user51/Library/Developer/Xcode/DerivedData/iCohort3-bwoefxeicoflurbglvssertdjhcr/Build/Products/Debug-iphonesimulator/PackageFrameworks -F /Users/user51/Library/Developer/Xcode/DerivedData/iCohort3-bwoefxeicoflurbglvssertdjhcr/Build/Products/Debug-iphonesimulator/PackageFrameworks -F /Users/user51/Library/Developer/Xcode/DerivedData/iCohort3-bwoefxeicoflurbglvssertdjhcr/Build/Products/Debug-iphonesimulator/PackageFrameworks -F /Users/user51/Library/Developer/Xcode/DerivedData/iCohort3-bwoefxeicoflurbglvssertdjhcr/Build/Products/Debug-iphonesimulator/PackageFrameworks -F /Users/user51/Library/Developer/Xcode/DerivedData/iCohort3-bwoefxeicoflurbglvssertdjhcr/Build/Products/Debug-iphonesimulator/PackageFrameworks -F /Users/user51/Library/Developer/Xcode/DerivedData/iCohort3-bwoefxeicoflurbglvssertdjhcr/Build/Products/Debug-iphonesimulator -F /Applications/Xcode.app/Contents/Developer/Platforms/iPhoneSimulator.platform/Developer/Library/Frameworks -F /Applications/Xcode.app/Contents/Developer/Platforms/iPhoneSimulator.platform/Developer/SDKs/iPhoneSimulator26.2.sdk/Developer/Library/Frameworks -c -j8 -enable-batch-mode -incremental -Xcc -ivfsstatcache -Xcc /Users/user51/Library/Developer/Xcode/DerivedData/SDKStatCaches.noindex/iphonesimulator26.2-23C53-dc75598d0054f22ec865fa860f139d727d00a8b37fbd7999ea79df8ebc024bf0.sdkstatcache -output-file-map /Users/user51/Library/Developer/Xcode/DerivedData/iCohort3-bwoefxeicoflurbglvssertdjhcr/Build/Intermediates.noindex/Supabase.build/Debug-iphonesimulator/PostgREST.build/Objects-normal/arm64/PostgREST-OutputFileMap.json -use-frontend-parseable-output -save-temps -no-color-diagnostics -explicit-module-build -module-cache-path /Users/user51/Library/Developer/Xcode/DerivedData/iCohort3-bwoefxeicoflurbglvssertdjhcr/Build/Intermediates.noindex/SwiftExplicitPrecompiledModules -clang-scanner-module-cache-path /Users/user51/Library/Developer/Xcode/DerivedData/ModuleCache.noindex -sdk-module-cache-path /Users/user51/Library/Developer/Xcode/DerivedData/ModuleCache.noindex -serialize-diagnostics -emit-dependencies -emit-module -emit-module-path /Users/user51/Library/Developer/Xcode/DerivedData/iCohort3-bwoefxeicoflurbglvssertdjhcr/Build/Intermediates.noindex/Supabase.build/Debug-iphonesimulator/PostgREST.build/Objects-normal/arm64/PostgREST.swiftmodule -validate-clang-modules-once -clang-build-session-file /Users/user51/Library/Developer/Xcode/DerivedData/ModuleCache.noindex/Session.modulevalidation -package-name supabase_swift -Xcc -I/Users/user51/Library/Developer/Xcode/DerivedData/iCohort3-bwoefxeicoflurbglvssertdjhcr/Build/Intermediates.noindex/Supabase.build/Debug-iphonesimulator/PostgREST.build/swift-overrides.hmap -emit-const-values -Xfrontend -const-gather-protocols-file -Xfrontend /Users/user51/Library/Developer/Xcode/DerivedData/iCohort3-bwoefxeicoflurbglvssertdjhcr/Build/Intermediates.noindex/Supabase.build/Debug-iphonesimulator/PostgREST.build/Objects-normal/arm64/PostgREST_const_extract_protocols.json -Xcc -I/Users/user51/Library/Developer/Xcode/DerivedData/iCohort3-bwoefxeicoflurbglvssertdjhcr/Build/Products/Debug-iphonesimulator/include -Xcc -I/Users/user51/Library/Developer/Xcode/DerivedData/iCohort3-bwoefxeicoflurbglvssertdjhcr/Build/Intermediates.noindex/Supabase.build/Debug-iphonesimulator/PostgREST.build/DerivedSources-normal/arm64 -Xcc -I/Users/user51/Library/Developer/Xcode/DerivedData/iCohort3-bwoefxeicoflurbglvssertdjhcr/Build/Intermediates.noindex/Supabase.build/Debug-iphonesimulator/PostgREST.build/DerivedSources/arm64 -Xcc -I/Users/user51/Library/Developer/Xcode/DerivedData/iCohort3-bwoefxeicoflurbglvssertdjhcr/Build/Intermediates.noindex/Supabase.build/Debug-iphonesimulator/PostgREST.build/DerivedSources -Xcc -DSWIFT_PACKAGE -Xcc -DDEBUG\=1 -emit-objc-header -emit-objc-header-path /Users/user51/Library/Developer/Xcode/DerivedData/iCohort3-bwoefxeicoflurbglvssertdjhcr/Build/Intermediates.noindex/Supabase.build/Debug-iphonesimulator/PostgREST.build/Objects-normal/arm64/PostgREST-Swift.h -working-directory /Users/user51/Downloads/iCohort3/iCohort3.xcodeproj -experimental-emit-module-separately -disable-cmo

Copy /Users/user51/Library/Developer/Xcode/DerivedData/iCohort3-bwoefxeicoflurbglvssertdjhcr/Build/Products/Debug-iphonesimulator/Functions.swiftmodule/arm64-apple-ios-simulator.swiftmodule /Users/user51/Library/Developer/Xcode/DerivedData/iCohort3-bwoefxeicoflurbglvssertdjhcr/Build/Intermediates.noindex/Supabase.build/Debug-iphonesimulator/Functions.build/Objects-normal/arm64/Functions.swiftmodule (in target 'Functions' from project 'Supabase')
    cd /Users/user51/Library/Developer/Xcode/DerivedData/iCohort3-bwoefxeicoflurbglvssertdjhcr/SourcePackages/checkouts/supabase-swift
    builtin-copy -exclude .DS_Store -exclude CVS -exclude .svn -exclude .git -exclude .hg -resolve-src-symlinks -rename /Users/user51/Library/Developer/Xcode/DerivedData/iCohort3-bwoefxeicoflurbglvssertdjhcr/Build/Intermediates.noindex/Supabase.build/Debug-iphonesimulator/Functions.build/Objects-normal/arm64/Functions.swiftmodule /Users/user51/Library/Developer/Xcode/DerivedData/iCohort3-bwoefxeicoflurbglvssertdjhcr/Build/Products/Debug-iphonesimulator/Functions.swiftmodule/arm64-apple-ios-simulator.swiftmodule

SwiftMergeGeneratedHeaders /Users/user51/Library/Developer/Xcode/DerivedData/iCohort3-bwoefxeicoflurbglvssertdjhcr/Build/Intermediates.noindex/GeneratedModuleMaps-iphonesimulator/PostgREST-Swift.h /Users/user51/Library/Developer/Xcode/DerivedData/iCohort3-bwoefxeicoflurbglvssertdjhcr/Build/Intermediates.noindex/Supabase.build/Debug-iphonesimulator/PostgREST.build/Objects-normal/arm64/PostgREST-Swift.h (in target 'PostgREST' from project 'Supabase')
    cd /Users/user51/Library/Developer/Xcode/DerivedData/iCohort3-bwoefxeicoflurbglvssertdjhcr/SourcePackages/checkouts/supabase-swift
    builtin-swiftHeaderTool -arch arm64 /Users/user51/Library/Developer/Xcode/DerivedData/iCohort3-bwoefxeicoflurbglvssertdjhcr/Build/Intermediates.noindex/Supabase.build/Debug-iphonesimulator/PostgREST.build/Objects-normal/arm64/PostgREST-Swift.h -o /Users/user51/Library/Developer/Xcode/DerivedData/iCohort3-bwoefxeicoflurbglvssertdjhcr/Build/Intermediates.noindex/GeneratedModuleMaps-iphonesimulator/PostgREST-Swift.h

Copy /Users/user51/Library/Developer/Xcode/DerivedData/iCohort3-bwoefxeicoflurbglvssertdjhcr/Build/Products/Debug-iphonesimulator/PostgREST.swiftmodule/arm64-apple-ios-simulator.swiftmodule /Users/user51/Library/Developer/Xcode/DerivedData/iCohort3-bwoefxeicoflurbglvssertdjhcr/Build/Intermediates.noindex/Supabase.build/Debug-iphonesimulator/PostgREST.build/Objects-normal/arm64/PostgREST.swiftmodule (in target 'PostgREST' from project 'Supabase')
    cd /Users/user51/Library/Developer/Xcode/DerivedData/iCohort3-bwoefxeicoflurbglvssertdjhcr/SourcePackages/checkouts/supabase-swift
    builtin-copy -exclude .DS_Store -exclude CVS -exclude .svn -exclude .git -exclude .hg -resolve-src-symlinks -rename /Users/user51/Library/Developer/Xcode/DerivedData/iCohort3-bwoefxeicoflurbglvssertdjhcr/Build/Intermediates.noindex/Supabase.build/Debug-iphonesimulator/PostgREST.build/Objects-normal/arm64/PostgREST.swiftmodule /Users/user51/Library/Developer/Xcode/DerivedData/iCohort3-bwoefxeicoflurbglvssertdjhcr/Build/Products/Debug-iphonesimulator/PostgREST.swiftmodule/arm64-apple-ios-simulator.swiftmodule

Copy /Users/user51/Library/Developer/Xcode/DerivedData/iCohort3-bwoefxeicoflurbglvssertdjhcr/Build/Products/Debug-iphonesimulator/PostgREST.swiftmodule/arm64-apple-ios-simulator.swiftdoc /Users/user51/Library/Developer/Xcode/DerivedData/iCohort3-bwoefxeicoflurbglvssertdjhcr/Build/Intermediates.noindex/Supabase.build/Debug-iphonesimulator/PostgREST.build/Objects-normal/arm64/PostgREST.swiftdoc (in target 'PostgREST' from project 'Supabase')
    cd /Users/user51/Library/Developer/Xcode/DerivedData/iCohort3-bwoefxeicoflurbglvssertdjhcr/SourcePackages/checkouts/supabase-swift
    builtin-copy -exclude .DS_Store -exclude CVS -exclude .svn -exclude .git -exclude .hg -resolve-src-symlinks -rename /Users/user51/Library/Developer/Xcode/DerivedData/iCohort3-bwoefxeicoflurbglvssertdjhcr/Build/Intermediates.noindex/Supabase.build/Debug-iphonesimulator/PostgREST.build/Objects-normal/arm64/PostgREST.swiftdoc /Users/user51/Library/Developer/Xcode/DerivedData/iCohort3-bwoefxeicoflurbglvssertdjhcr/Build/Products/Debug-iphonesimulator/PostgREST.swiftmodule/arm64-apple-ios-simulator.swiftdoc

Copy /Users/user51/Library/Developer/Xcode/DerivedData/iCohort3-bwoefxeicoflurbglvssertdjhcr/Build/Products/Debug-iphonesimulator/PostgREST.swiftmodule/arm64-apple-ios-simulator.abi.json /Users/user51/Library/Developer/Xcode/DerivedData/iCohort3-bwoefxeicoflurbglvssertdjhcr/Build/Intermediates.noindex/Supabase.build/Debug-iphonesimulator/PostgREST.build/Objects-normal/arm64/PostgREST.abi.json (in target 'PostgREST' from project 'Supabase')
    cd /Users/user51/Library/Developer/Xcode/DerivedData/iCohort3-bwoefxeicoflurbglvssertdjhcr/SourcePackages/checkouts/supabase-swift
    builtin-copy -exclude .DS_Store -exclude CVS -exclude .svn -exclude .git -exclude .hg -resolve-src-symlinks -rename /Users/user51/Library/Developer/Xcode/DerivedData/iCohort3-bwoefxeicoflurbglvssertdjhcr/Build/Intermediates.noindex/Supabase.build/Debug-iphonesimulator/PostgREST.build/Objects-normal/arm64/PostgREST.abi.json /Users/user51/Library/Developer/Xcode/DerivedData/iCohort3-bwoefxeicoflurbglvssertdjhcr/Build/Products/Debug-iphonesimulator/PostgREST.swiftmodule/arm64-apple-ios-simulator.abi.json

Copy /Users/user51/Library/Developer/Xcode/DerivedData/iCohort3-bwoefxeicoflurbglvssertdjhcr/Build/Products/Debug-iphonesimulator/PostgREST.swiftmodule/Project/arm64-apple-ios-simulator.swiftsourceinfo /Users/user51/Library/Developer/Xcode/DerivedData/iCohort3-bwoefxeicoflurbglvssertdjhcr/Build/Intermediates.noindex/Supabase.build/Debug-iphonesimulator/PostgREST.build/Objects-normal/arm64/PostgREST.swiftsourceinfo (in target 'PostgREST' from project 'Supabase')
    cd /Users/user51/Library/Developer/Xcode/DerivedData/iCohort3-bwoefxeicoflurbglvssertdjhcr/SourcePackages/checkouts/supabase-swift
    builtin-copy -exclude .DS_Store -exclude CVS -exclude .svn -exclude .git -exclude .hg -resolve-src-symlinks -rename /Users/user51/Library/Developer/Xcode/DerivedData/iCohort3-bwoefxeicoflurbglvssertdjhcr/Build/Intermediates.noindex/Supabase.build/Debug-iphonesimulator/PostgREST.build/Objects-normal/arm64/PostgREST.swiftsourceinfo /Users/user51/Library/Developer/Xcode/DerivedData/iCohort3-bwoefxeicoflurbglvssertdjhcr/Build/Products/Debug-iphonesimulator/PostgREST.swiftmodule/Project/arm64-apple-ios-simulator.swiftsourceinfo

Copy /Users/user51/Library/Developer/Xcode/DerivedData/iCohort3-bwoefxeicoflurbglvssertdjhcr/Build/Products/Debug-iphonesimulator/Functions.swiftmodule/arm64-apple-ios-simulator.swiftdoc /Users/user51/Library/Developer/Xcode/DerivedData/iCohort3-bwoefxeicoflurbglvssertdjhcr/Build/Intermediates.noindex/Supabase.build/Debug-iphonesimulator/Functions.build/Objects-normal/arm64/Functions.swiftdoc (in target 'Functions' from project 'Supabase')
    cd /Users/user51/Library/Developer/Xcode/DerivedData/iCohort3-bwoefxeicoflurbglvssertdjhcr/SourcePackages/checkouts/supabase-swift
    builtin-copy -exclude .DS_Store -exclude CVS -exclude .svn -exclude .git -exclude .hg -resolve-src-symlinks -rename /Users/user51/Library/Developer/Xcode/DerivedData/iCohort3-bwoefxeicoflurbglvssertdjhcr/Build/Intermediates.noindex/Supabase.build/Debug-iphonesimulator/Functions.build/Objects-normal/arm64/Functions.swiftdoc /Users/user51/Library/Developer/Xcode/DerivedData/iCohort3-bwoefxeicoflurbglvssertdjhcr/Build/Products/Debug-iphonesimulator/Functions.swiftmodule/arm64-apple-ios-simulator.swiftdoc

Copy /Users/user51/Library/Developer/Xcode/DerivedData/iCohort3-bwoefxeicoflurbglvssertdjhcr/Build/Products/Debug-iphonesimulator/Functions.swiftmodule/arm64-apple-ios-simulator.abi.json /Users/user51/Library/Developer/Xcode/DerivedData/iCohort3-bwoefxeicoflurbglvssertdjhcr/Build/Intermediates.noindex/Supabase.build/Debug-iphonesimulator/Functions.build/Objects-normal/arm64/Functions.abi.json (in target 'Functions' from project 'Supabase')
    cd /Users/user51/Library/Developer/Xcode/DerivedData/iCohort3-bwoefxeicoflurbglvssertdjhcr/SourcePackages/checkouts/supabase-swift
    builtin-copy -exclude .DS_Store -exclude CVS -exclude .svn -exclude .git -exclude .hg -resolve-src-symlinks -rename /Users/user51/Library/Developer/Xcode/DerivedData/iCohort3-bwoefxeicoflurbglvssertdjhcr/Build/Intermediates.noindex/Supabase.build/Debug-iphonesimulator/Functions.build/Objects-normal/arm64/Functions.abi.json /Users/user51/Library/Developer/Xcode/DerivedData/iCohort3-bwoefxeicoflurbglvssertdjhcr/Build/Products/Debug-iphonesimulator/Functions.swiftmodule/arm64-apple-ios-simulator.abi.json

Copy /Users/user51/Library/Developer/Xcode/DerivedData/iCohort3-bwoefxeicoflurbglvssertdjhcr/Build/Products/Debug-iphonesimulator/Functions.swiftmodule/Project/arm64-apple-ios-simulator.swiftsourceinfo /Users/user51/Library/Developer/Xcode/DerivedData/iCohort3-bwoefxeicoflurbglvssertdjhcr/Build/Intermediates.noindex/Supabase.build/Debug-iphonesimulator/Functions.build/Objects-normal/arm64/Functions.swiftsourceinfo (in target 'Functions' from project 'Supabase')
    cd /Users/user51/Library/Developer/Xcode/DerivedData/iCohort3-bwoefxeicoflurbglvssertdjhcr/SourcePackages/checkouts/supabase-swift
    builtin-copy -exclude .DS_Store -exclude CVS -exclude .svn -exclude .git -exclude .hg -resolve-src-symlinks -rename /Users/user51/Library/Developer/Xcode/DerivedData/iCohort3-bwoefxeicoflurbglvssertdjhcr/Build/Intermediates.noindex/Supabase.build/Debug-iphonesimulator/Functions.build/Objects-normal/arm64/Functions.swiftsourceinfo /Users/user51/Library/Developer/Xcode/DerivedData/iCohort3-bwoefxeicoflurbglvssertdjhcr/Build/Products/Debug-iphonesimulator/Functions.swiftmodule/Project/arm64-apple-ios-simulator.swiftsourceinfo

SwiftCompile normal arm64 Compiling\ StorageApi.swift,\ StorageBucketApi.swift /Users/user51/Library/Developer/Xcode/DerivedData/iCohort3-bwoefxeicoflurbglvssertdjhcr/SourcePackages/checkouts/supabase-swift/Sources/Storage/StorageApi.swift /Users/user51/Library/Developer/Xcode/DerivedData/iCohort3-bwoefxeicoflurbglvssertdjhcr/SourcePackages/checkouts/supabase-swift/Sources/Storage/StorageBucketApi.swift (in target 'Storage' from project 'Supabase')

SwiftCompile normal arm64 /Users/user51/Library/Developer/Xcode/DerivedData/iCohort3-bwoefxeicoflurbglvssertdjhcr/SourcePackages/checkouts/supabase-swift/Sources/Storage/StorageApi.swift (in target 'Storage' from project 'Supabase')
    cd /Users/user51/Downloads/iCohort3/iCohort3.xcodeproj
    

SwiftCompile normal arm64 /Users/user51/Library/Developer/Xcode/DerivedData/iCohort3-bwoefxeicoflurbglvssertdjhcr/SourcePackages/checkouts/supabase-swift/Sources/Storage/StorageBucketApi.swift (in target 'Storage' from project 'Supabase')
    cd /Users/user51/Downloads/iCohort3/iCohort3.xcodeproj
    

SwiftCompile normal arm64 Compiling\ TransformOptions.swift /Users/user51/Library/Developer/Xcode/DerivedData/iCohort3-bwoefxeicoflurbglvssertdjhcr/SourcePackages/checkouts/supabase-swift/Sources/Storage/TransformOptions.swift (in target 'Storage' from project 'Supabase')

SwiftCompile normal arm64 /Users/user51/Library/Developer/Xcode/DerivedData/iCohort3-bwoefxeicoflurbglvssertdjhcr/SourcePackages/checkouts/supabase-swift/Sources/Storage/TransformOptions.swift (in target 'Storage' from project 'Supabase')
    cd /Users/user51/Downloads/iCohort3/iCohort3.xcodeproj
    

SwiftDriverJobDiscovery normal arm64 Compiling Deprecated.swift, Exports.swift (in target 'Storage' from project 'Supabase')

SwiftCompile normal arm64 Compiling\ BucketOptions.swift,\ Codable.swift /Users/user51/Library/Developer/Xcode/DerivedData/iCohort3-bwoefxeicoflurbglvssertdjhcr/SourcePackages/checkouts/supabase-swift/Sources/Storage/BucketOptions.swift /Users/user51/Library/Developer/Xcode/DerivedData/iCohort3-bwoefxeicoflurbglvssertdjhcr/SourcePackages/checkouts/supabase-swift/Sources/Storage/Codable.swift (in target 'Storage' from project 'Supabase')

SwiftCompile normal arm64 /Users/user51/Library/Developer/Xcode/DerivedData/iCohort3-bwoefxeicoflurbglvssertdjhcr/SourcePackages/checkouts/supabase-swift/Sources/Storage/BucketOptions.swift (in target 'Storage' from project 'Supabase')
    cd /Users/user51/Downloads/iCohort3/iCohort3.xcodeproj
    

SwiftCompile normal arm64 /Users/user51/Library/Developer/Xcode/DerivedData/iCohort3-bwoefxeicoflurbglvssertdjhcr/SourcePackages/checkouts/supabase-swift/Sources/Storage/Codable.swift (in target 'Storage' from project 'Supabase')
    cd /Users/user51/Downloads/iCohort3/iCohort3.xcodeproj
    

SwiftDriverJobDiscovery normal arm64 Emitting module for Storage (in target 'Storage' from project 'Supabase')

SwiftCompile normal arm64 Compiling\ StorageHTTPClient.swift,\ SupabaseStorage.swift /Users/user51/Library/Developer/Xcode/DerivedData/iCohort3-bwoefxeicoflurbglvssertdjhcr/SourcePackages/checkouts/supabase-swift/Sources/Storage/StorageHTTPClient.swift /Users/user51/Library/Developer/Xcode/DerivedData/iCohort3-bwoefxeicoflurbglvssertdjhcr/SourcePackages/checkouts/supabase-swift/Sources/Storage/SupabaseStorage.swift (in target 'Storage' from project 'Supabase')

SwiftCompile normal arm64 /Users/user51/Library/Developer/Xcode/DerivedData/iCohort3-bwoefxeicoflurbglvssertdjhcr/SourcePackages/checkouts/supabase-swift/Sources/Storage/StorageHTTPClient.swift (in target 'Storage' from project 'Supabase')
    cd /Users/user51/Downloads/iCohort3/iCohort3.xcodeproj
    

SwiftCompile normal arm64 /Users/user51/Library/Developer/Xcode/DerivedData/iCohort3-bwoefxeicoflurbglvssertdjhcr/SourcePackages/checkouts/supabase-swift/Sources/Storage/SupabaseStorage.swift (in target 'Storage' from project 'Supabase')
    cd /Users/user51/Downloads/iCohort3/iCohort3.xcodeproj
    

SwiftDriverJobDiscovery normal arm64 Compiling FunctionsClient.swift (in target 'Functions' from project 'Supabase')

SwiftDriver\ Compilation\ Requirements Storage normal arm64 com.apple.xcode.tools.swift.compiler (in target 'Storage' from project 'Supabase')
    cd /Users/user51/Downloads/iCohort3/iCohort3.xcodeproj
    builtin-Swift-Compilation-Requirements -- /Applications/Xcode.app/Contents/Developer/Toolchains/XcodeDefault.xctoolchain/usr/bin/swiftc -module-name Storage -Onone -enforce-exclusivity\=checked @/Users/user51/Library/Developer/Xcode/DerivedData/iCohort3-bwoefxeicoflurbglvssertdjhcr/Build/Intermediates.noindex/Supabase.build/Debug-iphonesimulator/Storage.build/Objects-normal/arm64/Storage.SwiftFileList -DSWIFT_PACKAGE -DDEBUG -DSWIFT_MODULE_RESOURCE_BUNDLE_UNAVAILABLE -DXcode -enable-upcoming-feature ExistentialAny -enable-experimental-feature StrictConcurrency -plugin-path /Applications/Xcode.app/Contents/Developer/Toolchains/XcodeDefault.xctoolchain/usr/lib/swift/host/plugins/testing -enable-experimental-feature DebugDescriptionMacro -sdk /Applications/Xcode.app/Contents/Developer/Platforms/iPhoneSimulator.platform/Developer/SDKs/iPhoneSimulator26.2.sdk -target arm64-apple-ios13.0-simulator -g -module-cache-path /Users/user51/Library/Developer/Xcode/DerivedData/ModuleCache.noindex -Xfrontend -serialize-debugging-options -profile-coverage-mapping -profile-generate -enable-testing -suppress-warnings -index-store-path /Users/user51/Library/Developer/Xcode/DerivedData/iCohort3-bwoefxeicoflurbglvssertdjhcr/Index.noindex/DataStore -Xcc -D_LIBCPP_HARDENING_MODE\=_LIBCPP_HARDENING_MODE_DEBUG -swift-version 5 -I /Users/user51/Library/Developer/Xcode/DerivedData/iCohort3-bwoefxeicoflurbglvssertdjhcr/Build/Products/Debug-iphonesimulator -Isystem /Applications/Xcode.app/Contents/Developer/Platforms/iPhoneSimulator.platform/Developer/usr/lib -F /Users/user51/Library/Developer/Xcode/DerivedData/iCohort3-bwoefxeicoflurbglvssertdjhcr/Build/Products/Debug-iphonesimulator/PackageFrameworks -F /Users/user51/Library/Developer/Xcode/DerivedData/iCohort3-bwoefxeicoflurbglvssertdjhcr/Build/Products/Debug-iphonesimulator/PackageFrameworks -F /Users/user51/Library/Developer/Xcode/DerivedData/iCohort3-bwoefxeicoflurbglvssertdjhcr/Build/Products/Debug-iphonesimulator/PackageFrameworks -F /Users/user51/Library/Developer/Xcode/DerivedData/iCohort3-bwoefxeicoflurbglvssertdjhcr/Build/Products/Debug-iphonesimulator/PackageFrameworks -F /Users/user51/Library/Developer/Xcode/DerivedData/iCohort3-bwoefxeicoflurbglvssertdjhcr/Build/Products/Debug-iphonesimulator/PackageFrameworks -F /Users/user51/Library/Developer/Xcode/DerivedData/iCohort3-bwoefxeicoflurbglvssertdjhcr/Build/Products/Debug-iphonesimulator/PackageFrameworks -F /Users/user51/Library/Developer/Xcode/DerivedData/iCohort3-bwoefxeicoflurbglvssertdjhcr/Build/Products/Debug-iphonesimulator/PackageFrameworks -F /Users/user51/Library/Developer/Xcode/DerivedData/iCohort3-bwoefxeicoflurbglvssertdjhcr/Build/Products/Debug-iphonesimulator -F /Applications/Xcode.app/Contents/Developer/Platforms/iPhoneSimulator.platform/Developer/Library/Frameworks -F /Applications/Xcode.app/Contents/Developer/Platforms/iPhoneSimulator.platform/Developer/SDKs/iPhoneSimulator26.2.sdk/Developer/Library/Frameworks -c -j8 -enable-batch-mode -incremental -Xcc -ivfsstatcache -Xcc /Users/user51/Library/Developer/Xcode/DerivedData/SDKStatCaches.noindex/iphonesimulator26.2-23C53-dc75598d0054f22ec865fa860f139d727d00a8b37fbd7999ea79df8ebc024bf0.sdkstatcache -output-file-map /Users/user51/Library/Developer/Xcode/DerivedData/iCohort3-bwoefxeicoflurbglvssertdjhcr/Build/Intermediates.noindex/Supabase.build/Debug-iphonesimulator/Storage.build/Objects-normal/arm64/Storage-OutputFileMap.json -use-frontend-parseable-output -save-temps -no-color-diagnostics -explicit-module-build -module-cache-path /Users/user51/Library/Developer/Xcode/DerivedData/iCohort3-bwoefxeicoflurbglvssertdjhcr/Build/Intermediates.noindex/SwiftExplicitPrecompiledModules -clang-scanner-module-cache-path /Users/user51/Library/Developer/Xcode/DerivedData/ModuleCache.noindex -sdk-module-cache-path /Users/user51/Library/Developer/Xcode/DerivedData/ModuleCache.noindex -serialize-diagnostics -emit-dependencies -emit-module -emit-module-path /Users/user51/Library/Developer/Xcode/DerivedData/iCohort3-bwoefxeicoflurbglvssertdjhcr/Build/Intermediates.noindex/Supabase.build/Debug-iphonesimulator/Storage.build/Objects-normal/arm64/Storage.swiftmodule -validate-clang-modules-once -clang-build-session-file /Users/user51/Library/Developer/Xcode/DerivedData/ModuleCache.noindex/Session.modulevalidation -package-name supabase_swift -Xcc -I/Users/user51/Library/Developer/Xcode/DerivedData/iCohort3-bwoefxeicoflurbglvssertdjhcr/Build/Intermediates.noindex/Supabase.build/Debug-iphonesimulator/Storage.build/swift-overrides.hmap -emit-const-values -Xfrontend -const-gather-protocols-file -Xfrontend /Users/user51/Library/Developer/Xcode/DerivedData/iCohort3-bwoefxeicoflurbglvssertdjhcr/Build/Intermediates.noindex/Supabase.build/Debug-iphonesimulator/Storage.build/Objects-normal/arm64/Storage_const_extract_protocols.json -Xcc -I/Users/user51/Library/Developer/Xcode/DerivedData/iCohort3-bwoefxeicoflurbglvssertdjhcr/Build/Products/Debug-iphonesimulator/include -Xcc -I/Users/user51/Library/Developer/Xcode/DerivedData/iCohort3-bwoefxeicoflurbglvssertdjhcr/Build/Intermediates.noindex/Supabase.build/Debug-iphonesimulator/Storage.build/DerivedSources-normal/arm64 -Xcc -I/Users/user51/Library/Developer/Xcode/DerivedData/iCohort3-bwoefxeicoflurbglvssertdjhcr/Build/Intermediates.noindex/Supabase.build/Debug-iphonesimulator/Storage.build/DerivedSources/arm64 -Xcc -I/Users/user51/Library/Developer/Xcode/DerivedData/iCohort3-bwoefxeicoflurbglvssertdjhcr/Build/Intermediates.noindex/Supabase.build/Debug-iphonesimulator/Storage.build/DerivedSources -Xcc -DSWIFT_PACKAGE -Xcc -DDEBUG\=1 -emit-objc-header -emit-objc-header-path /Users/user51/Library/Developer/Xcode/DerivedData/iCohort3-bwoefxeicoflurbglvssertdjhcr/Build/Intermediates.noindex/Supabase.build/Debug-iphonesimulator/Storage.build/Objects-normal/arm64/Storage-Swift.h -working-directory /Users/user51/Downloads/iCohort3/iCohort3.xcodeproj -experimental-emit-module-separately -disable-cmo

SwiftDriverJobDiscovery normal arm64 Compiling TransformOptions.swift (in target 'Storage' from project 'Supabase')

SwiftCompile normal arm64 Compiling\ Helpers.swift,\ MultipartFormData.swift /Users/user51/Library/Developer/Xcode/DerivedData/iCohort3-bwoefxeicoflurbglvssertdjhcr/SourcePackages/checkouts/supabase-swift/Sources/Storage/Helpers.swift /Users/user51/Library/Developer/Xcode/DerivedData/iCohort3-bwoefxeicoflurbglvssertdjhcr/SourcePackages/checkouts/supabase-swift/Sources/Storage/MultipartFormData.swift (in target 'Storage' from project 'Supabase')
SwiftCompile normal arm64 /Users/user51/Library/Developer/Xcode/DerivedData/iCohort3-bwoefxeicoflurbglvssertdjhcr/SourcePackages/checkouts/supabase-swift/Sources/Storage/Helpers.swift (in target 'Storage' from project 'Supabase')
    cd /Users/user51/Downloads/iCohort3/iCohort3.xcodeproj
    

SwiftCompile normal arm64 /Users/user51/Library/Developer/Xcode/DerivedData/iCohort3-bwoefxeicoflurbglvssertdjhcr/SourcePackages/checkouts/supabase-swift/Sources/Storage/MultipartFormData.swift (in target 'Storage' from project 'Supabase')
    cd /Users/user51/Downloads/iCohort3/iCohort3.xcodeproj
    

SwiftMergeGeneratedHeaders /Users/user51/Library/Developer/Xcode/DerivedData/iCohort3-bwoefxeicoflurbglvssertdjhcr/Build/Intermediates.noindex/GeneratedModuleMaps-iphonesimulator/Storage-Swift.h /Users/user51/Library/Developer/Xcode/DerivedData/iCohort3-bwoefxeicoflurbglvssertdjhcr/Build/Intermediates.noindex/Supabase.build/Debug-iphonesimulator/Storage.build/Objects-normal/arm64/Storage-Swift.h (in target 'Storage' from project 'Supabase')
    cd /Users/user51/Library/Developer/Xcode/DerivedData/iCohort3-bwoefxeicoflurbglvssertdjhcr/SourcePackages/checkouts/supabase-swift
    builtin-swiftHeaderTool -arch arm64 /Users/user51/Library/Developer/Xcode/DerivedData/iCohort3-bwoefxeicoflurbglvssertdjhcr/Build/Intermediates.noindex/Supabase.build/Debug-iphonesimulator/Storage.build/Objects-normal/arm64/Storage-Swift.h -o /Users/user51/Library/Developer/Xcode/DerivedData/iCohort3-bwoefxeicoflurbglvssertdjhcr/Build/Intermediates.noindex/GeneratedModuleMaps-iphonesimulator/Storage-Swift.h

SwiftDriverJobDiscovery normal arm64 Compiling BucketOptions.swift, Codable.swift (in target 'Storage' from project 'Supabase')

Copy /Users/user51/Library/Developer/Xcode/DerivedData/iCohort3-bwoefxeicoflurbglvssertdjhcr/Build/Products/Debug-iphonesimulator/Storage.swiftmodule/arm64-apple-ios-simulator.swiftmodule /Users/user51/Library/Developer/Xcode/DerivedData/iCohort3-bwoefxeicoflurbglvssertdjhcr/Build/Intermediates.noindex/Supabase.build/Debug-iphonesimulator/Storage.build/Objects-normal/arm64/Storage.swiftmodule (in target 'Storage' from project 'Supabase')
    cd /Users/user51/Library/Developer/Xcode/DerivedData/iCohort3-bwoefxeicoflurbglvssertdjhcr/SourcePackages/checkouts/supabase-swift
    builtin-copy -exclude .DS_Store -exclude CVS -exclude .svn -exclude .git -exclude .hg -resolve-src-symlinks -rename /Users/user51/Library/Developer/Xcode/DerivedData/iCohort3-bwoefxeicoflurbglvssertdjhcr/Build/Intermediates.noindex/Supabase.build/Debug-iphonesimulator/Storage.build/Objects-normal/arm64/Storage.swiftmodule /Users/user51/Library/Developer/Xcode/DerivedData/iCohort3-bwoefxeicoflurbglvssertdjhcr/Build/Products/Debug-iphonesimulator/Storage.swiftmodule/arm64-apple-ios-simulator.swiftmodule

Copy /Users/user51/Library/Developer/Xcode/DerivedData/iCohort3-bwoefxeicoflurbglvssertdjhcr/Build/Products/Debug-iphonesimulator/Storage.swiftmodule/arm64-apple-ios-simulator.swiftdoc /Users/user51/Library/Developer/Xcode/DerivedData/iCohort3-bwoefxeicoflurbglvssertdjhcr/Build/Intermediates.noindex/Supabase.build/Debug-iphonesimulator/Storage.build/Objects-normal/arm64/Storage.swiftdoc (in target 'Storage' from project 'Supabase')
    cd /Users/user51/Library/Developer/Xcode/DerivedData/iCohort3-bwoefxeicoflurbglvssertdjhcr/SourcePackages/checkouts/supabase-swift
    builtin-copy -exclude .DS_Store -exclude CVS -exclude .svn -exclude .git -exclude .hg -resolve-src-symlinks -rename /Users/user51/Library/Developer/Xcode/DerivedData/iCohort3-bwoefxeicoflurbglvssertdjhcr/Build/Intermediates.noindex/Supabase.build/Debug-iphonesimulator/Storage.build/Objects-normal/arm64/Storage.swiftdoc /Users/user51/Library/Developer/Xcode/DerivedData/iCohort3-bwoefxeicoflurbglvssertdjhcr/Build/Products/Debug-iphonesimulator/Storage.swiftmodule/arm64-apple-ios-simulator.swiftdoc

Copy /Users/user51/Library/Developer/Xcode/DerivedData/iCohort3-bwoefxeicoflurbglvssertdjhcr/Build/Products/Debug-iphonesimulator/Storage.swiftmodule/arm64-apple-ios-simulator.abi.json /Users/user51/Library/Developer/Xcode/DerivedData/iCohort3-bwoefxeicoflurbglvssertdjhcr/Build/Intermediates.noindex/Supabase.build/Debug-iphonesimulator/Storage.build/Objects-normal/arm64/Storage.abi.json (in target 'Storage' from project 'Supabase')
    cd /Users/user51/Library/Developer/Xcode/DerivedData/iCohort3-bwoefxeicoflurbglvssertdjhcr/SourcePackages/checkouts/supabase-swift
    builtin-copy -exclude .DS_Store -exclude CVS -exclude .svn -exclude .git -exclude .hg -resolve-src-symlinks -rename /Users/user51/Library/Developer/Xcode/DerivedData/iCohort3-bwoefxeicoflurbglvssertdjhcr/Build/Intermediates.noindex/Supabase.build/Debug-iphonesimulator/Storage.build/Objects-normal/arm64/Storage.abi.json /Users/user51/Library/Developer/Xcode/DerivedData/iCohort3-bwoefxeicoflurbglvssertdjhcr/Build/Products/Debug-iphonesimulator/Storage.swiftmodule/arm64-apple-ios-simulator.abi.json

Copy /Users/user51/Library/Developer/Xcode/DerivedData/iCohort3-bwoefxeicoflurbglvssertdjhcr/Build/Products/Debug-iphonesimulator/Storage.swiftmodule/Project/arm64-apple-ios-simulator.swiftsourceinfo /Users/user51/Library/Developer/Xcode/DerivedData/iCohort3-bwoefxeicoflurbglvssertdjhcr/Build/Intermediates.noindex/Supabase.build/Debug-iphonesimulator/Storage.build/Objects-normal/arm64/Storage.swiftsourceinfo (in target 'Storage' from project 'Supabase')
    cd /Users/user51/Library/Developer/Xcode/DerivedData/iCohort3-bwoefxeicoflurbglvssertdjhcr/SourcePackages/checkouts/supabase-swift
    builtin-copy -exclude .DS_Store -exclude CVS -exclude .svn -exclude .git -exclude .hg -resolve-src-symlinks -rename /Users/user51/Library/Developer/Xcode/DerivedData/iCohort3-bwoefxeicoflurbglvssertdjhcr/Build/Intermediates.noindex/Supabase.build/Debug-iphonesimulator/Storage.build/Objects-normal/arm64/Storage.swiftsourceinfo /Users/user51/Library/Developer/Xcode/DerivedData/iCohort3-bwoefxeicoflurbglvssertdjhcr/Build/Products/Debug-iphonesimulator/Storage.swiftmodule/Project/arm64-apple-ios-simulator.swiftsourceinfo

SwiftCompile normal arm64 Compiling\ RealtimeMessageV2.swift,\ RealtimePostgresFilter.swift,\ RealtimePostgresFilterValue.swift /Users/user51/Library/Developer/Xcode/DerivedData/iCohort3-bwoefxeicoflurbglvssertdjhcr/SourcePackages/checkouts/supabase-swift/Sources/Realtime/RealtimeMessageV2.swift /Users/user51/Library/Developer/Xcode/DerivedData/iCohort3-bwoefxeicoflurbglvssertdjhcr/SourcePackages/checkouts/supabase-swift/Sources/Realtime/RealtimePostgresFilter.swift /Users/user51/Library/Developer/Xcode/DerivedData/iCohort3-bwoefxeicoflurbglvssertdjhcr/SourcePackages/checkouts/supabase-swift/Sources/Realtime/RealtimePostgresFilterValue.swift (in target 'Realtime' from project 'Supabase')

SwiftCompile normal arm64 /Users/user51/Library/Developer/Xcode/DerivedData/iCohort3-bwoefxeicoflurbglvssertdjhcr/SourcePackages/checkouts/supabase-swift/Sources/Realtime/RealtimeMessageV2.swift (in target 'Realtime' from project 'Supabase')
    cd /Users/user51/Downloads/iCohort3/iCohort3.xcodeproj
    

SwiftCompile normal arm64 /Users/user51/Library/Developer/Xcode/DerivedData/iCohort3-bwoefxeicoflurbglvssertdjhcr/SourcePackages/checkouts/supabase-swift/Sources/Realtime/RealtimePostgresFilter.swift (in target 'Realtime' from project 'Supabase')
    cd /Users/user51/Downloads/iCohort3/iCohort3.xcodeproj
    

SwiftCompile normal arm64 /Users/user51/Library/Developer/Xcode/DerivedData/iCohort3-bwoefxeicoflurbglvssertdjhcr/SourcePackages/checkouts/supabase-swift/Sources/Realtime/RealtimePostgresFilterValue.swift (in target 'Realtime' from project 'Supabase')
    cd /Users/user51/Downloads/iCohort3/iCohort3.xcodeproj
    

SwiftDriverJobDiscovery normal arm64 Emitting module for Realtime (in target 'Realtime' from project 'Supabase')

SwiftCompile normal arm64 Compiling\ Exports.swift,\ PostgresAction.swift,\ PostgresActionData.swift,\ PresenceAction.swift /Users/user51/Library/Developer/Xcode/DerivedData/iCohort3-bwoefxeicoflurbglvssertdjhcr/SourcePackages/checkouts/supabase-swift/Sources/Realtime/Exports.swift /Users/user51/Library/Developer/Xcode/DerivedData/iCohort3-bwoefxeicoflurbglvssertdjhcr/SourcePackages/checkouts/supabase-swift/Sources/Realtime/PostgresAction.swift /Users/user51/Library/Developer/Xcode/DerivedData/iCohort3-bwoefxeicoflurbglvssertdjhcr/SourcePackages/checkouts/supabase-swift/Sources/Realtime/PostgresActionData.swift /Users/user51/Library/Developer/Xcode/DerivedData/iCohort3-bwoefxeicoflurbglvssertdjhcr/SourcePackages/checkouts/supabase-swift/Sources/Realtime/PresenceAction.swift (in target 'Realtime' from project 'Supabase')
SwiftCompile normal arm64 /Users/user51/Library/Developer/Xcode/DerivedData/iCohort3-bwoefxeicoflurbglvssertdjhcr/SourcePackages/checkouts/supabase-swift/Sources/Realtime/Exports.swift (in target 'Realtime' from project 'Supabase')
    cd /Users/user51/Downloads/iCohort3/iCohort3.xcodeproj
    

SwiftCompile normal arm64 /Users/user51/Library/Developer/Xcode/DerivedData/iCohort3-bwoefxeicoflurbglvssertdjhcr/SourcePackages/checkouts/supabase-swift/Sources/Realtime/PostgresAction.swift (in target 'Realtime' from project 'Supabase')
    cd /Users/user51/Downloads/iCohort3/iCohort3.xcodeproj
    

SwiftCompile normal arm64 /Users/user51/Library/Developer/Xcode/DerivedData/iCohort3-bwoefxeicoflurbglvssertdjhcr/SourcePackages/checkouts/supabase-swift/Sources/Realtime/PostgresActionData.swift (in target 'Realtime' from project 'Supabase')
    cd /Users/user51/Downloads/iCohort3/iCohort3.xcodeproj
    

SwiftCompile normal arm64 /Users/user51/Library/Developer/Xcode/DerivedData/iCohort3-bwoefxeicoflurbglvssertdjhcr/SourcePackages/checkouts/supabase-swift/Sources/Realtime/PresenceAction.swift (in target 'Realtime' from project 'Supabase')
    cd /Users/user51/Downloads/iCohort3/iCohort3.xcodeproj
    

SwiftDriver\ Compilation\ Requirements Realtime normal arm64 com.apple.xcode.tools.swift.compiler (in target 'Realtime' from project 'Supabase')
    cd /Users/user51/Downloads/iCohort3/iCohort3.xcodeproj
    builtin-Swift-Compilation-Requirements -- /Applications/Xcode.app/Contents/Developer/Toolchains/XcodeDefault.xctoolchain/usr/bin/swiftc -module-name Realtime -Onone -enforce-exclusivity\=checked @/Users/user51/Library/Developer/Xcode/DerivedData/iCohort3-bwoefxeicoflurbglvssertdjhcr/Build/Intermediates.noindex/Supabase.build/Debug-iphonesimulator/Realtime.build/Objects-normal/arm64/Realtime.SwiftFileList -DSWIFT_PACKAGE -DDEBUG -DSWIFT_MODULE_RESOURCE_BUNDLE_UNAVAILABLE -DXcode -enable-upcoming-feature ExistentialAny -enable-experimental-feature StrictConcurrency -plugin-path /Applications/Xcode.app/Contents/Developer/Toolchains/XcodeDefault.xctoolchain/usr/lib/swift/host/plugins/testing -enable-experimental-feature DebugDescriptionMacro -sdk /Applications/Xcode.app/Contents/Developer/Platforms/iPhoneSimulator.platform/Developer/SDKs/iPhoneSimulator26.2.sdk -target arm64-apple-ios13.0-simulator -g -module-cache-path /Users/user51/Library/Developer/Xcode/DerivedData/ModuleCache.noindex -Xfrontend -serialize-debugging-options -profile-coverage-mapping -profile-generate -enable-testing -suppress-warnings -index-store-path /Users/user51/Library/Developer/Xcode/DerivedData/iCohort3-bwoefxeicoflurbglvssertdjhcr/Index.noindex/DataStore -Xcc -D_LIBCPP_HARDENING_MODE\=_LIBCPP_HARDENING_MODE_DEBUG -swift-version 5 -I /Users/user51/Library/Developer/Xcode/DerivedData/iCohort3-bwoefxeicoflurbglvssertdjhcr/Build/Products/Debug-iphonesimulator -Isystem /Applications/Xcode.app/Contents/Developer/Platforms/iPhoneSimulator.platform/Developer/usr/lib -F /Users/user51/Library/Developer/Xcode/DerivedData/iCohort3-bwoefxeicoflurbglvssertdjhcr/Build/Products/Debug-iphonesimulator/PackageFrameworks -F /Users/user51/Library/Developer/Xcode/DerivedData/iCohort3-bwoefxeicoflurbglvssertdjhcr/Build/Products/Debug-iphonesimulator/PackageFrameworks -F /Users/user51/Library/Developer/Xcode/DerivedData/iCohort3-bwoefxeicoflurbglvssertdjhcr/Build/Products/Debug-iphonesimulator/PackageFrameworks -F /Users/user51/Library/Developer/Xcode/DerivedData/iCohort3-bwoefxeicoflurbglvssertdjhcr/Build/Products/Debug-iphonesimulator/PackageFrameworks -F /Users/user51/Library/Developer/Xcode/DerivedData/iCohort3-bwoefxeicoflurbglvssertdjhcr/Build/Products/Debug-iphonesimulator/PackageFrameworks -F /Users/user51/Library/Developer/Xcode/DerivedData/iCohort3-bwoefxeicoflurbglvssertdjhcr/Build/Products/Debug-iphonesimulator/PackageFrameworks -F /Users/user51/Library/Developer/Xcode/DerivedData/iCohort3-bwoefxeicoflurbglvssertdjhcr/Build/Products/Debug-iphonesimulator/PackageFrameworks -F /Users/user51/Library/Developer/Xcode/DerivedData/iCohort3-bwoefxeicoflurbglvssertdjhcr/Build/Products/Debug-iphonesimulator -F /Applications/Xcode.app/Contents/Developer/Platforms/iPhoneSimulator.platform/Developer/Library/Frameworks -F /Applications/Xcode.app/Contents/Developer/Platforms/iPhoneSimulator.platform/Developer/SDKs/iPhoneSimulator26.2.sdk/Developer/Library/Frameworks -c -j8 -enable-batch-mode -incremental -Xcc -ivfsstatcache -Xcc /Users/user51/Library/Developer/Xcode/DerivedData/SDKStatCaches.noindex/iphonesimulator26.2-23C53-dc75598d0054f22ec865fa860f139d727d00a8b37fbd7999ea79df8ebc024bf0.sdkstatcache -output-file-map /Users/user51/Library/Developer/Xcode/DerivedData/iCohort3-bwoefxeicoflurbglvssertdjhcr/Build/Intermediates.noindex/Supabase.build/Debug-iphonesimulator/Realtime.build/Objects-normal/arm64/Realtime-OutputFileMap.json -use-frontend-parseable-output -save-temps -no-color-diagnostics -explicit-module-build -module-cache-path /Users/user51/Library/Developer/Xcode/DerivedData/iCohort3-bwoefxeicoflurbglvssertdjhcr/Build/Intermediates.noindex/SwiftExplicitPrecompiledModules -clang-scanner-module-cache-path /Users/user51/Library/Developer/Xcode/DerivedData/ModuleCache.noindex -sdk-module-cache-path /Users/user51/Library/Developer/Xcode/DerivedData/ModuleCache.noindex -serialize-diagnostics -emit-dependencies -emit-module -emit-module-path /Users/user51/Library/Developer/Xcode/DerivedData/iCohort3-bwoefxeicoflurbglvssertdjhcr/Build/Intermediates.noindex/Supabase.build/Debug-iphonesimulator/Realtime.build/Objects-normal/arm64/Realtime.swiftmodule -validate-clang-modules-once -clang-build-session-file /Users/user51/Library/Developer/Xcode/DerivedData/ModuleCache.noindex/Session.modulevalidation -package-name supabase_swift -Xcc -I/Users/user51/Library/Developer/Xcode/DerivedData/iCohort3-bwoefxeicoflurbglvssertdjhcr/Build/Intermediates.noindex/Supabase.build/Debug-iphonesimulator/Realtime.build/swift-overrides.hmap -emit-const-values -Xfrontend -const-gather-protocols-file -Xfrontend /Users/user51/Library/Developer/Xcode/DerivedData/iCohort3-bwoefxeicoflurbglvssertdjhcr/Build/Intermediates.noindex/Supabase.build/Debug-iphonesimulator/Realtime.build/Objects-normal/arm64/Realtime_const_extract_protocols.json -Xcc -I/Users/user51/Library/Developer/Xcode/DerivedData/iCohort3-bwoefxeicoflurbglvssertdjhcr/Build/Products/Debug-iphonesimulator/include -Xcc -I/Users/user51/Library/Developer/Xcode/DerivedData/iCohort3-bwoefxeicoflurbglvssertdjhcr/Build/Intermediates.noindex/Supabase.build/Debug-iphonesimulator/Realtime.build/DerivedSources-normal/arm64 -Xcc -I/Users/user51/Library/Developer/Xcode/DerivedData/iCohort3-bwoefxeicoflurbglvssertdjhcr/Build/Intermediates.noindex/Supabase.build/Debug-iphonesimulator/Realtime.build/DerivedSources/arm64 -Xcc -I/Users/user51/Library/Developer/Xcode/DerivedData/iCohort3-bwoefxeicoflurbglvssertdjhcr/Build/Intermediates.noindex/Supabase.build/Debug-iphonesimulator/Realtime.build/DerivedSources -Xcc -DSWIFT_PACKAGE -Xcc -DDEBUG\=1 -emit-objc-header -emit-objc-header-path /Users/user51/Library/Developer/Xcode/DerivedData/iCohort3-bwoefxeicoflurbglvssertdjhcr/Build/Intermediates.noindex/Supabase.build/Debug-iphonesimulator/Realtime.build/Objects-normal/arm64/Realtime-Swift.h -working-directory /Users/user51/Downloads/iCohort3/iCohort3.xcodeproj -experimental-emit-module-separately -disable-cmo

SwiftDriverJobDiscovery normal arm64 Compiling StorageHTTPClient.swift, SupabaseStorage.swift (in target 'Storage' from project 'Supabase')

SwiftMergeGeneratedHeaders /Users/user51/Library/Developer/Xcode/DerivedData/iCohort3-bwoefxeicoflurbglvssertdjhcr/Build/Intermediates.noindex/GeneratedModuleMaps-iphonesimulator/Realtime-Swift.h /Users/user51/Library/Developer/Xcode/DerivedData/iCohort3-bwoefxeicoflurbglvssertdjhcr/Build/Intermediates.noindex/Supabase.build/Debug-iphonesimulator/Realtime.build/Objects-normal/arm64/Realtime-Swift.h (in target 'Realtime' from project 'Supabase')
    cd /Users/user51/Library/Developer/Xcode/DerivedData/iCohort3-bwoefxeicoflurbglvssertdjhcr/SourcePackages/checkouts/supabase-swift
    builtin-swiftHeaderTool -arch arm64 /Users/user51/Library/Developer/Xcode/DerivedData/iCohort3-bwoefxeicoflurbglvssertdjhcr/Build/Intermediates.noindex/Supabase.build/Debug-iphonesimulator/Realtime.build/Objects-normal/arm64/Realtime-Swift.h -o /Users/user51/Library/Developer/Xcode/DerivedData/iCohort3-bwoefxeicoflurbglvssertdjhcr/Build/Intermediates.noindex/GeneratedModuleMaps-iphonesimulator/Realtime-Swift.h

Copy /Users/user51/Library/Developer/Xcode/DerivedData/iCohort3-bwoefxeicoflurbglvssertdjhcr/Build/Products/Debug-iphonesimulator/Realtime.swiftmodule/arm64-apple-ios-simulator.swiftmodule /Users/user51/Library/Developer/Xcode/DerivedData/iCohort3-bwoefxeicoflurbglvssertdjhcr/Build/Intermediates.noindex/Supabase.build/Debug-iphonesimulator/Realtime.build/Objects-normal/arm64/Realtime.swiftmodule (in target 'Realtime' from project 'Supabase')
    cd /Users/user51/Library/Developer/Xcode/DerivedData/iCohort3-bwoefxeicoflurbglvssertdjhcr/SourcePackages/checkouts/supabase-swift
    builtin-copy -exclude .DS_Store -exclude CVS -exclude .svn -exclude .git -exclude .hg -resolve-src-symlinks -rename /Users/user51/Library/Developer/Xcode/DerivedData/iCohort3-bwoefxeicoflurbglvssertdjhcr/Build/Intermediates.noindex/Supabase.build/Debug-iphonesimulator/Realtime.build/Objects-normal/arm64/Realtime.swiftmodule /Users/user51/Library/Developer/Xcode/DerivedData/iCohort3-bwoefxeicoflurbglvssertdjhcr/Build/Products/Debug-iphonesimulator/Realtime.swiftmodule/arm64-apple-ios-simulator.swiftmodule

Copy /Users/user51/Library/Developer/Xcode/DerivedData/iCohort3-bwoefxeicoflurbglvssertdjhcr/Build/Products/Debug-iphonesimulator/Realtime.swiftmodule/arm64-apple-ios-simulator.swiftdoc /Users/user51/Library/Developer/Xcode/DerivedData/iCohort3-bwoefxeicoflurbglvssertdjhcr/Build/Intermediates.noindex/Supabase.build/Debug-iphonesimulator/Realtime.build/Objects-normal/arm64/Realtime.swiftdoc (in target 'Realtime' from project 'Supabase')
    cd /Users/user51/Library/Developer/Xcode/DerivedData/iCohort3-bwoefxeicoflurbglvssertdjhcr/SourcePackages/checkouts/supabase-swift
    builtin-copy -exclude .DS_Store -exclude CVS -exclude .svn -exclude .git -exclude .hg -resolve-src-symlinks -rename /Users/user51/Library/Developer/Xcode/DerivedData/iCohort3-bwoefxeicoflurbglvssertdjhcr/Build/Intermediates.noindex/Supabase.build/Debug-iphonesimulator/Realtime.build/Objects-normal/arm64/Realtime.swiftdoc /Users/user51/Library/Developer/Xcode/DerivedData/iCohort3-bwoefxeicoflurbglvssertdjhcr/Build/Products/Debug-iphonesimulator/Realtime.swiftmodule/arm64-apple-ios-simulator.swiftdoc

Copy /Users/user51/Library/Developer/Xcode/DerivedData/iCohort3-bwoefxeicoflurbglvssertdjhcr/Build/Products/Debug-iphonesimulator/Realtime.swiftmodule/arm64-apple-ios-simulator.abi.json /Users/user51/Library/Developer/Xcode/DerivedData/iCohort3-bwoefxeicoflurbglvssertdjhcr/Build/Intermediates.noindex/Supabase.build/Debug-iphonesimulator/Realtime.build/Objects-normal/arm64/Realtime.abi.json (in target 'Realtime' from project 'Supabase')
    cd /Users/user51/Library/Developer/Xcode/DerivedData/iCohort3-bwoefxeicoflurbglvssertdjhcr/SourcePackages/checkouts/supabase-swift
    builtin-copy -exclude .DS_Store -exclude CVS -exclude .svn -exclude .git -exclude .hg -resolve-src-symlinks -rename /Users/user51/Library/Developer/Xcode/DerivedData/iCohort3-bwoefxeicoflurbglvssertdjhcr/Build/Intermediates.noindex/Supabase.build/Debug-iphonesimulator/Realtime.build/Objects-normal/arm64/Realtime.abi.json /Users/user51/Library/Developer/Xcode/DerivedData/iCohort3-bwoefxeicoflurbglvssertdjhcr/Build/Products/Debug-iphonesimulator/Realtime.swiftmodule/arm64-apple-ios-simulator.abi.json

Copy /Users/user51/Library/Developer/Xcode/DerivedData/iCohort3-bwoefxeicoflurbglvssertdjhcr/Build/Products/Debug-iphonesimulator/Realtime.swiftmodule/Project/arm64-apple-ios-simulator.swiftsourceinfo /Users/user51/Library/Developer/Xcode/DerivedData/iCohort3-bwoefxeicoflurbglvssertdjhcr/Build/Intermediates.noindex/Supabase.build/Debug-iphonesimulator/Realtime.build/Objects-normal/arm64/Realtime.swiftsourceinfo (in target 'Realtime' from project 'Supabase')
    cd /Users/user51/Library/Developer/Xcode/DerivedData/iCohort3-bwoefxeicoflurbglvssertdjhcr/SourcePackages/checkouts/supabase-swift
    builtin-copy -exclude .DS_Store -exclude CVS -exclude .svn -exclude .git -exclude .hg -resolve-src-symlinks -rename /Users/user51/Library/Developer/Xcode/DerivedData/iCohort3-bwoefxeicoflurbglvssertdjhcr/Build/Intermediates.noindex/Supabase.build/Debug-iphonesimulator/Realtime.build/Objects-normal/arm64/Realtime.swiftsourceinfo /Users/user51/Library/Developer/Xcode/DerivedData/iCohort3-bwoefxeicoflurbglvssertdjhcr/Build/Products/Debug-iphonesimulator/Realtime.swiftmodule/Project/arm64-apple-ios-simulator.swiftsourceinfo

SwiftCompile normal arm64 Compiling\ RealtimeChannel.swift,\ RealtimeClient.swift,\ RealtimeMessage.swift,\ TimeoutTimer.swift /Users/user51/Library/Developer/Xcode/DerivedData/iCohort3-bwoefxeicoflurbglvssertdjhcr/SourcePackages/checkouts/supabase-swift/Sources/Realtime/Deprecated/RealtimeChannel.swift /Users/user51/Library/Developer/Xcode/DerivedData/iCohort3-bwoefxeicoflurbglvssertdjhcr/SourcePackages/checkouts/supabase-swift/Sources/Realtime/Deprecated/RealtimeClient.swift /Users/user51/Library/Developer/Xcode/DerivedData/iCohort3-bwoefxeicoflurbglvssertdjhcr/SourcePackages/checkouts/supabase-swift/Sources/Realtime/Deprecated/RealtimeMessage.swift /Users/user51/Library/Developer/Xcode/DerivedData/iCohort3-bwoefxeicoflurbglvssertdjhcr/SourcePackages/checkouts/supabase-swift/Sources/Realtime/Deprecated/TimeoutTimer.swift (in target 'Realtime' from project 'Supabase')
SwiftCompile normal arm64 /Users/user51/Library/Developer/Xcode/DerivedData/iCohort3-bwoefxeicoflurbglvssertdjhcr/SourcePackages/checkouts/supabase-swift/Sources/Realtime/Deprecated/RealtimeChannel.swift (in target 'Realtime' from project 'Supabase')
    cd /Users/user51/Downloads/iCohort3/iCohort3.xcodeproj
    

SwiftCompile normal arm64 /Users/user51/Library/Developer/Xcode/DerivedData/iCohort3-bwoefxeicoflurbglvssertdjhcr/SourcePackages/checkouts/supabase-swift/Sources/Realtime/Deprecated/RealtimeClient.swift (in target 'Realtime' from project 'Supabase')
    cd /Users/user51/Downloads/iCohort3/iCohort3.xcodeproj
    

SwiftCompile normal arm64 /Users/user51/Library/Developer/Xcode/DerivedData/iCohort3-bwoefxeicoflurbglvssertdjhcr/SourcePackages/checkouts/supabase-swift/Sources/Realtime/Deprecated/RealtimeMessage.swift (in target 'Realtime' from project 'Supabase')
    cd /Users/user51/Downloads/iCohort3/iCohort3.xcodeproj
    

SwiftCompile normal arm64 /Users/user51/Library/Developer/Xcode/DerivedData/iCohort3-bwoefxeicoflurbglvssertdjhcr/SourcePackages/checkouts/supabase-swift/Sources/Realtime/Deprecated/TimeoutTimer.swift (in target 'Realtime' from project 'Supabase')
    cd /Users/user51/Downloads/iCohort3/iCohort3.xcodeproj
    

SwiftCompile normal arm64 Compiling\ CallbackManager.swift,\ Defaults.swift,\ Delegated.swift,\ Deprecated.swift /Users/user51/Library/Developer/Xcode/DerivedData/iCohort3-bwoefxeicoflurbglvssertdjhcr/SourcePackages/checkouts/supabase-swift/Sources/Realtime/CallbackManager.swift /Users/user51/Library/Developer/Xcode/DerivedData/iCohort3-bwoefxeicoflurbglvssertdjhcr/SourcePackages/checkouts/supabase-swift/Sources/Realtime/Deprecated/Defaults.swift /Users/user51/Library/Developer/Xcode/DerivedData/iCohort3-bwoefxeicoflurbglvssertdjhcr/SourcePackages/checkouts/supabase-swift/Sources/Realtime/Deprecated/Delegated.swift /Users/user51/Library/Developer/Xcode/DerivedData/iCohort3-bwoefxeicoflurbglvssertdjhcr/SourcePackages/checkouts/supabase-swift/Sources/Realtime/Deprecated/Deprecated.swift (in target 'Realtime' from project 'Supabase')

SwiftCompile normal arm64 /Users/user51/Library/Developer/Xcode/DerivedData/iCohort3-bwoefxeicoflurbglvssertdjhcr/SourcePackages/checkouts/supabase-swift/Sources/Realtime/CallbackManager.swift (in target 'Realtime' from project 'Supabase')
    cd /Users/user51/Downloads/iCohort3/iCohort3.xcodeproj
    

SwiftCompile normal arm64 /Users/user51/Library/Developer/Xcode/DerivedData/iCohort3-bwoefxeicoflurbglvssertdjhcr/SourcePackages/checkouts/supabase-swift/Sources/Realtime/Deprecated/Defaults.swift (in target 'Realtime' from project 'Supabase')
    cd /Users/user51/Downloads/iCohort3/iCohort3.xcodeproj
    

SwiftCompile normal arm64 /Users/user51/Library/Developer/Xcode/DerivedData/iCohort3-bwoefxeicoflurbglvssertdjhcr/SourcePackages/checkouts/supabase-swift/Sources/Realtime/Deprecated/Delegated.swift (in target 'Realtime' from project 'Supabase')
    cd /Users/user51/Downloads/iCohort3/iCohort3.xcodeproj
    

SwiftCompile normal arm64 /Users/user51/Library/Developer/Xcode/DerivedData/iCohort3-bwoefxeicoflurbglvssertdjhcr/SourcePackages/checkouts/supabase-swift/Sources/Realtime/Deprecated/Deprecated.swift (in target 'Realtime' from project 'Supabase')
    cd /Users/user51/Downloads/iCohort3/iCohort3.xcodeproj
    

SwiftDriverJobDiscovery normal arm64 Compiling StorageApi.swift, StorageBucketApi.swift (in target 'Storage' from project 'Supabase')

SwiftCompile normal arm64 Compiling\ Types.swift,\ URLSessionWebSocket.swift,\ WebSocket.swift /Users/user51/Library/Developer/Xcode/DerivedData/iCohort3-bwoefxeicoflurbglvssertdjhcr/SourcePackages/checkouts/supabase-swift/Sources/Realtime/Types.swift /Users/user51/Library/Developer/Xcode/DerivedData/iCohort3-bwoefxeicoflurbglvssertdjhcr/SourcePackages/checkouts/supabase-swift/Sources/Realtime/WebSocket/URLSessionWebSocket.swift /Users/user51/Library/Developer/Xcode/DerivedData/iCohort3-bwoefxeicoflurbglvssertdjhcr/SourcePackages/checkouts/supabase-swift/Sources/Realtime/WebSocket/WebSocket.swift (in target 'Realtime' from project 'Supabase')

SwiftCompile normal arm64 /Users/user51/Library/Developer/Xcode/DerivedData/iCohort3-bwoefxeicoflurbglvssertdjhcr/SourcePackages/checkouts/supabase-swift/Sources/Realtime/Types.swift (in target 'Realtime' from project 'Supabase')
    cd /Users/user51/Downloads/iCohort3/iCohort3.xcodeproj
    

SwiftCompile normal arm64 /Users/user51/Library/Developer/Xcode/DerivedData/iCohort3-bwoefxeicoflurbglvssertdjhcr/SourcePackages/checkouts/supabase-swift/Sources/Realtime/WebSocket/URLSessionWebSocket.swift (in target 'Realtime' from project 'Supabase')
    cd /Users/user51/Downloads/iCohort3/iCohort3.xcodeproj
    

SwiftCompile normal arm64 /Users/user51/Library/Developer/Xcode/DerivedData/iCohort3-bwoefxeicoflurbglvssertdjhcr/SourcePackages/checkouts/supabase-swift/Sources/Realtime/WebSocket/WebSocket.swift (in target 'Realtime' from project 'Supabase')
    cd /Users/user51/Downloads/iCohort3/iCohort3.xcodeproj
    

SwiftDriverJobDiscovery normal arm64 Compiling StorageError.swift, StorageFileApi.swift (in target 'Storage' from project 'Supabase')

SwiftCompile normal arm64 Compiling\ RealtimeClientV2.swift,\ RealtimeError.swift,\ RealtimeJoinConfig.swift /Users/user51/Library/Developer/Xcode/DerivedData/iCohort3-bwoefxeicoflurbglvssertdjhcr/SourcePackages/checkouts/supabase-swift/Sources/Realtime/RealtimeClientV2.swift /Users/user51/Library/Developer/Xcode/DerivedData/iCohort3-bwoefxeicoflurbglvssertdjhcr/SourcePackages/checkouts/supabase-swift/Sources/Realtime/RealtimeError.swift /Users/user51/Library/Developer/Xcode/DerivedData/iCohort3-bwoefxeicoflurbglvssertdjhcr/SourcePackages/checkouts/supabase-swift/Sources/Realtime/RealtimeJoinConfig.swift (in target 'Realtime' from project 'Supabase')
SwiftCompile normal arm64 /Users/user51/Library/Developer/Xcode/DerivedData/iCohort3-bwoefxeicoflurbglvssertdjhcr/SourcePackages/checkouts/supabase-swift/Sources/Realtime/RealtimeClientV2.swift (in target 'Realtime' from project 'Supabase')
    cd /Users/user51/Downloads/iCohort3/iCohort3.xcodeproj
    

SwiftCompile normal arm64 /Users/user51/Library/Developer/Xcode/DerivedData/iCohort3-bwoefxeicoflurbglvssertdjhcr/SourcePackages/checkouts/supabase-swift/Sources/Realtime/RealtimeError.swift (in target 'Realtime' from project 'Supabase')
    cd /Users/user51/Downloads/iCohort3/iCohort3.xcodeproj
    

SwiftCompile normal arm64 /Users/user51/Library/Developer/Xcode/DerivedData/iCohort3-bwoefxeicoflurbglvssertdjhcr/SourcePackages/checkouts/supabase-swift/Sources/Realtime/RealtimeJoinConfig.swift (in target 'Realtime' from project 'Supabase')
    cd /Users/user51/Downloads/iCohort3/iCohort3.xcodeproj
    

SwiftDriverJobDiscovery normal arm64 Compiling RealtimeMessageV2.swift, RealtimePostgresFilter.swift, RealtimePostgresFilterValue.swift (in target 'Realtime' from project 'Supabase')

SwiftCompile normal arm64 Compiling\ HeartbeatTimer.swift,\ PhoenixTransport.swift,\ Presence.swift,\ Push.swift /Users/user51/Library/Developer/Xcode/DerivedData/iCohort3-bwoefxeicoflurbglvssertdjhcr/SourcePackages/checkouts/supabase-swift/Sources/Realtime/Deprecated/HeartbeatTimer.swift /Users/user51/Library/Developer/Xcode/DerivedData/iCohort3-bwoefxeicoflurbglvssertdjhcr/SourcePackages/checkouts/supabase-swift/Sources/Realtime/Deprecated/PhoenixTransport.swift /Users/user51/Library/Developer/Xcode/DerivedData/iCohort3-bwoefxeicoflurbglvssertdjhcr/SourcePackages/checkouts/supabase-swift/Sources/Realtime/Deprecated/Presence.swift /Users/user51/Library/Developer/Xcode/DerivedData/iCohort3-bwoefxeicoflurbglvssertdjhcr/SourcePackages/checkouts/supabase-swift/Sources/Realtime/Deprecated/Push.swift (in target 'Realtime' from project 'Supabase')

SwiftCompile normal arm64 /Users/user51/Library/Developer/Xcode/DerivedData/iCohort3-bwoefxeicoflurbglvssertdjhcr/SourcePackages/checkouts/supabase-swift/Sources/Realtime/Deprecated/HeartbeatTimer.swift (in target 'Realtime' from project 'Supabase')
    cd /Users/user51/Downloads/iCohort3/iCohort3.xcodeproj
    

SwiftCompile normal arm64 /Users/user51/Library/Developer/Xcode/DerivedData/iCohort3-bwoefxeicoflurbglvssertdjhcr/SourcePackages/checkouts/supabase-swift/Sources/Realtime/Deprecated/PhoenixTransport.swift (in target 'Realtime' from project 'Supabase')
    cd /Users/user51/Downloads/iCohort3/iCohort3.xcodeproj
    

SwiftCompile normal arm64 /Users/user51/Library/Developer/Xcode/DerivedData/iCohort3-bwoefxeicoflurbglvssertdjhcr/SourcePackages/checkouts/supabase-swift/Sources/Realtime/Deprecated/Presence.swift (in target 'Realtime' from project 'Supabase')
    cd /Users/user51/Downloads/iCohort3/iCohort3.xcodeproj
    

SwiftCompile normal arm64 /Users/user51/Library/Developer/Xcode/DerivedData/iCohort3-bwoefxeicoflurbglvssertdjhcr/SourcePackages/checkouts/supabase-swift/Sources/Realtime/Deprecated/Push.swift (in target 'Realtime' from project 'Supabase')
    cd /Users/user51/Downloads/iCohort3/iCohort3.xcodeproj
    

SwiftCompile normal arm64 Compiling\ PushV2.swift,\ RealtimeChannel+AsyncAwait.swift,\ RealtimeChannelV2.swift /Users/user51/Library/Developer/Xcode/DerivedData/iCohort3-bwoefxeicoflurbglvssertdjhcr/SourcePackages/checkouts/supabase-swift/Sources/Realtime/PushV2.swift /Users/user51/Library/Developer/Xcode/DerivedData/iCohort3-bwoefxeicoflurbglvssertdjhcr/SourcePackages/checkouts/supabase-swift/Sources/Realtime/RealtimeChannel+AsyncAwait.swift /Users/user51/Library/Developer/Xcode/DerivedData/iCohort3-bwoefxeicoflurbglvssertdjhcr/SourcePackages/checkouts/supabase-swift/Sources/Realtime/RealtimeChannelV2.swift (in target 'Realtime' from project 'Supabase')

SwiftCompile normal arm64 /Users/user51/Library/Developer/Xcode/DerivedData/iCohort3-bwoefxeicoflurbglvssertdjhcr/SourcePackages/checkouts/supabase-swift/Sources/Realtime/PushV2.swift (in target 'Realtime' from project 'Supabase')
    cd /Users/user51/Downloads/iCohort3/iCohort3.xcodeproj
    

SwiftCompile normal arm64 /Users/user51/Library/Developer/Xcode/DerivedData/iCohort3-bwoefxeicoflurbglvssertdjhcr/SourcePackages/checkouts/supabase-swift/Sources/Realtime/RealtimeChannel+AsyncAwait.swift (in target 'Realtime' from project 'Supabase')
    cd /Users/user51/Downloads/iCohort3/iCohort3.xcodeproj
    

SwiftCompile normal arm64 /Users/user51/Library/Developer/Xcode/DerivedData/iCohort3-bwoefxeicoflurbglvssertdjhcr/SourcePackages/checkouts/supabase-swift/Sources/Realtime/RealtimeChannelV2.swift (in target 'Realtime' from project 'Supabase')
    cd /Users/user51/Downloads/iCohort3/iCohort3.xcodeproj
    

SwiftDriverJobDiscovery normal arm64 Emitting module for Auth (in target 'Auth' from project 'Supabase')

SwiftDriverJobDiscovery normal arm64 Compiling Types.swift (in target 'Storage' from project 'Supabase')

SwiftDriver\ Compilation\ Requirements Auth normal arm64 com.apple.xcode.tools.swift.compiler (in target 'Auth' from project 'Supabase')
    cd /Users/user51/Downloads/iCohort3/iCohort3.xcodeproj
    builtin-Swift-Compilation-Requirements -- /Applications/Xcode.app/Contents/Developer/Toolchains/XcodeDefault.xctoolchain/usr/bin/swiftc -module-name Auth -Onone -enforce-exclusivity\=checked @/Users/user51/Library/Developer/Xcode/DerivedData/iCohort3-bwoefxeicoflurbglvssertdjhcr/Build/Intermediates.noindex/Supabase.build/Debug-iphonesimulator/Auth.build/Objects-normal/arm64/Auth.SwiftFileList -DSWIFT_PACKAGE -DDEBUG -DSWIFT_MODULE_RESOURCE_BUNDLE_UNAVAILABLE -DXcode -enable-upcoming-feature ExistentialAny -enable-experimental-feature StrictConcurrency -plugin-path /Applications/Xcode.app/Contents/Developer/Toolchains/XcodeDefault.xctoolchain/usr/lib/swift/host/plugins/testing -enable-experimental-feature DebugDescriptionMacro -sdk /Applications/Xcode.app/Contents/Developer/Platforms/iPhoneSimulator.platform/Developer/SDKs/iPhoneSimulator26.2.sdk -target arm64-apple-ios13.0-simulator -g -module-cache-path /Users/user51/Library/Developer/Xcode/DerivedData/ModuleCache.noindex -Xfrontend -serialize-debugging-options -profile-coverage-mapping -profile-generate -enable-testing -suppress-warnings -index-store-path /Users/user51/Library/Developer/Xcode/DerivedData/iCohort3-bwoefxeicoflurbglvssertdjhcr/Index.noindex/DataStore -Xcc -D_LIBCPP_HARDENING_MODE\=_LIBCPP_HARDENING_MODE_DEBUG -swift-version 5 -I /Users/user51/Library/Developer/Xcode/DerivedData/iCohort3-bwoefxeicoflurbglvssertdjhcr/Build/Products/Debug-iphonesimulator -Isystem /Applications/Xcode.app/Contents/Developer/Platforms/iPhoneSimulator.platform/Developer/usr/lib -F /Users/user51/Library/Developer/Xcode/DerivedData/iCohort3-bwoefxeicoflurbglvssertdjhcr/Build/Products/Debug-iphonesimulator/PackageFrameworks -F /Users/user51/Library/Developer/Xcode/DerivedData/iCohort3-bwoefxeicoflurbglvssertdjhcr/Build/Products/Debug-iphonesimulator/PackageFrameworks -F /Users/user51/Library/Developer/Xcode/DerivedData/iCohort3-bwoefxeicoflurbglvssertdjhcr/Build/Products/Debug-iphonesimulator/PackageFrameworks -F /Users/user51/Library/Developer/Xcode/DerivedData/iCohort3-bwoefxeicoflurbglvssertdjhcr/Build/Products/Debug-iphonesimulator/PackageFrameworks -F /Users/user51/Library/Developer/Xcode/DerivedData/iCohort3-bwoefxeicoflurbglvssertdjhcr/Build/Products/Debug-iphonesimulator/PackageFrameworks -F /Users/user51/Library/Developer/Xcode/DerivedData/iCohort3-bwoefxeicoflurbglvssertdjhcr/Build/Products/Debug-iphonesimulator/PackageFrameworks -F /Users/user51/Library/Developer/Xcode/DerivedData/iCohort3-bwoefxeicoflurbglvssertdjhcr/Build/Products/Debug-iphonesimulator/PackageFrameworks -F /Users/user51/Library/Developer/Xcode/DerivedData/iCohort3-bwoefxeicoflurbglvssertdjhcr/Build/Products/Debug-iphonesimulator/PackageFrameworks -F /Users/user51/Library/Developer/Xcode/DerivedData/iCohort3-bwoefxeicoflurbglvssertdjhcr/Build/Products/Debug-iphonesimulator -F /Applications/Xcode.app/Contents/Developer/Platforms/iPhoneSimulator.platform/Developer/Library/Frameworks -F /Applications/Xcode.app/Contents/Developer/Platforms/iPhoneSimulator.platform/Developer/SDKs/iPhoneSimulator26.2.sdk/Developer/Library/Frameworks -c -j8 -enable-batch-mode -incremental -Xcc -ivfsstatcache -Xcc /Users/user51/Library/Developer/Xcode/DerivedData/SDKStatCaches.noindex/iphonesimulator26.2-23C53-dc75598d0054f22ec865fa860f139d727d00a8b37fbd7999ea79df8ebc024bf0.sdkstatcache -output-file-map /Users/user51/Library/Developer/Xcode/DerivedData/iCohort3-bwoefxeicoflurbglvssertdjhcr/Build/Intermediates.noindex/Supabase.build/Debug-iphonesimulator/Auth.build/Objects-normal/arm64/Auth-OutputFileMap.json -use-frontend-parseable-output -save-temps -no-color-diagnostics -explicit-module-build -module-cache-path /Users/user51/Library/Developer/Xcode/DerivedData/iCohort3-bwoefxeicoflurbglvssertdjhcr/Build/Intermediates.noindex/SwiftExplicitPrecompiledModules -clang-scanner-module-cache-path /Users/user51/Library/Developer/Xcode/DerivedData/ModuleCache.noindex -sdk-module-cache-path /Users/user51/Library/Developer/Xcode/DerivedData/ModuleCache.noindex -serialize-diagnostics -emit-dependencies -emit-module -emit-module-path /Users/user51/Library/Developer/Xcode/DerivedData/iCohort3-bwoefxeicoflurbglvssertdjhcr/Build/Intermediates.noindex/Supabase.build/Debug-iphonesimulator/Auth.build/Objects-normal/arm64/Auth.swiftmodule -validate-clang-modules-once -clang-build-session-file /Users/user51/Library/Developer/Xcode/DerivedData/ModuleCache.noindex/Session.modulevalidation -package-name supabase_swift -Xcc -I/Users/user51/Library/Developer/Xcode/DerivedData/iCohort3-bwoefxeicoflurbglvssertdjhcr/Build/Intermediates.noindex/Supabase.build/Debug-iphonesimulator/Auth.build/swift-overrides.hmap -emit-const-values -Xfrontend -const-gather-protocols-file -Xfrontend /Users/user51/Library/Developer/Xcode/DerivedData/iCohort3-bwoefxeicoflurbglvssertdjhcr/Build/Intermediates.noindex/Supabase.build/Debug-iphonesimulator/Auth.build/Objects-normal/arm64/Auth_const_extract_protocols.json -Xcc -I/Users/user51/Library/Developer/Xcode/DerivedData/iCohort3-bwoefxeicoflurbglvssertdjhcr/Build/Products/Debug-iphonesimulator/include -Xcc -I/Users/user51/Library/Developer/Xcode/DerivedData/iCohort3-bwoefxeicoflurbglvssertdjhcr/Build/Intermediates.noindex/Supabase.build/Debug-iphonesimulator/Auth.build/DerivedSources-normal/arm64 -Xcc -I/Users/user51/Library/Developer/Xcode/DerivedData/iCohort3-bwoefxeicoflurbglvssertdjhcr/Build/Intermediates.noindex/Supabase.build/Debug-iphonesimulator/Auth.build/DerivedSources/arm64 -Xcc -I/Users/user51/Library/Developer/Xcode/DerivedData/iCohort3-bwoefxeicoflurbglvssertdjhcr/Build/Intermediates.noindex/Supabase.build/Debug-iphonesimulator/Auth.build/DerivedSources -Xcc -DSWIFT_PACKAGE -Xcc -DDEBUG\=1 -emit-objc-header -emit-objc-header-path /Users/user51/Library/Developer/Xcode/DerivedData/iCohort3-bwoefxeicoflurbglvssertdjhcr/Build/Intermediates.noindex/Supabase.build/Debug-iphonesimulator/Auth.build/Objects-normal/arm64/Auth-Swift.h -working-directory /Users/user51/Downloads/iCohort3/iCohort3.xcodeproj -experimental-emit-module-separately -disable-cmo

SwiftDriverJobDiscovery normal arm64 Compiling Helpers.swift, MultipartFormData.swift (in target 'Storage' from project 'Supabase')

SwiftDriver\ Compilation Storage normal arm64 com.apple.xcode.tools.swift.compiler (in target 'Storage' from project 'Supabase')
    cd /Users/user51/Downloads/iCohort3/iCohort3.xcodeproj
    builtin-Swift-Compilation -- /Applications/Xcode.app/Contents/Developer/Toolchains/XcodeDefault.xctoolchain/usr/bin/swiftc -module-name Storage -Onone -enforce-exclusivity\=checked @/Users/user51/Library/Developer/Xcode/DerivedData/iCohort3-bwoefxeicoflurbglvssertdjhcr/Build/Intermediates.noindex/Supabase.build/Debug-iphonesimulator/Storage.build/Objects-normal/arm64/Storage.SwiftFileList -DSWIFT_PACKAGE -DDEBUG -DSWIFT_MODULE_RESOURCE_BUNDLE_UNAVAILABLE -DXcode -enable-upcoming-feature ExistentialAny -enable-experimental-feature StrictConcurrency -plugin-path /Applications/Xcode.app/Contents/Developer/Toolchains/XcodeDefault.xctoolchain/usr/lib/swift/host/plugins/testing -enable-experimental-feature DebugDescriptionMacro -sdk /Applications/Xcode.app/Contents/Developer/Platforms/iPhoneSimulator.platform/Developer/SDKs/iPhoneSimulator26.2.sdk -target arm64-apple-ios13.0-simulator -g -module-cache-path /Users/user51/Library/Developer/Xcode/DerivedData/ModuleCache.noindex -Xfrontend -serialize-debugging-options -profile-coverage-mapping -profile-generate -enable-testing -suppress-warnings -index-store-path /Users/user51/Library/Developer/Xcode/DerivedData/iCohort3-bwoefxeicoflurbglvssertdjhcr/Index.noindex/DataStore -Xcc -D_LIBCPP_HARDENING_MODE\=_LIBCPP_HARDENING_MODE_DEBUG -swift-version 5 -I /Users/user51/Library/Developer/Xcode/DerivedData/iCohort3-bwoefxeicoflurbglvssertdjhcr/Build/Products/Debug-iphonesimulator -Isystem /Applications/Xcode.app/Contents/Developer/Platforms/iPhoneSimulator.platform/Developer/usr/lib -F /Users/user51/Library/Developer/Xcode/DerivedData/iCohort3-bwoefxeicoflurbglvssertdjhcr/Build/Products/Debug-iphonesimulator/PackageFrameworks -F /Users/user51/Library/Developer/Xcode/DerivedData/iCohort3-bwoefxeicoflurbglvssertdjhcr/Build/Products/Debug-iphonesimulator/PackageFrameworks -F /Users/user51/Library/Developer/Xcode/DerivedData/iCohort3-bwoefxeicoflurbglvssertdjhcr/Build/Products/Debug-iphonesimulator/PackageFrameworks -F /Users/user51/Library/Developer/Xcode/DerivedData/iCohort3-bwoefxeicoflurbglvssertdjhcr/Build/Products/Debug-iphonesimulator/PackageFrameworks -F /Users/user51/Library/Developer/Xcode/DerivedData/iCohort3-bwoefxeicoflurbglvssertdjhcr/Build/Products/Debug-iphonesimulator/PackageFrameworks -F /Users/user51/Library/Developer/Xcode/DerivedData/iCohort3-bwoefxeicoflurbglvssertdjhcr/Build/Products/Debug-iphonesimulator/PackageFrameworks -F /Users/user51/Library/Developer/Xcode/DerivedData/iCohort3-bwoefxeicoflurbglvssertdjhcr/Build/Products/Debug-iphonesimulator/PackageFrameworks -F /Users/user51/Library/Developer/Xcode/DerivedData/iCohort3-bwoefxeicoflurbglvssertdjhcr/Build/Products/Debug-iphonesimulator -F /Applications/Xcode.app/Contents/Developer/Platforms/iPhoneSimulator.platform/Developer/Library/Frameworks -F /Applications/Xcode.app/Contents/Developer/Platforms/iPhoneSimulator.platform/Developer/SDKs/iPhoneSimulator26.2.sdk/Developer/Library/Frameworks -c -j8 -enable-batch-mode -incremental -Xcc -ivfsstatcache -Xcc /Users/user51/Library/Developer/Xcode/DerivedData/SDKStatCaches.noindex/iphonesimulator26.2-23C53-dc75598d0054f22ec865fa860f139d727d00a8b37fbd7999ea79df8ebc024bf0.sdkstatcache -output-file-map /Users/user51/Library/Developer/Xcode/DerivedData/iCohort3-bwoefxeicoflurbglvssertdjhcr/Build/Intermediates.noindex/Supabase.build/Debug-iphonesimulator/Storage.build/Objects-normal/arm64/Storage-OutputFileMap.json -use-frontend-parseable-output -save-temps -no-color-diagnostics -explicit-module-build -module-cache-path /Users/user51/Library/Developer/Xcode/DerivedData/iCohort3-bwoefxeicoflurbglvssertdjhcr/Build/Intermediates.noindex/SwiftExplicitPrecompiledModules -clang-scanner-module-cache-path /Users/user51/Library/Developer/Xcode/DerivedData/ModuleCache.noindex -sdk-module-cache-path /Users/user51/Library/Developer/Xcode/DerivedData/ModuleCache.noindex -serialize-diagnostics -emit-dependencies -emit-module -emit-module-path /Users/user51/Library/Developer/Xcode/DerivedData/iCohort3-bwoefxeicoflurbglvssertdjhcr/Build/Intermediates.noindex/Supabase.build/Debug-iphonesimulator/Storage.build/Objects-normal/arm64/Storage.swiftmodule -validate-clang-modules-once -clang-build-session-file /Users/user51/Library/Developer/Xcode/DerivedData/ModuleCache.noindex/Session.modulevalidation -package-name supabase_swift -Xcc -I/Users/user51/Library/Developer/Xcode/DerivedData/iCohort3-bwoefxeicoflurbglvssertdjhcr/Build/Intermediates.noindex/Supabase.build/Debug-iphonesimulator/Storage.build/swift-overrides.hmap -emit-const-values -Xfrontend -const-gather-protocols-file -Xfrontend /Users/user51/Library/Developer/Xcode/DerivedData/iCohort3-bwoefxeicoflurbglvssertdjhcr/Build/Intermediates.noindex/Supabase.build/Debug-iphonesimulator/Storage.build/Objects-normal/arm64/Storage_const_extract_protocols.json -Xcc -I/Users/user51/Library/Developer/Xcode/DerivedData/iCohort3-bwoefxeicoflurbglvssertdjhcr/Build/Products/Debug-iphonesimulator/include -Xcc -I/Users/user51/Library/Developer/Xcode/DerivedData/iCohort3-bwoefxeicoflurbglvssertdjhcr/Build/Intermediates.noindex/Supabase.build/Debug-iphonesimulator/Storage.build/DerivedSources-normal/arm64 -Xcc -I/Users/user51/Library/Developer/Xcode/DerivedData/iCohort3-bwoefxeicoflurbglvssertdjhcr/Build/Intermediates.noindex/Supabase.build/Debug-iphonesimulator/Storage.build/DerivedSources/arm64 -Xcc -I/Users/user51/Library/Developer/Xcode/DerivedData/iCohort3-bwoefxeicoflurbglvssertdjhcr/Build/Intermediates.noindex/Supabase.build/Debug-iphonesimulator/Storage.build/DerivedSources -Xcc -DSWIFT_PACKAGE -Xcc -DDEBUG\=1 -emit-objc-header -emit-objc-header-path /Users/user51/Library/Developer/Xcode/DerivedData/iCohort3-bwoefxeicoflurbglvssertdjhcr/Build/Intermediates.noindex/Supabase.build/Debug-iphonesimulator/Storage.build/Objects-normal/arm64/Storage-Swift.h -working-directory /Users/user51/Downloads/iCohort3/iCohort3.xcodeproj -experimental-emit-module-separately -disable-cmo

SwiftMergeGeneratedHeaders /Users/user51/Library/Developer/Xcode/DerivedData/iCohort3-bwoefxeicoflurbglvssertdjhcr/Build/Intermediates.noindex/GeneratedModuleMaps-iphonesimulator/Auth-Swift.h /Users/user51/Library/Developer/Xcode/DerivedData/iCohort3-bwoefxeicoflurbglvssertdjhcr/Build/Intermediates.noindex/Supabase.build/Debug-iphonesimulator/Auth.build/Objects-normal/arm64/Auth-Swift.h (in target 'Auth' from project 'Supabase')
    cd /Users/user51/Library/Developer/Xcode/DerivedData/iCohort3-bwoefxeicoflurbglvssertdjhcr/SourcePackages/checkouts/supabase-swift
    builtin-swiftHeaderTool -arch arm64 /Users/user51/Library/Developer/Xcode/DerivedData/iCohort3-bwoefxeicoflurbglvssertdjhcr/Build/Intermediates.noindex/Supabase.build/Debug-iphonesimulator/Auth.build/Objects-normal/arm64/Auth-Swift.h -o /Users/user51/Library/Developer/Xcode/DerivedData/iCohort3-bwoefxeicoflurbglvssertdjhcr/Build/Intermediates.noindex/GeneratedModuleMaps-iphonesimulator/Auth-Swift.h

Copy /Users/user51/Library/Developer/Xcode/DerivedData/iCohort3-bwoefxeicoflurbglvssertdjhcr/Build/Products/Debug-iphonesimulator/Auth.swiftmodule/arm64-apple-ios-simulator.swiftmodule /Users/user51/Library/Developer/Xcode/DerivedData/iCohort3-bwoefxeicoflurbglvssertdjhcr/Build/Intermediates.noindex/Supabase.build/Debug-iphonesimulator/Auth.build/Objects-normal/arm64/Auth.swiftmodule (in target 'Auth' from project 'Supabase')
    cd /Users/user51/Library/Developer/Xcode/DerivedData/iCohort3-bwoefxeicoflurbglvssertdjhcr/SourcePackages/checkouts/supabase-swift
    builtin-copy -exclude .DS_Store -exclude CVS -exclude .svn -exclude .git -exclude .hg -resolve-src-symlinks -rename /Users/user51/Library/Developer/Xcode/DerivedData/iCohort3-bwoefxeicoflurbglvssertdjhcr/Build/Intermediates.noindex/Supabase.build/Debug-iphonesimulator/Auth.build/Objects-normal/arm64/Auth.swiftmodule /Users/user51/Library/Developer/Xcode/DerivedData/iCohort3-bwoefxeicoflurbglvssertdjhcr/Build/Products/Debug-iphonesimulator/Auth.swiftmodule/arm64-apple-ios-simulator.swiftmodule

Copy /Users/user51/Library/Developer/Xcode/DerivedData/iCohort3-bwoefxeicoflurbglvssertdjhcr/Build/Products/Debug-iphonesimulator/Auth.swiftmodule/arm64-apple-ios-simulator.swiftdoc /Users/user51/Library/Developer/Xcode/DerivedData/iCohort3-bwoefxeicoflurbglvssertdjhcr/Build/Intermediates.noindex/Supabase.build/Debug-iphonesimulator/Auth.build/Objects-normal/arm64/Auth.swiftdoc (in target 'Auth' from project 'Supabase')
    cd /Users/user51/Library/Developer/Xcode/DerivedData/iCohort3-bwoefxeicoflurbglvssertdjhcr/SourcePackages/checkouts/supabase-swift
    builtin-copy -exclude .DS_Store -exclude CVS -exclude .svn -exclude .git -exclude .hg -resolve-src-symlinks -rename /Users/user51/Library/Developer/Xcode/DerivedData/iCohort3-bwoefxeicoflurbglvssertdjhcr/Build/Intermediates.noindex/Supabase.build/Debug-iphonesimulator/Auth.build/Objects-normal/arm64/Auth.swiftdoc /Users/user51/Library/Developer/Xcode/DerivedData/iCohort3-bwoefxeicoflurbglvssertdjhcr/Build/Products/Debug-iphonesimulator/Auth.swiftmodule/arm64-apple-ios-simulator.swiftdoc

Copy /Users/user51/Library/Developer/Xcode/DerivedData/iCohort3-bwoefxeicoflurbglvssertdjhcr/Build/Products/Debug-iphonesimulator/Auth.swiftmodule/arm64-apple-ios-simulator.abi.json /Users/user51/Library/Developer/Xcode/DerivedData/iCohort3-bwoefxeicoflurbglvssertdjhcr/Build/Intermediates.noindex/Supabase.build/Debug-iphonesimulator/Auth.build/Objects-normal/arm64/Auth.abi.json (in target 'Auth' from project 'Supabase')
    cd /Users/user51/Library/Developer/Xcode/DerivedData/iCohort3-bwoefxeicoflurbglvssertdjhcr/SourcePackages/checkouts/supabase-swift
    builtin-copy -exclude .DS_Store -exclude CVS -exclude .svn -exclude .git -exclude .hg -resolve-src-symlinks -rename /Users/user51/Library/Developer/Xcode/DerivedData/iCohort3-bwoefxeicoflurbglvssertdjhcr/Build/Intermediates.noindex/Supabase.build/Debug-iphonesimulator/Auth.build/Objects-normal/arm64/Auth.abi.json /Users/user51/Library/Developer/Xcode/DerivedData/iCohort3-bwoefxeicoflurbglvssertdjhcr/Build/Products/Debug-iphonesimulator/Auth.swiftmodule/arm64-apple-ios-simulator.abi.json

Copy /Users/user51/Library/Developer/Xcode/DerivedData/iCohort3-bwoefxeicoflurbglvssertdjhcr/Build/Products/Debug-iphonesimulator/Auth.swiftmodule/Project/arm64-apple-ios-simulator.swiftsourceinfo /Users/user51/Library/Developer/Xcode/DerivedData/iCohort3-bwoefxeicoflurbglvssertdjhcr/Build/Intermediates.noindex/Supabase.build/Debug-iphonesimulator/Auth.build/Objects-normal/arm64/Auth.swiftsourceinfo (in target 'Auth' from project 'Supabase')
    cd /Users/user51/Library/Developer/Xcode/DerivedData/iCohort3-bwoefxeicoflurbglvssertdjhcr/SourcePackages/checkouts/supabase-swift
    builtin-copy -exclude .DS_Store -exclude CVS -exclude .svn -exclude .git -exclude .hg -resolve-src-symlinks -rename /Users/user51/Library/Developer/Xcode/DerivedData/iCohort3-bwoefxeicoflurbglvssertdjhcr/Build/Intermediates.noindex/Supabase.build/Debug-iphonesimulator/Auth.build/Objects-normal/arm64/Auth.swiftsourceinfo /Users/user51/Library/Developer/Xcode/DerivedData/iCohort3-bwoefxeicoflurbglvssertdjhcr/Build/Products/Debug-iphonesimulator/Auth.swiftmodule/Project/arm64-apple-ios-simulator.swiftsourceinfo

SwiftCompile normal arm64 Compiling\ PostgrestTransformBuilder.swift /Users/user51/Library/Developer/Xcode/DerivedData/iCohort3-bwoefxeicoflurbglvssertdjhcr/SourcePackages/checkouts/supabase-swift/Sources/PostgREST/PostgrestTransformBuilder.swift (in target 'PostgREST' from project 'Supabase')

SwiftCompile normal arm64 /Users/user51/Library/Developer/Xcode/DerivedData/iCohort3-bwoefxeicoflurbglvssertdjhcr/SourcePackages/checkouts/supabase-swift/Sources/PostgREST/PostgrestTransformBuilder.swift (in target 'PostgREST' from project 'Supabase')
    cd /Users/user51/Downloads/iCohort3/iCohort3.xcodeproj
    

SwiftDriverJobDiscovery normal arm64 Compiling Exports.swift, PostgresAction.swift, PostgresActionData.swift, PresenceAction.swift (in target 'Realtime' from project 'Supabase')

SwiftCompile normal arm64 Compiling\ Defaults.swift,\ Deprecated.swift /Users/user51/Library/Developer/Xcode/DerivedData/iCohort3-bwoefxeicoflurbglvssertdjhcr/SourcePackages/checkouts/supabase-swift/Sources/PostgREST/Defaults.swift /Users/user51/Library/Developer/Xcode/DerivedData/iCohort3-bwoefxeicoflurbglvssertdjhcr/SourcePackages/checkouts/supabase-swift/Sources/PostgREST/Deprecated.swift (in target 'PostgREST' from project 'Supabase')

SwiftCompile normal arm64 /Users/user51/Library/Developer/Xcode/DerivedData/iCohort3-bwoefxeicoflurbglvssertdjhcr/SourcePackages/checkouts/supabase-swift/Sources/PostgREST/Defaults.swift (in target 'PostgREST' from project 'Supabase')
    cd /Users/user51/Downloads/iCohort3/iCohort3.xcodeproj
    

SwiftCompile normal arm64 /Users/user51/Library/Developer/Xcode/DerivedData/iCohort3-bwoefxeicoflurbglvssertdjhcr/SourcePackages/checkouts/supabase-swift/Sources/PostgREST/Deprecated.swift (in target 'PostgREST' from project 'Supabase')
    cd /Users/user51/Downloads/iCohort3/iCohort3.xcodeproj
    

SwiftCompile normal arm64 Compiling\ PostgrestFilterValue.swift /Users/user51/Library/Developer/Xcode/DerivedData/iCohort3-bwoefxeicoflurbglvssertdjhcr/SourcePackages/checkouts/supabase-swift/Sources/PostgREST/PostgrestFilterValue.swift (in target 'PostgREST' from project 'Supabase')

SwiftCompile normal arm64 /Users/user51/Library/Developer/Xcode/DerivedData/iCohort3-bwoefxeicoflurbglvssertdjhcr/SourcePackages/checkouts/supabase-swift/Sources/PostgREST/PostgrestFilterValue.swift (in target 'PostgREST' from project 'Supabase')
    cd /Users/user51/Downloads/iCohort3/iCohort3.xcodeproj
    

SwiftDriverJobDiscovery normal arm64 Compiling CallbackManager.swift, Defaults.swift, Delegated.swift, Deprecated.swift (in target 'Realtime' from project 'Supabase')

SwiftDriverJobDiscovery normal arm64 Compiling Defaults.swift, Deprecated.swift (in target 'PostgREST' from project 'Supabase')

SwiftCompile normal arm64 Compiling\ PostgrestQueryBuilder.swift /Users/user51/Library/Developer/Xcode/DerivedData/iCohort3-bwoefxeicoflurbglvssertdjhcr/SourcePackages/checkouts/supabase-swift/Sources/PostgREST/PostgrestQueryBuilder.swift (in target 'PostgREST' from project 'Supabase')

SwiftCompile normal arm64 /Users/user51/Library/Developer/Xcode/DerivedData/iCohort3-bwoefxeicoflurbglvssertdjhcr/SourcePackages/checkouts/supabase-swift/Sources/PostgREST/PostgrestQueryBuilder.swift (in target 'PostgREST' from project 'Supabase')
    cd /Users/user51/Downloads/iCohort3/iCohort3.xcodeproj
    

SwiftCompile normal arm64 Compiling\ Types.swift /Users/user51/Library/Developer/Xcode/DerivedData/iCohort3-bwoefxeicoflurbglvssertdjhcr/SourcePackages/checkouts/supabase-swift/Sources/PostgREST/Types.swift (in target 'PostgREST' from project 'Supabase')

SwiftCompile normal arm64 /Users/user51/Library/Developer/Xcode/DerivedData/iCohort3-bwoefxeicoflurbglvssertdjhcr/SourcePackages/checkouts/supabase-swift/Sources/PostgREST/Types.swift (in target 'PostgREST' from project 'Supabase')
    cd /Users/user51/Downloads/iCohort3/iCohort3.xcodeproj
    

SwiftDriverJobDiscovery normal arm64 Compiling PostgrestTransformBuilder.swift (in target 'PostgREST' from project 'Supabase')

SwiftCompile normal arm64 Compiling\ Exports.swift,\ PostgrestBuilder.swift /Users/user51/Library/Developer/Xcode/DerivedData/iCohort3-bwoefxeicoflurbglvssertdjhcr/SourcePackages/checkouts/supabase-swift/Sources/PostgREST/Exports.swift /Users/user51/Library/Developer/Xcode/DerivedData/iCohort3-bwoefxeicoflurbglvssertdjhcr/SourcePackages/checkouts/supabase-swift/Sources/PostgREST/PostgrestBuilder.swift (in target 'PostgREST' from project 'Supabase')

SwiftCompile normal arm64 /Users/user51/Library/Developer/Xcode/DerivedData/iCohort3-bwoefxeicoflurbglvssertdjhcr/SourcePackages/checkouts/supabase-swift/Sources/PostgREST/Exports.swift (in target 'PostgREST' from project 'Supabase')
    cd /Users/user51/Downloads/iCohort3/iCohort3.xcodeproj
    

SwiftCompile normal arm64 /Users/user51/Library/Developer/Xcode/DerivedData/iCohort3-bwoefxeicoflurbglvssertdjhcr/SourcePackages/checkouts/supabase-swift/Sources/PostgREST/PostgrestBuilder.swift (in target 'PostgREST' from project 'Supabase')
    cd /Users/user51/Downloads/iCohort3/iCohort3.xcodeproj
    

SwiftDriverJobDiscovery normal arm64 Compiling PostgrestFilterValue.swift (in target 'PostgREST' from project 'Supabase')

SwiftCompile normal arm64 Compiling\ PostgrestFilterBuilder.swift /Users/user51/Library/Developer/Xcode/DerivedData/iCohort3-bwoefxeicoflurbglvssertdjhcr/SourcePackages/checkouts/supabase-swift/Sources/PostgREST/PostgrestFilterBuilder.swift (in target 'PostgREST' from project 'Supabase')

SwiftCompile normal arm64 /Users/user51/Library/Developer/Xcode/DerivedData/iCohort3-bwoefxeicoflurbglvssertdjhcr/SourcePackages/checkouts/supabase-swift/Sources/PostgREST/PostgrestFilterBuilder.swift (in target 'PostgREST' from project 'Supabase')
    cd /Users/user51/Downloads/iCohort3/iCohort3.xcodeproj
    

SwiftDriverJobDiscovery normal arm64 Compiling Types.swift (in target 'PostgREST' from project 'Supabase')

SwiftCompile normal arm64 Compiling\ PostgrestClient.swift /Users/user51/Library/Developer/Xcode/DerivedData/iCohort3-bwoefxeicoflurbglvssertdjhcr/SourcePackages/checkouts/supabase-swift/Sources/PostgREST/PostgrestClient.swift (in target 'PostgREST' from project 'Supabase')

SwiftCompile normal arm64 /Users/user51/Library/Developer/Xcode/DerivedData/iCohort3-bwoefxeicoflurbglvssertdjhcr/SourcePackages/checkouts/supabase-swift/Sources/PostgREST/PostgrestClient.swift (in target 'PostgREST' from project 'Supabase')
    cd /Users/user51/Downloads/iCohort3/iCohort3.xcodeproj
    

SwiftDriverJobDiscovery normal arm64 Compiling PostgrestQueryBuilder.swift (in target 'PostgREST' from project 'Supabase')

SwiftDriverJobDiscovery normal arm64 Compiling Types.swift, URLSessionWebSocket.swift, WebSocket.swift (in target 'Realtime' from project 'Supabase')

SwiftDriver\ Compilation Functions normal arm64 com.apple.xcode.tools.swift.compiler (in target 'Functions' from project 'Supabase')
    cd /Users/user51/Downloads/iCohort3/iCohort3.xcodeproj
    builtin-Swift-Compilation -- /Applications/Xcode.app/Contents/Developer/Toolchains/XcodeDefault.xctoolchain/usr/bin/swiftc -module-name Functions -Onone -enforce-exclusivity\=checked @/Users/user51/Library/Developer/Xcode/DerivedData/iCohort3-bwoefxeicoflurbglvssertdjhcr/Build/Intermediates.noindex/Supabase.build/Debug-iphonesimulator/Functions.build/Objects-normal/arm64/Functions.SwiftFileList -DSWIFT_PACKAGE -DDEBUG -DSWIFT_MODULE_RESOURCE_BUNDLE_UNAVAILABLE -DXcode -enable-upcoming-feature ExistentialAny -enable-experimental-feature StrictConcurrency -plugin-path /Applications/Xcode.app/Contents/Developer/Toolchains/XcodeDefault.xctoolchain/usr/lib/swift/host/plugins/testing -enable-experimental-feature DebugDescriptionMacro -sdk /Applications/Xcode.app/Contents/Developer/Platforms/iPhoneSimulator.platform/Developer/SDKs/iPhoneSimulator26.2.sdk -target arm64-apple-ios13.0-simulator -g -module-cache-path /Users/user51/Library/Developer/Xcode/DerivedData/ModuleCache.noindex -Xfrontend -serialize-debugging-options -profile-coverage-mapping -profile-generate -enable-testing -suppress-warnings -index-store-path /Users/user51/Library/Developer/Xcode/DerivedData/iCohort3-bwoefxeicoflurbglvssertdjhcr/Index.noindex/DataStore -Xcc -D_LIBCPP_HARDENING_MODE\=_LIBCPP_HARDENING_MODE_DEBUG -swift-version 5 -I /Users/user51/Library/Developer/Xcode/DerivedData/iCohort3-bwoefxeicoflurbglvssertdjhcr/Build/Products/Debug-iphonesimulator -Isystem /Applications/Xcode.app/Contents/Developer/Platforms/iPhoneSimulator.platform/Developer/usr/lib -F /Users/user51/Library/Developer/Xcode/DerivedData/iCohort3-bwoefxeicoflurbglvssertdjhcr/Build/Products/Debug-iphonesimulator/PackageFrameworks -F /Users/user51/Library/Developer/Xcode/DerivedData/iCohort3-bwoefxeicoflurbglvssertdjhcr/Build/Products/Debug-iphonesimulator/PackageFrameworks -F /Users/user51/Library/Developer/Xcode/DerivedData/iCohort3-bwoefxeicoflurbglvssertdjhcr/Build/Products/Debug-iphonesimulator/PackageFrameworks -F /Users/user51/Library/Developer/Xcode/DerivedData/iCohort3-bwoefxeicoflurbglvssertdjhcr/Build/Products/Debug-iphonesimulator/PackageFrameworks -F /Users/user51/Library/Developer/Xcode/DerivedData/iCohort3-bwoefxeicoflurbglvssertdjhcr/Build/Products/Debug-iphonesimulator/PackageFrameworks -F /Users/user51/Library/Developer/Xcode/DerivedData/iCohort3-bwoefxeicoflurbglvssertdjhcr/Build/Products/Debug-iphonesimulator/PackageFrameworks -F /Users/user51/Library/Developer/Xcode/DerivedData/iCohort3-bwoefxeicoflurbglvssertdjhcr/Build/Products/Debug-iphonesimulator/PackageFrameworks -F /Users/user51/Library/Developer/Xcode/DerivedData/iCohort3-bwoefxeicoflurbglvssertdjhcr/Build/Products/Debug-iphonesimulator -F /Applications/Xcode.app/Contents/Developer/Platforms/iPhoneSimulator.platform/Developer/Library/Frameworks -F /Applications/Xcode.app/Contents/Developer/Platforms/iPhoneSimulator.platform/Developer/SDKs/iPhoneSimulator26.2.sdk/Developer/Library/Frameworks -c -j8 -enable-batch-mode -incremental -Xcc -ivfsstatcache -Xcc /Users/user51/Library/Developer/Xcode/DerivedData/SDKStatCaches.noindex/iphonesimulator26.2-23C53-dc75598d0054f22ec865fa860f139d727d00a8b37fbd7999ea79df8ebc024bf0.sdkstatcache -output-file-map /Users/user51/Library/Developer/Xcode/DerivedData/iCohort3-bwoefxeicoflurbglvssertdjhcr/Build/Intermediates.noindex/Supabase.build/Debug-iphonesimulator/Functions.build/Objects-normal/arm64/Functions-OutputFileMap.json -use-frontend-parseable-output -save-temps -no-color-diagnostics -explicit-module-build -module-cache-path /Users/user51/Library/Developer/Xcode/DerivedData/iCohort3-bwoefxeicoflurbglvssertdjhcr/Build/Intermediates.noindex/SwiftExplicitPrecompiledModules -clang-scanner-module-cache-path /Users/user51/Library/Developer/Xcode/DerivedData/ModuleCache.noindex -sdk-module-cache-path /Users/user51/Library/Developer/Xcode/DerivedData/ModuleCache.noindex -serialize-diagnostics -emit-dependencies -emit-module -emit-module-path /Users/user51/Library/Developer/Xcode/DerivedData/iCohort3-bwoefxeicoflurbglvssertdjhcr/Build/Intermediates.noindex/Supabase.build/Debug-iphonesimulator/Functions.build/Objects-normal/arm64/Functions.swiftmodule -validate-clang-modules-once -clang-build-session-file /Users/user51/Library/Developer/Xcode/DerivedData/ModuleCache.noindex/Session.modulevalidation -package-name supabase_swift -Xcc -I/Users/user51/Library/Developer/Xcode/DerivedData/iCohort3-bwoefxeicoflurbglvssertdjhcr/Build/Intermediates.noindex/Supabase.build/Debug-iphonesimulator/Functions.build/swift-overrides.hmap -emit-const-values -Xfrontend -const-gather-protocols-file -Xfrontend /Users/user51/Library/Developer/Xcode/DerivedData/iCohort3-bwoefxeicoflurbglvssertdjhcr/Build/Intermediates.noindex/Supabase.build/Debug-iphonesimulator/Functions.build/Objects-normal/arm64/Functions_const_extract_protocols.json -Xcc -I/Users/user51/Library/Developer/Xcode/DerivedData/iCohort3-bwoefxeicoflurbglvssertdjhcr/Build/Products/Debug-iphonesimulator/include -Xcc -I/Users/user51/Library/Developer/Xcode/DerivedData/iCohort3-bwoefxeicoflurbglvssertdjhcr/Build/Intermediates.noindex/Supabase.build/Debug-iphonesimulator/Functions.build/DerivedSources-normal/arm64 -Xcc -I/Users/user51/Library/Developer/Xcode/DerivedData/iCohort3-bwoefxeicoflurbglvssertdjhcr/Build/Intermediates.noindex/Supabase.build/Debug-iphonesimulator/Functions.build/DerivedSources/arm64 -Xcc -I/Users/user51/Library/Developer/Xcode/DerivedData/iCohort3-bwoefxeicoflurbglvssertdjhcr/Build/Intermediates.noindex/Supabase.build/Debug-iphonesimulator/Functions.build/DerivedSources -Xcc -DSWIFT_PACKAGE -Xcc -DDEBUG\=1 -emit-objc-header -emit-objc-header-path /Users/user51/Library/Developer/Xcode/DerivedData/iCohort3-bwoefxeicoflurbglvssertdjhcr/Build/Intermediates.noindex/Supabase.build/Debug-iphonesimulator/Functions.build/Objects-normal/arm64/Functions-Swift.h -working-directory /Users/user51/Downloads/iCohort3/iCohort3.xcodeproj -experimental-emit-module-separately -disable-cmo

SwiftCompile normal arm64 Compiling\ Constants.swift,\ Dependencies.swift,\ EventEmitter.swift,\ FixedWidthInteger+Random.swift /Users/user51/Library/Developer/Xcode/DerivedData/iCohort3-bwoefxeicoflurbglvssertdjhcr/SourcePackages/checkouts/supabase-swift/Sources/Auth/Internal/Constants.swift /Users/user51/Library/Developer/Xcode/DerivedData/iCohort3-bwoefxeicoflurbglvssertdjhcr/SourcePackages/checkouts/supabase-swift/Sources/Auth/Internal/Dependencies.swift /Users/user51/Library/Developer/Xcode/DerivedData/iCohort3-bwoefxeicoflurbglvssertdjhcr/SourcePackages/checkouts/supabase-swift/Sources/Auth/Internal/EventEmitter.swift /Users/user51/Library/Developer/Xcode/DerivedData/iCohort3-bwoefxeicoflurbglvssertdjhcr/SourcePackages/checkouts/supabase-swift/Sources/Auth/Internal/FixedWidthInteger+Random.swift (in target 'Auth' from project 'Supabase')

SwiftCompile normal arm64 /Users/user51/Library/Developer/Xcode/DerivedData/iCohort3-bwoefxeicoflurbglvssertdjhcr/SourcePackages/checkouts/supabase-swift/Sources/Auth/Internal/Constants.swift (in target 'Auth' from project 'Supabase')
    cd /Users/user51/Downloads/iCohort3/iCohort3.xcodeproj
    

SwiftCompile normal arm64 /Users/user51/Library/Developer/Xcode/DerivedData/iCohort3-bwoefxeicoflurbglvssertdjhcr/SourcePackages/checkouts/supabase-swift/Sources/Auth/Internal/Dependencies.swift (in target 'Auth' from project 'Supabase')
    cd /Users/user51/Downloads/iCohort3/iCohort3.xcodeproj
    

SwiftCompile normal arm64 /Users/user51/Library/Developer/Xcode/DerivedData/iCohort3-bwoefxeicoflurbglvssertdjhcr/SourcePackages/checkouts/supabase-swift/Sources/Auth/Internal/EventEmitter.swift (in target 'Auth' from project 'Supabase')
    cd /Users/user51/Downloads/iCohort3/iCohort3.xcodeproj
    

SwiftCompile normal arm64 /Users/user51/Library/Developer/Xcode/DerivedData/iCohort3-bwoefxeicoflurbglvssertdjhcr/SourcePackages/checkouts/supabase-swift/Sources/Auth/Internal/FixedWidthInteger+Random.swift (in target 'Auth' from project 'Supabase')
    cd /Users/user51/Downloads/iCohort3/iCohort3.xcodeproj
    

SwiftDriverJobDiscovery normal arm64 Compiling Exports.swift, PostgrestBuilder.swift (in target 'PostgREST' from project 'Supabase')

SwiftCompile normal arm64 Compiling\ Deprecated.swift,\ Exports.swift,\ APIClient.swift,\ CodeVerifierStorage.swift /Users/user51/Library/Developer/Xcode/DerivedData/iCohort3-bwoefxeicoflurbglvssertdjhcr/SourcePackages/checkouts/supabase-swift/Sources/Auth/Deprecated.swift /Users/user51/Library/Developer/Xcode/DerivedData/iCohort3-bwoefxeicoflurbglvssertdjhcr/SourcePackages/checkouts/supabase-swift/Sources/Auth/Exports.swift /Users/user51/Library/Developer/Xcode/DerivedData/iCohort3-bwoefxeicoflurbglvssertdjhcr/SourcePackages/checkouts/supabase-swift/Sources/Auth/Internal/APIClient.swift /Users/user51/Library/Developer/Xcode/DerivedData/iCohort3-bwoefxeicoflurbglvssertdjhcr/SourcePackages/checkouts/supabase-swift/Sources/Auth/Internal/CodeVerifierStorage.swift (in target 'Auth' from project 'Supabase')
SwiftCompile normal arm64 /Users/user51/Library/Developer/Xcode/DerivedData/iCohort3-bwoefxeicoflurbglvssertdjhcr/SourcePackages/checkouts/supabase-swift/Sources/Auth/Deprecated.swift (in target 'Auth' from project 'Supabase')
    cd /Users/user51/Downloads/iCohort3/iCohort3.xcodeproj
    

SwiftCompile normal arm64 /Users/user51/Library/Developer/Xcode/DerivedData/iCohort3-bwoefxeicoflurbglvssertdjhcr/SourcePackages/checkouts/supabase-swift/Sources/Auth/Exports.swift (in target 'Auth' from project 'Supabase')
    cd /Users/user51/Downloads/iCohort3/iCohort3.xcodeproj
    

SwiftCompile normal arm64 /Users/user51/Library/Developer/Xcode/DerivedData/iCohort3-bwoefxeicoflurbglvssertdjhcr/SourcePackages/checkouts/supabase-swift/Sources/Auth/Internal/APIClient.swift (in target 'Auth' from project 'Supabase')
    cd /Users/user51/Downloads/iCohort3/iCohort3.xcodeproj
    

SwiftCompile normal arm64 /Users/user51/Library/Developer/Xcode/DerivedData/iCohort3-bwoefxeicoflurbglvssertdjhcr/SourcePackages/checkouts/supabase-swift/Sources/Auth/Internal/CodeVerifierStorage.swift (in target 'Auth' from project 'Supabase')
    cd /Users/user51/Downloads/iCohort3/iCohort3.xcodeproj
    

SwiftDriverJobDiscovery normal arm64 Compiling HeartbeatTimer.swift, PhoenixTransport.swift, Presence.swift, Push.swift (in target 'Realtime' from project 'Supabase')

SwiftCompile normal arm64 Compiling\ Helpers.swift,\ JWK+RSA.swift,\ JWTAlgorithm.swift /Users/user51/Library/Developer/Xcode/DerivedData/iCohort3-bwoefxeicoflurbglvssertdjhcr/SourcePackages/checkouts/supabase-swift/Sources/Auth/Internal/Helpers.swift /Users/user51/Library/Developer/Xcode/DerivedData/iCohort3-bwoefxeicoflurbglvssertdjhcr/SourcePackages/checkouts/supabase-swift/Sources/Auth/Internal/JWK+RSA.swift /Users/user51/Library/Developer/Xcode/DerivedData/iCohort3-bwoefxeicoflurbglvssertdjhcr/SourcePackages/checkouts/supabase-swift/Sources/Auth/Internal/JWTAlgorithm.swift (in target 'Auth' from project 'Supabase')

SwiftCompile normal arm64 /Users/user51/Library/Developer/Xcode/DerivedData/iCohort3-bwoefxeicoflurbglvssertdjhcr/SourcePackages/checkouts/supabase-swift/Sources/Auth/Internal/Helpers.swift (in target 'Auth' from project 'Supabase')
    cd /Users/user51/Downloads/iCohort3/iCohort3.xcodeproj
    

SwiftCompile normal arm64 /Users/user51/Library/Developer/Xcode/DerivedData/iCohort3-bwoefxeicoflurbglvssertdjhcr/SourcePackages/checkouts/supabase-swift/Sources/Auth/Internal/JWK+RSA.swift (in target 'Auth' from project 'Supabase')
    cd /Users/user51/Downloads/iCohort3/iCohort3.xcodeproj
    

SwiftCompile normal arm64 /Users/user51/Library/Developer/Xcode/DerivedData/iCohort3-bwoefxeicoflurbglvssertdjhcr/SourcePackages/checkouts/supabase-swift/Sources/Auth/Internal/JWTAlgorithm.swift (in target 'Auth' from project 'Supabase')
    cd /Users/user51/Downloads/iCohort3/iCohort3.xcodeproj
    

SwiftDriverJobDiscovery normal arm64 Compiling PostgrestClient.swift (in target 'PostgREST' from project 'Supabase')

SwiftCompile normal arm64 Compiling\ KeychainLocalStorage.swift,\ WinCredLocalStorage.swift,\ Types.swift /Users/user51/Library/Developer/Xcode/DerivedData/iCohort3-bwoefxeicoflurbglvssertdjhcr/SourcePackages/checkouts/supabase-swift/Sources/Auth/Storage/KeychainLocalStorage.swift /Users/user51/Library/Developer/Xcode/DerivedData/iCohort3-bwoefxeicoflurbglvssertdjhcr/SourcePackages/checkouts/supabase-swift/Sources/Auth/Storage/WinCredLocalStorage.swift /Users/user51/Library/Developer/Xcode/DerivedData/iCohort3-bwoefxeicoflurbglvssertdjhcr/SourcePackages/checkouts/supabase-swift/Sources/Auth/Types.swift (in target 'Auth' from project 'Supabase')
SwiftCompile normal arm64 /Users/user51/Library/Developer/Xcode/DerivedData/iCohort3-bwoefxeicoflurbglvssertdjhcr/SourcePackages/checkouts/supabase-swift/Sources/Auth/Storage/KeychainLocalStorage.swift (in target 'Auth' from project 'Supabase')
    cd /Users/user51/Downloads/iCohort3/iCohort3.xcodeproj
    

SwiftCompile normal arm64 /Users/user51/Library/Developer/Xcode/DerivedData/iCohort3-bwoefxeicoflurbglvssertdjhcr/SourcePackages/checkouts/supabase-swift/Sources/Auth/Storage/WinCredLocalStorage.swift (in target 'Auth' from project 'Supabase')
    cd /Users/user51/Downloads/iCohort3/iCohort3.xcodeproj
    

SwiftCompile normal arm64 /Users/user51/Library/Developer/Xcode/DerivedData/iCohort3-bwoefxeicoflurbglvssertdjhcr/SourcePackages/checkouts/supabase-swift/Sources/Auth/Types.swift (in target 'Auth' from project 'Supabase')
    cd /Users/user51/Downloads/iCohort3/iCohort3.xcodeproj
    

SwiftDriverJobDiscovery normal arm64 Compiling PostgrestFilterBuilder.swift (in target 'PostgREST' from project 'Supabase')

SwiftCompile normal arm64 Compiling\ AuthError.swift,\ AuthMFA.swift,\ AuthStateChangeListener.swift,\ Defaults.swift /Users/user51/Library/Developer/Xcode/DerivedData/iCohort3-bwoefxeicoflurbglvssertdjhcr/SourcePackages/checkouts/supabase-swift/Sources/Auth/AuthError.swift /Users/user51/Library/Developer/Xcode/DerivedData/iCohort3-bwoefxeicoflurbglvssertdjhcr/SourcePackages/checkouts/supabase-swift/Sources/Auth/AuthMFA.swift /Users/user51/Library/Developer/Xcode/DerivedData/iCohort3-bwoefxeicoflurbglvssertdjhcr/SourcePackages/checkouts/supabase-swift/Sources/Auth/AuthStateChangeListener.swift /Users/user51/Library/Developer/Xcode/DerivedData/iCohort3-bwoefxeicoflurbglvssertdjhcr/SourcePackages/checkouts/supabase-swift/Sources/Auth/Defaults.swift (in target 'Auth' from project 'Supabase')

SwiftCompile normal arm64 /Users/user51/Library/Developer/Xcode/DerivedData/iCohort3-bwoefxeicoflurbglvssertdjhcr/SourcePackages/checkouts/supabase-swift/Sources/Auth/AuthError.swift (in target 'Auth' from project 'Supabase')
    cd /Users/user51/Downloads/iCohort3/iCohort3.xcodeproj
    

SwiftCompile normal arm64 /Users/user51/Library/Developer/Xcode/DerivedData/iCohort3-bwoefxeicoflurbglvssertdjhcr/SourcePackages/checkouts/supabase-swift/Sources/Auth/AuthMFA.swift (in target 'Auth' from project 'Supabase')
    cd /Users/user51/Downloads/iCohort3/iCohort3.xcodeproj
    

SwiftCompile normal arm64 /Users/user51/Library/Developer/Xcode/DerivedData/iCohort3-bwoefxeicoflurbglvssertdjhcr/SourcePackages/checkouts/supabase-swift/Sources/Auth/AuthStateChangeListener.swift (in target 'Auth' from project 'Supabase')
    cd /Users/user51/Downloads/iCohort3/iCohort3.xcodeproj
    

SwiftCompile normal arm64 /Users/user51/Library/Developer/Xcode/DerivedData/iCohort3-bwoefxeicoflurbglvssertdjhcr/SourcePackages/checkouts/supabase-swift/Sources/Auth/Defaults.swift (in target 'Auth' from project 'Supabase')
    cd /Users/user51/Downloads/iCohort3/iCohort3.xcodeproj
    

SwiftDriverJobDiscovery normal arm64 Compiling PushV2.swift, RealtimeChannel+AsyncAwait.swift, RealtimeChannelV2.swift (in target 'Realtime' from project 'Supabase')

SwiftDriver\ Compilation PostgREST normal arm64 com.apple.xcode.tools.swift.compiler (in target 'PostgREST' from project 'Supabase')
    cd /Users/user51/Downloads/iCohort3/iCohort3.xcodeproj
    builtin-Swift-Compilation -- /Applications/Xcode.app/Contents/Developer/Toolchains/XcodeDefault.xctoolchain/usr/bin/swiftc -module-name PostgREST -Onone -enforce-exclusivity\=checked @/Users/user51/Library/Developer/Xcode/DerivedData/iCohort3-bwoefxeicoflurbglvssertdjhcr/Build/Intermediates.noindex/Supabase.build/Debug-iphonesimulator/PostgREST.build/Objects-normal/arm64/PostgREST.SwiftFileList -DSWIFT_PACKAGE -DDEBUG -DSWIFT_MODULE_RESOURCE_BUNDLE_UNAVAILABLE -DXcode -enable-upcoming-feature ExistentialAny -enable-experimental-feature StrictConcurrency -plugin-path /Applications/Xcode.app/Contents/Developer/Toolchains/XcodeDefault.xctoolchain/usr/lib/swift/host/plugins/testing -enable-experimental-feature DebugDescriptionMacro -sdk /Applications/Xcode.app/Contents/Developer/Platforms/iPhoneSimulator.platform/Developer/SDKs/iPhoneSimulator26.2.sdk -target arm64-apple-ios13.0-simulator -g -module-cache-path /Users/user51/Library/Developer/Xcode/DerivedData/ModuleCache.noindex -Xfrontend -serialize-debugging-options -profile-coverage-mapping -profile-generate -enable-testing -suppress-warnings -index-store-path /Users/user51/Library/Developer/Xcode/DerivedData/iCohort3-bwoefxeicoflurbglvssertdjhcr/Index.noindex/DataStore -Xcc -D_LIBCPP_HARDENING_MODE\=_LIBCPP_HARDENING_MODE_DEBUG -swift-version 5 -I /Users/user51/Library/Developer/Xcode/DerivedData/iCohort3-bwoefxeicoflurbglvssertdjhcr/Build/Products/Debug-iphonesimulator -Isystem /Applications/Xcode.app/Contents/Developer/Platforms/iPhoneSimulator.platform/Developer/usr/lib -F /Users/user51/Library/Developer/Xcode/DerivedData/iCohort3-bwoefxeicoflurbglvssertdjhcr/Build/Products/Debug-iphonesimulator/PackageFrameworks -F /Users/user51/Library/Developer/Xcode/DerivedData/iCohort3-bwoefxeicoflurbglvssertdjhcr/Build/Products/Debug-iphonesimulator/PackageFrameworks -F /Users/user51/Library/Developer/Xcode/DerivedData/iCohort3-bwoefxeicoflurbglvssertdjhcr/Build/Products/Debug-iphonesimulator/PackageFrameworks -F /Users/user51/Library/Developer/Xcode/DerivedData/iCohort3-bwoefxeicoflurbglvssertdjhcr/Build/Products/Debug-iphonesimulator/PackageFrameworks -F /Users/user51/Library/Developer/Xcode/DerivedData/iCohort3-bwoefxeicoflurbglvssertdjhcr/Build/Products/Debug-iphonesimulator/PackageFrameworks -F /Users/user51/Library/Developer/Xcode/DerivedData/iCohort3-bwoefxeicoflurbglvssertdjhcr/Build/Products/Debug-iphonesimulator/PackageFrameworks -F /Users/user51/Library/Developer/Xcode/DerivedData/iCohort3-bwoefxeicoflurbglvssertdjhcr/Build/Products/Debug-iphonesimulator/PackageFrameworks -F /Users/user51/Library/Developer/Xcode/DerivedData/iCohort3-bwoefxeicoflurbglvssertdjhcr/Build/Products/Debug-iphonesimulator -F /Applications/Xcode.app/Contents/Developer/Platforms/iPhoneSimulator.platform/Developer/Library/Frameworks -F /Applications/Xcode.app/Contents/Developer/Platforms/iPhoneSimulator.platform/Developer/SDKs/iPhoneSimulator26.2.sdk/Developer/Library/Frameworks -c -j8 -enable-batch-mode -incremental -Xcc -ivfsstatcache -Xcc /Users/user51/Library/Developer/Xcode/DerivedData/SDKStatCaches.noindex/iphonesimulator26.2-23C53-dc75598d0054f22ec865fa860f139d727d00a8b37fbd7999ea79df8ebc024bf0.sdkstatcache -output-file-map /Users/user51/Library/Developer/Xcode/DerivedData/iCohort3-bwoefxeicoflurbglvssertdjhcr/Build/Intermediates.noindex/Supabase.build/Debug-iphonesimulator/PostgREST.build/Objects-normal/arm64/PostgREST-OutputFileMap.json -use-frontend-parseable-output -save-temps -no-color-diagnostics -explicit-module-build -module-cache-path /Users/user51/Library/Developer/Xcode/DerivedData/iCohort3-bwoefxeicoflurbglvssertdjhcr/Build/Intermediates.noindex/SwiftExplicitPrecompiledModules -clang-scanner-module-cache-path /Users/user51/Library/Developer/Xcode/DerivedData/ModuleCache.noindex -sdk-module-cache-path /Users/user51/Library/Developer/Xcode/DerivedData/ModuleCache.noindex -serialize-diagnostics -emit-dependencies -emit-module -emit-module-path /Users/user51/Library/Developer/Xcode/DerivedData/iCohort3-bwoefxeicoflurbglvssertdjhcr/Build/Intermediates.noindex/Supabase.build/Debug-iphonesimulator/PostgREST.build/Objects-normal/arm64/PostgREST.swiftmodule -validate-clang-modules-once -clang-build-session-file /Users/user51/Library/Developer/Xcode/DerivedData/ModuleCache.noindex/Session.modulevalidation -package-name supabase_swift -Xcc -I/Users/user51/Library/Developer/Xcode/DerivedData/iCohort3-bwoefxeicoflurbglvssertdjhcr/Build/Intermediates.noindex/Supabase.build/Debug-iphonesimulator/PostgREST.build/swift-overrides.hmap -emit-const-values -Xfrontend -const-gather-protocols-file -Xfrontend /Users/user51/Library/Developer/Xcode/DerivedData/iCohort3-bwoefxeicoflurbglvssertdjhcr/Build/Intermediates.noindex/Supabase.build/Debug-iphonesimulator/PostgREST.build/Objects-normal/arm64/PostgREST_const_extract_protocols.json -Xcc -I/Users/user51/Library/Developer/Xcode/DerivedData/iCohort3-bwoefxeicoflurbglvssertdjhcr/Build/Products/Debug-iphonesimulator/include -Xcc -I/Users/user51/Library/Developer/Xcode/DerivedData/iCohort3-bwoefxeicoflurbglvssertdjhcr/Build/Intermediates.noindex/Supabase.build/Debug-iphonesimulator/PostgREST.build/DerivedSources-normal/arm64 -Xcc -I/Users/user51/Library/Developer/Xcode/DerivedData/iCohort3-bwoefxeicoflurbglvssertdjhcr/Build/Intermediates.noindex/Supabase.build/Debug-iphonesimulator/PostgREST.build/DerivedSources/arm64 -Xcc -I/Users/user51/Library/Developer/Xcode/DerivedData/iCohort3-bwoefxeicoflurbglvssertdjhcr/Build/Intermediates.noindex/Supabase.build/Debug-iphonesimulator/PostgREST.build/DerivedSources -Xcc -DSWIFT_PACKAGE -Xcc -DDEBUG\=1 -emit-objc-header -emit-objc-header-path /Users/user51/Library/Developer/Xcode/DerivedData/iCohort3-bwoefxeicoflurbglvssertdjhcr/Build/Intermediates.noindex/Supabase.build/Debug-iphonesimulator/PostgREST.build/Objects-normal/arm64/PostgREST-Swift.h -working-directory /Users/user51/Downloads/iCohort3/iCohort3.xcodeproj -experimental-emit-module-separately -disable-cmo

SwiftCompile normal arm64 Compiling\ AuthAdmin.swift,\ AuthAdminOAuth.swift,\ AuthClient.swift,\ AuthClientConfiguration.swift /Users/user51/Library/Developer/Xcode/DerivedData/iCohort3-bwoefxeicoflurbglvssertdjhcr/SourcePackages/checkouts/supabase-swift/Sources/Auth/AuthAdmin.swift /Users/user51/Library/Developer/Xcode/DerivedData/iCohort3-bwoefxeicoflurbglvssertdjhcr/SourcePackages/checkouts/supabase-swift/Sources/Auth/AuthAdminOAuth.swift /Users/user51/Library/Developer/Xcode/DerivedData/iCohort3-bwoefxeicoflurbglvssertdjhcr/SourcePackages/checkouts/supabase-swift/Sources/Auth/AuthClient.swift /Users/user51/Library/Developer/Xcode/DerivedData/iCohort3-bwoefxeicoflurbglvssertdjhcr/SourcePackages/checkouts/supabase-swift/Sources/Auth/AuthClientConfiguration.swift (in target 'Auth' from project 'Supabase')

SwiftCompile normal arm64 /Users/user51/Library/Developer/Xcode/DerivedData/iCohort3-bwoefxeicoflurbglvssertdjhcr/SourcePackages/checkouts/supabase-swift/Sources/Auth/AuthAdmin.swift (in target 'Auth' from project 'Supabase')
    cd /Users/user51/Downloads/iCohort3/iCohort3.xcodeproj
    

SwiftCompile normal arm64 /Users/user51/Library/Developer/Xcode/DerivedData/iCohort3-bwoefxeicoflurbglvssertdjhcr/SourcePackages/checkouts/supabase-swift/Sources/Auth/AuthAdminOAuth.swift (in target 'Auth' from project 'Supabase')
    cd /Users/user51/Downloads/iCohort3/iCohort3.xcodeproj
    

SwiftCompile normal arm64 /Users/user51/Library/Developer/Xcode/DerivedData/iCohort3-bwoefxeicoflurbglvssertdjhcr/SourcePackages/checkouts/supabase-swift/Sources/Auth/AuthClient.swift (in target 'Auth' from project 'Supabase')
    cd /Users/user51/Downloads/iCohort3/iCohort3.xcodeproj
    

SwiftCompile normal arm64 /Users/user51/Library/Developer/Xcode/DerivedData/iCohort3-bwoefxeicoflurbglvssertdjhcr/SourcePackages/checkouts/supabase-swift/Sources/Auth/AuthClientConfiguration.swift (in target 'Auth' from project 'Supabase')
    cd /Users/user51/Downloads/iCohort3/iCohort3.xcodeproj
    

SwiftCompile normal arm64 Compiling\ Keychain.swift,\ PKCE.swift,\ SessionManager.swift /Users/user51/Library/Developer/Xcode/DerivedData/iCohort3-bwoefxeicoflurbglvssertdjhcr/SourcePackages/checkouts/supabase-swift/Sources/Auth/Internal/Keychain.swift /Users/user51/Library/Developer/Xcode/DerivedData/iCohort3-bwoefxeicoflurbglvssertdjhcr/SourcePackages/checkouts/supabase-swift/Sources/Auth/Internal/PKCE.swift /Users/user51/Library/Developer/Xcode/DerivedData/iCohort3-bwoefxeicoflurbglvssertdjhcr/SourcePackages/checkouts/supabase-swift/Sources/Auth/Internal/SessionManager.swift (in target 'Auth' from project 'Supabase')

SwiftCompile normal arm64 /Users/user51/Library/Developer/Xcode/DerivedData/iCohort3-bwoefxeicoflurbglvssertdjhcr/SourcePackages/checkouts/supabase-swift/Sources/Auth/Internal/Keychain.swift (in target 'Auth' from project 'Supabase')
    cd /Users/user51/Downloads/iCohort3/iCohort3.xcodeproj
    

SwiftCompile normal arm64 /Users/user51/Library/Developer/Xcode/DerivedData/iCohort3-bwoefxeicoflurbglvssertdjhcr/SourcePackages/checkouts/supabase-swift/Sources/Auth/Internal/PKCE.swift (in target 'Auth' from project 'Supabase')
    cd /Users/user51/Downloads/iCohort3/iCohort3.xcodeproj
    

SwiftCompile normal arm64 /Users/user51/Library/Developer/Xcode/DerivedData/iCohort3-bwoefxeicoflurbglvssertdjhcr/SourcePackages/checkouts/supabase-swift/Sources/Auth/Internal/SessionManager.swift (in target 'Auth' from project 'Supabase')
    cd /Users/user51/Downloads/iCohort3/iCohort3.xcodeproj
    

SwiftDriverJobDiscovery normal arm64 Compiling Constants.swift, Dependencies.swift, EventEmitter.swift, FixedWidthInteger+Random.swift (in target 'Auth' from project 'Supabase')

SwiftCompile normal arm64 Compiling\ SessionStorage.swift,\ URLOpener.swift,\ AuthLocalStorage.swift /Users/user51/Library/Developer/Xcode/DerivedData/iCohort3-bwoefxeicoflurbglvssertdjhcr/SourcePackages/checkouts/supabase-swift/Sources/Auth/Internal/SessionStorage.swift /Users/user51/Library/Developer/Xcode/DerivedData/iCohort3-bwoefxeicoflurbglvssertdjhcr/SourcePackages/checkouts/supabase-swift/Sources/Auth/Internal/URLOpener.swift /Users/user51/Library/Developer/Xcode/DerivedData/iCohort3-bwoefxeicoflurbglvssertdjhcr/SourcePackages/checkouts/supabase-swift/Sources/Auth/Storage/AuthLocalStorage.swift (in target 'Auth' from project 'Supabase')

SwiftCompile normal arm64 /Users/user51/Library/Developer/Xcode/DerivedData/iCohort3-bwoefxeicoflurbglvssertdjhcr/SourcePackages/checkouts/supabase-swift/Sources/Auth/Internal/SessionStorage.swift (in target 'Auth' from project 'Supabase')
    cd /Users/user51/Downloads/iCohort3/iCohort3.xcodeproj
    

SwiftCompile normal arm64 /Users/user51/Library/Developer/Xcode/DerivedData/iCohort3-bwoefxeicoflurbglvssertdjhcr/SourcePackages/checkouts/supabase-swift/Sources/Auth/Internal/URLOpener.swift (in target 'Auth' from project 'Supabase')
    cd /Users/user51/Downloads/iCohort3/iCohort3.xcodeproj
    

SwiftCompile normal arm64 /Users/user51/Library/Developer/Xcode/DerivedData/iCohort3-bwoefxeicoflurbglvssertdjhcr/SourcePackages/checkouts/supabase-swift/Sources/Auth/Storage/AuthLocalStorage.swift (in target 'Auth' from project 'Supabase')
    cd /Users/user51/Downloads/iCohort3/iCohort3.xcodeproj
    

SwiftDriverJobDiscovery normal arm64 Compiling Helpers.swift, JWK+RSA.swift, JWTAlgorithm.swift (in target 'Auth' from project 'Supabase')

SwiftDriverJobDiscovery normal arm64 Compiling RealtimeChannel.swift, RealtimeClient.swift, RealtimeMessage.swift, TimeoutTimer.swift (in target 'Realtime' from project 'Supabase')

SwiftDriver Supabase normal arm64 com.apple.xcode.tools.swift.compiler (in target 'Supabase' from project 'Supabase')
    cd /Users/user51/Downloads/iCohort3/iCohort3.xcodeproj
    builtin-SwiftDriver -- /Applications/Xcode.app/Contents/Developer/Toolchains/XcodeDefault.xctoolchain/usr/bin/swiftc -module-name Supabase -Onone -enforce-exclusivity\=checked @/Users/user51/Library/Developer/Xcode/DerivedData/iCohort3-bwoefxeicoflurbglvssertdjhcr/Build/Intermediates.noindex/Supabase.build/Debug-iphonesimulator/Supabase.build/Objects-normal/arm64/Supabase.SwiftFileList -DSWIFT_PACKAGE -DDEBUG -DSWIFT_MODULE_RESOURCE_BUNDLE_UNAVAILABLE -DXcode -enable-upcoming-feature ExistentialAny -enable-experimental-feature StrictConcurrency -plugin-path /Applications/Xcode.app/Contents/Developer/Toolchains/XcodeDefault.xctoolchain/usr/lib/swift/host/plugins/testing -enable-experimental-feature DebugDescriptionMacro -sdk /Applications/Xcode.app/Contents/Developer/Platforms/iPhoneSimulator.platform/Developer/SDKs/iPhoneSimulator26.2.sdk -target arm64-apple-ios13.0-simulator -g -module-cache-path /Users/user51/Library/Developer/Xcode/DerivedData/ModuleCache.noindex -Xfrontend -serialize-debugging-options -profile-coverage-mapping -profile-generate -enable-testing -suppress-warnings -index-store-path /Users/user51/Library/Developer/Xcode/DerivedData/iCohort3-bwoefxeicoflurbglvssertdjhcr/Index.noindex/DataStore -Xcc -D_LIBCPP_HARDENING_MODE\=_LIBCPP_HARDENING_MODE_DEBUG -swift-version 5 -I /Users/user51/Library/Developer/Xcode/DerivedData/iCohort3-bwoefxeicoflurbglvssertdjhcr/Build/Products/Debug-iphonesimulator -Isystem /Applications/Xcode.app/Contents/Developer/Platforms/iPhoneSimulator.platform/Developer/usr/lib -F /Users/user51/Library/Developer/Xcode/DerivedData/iCohort3-bwoefxeicoflurbglvssertdjhcr/Build/Products/Debug-iphonesimulator/PackageFrameworks -F /Users/user51/Library/Developer/Xcode/DerivedData/iCohort3-bwoefxeicoflurbglvssertdjhcr/Build/Products/Debug-iphonesimulator/PackageFrameworks -F /Users/user51/Library/Developer/Xcode/DerivedData/iCohort3-bwoefxeicoflurbglvssertdjhcr/Build/Products/Debug-iphonesimulator/PackageFrameworks -F /Users/user51/Library/Developer/Xcode/DerivedData/iCohort3-bwoefxeicoflurbglvssertdjhcr/Build/Products/Debug-iphonesimulator/PackageFrameworks -F /Users/user51/Library/Developer/Xcode/DerivedData/iCohort3-bwoefxeicoflurbglvssertdjhcr/Build/Products/Debug-iphonesimulator/PackageFrameworks -F /Users/user51/Library/Developer/Xcode/DerivedData/iCohort3-bwoefxeicoflurbglvssertdjhcr/Build/Products/Debug-iphonesimulator/PackageFrameworks -F /Users/user51/Library/Developer/Xcode/DerivedData/iCohort3-bwoefxeicoflurbglvssertdjhcr/Build/Products/Debug-iphonesimulator/PackageFrameworks -F /Users/user51/Library/Developer/Xcode/DerivedData/iCohort3-bwoefxeicoflurbglvssertdjhcr/Build/Products/Debug-iphonesimulator/PackageFrameworks -F /Users/user51/Library/Developer/Xcode/DerivedData/iCohort3-bwoefxeicoflurbglvssertdjhcr/Build/Products/Debug-iphonesimulator/PackageFrameworks -F /Users/user51/Library/Developer/Xcode/DerivedData/iCohort3-bwoefxeicoflurbglvssertdjhcr/Build/Products/Debug-iphonesimulator/PackageFrameworks -F /Users/user51/Library/Developer/Xcode/DerivedData/iCohort3-bwoefxeicoflurbglvssertdjhcr/Build/Products/Debug-iphonesimulator/PackageFrameworks -F /Users/user51/Library/Developer/Xcode/DerivedData/iCohort3-bwoefxeicoflurbglvssertdjhcr/Build/Products/Debug-iphonesimulator/PackageFrameworks -F /Users/user51/Library/Developer/Xcode/DerivedData/iCohort3-bwoefxeicoflurbglvssertdjhcr/Build/Products/Debug-iphonesimulator/PackageFrameworks -F /Users/user51/Library/Developer/Xcode/DerivedData/iCohort3-bwoefxeicoflurbglvssertdjhcr/Build/Products/Debug-iphonesimulator -F /Applications/Xcode.app/Contents/Developer/Platforms/iPhoneSimulator.platform/Developer/Library/Frameworks -F /Applications/Xcode.app/Contents/Developer/Platforms/iPhoneSimulator.platform/Developer/SDKs/iPhoneSimulator26.2.sdk/Developer/Library/Frameworks -c -j8 -enable-batch-mode -incremental -Xcc -ivfsstatcache -Xcc /Users/user51/Library/Developer/Xcode/DerivedData/SDKStatCaches.noindex/iphonesimulator26.2-23C53-dc75598d0054f22ec865fa860f139d727d00a8b37fbd7999ea79df8ebc024bf0.sdkstatcache -output-file-map /Users/user51/Library/Developer/Xcode/DerivedData/iCohort3-bwoefxeicoflurbglvssertdjhcr/Build/Intermediates.noindex/Supabase.build/Debug-iphonesimulator/Supabase.build/Objects-normal/arm64/Supabase-OutputFileMap.json -use-frontend-parseable-output -save-temps -no-color-diagnostics -explicit-module-build -module-cache-path /Users/user51/Library/Developer/Xcode/DerivedData/iCohort3-bwoefxeicoflurbglvssertdjhcr/Build/Intermediates.noindex/SwiftExplicitPrecompiledModules -clang-scanner-module-cache-path /Users/user51/Library/Developer/Xcode/DerivedData/ModuleCache.noindex -sdk-module-cache-path /Users/user51/Library/Developer/Xcode/DerivedData/ModuleCache.noindex -serialize-diagnostics -emit-dependencies -emit-module -emit-module-path /Users/user51/Library/Developer/Xcode/DerivedData/iCohort3-bwoefxeicoflurbglvssertdjhcr/Build/Intermediates.noindex/Supabase.build/Debug-iphonesimulator/Supabase.build/Objects-normal/arm64/Supabase.swiftmodule -validate-clang-modules-once -clang-build-session-file /Users/user51/Library/Developer/Xcode/DerivedData/ModuleCache.noindex/Session.modulevalidation -package-name supabase_swift -Xcc -I/Users/user51/Library/Developer/Xcode/DerivedData/iCohort3-bwoefxeicoflurbglvssertdjhcr/Build/Intermediates.noindex/Supabase.build/Debug-iphonesimulator/Supabase.build/swift-overrides.hmap -emit-const-values -Xfrontend -const-gather-protocols-file -Xfrontend /Users/user51/Library/Developer/Xcode/DerivedData/iCohort3-bwoefxeicoflurbglvssertdjhcr/Build/Intermediates.noindex/Supabase.build/Debug-iphonesimulator/Supabase.build/Objects-normal/arm64/Supabase_const_extract_protocols.json -Xcc -I/Users/user51/Library/Developer/Xcode/DerivedData/iCohort3-bwoefxeicoflurbglvssertdjhcr/Build/Products/Debug-iphonesimulator/include -Xcc -I/Users/user51/Library/Developer/Xcode/DerivedData/iCohort3-bwoefxeicoflurbglvssertdjhcr/Build/Intermediates.noindex/Supabase.build/Debug-iphonesimulator/Supabase.build/DerivedSources-normal/arm64 -Xcc -I/Users/user51/Library/Developer/Xcode/DerivedData/iCohort3-bwoefxeicoflurbglvssertdjhcr/Build/Intermediates.noindex/Supabase.build/Debug-iphonesimulator/Supabase.build/DerivedSources/arm64 -Xcc -I/Users/user51/Library/Developer/Xcode/DerivedData/iCohort3-bwoefxeicoflurbglvssertdjhcr/Build/Intermediates.noindex/Supabase.build/Debug-iphonesimulator/Supabase.build/DerivedSources -Xcc -DSWIFT_PACKAGE -Xcc -DDEBUG\=1 -emit-objc-header -emit-objc-header-path /Users/user51/Library/Developer/Xcode/DerivedData/iCohort3-bwoefxeicoflurbglvssertdjhcr/Build/Intermediates.noindex/Supabase.build/Debug-iphonesimulator/Supabase.build/Objects-normal/arm64/Supabase-Swift.h -working-directory /Users/user51/Downloads/iCohort3/iCohort3.xcodeproj -experimental-emit-module-separately -disable-cmo

SwiftDriverJobDiscovery normal arm64 Compiling RealtimeClientV2.swift, RealtimeError.swift, RealtimeJoinConfig.swift (in target 'Realtime' from project 'Supabase')

SwiftDriver\ Compilation Realtime normal arm64 com.apple.xcode.tools.swift.compiler (in target 'Realtime' from project 'Supabase')
    cd /Users/user51/Downloads/iCohort3/iCohort3.xcodeproj
    builtin-Swift-Compilation -- /Applications/Xcode.app/Contents/Developer/Toolchains/XcodeDefault.xctoolchain/usr/bin/swiftc -module-name Realtime -Onone -enforce-exclusivity\=checked @/Users/user51/Library/Developer/Xcode/DerivedData/iCohort3-bwoefxeicoflurbglvssertdjhcr/Build/Intermediates.noindex/Supabase.build/Debug-iphonesimulator/Realtime.build/Objects-normal/arm64/Realtime.SwiftFileList -DSWIFT_PACKAGE -DDEBUG -DSWIFT_MODULE_RESOURCE_BUNDLE_UNAVAILABLE -DXcode -enable-upcoming-feature ExistentialAny -enable-experimental-feature StrictConcurrency -plugin-path /Applications/Xcode.app/Contents/Developer/Toolchains/XcodeDefault.xctoolchain/usr/lib/swift/host/plugins/testing -enable-experimental-feature DebugDescriptionMacro -sdk /Applications/Xcode.app/Contents/Developer/Platforms/iPhoneSimulator.platform/Developer/SDKs/iPhoneSimulator26.2.sdk -target arm64-apple-ios13.0-simulator -g -module-cache-path /Users/user51/Library/Developer/Xcode/DerivedData/ModuleCache.noindex -Xfrontend -serialize-debugging-options -profile-coverage-mapping -profile-generate -enable-testing -suppress-warnings -index-store-path /Users/user51/Library/Developer/Xcode/DerivedData/iCohort3-bwoefxeicoflurbglvssertdjhcr/Index.noindex/DataStore -Xcc -D_LIBCPP_HARDENING_MODE\=_LIBCPP_HARDENING_MODE_DEBUG -swift-version 5 -I /Users/user51/Library/Developer/Xcode/DerivedData/iCohort3-bwoefxeicoflurbglvssertdjhcr/Build/Products/Debug-iphonesimulator -Isystem /Applications/Xcode.app/Contents/Developer/Platforms/iPhoneSimulator.platform/Developer/usr/lib -F /Users/user51/Library/Developer/Xcode/DerivedData/iCohort3-bwoefxeicoflurbglvssertdjhcr/Build/Products/Debug-iphonesimulator/PackageFrameworks -F /Users/user51/Library/Developer/Xcode/DerivedData/iCohort3-bwoefxeicoflurbglvssertdjhcr/Build/Products/Debug-iphonesimulator/PackageFrameworks -F /Users/user51/Library/Developer/Xcode/DerivedData/iCohort3-bwoefxeicoflurbglvssertdjhcr/Build/Products/Debug-iphonesimulator/PackageFrameworks -F /Users/user51/Library/Developer/Xcode/DerivedData/iCohort3-bwoefxeicoflurbglvssertdjhcr/Build/Products/Debug-iphonesimulator/PackageFrameworks -F /Users/user51/Library/Developer/Xcode/DerivedData/iCohort3-bwoefxeicoflurbglvssertdjhcr/Build/Products/Debug-iphonesimulator/PackageFrameworks -F /Users/user51/Library/Developer/Xcode/DerivedData/iCohort3-bwoefxeicoflurbglvssertdjhcr/Build/Products/Debug-iphonesimulator/PackageFrameworks -F /Users/user51/Library/Developer/Xcode/DerivedData/iCohort3-bwoefxeicoflurbglvssertdjhcr/Build/Products/Debug-iphonesimulator/PackageFrameworks -F /Users/user51/Library/Developer/Xcode/DerivedData/iCohort3-bwoefxeicoflurbglvssertdjhcr/Build/Products/Debug-iphonesimulator -F /Applications/Xcode.app/Contents/Developer/Platforms/iPhoneSimulator.platform/Developer/Library/Frameworks -F /Applications/Xcode.app/Contents/Developer/Platforms/iPhoneSimulator.platform/Developer/SDKs/iPhoneSimulator26.2.sdk/Developer/Library/Frameworks -c -j8 -enable-batch-mode -incremental -Xcc -ivfsstatcache -Xcc /Users/user51/Library/Developer/Xcode/DerivedData/SDKStatCaches.noindex/iphonesimulator26.2-23C53-dc75598d0054f22ec865fa860f139d727d00a8b37fbd7999ea79df8ebc024bf0.sdkstatcache -output-file-map /Users/user51/Library/Developer/Xcode/DerivedData/iCohort3-bwoefxeicoflurbglvssertdjhcr/Build/Intermediates.noindex/Supabase.build/Debug-iphonesimulator/Realtime.build/Objects-normal/arm64/Realtime-OutputFileMap.json -use-frontend-parseable-output -save-temps -no-color-diagnostics -explicit-module-build -module-cache-path /Users/user51/Library/Developer/Xcode/DerivedData/iCohort3-bwoefxeicoflurbglvssertdjhcr/Build/Intermediates.noindex/SwiftExplicitPrecompiledModules -clang-scanner-module-cache-path /Users/user51/Library/Developer/Xcode/DerivedData/ModuleCache.noindex -sdk-module-cache-path /Users/user51/Library/Developer/Xcode/DerivedData/ModuleCache.noindex -serialize-diagnostics -emit-dependencies -emit-module -emit-module-path /Users/user51/Library/Developer/Xcode/DerivedData/iCohort3-bwoefxeicoflurbglvssertdjhcr/Build/Intermediates.noindex/Supabase.build/Debug-iphonesimulator/Realtime.build/Objects-normal/arm64/Realtime.swiftmodule -validate-clang-modules-once -clang-build-session-file /Users/user51/Library/Developer/Xcode/DerivedData/ModuleCache.noindex/Session.modulevalidation -package-name supabase_swift -Xcc -I/Users/user51/Library/Developer/Xcode/DerivedData/iCohort3-bwoefxeicoflurbglvssertdjhcr/Build/Intermediates.noindex/Supabase.build/Debug-iphonesimulator/Realtime.build/swift-overrides.hmap -emit-const-values -Xfrontend -const-gather-protocols-file -Xfrontend /Users/user51/Library/Developer/Xcode/DerivedData/iCohort3-bwoefxeicoflurbglvssertdjhcr/Build/Intermediates.noindex/Supabase.build/Debug-iphonesimulator/Realtime.build/Objects-normal/arm64/Realtime_const_extract_protocols.json -Xcc -I/Users/user51/Library/Developer/Xcode/DerivedData/iCohort3-bwoefxeicoflurbglvssertdjhcr/Build/Products/Debug-iphonesimulator/include -Xcc -I/Users/user51/Library/Developer/Xcode/DerivedData/iCohort3-bwoefxeicoflurbglvssertdjhcr/Build/Intermediates.noindex/Supabase.build/Debug-iphonesimulator/Realtime.build/DerivedSources-normal/arm64 -Xcc -I/Users/user51/Library/Developer/Xcode/DerivedData/iCohort3-bwoefxeicoflurbglvssertdjhcr/Build/Intermediates.noindex/Supabase.build/Debug-iphonesimulator/Realtime.build/DerivedSources/arm64 -Xcc -I/Users/user51/Library/Developer/Xcode/DerivedData/iCohort3-bwoefxeicoflurbglvssertdjhcr/Build/Intermediates.noindex/Supabase.build/Debug-iphonesimulator/Realtime.build/DerivedSources -Xcc -DSWIFT_PACKAGE -Xcc -DDEBUG\=1 -emit-objc-header -emit-objc-header-path /Users/user51/Library/Developer/Xcode/DerivedData/iCohort3-bwoefxeicoflurbglvssertdjhcr/Build/Intermediates.noindex/Supabase.build/Debug-iphonesimulator/Realtime.build/Objects-normal/arm64/Realtime-Swift.h -working-directory /Users/user51/Downloads/iCohort3/iCohort3.xcodeproj -experimental-emit-module-separately -disable-cmo

RegisterExecutionPolicyException /Users/user51/Library/Developer/Xcode/DerivedData/iCohort3-bwoefxeicoflurbglvssertdjhcr/Build/Products/Debug-iphonesimulator/Helpers.o (in target 'Helpers' from project 'Supabase')
    cd /Users/user51/Library/Developer/Xcode/DerivedData/iCohort3-bwoefxeicoflurbglvssertdjhcr/SourcePackages/checkouts/supabase-swift
    builtin-RegisterExecutionPolicyException /Users/user51/Library/Developer/Xcode/DerivedData/iCohort3-bwoefxeicoflurbglvssertdjhcr/Build/Products/Debug-iphonesimulator/Helpers.o

Ld /Users/user51/Library/Developer/Xcode/DerivedData/iCohort3-bwoefxeicoflurbglvssertdjhcr/Build/Products/Debug-iphonesimulator/Storage.o normal (in target 'Storage' from project 'Supabase')
    cd /Users/user51/Library/Developer/Xcode/DerivedData/iCohort3-bwoefxeicoflurbglvssertdjhcr/SourcePackages/checkouts/supabase-swift
    /Applications/Xcode.app/Contents/Developer/Toolchains/XcodeDefault.xctoolchain/usr/bin/clang -Xlinker -reproducible -target arm64-apple-ios13.0-simulator -r -isysroot /Applications/Xcode.app/Contents/Developer/Platforms/iPhoneSimulator.platform/Developer/SDKs/iPhoneSimulator26.2.sdk -O0 -w -L/Users/user51/Library/Developer/Xcode/DerivedData/iCohort3-bwoefxeicoflurbglvssertdjhcr/Build/Intermediates.noindex/EagerLinkingTBDs/Debug-iphonesimulator -L/Users/user51/Library/Developer/Xcode/DerivedData/iCohort3-bwoefxeicoflurbglvssertdjhcr/Build/Products/Debug-iphonesimulator -L/Applications/Xcode.app/Contents/Developer/Platforms/iPhoneSimulator.platform/Developer/usr/lib -F/Users/user51/Library/Developer/Xcode/DerivedData/iCohort3-bwoefxeicoflurbglvssertdjhcr/Build/Intermediates.noindex/EagerLinkingTBDs/Debug-iphonesimulator -F/Users/user51/Library/Developer/Xcode/DerivedData/iCohort3-bwoefxeicoflurbglvssertdjhcr/Build/Products/Debug-iphonesimulator/PackageFrameworks -F/Users/user51/Library/Developer/Xcode/DerivedData/iCohort3-bwoefxeicoflurbglvssertdjhcr/Build/Products/Debug-iphonesimulator/PackageFrameworks -F/Users/user51/Library/Developer/Xcode/DerivedData/iCohort3-bwoefxeicoflurbglvssertdjhcr/Build/Products/Debug-iphonesimulator/PackageFrameworks -F/Users/user51/Library/Developer/Xcode/DerivedData/iCohort3-bwoefxeicoflurbglvssertdjhcr/Build/Products/Debug-iphonesimulator/PackageFrameworks -F/Users/user51/Library/Developer/Xcode/DerivedData/iCohort3-bwoefxeicoflurbglvssertdjhcr/Build/Products/Debug-iphonesimulator/PackageFrameworks -F/Users/user51/Library/Developer/Xcode/DerivedData/iCohort3-bwoefxeicoflurbglvssertdjhcr/Build/Products/Debug-iphonesimulator/PackageFrameworks -F/Users/user51/Library/Developer/Xcode/DerivedData/iCohort3-bwoefxeicoflurbglvssertdjhcr/Build/Products/Debug-iphonesimulator/PackageFrameworks -F/Users/user51/Library/Developer/Xcode/DerivedData/iCohort3-bwoefxeicoflurbglvssertdjhcr/Build/Products/Debug-iphonesimulator -iframework /Applications/Xcode.app/Contents/Developer/Platforms/iPhoneSimulator.platform/Developer/Library/Frameworks -iframework /Applications/Xcode.app/Contents/Developer/Platforms/iPhoneSimulator.platform/Developer/SDKs/iPhoneSimulator26.2.sdk/Developer/Library/Frameworks -filelist /Users/user51/Library/Developer/Xcode/DerivedData/iCohort3-bwoefxeicoflurbglvssertdjhcr/Build/Intermediates.noindex/Supabase.build/Debug-iphonesimulator/Storage.build/Objects-normal/arm64/Storage.LinkFileList -nostdlib -Xlinker -object_path_lto -Xlinker /Users/user51/Library/Developer/Xcode/DerivedData/iCohort3-bwoefxeicoflurbglvssertdjhcr/Build/Intermediates.noindex/Supabase.build/Debug-iphonesimulator/Storage.build/Objects-normal/arm64/Storage_lto.o -rdynamic -Xlinker -no_deduplicate -Xlinker -objc_abi_version -Xlinker 2 -Xlinker -debug_variant -Xlinker -dependency_info -Xlinker /Users/user51/Library/Developer/Xcode/DerivedData/iCohort3-bwoefxeicoflurbglvssertdjhcr/Build/Intermediates.noindex/Supabase.build/Debug-iphonesimulator/Storage.build/Objects-normal/arm64/Storage_dependency_info.dat -fobjc-link-runtime -L/Applications/Xcode.app/Contents/Developer/Toolchains/XcodeDefault.xctoolchain/usr/lib/swift/iphonesimulator -L/usr/lib/swift -Xlinker -add_ast_path -Xlinker /Users/user51/Library/Developer/Xcode/DerivedData/iCohort3-bwoefxeicoflurbglvssertdjhcr/Build/Intermediates.noindex/Supabase.build/Debug-iphonesimulator/Storage.build/Objects-normal/arm64/Storage.swiftmodule @/Users/user51/Library/Developer/Xcode/DerivedData/iCohort3-bwoefxeicoflurbglvssertdjhcr/Build/Intermediates.noindex/Supabase.build/Debug-iphonesimulator/Storage.build/Objects-normal/arm64/Storage-linker-args.resp -o /Users/user51/Library/Developer/Xcode/DerivedData/iCohort3-bwoefxeicoflurbglvssertdjhcr/Build/Products/Debug-iphonesimulator/Storage.o

Ld /Users/user51/Library/Developer/Xcode/DerivedData/iCohort3-bwoefxeicoflurbglvssertdjhcr/Build/Products/Debug-iphonesimulator/Realtime.o normal (in target 'Realtime' from project 'Supabase')
    cd /Users/user51/Library/Developer/Xcode/DerivedData/iCohort3-bwoefxeicoflurbglvssertdjhcr/SourcePackages/checkouts/supabase-swift
    /Applications/Xcode.app/Contents/Developer/Toolchains/XcodeDefault.xctoolchain/usr/bin/clang -Xlinker -reproducible -target arm64-apple-ios13.0-simulator -r -isysroot /Applications/Xcode.app/Contents/Developer/Platforms/iPhoneSimulator.platform/Developer/SDKs/iPhoneSimulator26.2.sdk -O0 -w -L/Users/user51/Library/Developer/Xcode/DerivedData/iCohort3-bwoefxeicoflurbglvssertdjhcr/Build/Intermediates.noindex/EagerLinkingTBDs/Debug-iphonesimulator -L/Users/user51/Library/Developer/Xcode/DerivedData/iCohort3-bwoefxeicoflurbglvssertdjhcr/Build/Products/Debug-iphonesimulator -L/Applications/Xcode.app/Contents/Developer/Platforms/iPhoneSimulator.platform/Developer/usr/lib -F/Users/user51/Library/Developer/Xcode/DerivedData/iCohort3-bwoefxeicoflurbglvssertdjhcr/Build/Intermediates.noindex/EagerLinkingTBDs/Debug-iphonesimulator -F/Users/user51/Library/Developer/Xcode/DerivedData/iCohort3-bwoefxeicoflurbglvssertdjhcr/Build/Products/Debug-iphonesimulator/PackageFrameworks -F/Users/user51/Library/Developer/Xcode/DerivedData/iCohort3-bwoefxeicoflurbglvssertdjhcr/Build/Products/Debug-iphonesimulator/PackageFrameworks -F/Users/user51/Library/Developer/Xcode/DerivedData/iCohort3-bwoefxeicoflurbglvssertdjhcr/Build/Products/Debug-iphonesimulator/PackageFrameworks -F/Users/user51/Library/Developer/Xcode/DerivedData/iCohort3-bwoefxeicoflurbglvssertdjhcr/Build/Products/Debug-iphonesimulator/PackageFrameworks -F/Users/user51/Library/Developer/Xcode/DerivedData/iCohort3-bwoefxeicoflurbglvssertdjhcr/Build/Products/Debug-iphonesimulator/PackageFrameworks -F/Users/user51/Library/Developer/Xcode/DerivedData/iCohort3-bwoefxeicoflurbglvssertdjhcr/Build/Products/Debug-iphonesimulator/PackageFrameworks -F/Users/user51/Library/Developer/Xcode/DerivedData/iCohort3-bwoefxeicoflurbglvssertdjhcr/Build/Products/Debug-iphonesimulator/PackageFrameworks -F/Users/user51/Library/Developer/Xcode/DerivedData/iCohort3-bwoefxeicoflurbglvssertdjhcr/Build/Products/Debug-iphonesimulator -iframework /Applications/Xcode.app/Contents/Developer/Platforms/iPhoneSimulator.platform/Developer/Library/Frameworks -iframework /Applications/Xcode.app/Contents/Developer/Platforms/iPhoneSimulator.platform/Developer/SDKs/iPhoneSimulator26.2.sdk/Developer/Library/Frameworks -filelist /Users/user51/Library/Developer/Xcode/DerivedData/iCohort3-bwoefxeicoflurbglvssertdjhcr/Build/Intermediates.noindex/Supabase.build/Debug-iphonesimulator/Realtime.build/Objects-normal/arm64/Realtime.LinkFileList -nostdlib -Xlinker -object_path_lto -Xlinker /Users/user51/Library/Developer/Xcode/DerivedData/iCohort3-bwoefxeicoflurbglvssertdjhcr/Build/Intermediates.noindex/Supabase.build/Debug-iphonesimulator/Realtime.build/Objects-normal/arm64/Realtime_lto.o -rdynamic -Xlinker -no_deduplicate -Xlinker -objc_abi_version -Xlinker 2 -Xlinker -debug_variant -Xlinker -dependency_info -Xlinker /Users/user51/Library/Developer/Xcode/DerivedData/iCohort3-bwoefxeicoflurbglvssertdjhcr/Build/Intermediates.noindex/Supabase.build/Debug-iphonesimulator/Realtime.build/Objects-normal/arm64/Realtime_dependency_info.dat -fobjc-link-runtime -L/Applications/Xcode.app/Contents/Developer/Toolchains/XcodeDefault.xctoolchain/usr/lib/swift/iphonesimulator -L/usr/lib/swift -Xlinker -add_ast_path -Xlinker /Users/user51/Library/Developer/Xcode/DerivedData/iCohort3-bwoefxeicoflurbglvssertdjhcr/Build/Intermediates.noindex/Supabase.build/Debug-iphonesimulator/Realtime.build/Objects-normal/arm64/Realtime.swiftmodule @/Users/user51/Library/Developer/Xcode/DerivedData/iCohort3-bwoefxeicoflurbglvssertdjhcr/Build/Intermediates.noindex/Supabase.build/Debug-iphonesimulator/Realtime.build/Objects-normal/arm64/Realtime-linker-args.resp -o /Users/user51/Library/Developer/Xcode/DerivedData/iCohort3-bwoefxeicoflurbglvssertdjhcr/Build/Products/Debug-iphonesimulator/Realtime.o

Ld /Users/user51/Library/Developer/Xcode/DerivedData/iCohort3-bwoefxeicoflurbglvssertdjhcr/Build/Products/Debug-iphonesimulator/PostgREST.o normal (in target 'PostgREST' from project 'Supabase')
    cd /Users/user51/Library/Developer/Xcode/DerivedData/iCohort3-bwoefxeicoflurbglvssertdjhcr/SourcePackages/checkouts/supabase-swift
    /Applications/Xcode.app/Contents/Developer/Toolchains/XcodeDefault.xctoolchain/usr/bin/clang -Xlinker -reproducible -target arm64-apple-ios13.0-simulator -r -isysroot /Applications/Xcode.app/Contents/Developer/Platforms/iPhoneSimulator.platform/Developer/SDKs/iPhoneSimulator26.2.sdk -O0 -w -L/Users/user51/Library/Developer/Xcode/DerivedData/iCohort3-bwoefxeicoflurbglvssertdjhcr/Build/Intermediates.noindex/EagerLinkingTBDs/Debug-iphonesimulator -L/Users/user51/Library/Developer/Xcode/DerivedData/iCohort3-bwoefxeicoflurbglvssertdjhcr/Build/Products/Debug-iphonesimulator -L/Applications/Xcode.app/Contents/Developer/Platforms/iPhoneSimulator.platform/Developer/usr/lib -F/Users/user51/Library/Developer/Xcode/DerivedData/iCohort3-bwoefxeicoflurbglvssertdjhcr/Build/Intermediates.noindex/EagerLinkingTBDs/Debug-iphonesimulator -F/Users/user51/Library/Developer/Xcode/DerivedData/iCohort3-bwoefxeicoflurbglvssertdjhcr/Build/Products/Debug-iphonesimulator/PackageFrameworks -F/Users/user51/Library/Developer/Xcode/DerivedData/iCohort3-bwoefxeicoflurbglvssertdjhcr/Build/Products/Debug-iphonesimulator/PackageFrameworks -F/Users/user51/Library/Developer/Xcode/DerivedData/iCohort3-bwoefxeicoflurbglvssertdjhcr/Build/Products/Debug-iphonesimulator/PackageFrameworks -F/Users/user51/Library/Developer/Xcode/DerivedData/iCohort3-bwoefxeicoflurbglvssertdjhcr/Build/Products/Debug-iphonesimulator/PackageFrameworks -F/Users/user51/Library/Developer/Xcode/DerivedData/iCohort3-bwoefxeicoflurbglvssertdjhcr/Build/Products/Debug-iphonesimulator/PackageFrameworks -F/Users/user51/Library/Developer/Xcode/DerivedData/iCohort3-bwoefxeicoflurbglvssertdjhcr/Build/Products/Debug-iphonesimulator/PackageFrameworks -F/Users/user51/Library/Developer/Xcode/DerivedData/iCohort3-bwoefxeicoflurbglvssertdjhcr/Build/Products/Debug-iphonesimulator/PackageFrameworks -F/Users/user51/Library/Developer/Xcode/DerivedData/iCohort3-bwoefxeicoflurbglvssertdjhcr/Build/Products/Debug-iphonesimulator -iframework /Applications/Xcode.app/Contents/Developer/Platforms/iPhoneSimulator.platform/Developer/Library/Frameworks -iframework /Applications/Xcode.app/Contents/Developer/Platforms/iPhoneSimulator.platform/Developer/SDKs/iPhoneSimulator26.2.sdk/Developer/Library/Frameworks -filelist /Users/user51/Library/Developer/Xcode/DerivedData/iCohort3-bwoefxeicoflurbglvssertdjhcr/Build/Intermediates.noindex/Supabase.build/Debug-iphonesimulator/PostgREST.build/Objects-normal/arm64/PostgREST.LinkFileList -nostdlib -Xlinker -object_path_lto -Xlinker /Users/user51/Library/Developer/Xcode/DerivedData/iCohort3-bwoefxeicoflurbglvssertdjhcr/Build/Intermediates.noindex/Supabase.build/Debug-iphonesimulator/PostgREST.build/Objects-normal/arm64/PostgREST_lto.o -rdynamic -Xlinker -no_deduplicate -Xlinker -objc_abi_version -Xlinker 2 -Xlinker -debug_variant -Xlinker -dependency_info -Xlinker /Users/user51/Library/Developer/Xcode/DerivedData/iCohort3-bwoefxeicoflurbglvssertdjhcr/Build/Intermediates.noindex/Supabase.build/Debug-iphonesimulator/PostgREST.build/Objects-normal/arm64/PostgREST_dependency_info.dat -fobjc-link-runtime -L/Applications/Xcode.app/Contents/Developer/Toolchains/XcodeDefault.xctoolchain/usr/lib/swift/iphonesimulator -L/usr/lib/swift -Xlinker -add_ast_path -Xlinker /Users/user51/Library/Developer/Xcode/DerivedData/iCohort3-bwoefxeicoflurbglvssertdjhcr/Build/Intermediates.noindex/Supabase.build/Debug-iphonesimulator/PostgREST.build/Objects-normal/arm64/PostgREST.swiftmodule @/Users/user51/Library/Developer/Xcode/DerivedData/iCohort3-bwoefxeicoflurbglvssertdjhcr/Build/Intermediates.noindex/Supabase.build/Debug-iphonesimulator/PostgREST.build/Objects-normal/arm64/PostgREST-linker-args.resp -o /Users/user51/Library/Developer/Xcode/DerivedData/iCohort3-bwoefxeicoflurbglvssertdjhcr/Build/Products/Debug-iphonesimulator/PostgREST.o

Ld /Users/user51/Library/Developer/Xcode/DerivedData/iCohort3-bwoefxeicoflurbglvssertdjhcr/Build/Products/Debug-iphonesimulator/Functions.o normal (in target 'Functions' from project 'Supabase')
    cd /Users/user51/Library/Developer/Xcode/DerivedData/iCohort3-bwoefxeicoflurbglvssertdjhcr/SourcePackages/checkouts/supabase-swift
    /Applications/Xcode.app/Contents/Developer/Toolchains/XcodeDefault.xctoolchain/usr/bin/clang -Xlinker -reproducible -target arm64-apple-ios13.0-simulator -r -isysroot /Applications/Xcode.app/Contents/Developer/Platforms/iPhoneSimulator.platform/Developer/SDKs/iPhoneSimulator26.2.sdk -O0 -w -L/Users/user51/Library/Developer/Xcode/DerivedData/iCohort3-bwoefxeicoflurbglvssertdjhcr/Build/Intermediates.noindex/EagerLinkingTBDs/Debug-iphonesimulator -L/Users/user51/Library/Developer/Xcode/DerivedData/iCohort3-bwoefxeicoflurbglvssertdjhcr/Build/Products/Debug-iphonesimulator -L/Applications/Xcode.app/Contents/Developer/Platforms/iPhoneSimulator.platform/Developer/usr/lib -F/Users/user51/Library/Developer/Xcode/DerivedData/iCohort3-bwoefxeicoflurbglvssertdjhcr/Build/Intermediates.noindex/EagerLinkingTBDs/Debug-iphonesimulator -F/Users/user51/Library/Developer/Xcode/DerivedData/iCohort3-bwoefxeicoflurbglvssertdjhcr/Build/Products/Debug-iphonesimulator/PackageFrameworks -F/Users/user51/Library/Developer/Xcode/DerivedData/iCohort3-bwoefxeicoflurbglvssertdjhcr/Build/Products/Debug-iphonesimulator/PackageFrameworks -F/Users/user51/Library/Developer/Xcode/DerivedData/iCohort3-bwoefxeicoflurbglvssertdjhcr/Build/Products/Debug-iphonesimulator/PackageFrameworks -F/Users/user51/Library/Developer/Xcode/DerivedData/iCohort3-bwoefxeicoflurbglvssertdjhcr/Build/Products/Debug-iphonesimulator/PackageFrameworks -F/Users/user51/Library/Developer/Xcode/DerivedData/iCohort3-bwoefxeicoflurbglvssertdjhcr/Build/Products/Debug-iphonesimulator/PackageFrameworks -F/Users/user51/Library/Developer/Xcode/DerivedData/iCohort3-bwoefxeicoflurbglvssertdjhcr/Build/Products/Debug-iphonesimulator/PackageFrameworks -F/Users/user51/Library/Developer/Xcode/DerivedData/iCohort3-bwoefxeicoflurbglvssertdjhcr/Build/Products/Debug-iphonesimulator/PackageFrameworks -F/Users/user51/Library/Developer/Xcode/DerivedData/iCohort3-bwoefxeicoflurbglvssertdjhcr/Build/Products/Debug-iphonesimulator -iframework /Applications/Xcode.app/Contents/Developer/Platforms/iPhoneSimulator.platform/Developer/Library/Frameworks -iframework /Applications/Xcode.app/Contents/Developer/Platforms/iPhoneSimulator.platform/Developer/SDKs/iPhoneSimulator26.2.sdk/Developer/Library/Frameworks -filelist /Users/user51/Library/Developer/Xcode/DerivedData/iCohort3-bwoefxeicoflurbglvssertdjhcr/Build/Intermediates.noindex/Supabase.build/Debug-iphonesimulator/Functions.build/Objects-normal/arm64/Functions.LinkFileList -nostdlib -Xlinker -object_path_lto -Xlinker /Users/user51/Library/Developer/Xcode/DerivedData/iCohort3-bwoefxeicoflurbglvssertdjhcr/Build/Intermediates.noindex/Supabase.build/Debug-iphonesimulator/Functions.build/Objects-normal/arm64/Functions_lto.o -rdynamic -Xlinker -no_deduplicate -Xlinker -objc_abi_version -Xlinker 2 -Xlinker -debug_variant -Xlinker -dependency_info -Xlinker /Users/user51/Library/Developer/Xcode/DerivedData/iCohort3-bwoefxeicoflurbglvssertdjhcr/Build/Intermediates.noindex/Supabase.build/Debug-iphonesimulator/Functions.build/Objects-normal/arm64/Functions_dependency_info.dat -fobjc-link-runtime -L/Applications/Xcode.app/Contents/Developer/Toolchains/XcodeDefault.xctoolchain/usr/lib/swift/iphonesimulator -L/usr/lib/swift -Xlinker -add_ast_path -Xlinker /Users/user51/Library/Developer/Xcode/DerivedData/iCohort3-bwoefxeicoflurbglvssertdjhcr/Build/Intermediates.noindex/Supabase.build/Debug-iphonesimulator/Functions.build/Objects-normal/arm64/Functions.swiftmodule @/Users/user51/Library/Developer/Xcode/DerivedData/iCohort3-bwoefxeicoflurbglvssertdjhcr/Build/Intermediates.noindex/Supabase.build/Debug-iphonesimulator/Functions.build/Objects-normal/arm64/Functions-linker-args.resp -o /Users/user51/Library/Developer/Xcode/DerivedData/iCohort3-bwoefxeicoflurbglvssertdjhcr/Build/Products/Debug-iphonesimulator/Functions.o

ExtractAppIntentsMetadata (in target 'Storage' from project 'Supabase')
    cd /Users/user51/Library/Developer/Xcode/DerivedData/iCohort3-bwoefxeicoflurbglvssertdjhcr/SourcePackages/checkouts/supabase-swift
    /Applications/Xcode.app/Contents/Developer/Toolchains/XcodeDefault.xctoolchain/usr/bin/appintentsmetadataprocessor --toolchain-dir /var/run/com.apple.security.cryptexd/mnt/com.apple.MobileAsset.MetalToolchain-v17.3.7003.10.GOk9dz/Metal.xctoolchain --module-name Storage --sdk-root /Applications/Xcode.app/Contents/Developer/Platforms/iPhoneSimulator.platform/Developer/SDKs/iPhoneSimulator26.2.sdk --xcode-version 17C52 --platform-family iOS --deployment-target 13.0 --bundle-identifier supabase-swift.Storage --output /Users/user51/Library/Developer/Xcode/DerivedData/iCohort3-bwoefxeicoflurbglvssertdjhcr/Build/Products/Debug-iphonesimulator/Storage.appintents --target-triple arm64-apple-ios13.0-simulator --binary-file /Users/user51/Library/Developer/Xcode/DerivedData/iCohort3-bwoefxeicoflurbglvssertdjhcr/Build/Products/Debug-iphonesimulator/Storage.o --dependency-file /Users/user51/Library/Developer/Xcode/DerivedData/iCohort3-bwoefxeicoflurbglvssertdjhcr/Build/Intermediates.noindex/Supabase.build/Debug-iphonesimulator/Storage.build/Objects-normal/arm64/Storage_dependency_info.dat --stringsdata-file /Users/user51/Library/Developer/Xcode/DerivedData/iCohort3-bwoefxeicoflurbglvssertdjhcr/Build/Intermediates.noindex/Supabase.build/Debug-iphonesimulator/Storage.build/Objects-normal/arm64/ExtractedAppShortcutsMetadata.stringsdata --source-file-list /Users/user51/Library/Developer/Xcode/DerivedData/iCohort3-bwoefxeicoflurbglvssertdjhcr/Build/Intermediates.noindex/Supabase.build/Debug-iphonesimulator/Storage.build/Objects-normal/arm64/Storage.SwiftFileList --metadata-file-list /Users/user51/Library/Developer/Xcode/DerivedData/iCohort3-bwoefxeicoflurbglvssertdjhcr/Build/Intermediates.noindex/Supabase.build/Debug-iphonesimulator/Storage.build/Storage.DependencyMetadataFileList --static-metadata-file-list /Users/user51/Library/Developer/Xcode/DerivedData/iCohort3-bwoefxeicoflurbglvssertdjhcr/Build/Intermediates.noindex/Supabase.build/Debug-iphonesimulator/Storage.build/Storage.DependencyStaticMetadataFileList --swift-const-vals-list /Users/user51/Library/Developer/Xcode/DerivedData/iCohort3-bwoefxeicoflurbglvssertdjhcr/Build/Intermediates.noindex/Supabase.build/Debug-iphonesimulator/Storage.build/Objects-normal/arm64/Storage.SwiftConstValuesFileList --force --compile-time-extraction --deployment-aware-processing --validate-assistant-intents --no-app-shortcuts-localization
2026-04-06 13:23:18.430 appintentsmetadataprocessor[46445:12589241] Starting appintentsmetadataprocessor export
2026-04-06 13:23:18.566 appintentsmetadataprocessor[46445:12589241] Extracted no relevant App Intents symbols, skipping writing output

ExtractAppIntentsMetadata (in target 'Realtime' from project 'Supabase')
    cd /Users/user51/Library/Developer/Xcode/DerivedData/iCohort3-bwoefxeicoflurbglvssertdjhcr/SourcePackages/checkouts/supabase-swift
    /Applications/Xcode.app/Contents/Developer/Toolchains/XcodeDefault.xctoolchain/usr/bin/appintentsmetadataprocessor --toolchain-dir /var/run/com.apple.security.cryptexd/mnt/com.apple.MobileAsset.MetalToolchain-v17.3.7003.10.GOk9dz/Metal.xctoolchain --module-name Realtime --sdk-root /Applications/Xcode.app/Contents/Developer/Platforms/iPhoneSimulator.platform/Developer/SDKs/iPhoneSimulator26.2.sdk --xcode-version 17C52 --platform-family iOS --deployment-target 13.0 --bundle-identifier supabase-swift.Realtime --output /Users/user51/Library/Developer/Xcode/DerivedData/iCohort3-bwoefxeicoflurbglvssertdjhcr/Build/Products/Debug-iphonesimulator/Realtime.appintents --target-triple arm64-apple-ios13.0-simulator --binary-file /Users/user51/Library/Developer/Xcode/DerivedData/iCohort3-bwoefxeicoflurbglvssertdjhcr/Build/Products/Debug-iphonesimulator/Realtime.o --dependency-file /Users/user51/Library/Developer/Xcode/DerivedData/iCohort3-bwoefxeicoflurbglvssertdjhcr/Build/Intermediates.noindex/Supabase.build/Debug-iphonesimulator/Realtime.build/Objects-normal/arm64/Realtime_dependency_info.dat --stringsdata-file /Users/user51/Library/Developer/Xcode/DerivedData/iCohort3-bwoefxeicoflurbglvssertdjhcr/Build/Intermediates.noindex/Supabase.build/Debug-iphonesimulator/Realtime.build/Objects-normal/arm64/ExtractedAppShortcutsMetadata.stringsdata --source-file-list /Users/user51/Library/Developer/Xcode/DerivedData/iCohort3-bwoefxeicoflurbglvssertdjhcr/Build/Intermediates.noindex/Supabase.build/Debug-iphonesimulator/Realtime.build/Objects-normal/arm64/Realtime.SwiftFileList --metadata-file-list /Users/user51/Library/Developer/Xcode/DerivedData/iCohort3-bwoefxeicoflurbglvssertdjhcr/Build/Intermediates.noindex/Supabase.build/Debug-iphonesimulator/Realtime.build/Realtime.DependencyMetadataFileList --static-metadata-file-list /Users/user51/Library/Developer/Xcode/DerivedData/iCohort3-bwoefxeicoflurbglvssertdjhcr/Build/Intermediates.noindex/Supabase.build/Debug-iphonesimulator/Realtime.build/Realtime.DependencyStaticMetadataFileList --swift-const-vals-list /Users/user51/Library/Developer/Xcode/DerivedData/iCohort3-bwoefxeicoflurbglvssertdjhcr/Build/Intermediates.noindex/Supabase.build/Debug-iphonesimulator/Realtime.build/Objects-normal/arm64/Realtime.SwiftConstValuesFileList --force --compile-time-extraction --deployment-aware-processing --validate-assistant-intents --no-app-shortcuts-localization
2026-04-06 13:23:18.433 appintentsmetadataprocessor[46446:12589242] Starting appintentsmetadataprocessor export
2026-04-06 13:23:18.568 appintentsmetadataprocessor[46446:12589242] Extracted no relevant App Intents symbols, skipping writing output

SwiftDriverJobDiscovery normal arm64 Compiling Deprecated.swift, Exports.swift, APIClient.swift, CodeVerifierStorage.swift (in target 'Auth' from project 'Supabase')

SwiftEmitModule normal arm64 Emitting\ module\ for\ Supabase (in target 'Supabase' from project 'Supabase')

EmitSwiftModule normal arm64 (in target 'Supabase' from project 'Supabase')
    cd /Users/user51/Downloads/iCohort3/iCohort3.xcodeproj
    

SwiftCompile normal arm64 Compiling\ Types.swift /Users/user51/Library/Developer/Xcode/DerivedData/iCohort3-bwoefxeicoflurbglvssertdjhcr/SourcePackages/checkouts/supabase-swift/Sources/Supabase/Types.swift (in target 'Supabase' from project 'Supabase')

SwiftCompile normal arm64 /Users/user51/Library/Developer/Xcode/DerivedData/iCohort3-bwoefxeicoflurbglvssertdjhcr/SourcePackages/checkouts/supabase-swift/Sources/Supabase/Types.swift (in target 'Supabase' from project 'Supabase')
    cd /Users/user51/Downloads/iCohort3/iCohort3.xcodeproj
    

SwiftDriverJobDiscovery normal arm64 Compiling SessionStorage.swift, URLOpener.swift, AuthLocalStorage.swift (in target 'Auth' from project 'Supabase')

SwiftCompile normal arm64 Compiling\ Constants.swift /Users/user51/Library/Developer/Xcode/DerivedData/iCohort3-bwoefxeicoflurbglvssertdjhcr/SourcePackages/checkouts/supabase-swift/Sources/Supabase/Constants.swift (in target 'Supabase' from project 'Supabase')

SwiftCompile normal arm64 /Users/user51/Library/Developer/Xcode/DerivedData/iCohort3-bwoefxeicoflurbglvssertdjhcr/SourcePackages/checkouts/supabase-swift/Sources/Supabase/Constants.swift (in target 'Supabase' from project 'Supabase')
    cd /Users/user51/Downloads/iCohort3/iCohort3.xcodeproj
    

SwiftCompile normal arm64 Compiling\ Deprecated.swift /Users/user51/Library/Developer/Xcode/DerivedData/iCohort3-bwoefxeicoflurbglvssertdjhcr/SourcePackages/checkouts/supabase-swift/Sources/Supabase/Deprecated.swift (in target 'Supabase' from project 'Supabase')

SwiftCompile normal arm64 /Users/user51/Library/Developer/Xcode/DerivedData/iCohort3-bwoefxeicoflurbglvssertdjhcr/SourcePackages/checkouts/supabase-swift/Sources/Supabase/Deprecated.swift (in target 'Supabase' from project 'Supabase')
    cd /Users/user51/Downloads/iCohort3/iCohort3.xcodeproj
    

SwiftDriverJobDiscovery normal arm64 Emitting module for Supabase (in target 'Supabase' from project 'Supabase')

SwiftDriver\ Compilation\ Requirements Supabase normal arm64 com.apple.xcode.tools.swift.compiler (in target 'Supabase' from project 'Supabase')
    cd /Users/user51/Downloads/iCohort3/iCohort3.xcodeproj
    builtin-Swift-Compilation-Requirements -- /Applications/Xcode.app/Contents/Developer/Toolchains/XcodeDefault.xctoolchain/usr/bin/swiftc -module-name Supabase -Onone -enforce-exclusivity\=checked @/Users/user51/Library/Developer/Xcode/DerivedData/iCohort3-bwoefxeicoflurbglvssertdjhcr/Build/Intermediates.noindex/Supabase.build/Debug-iphonesimulator/Supabase.build/Objects-normal/arm64/Supabase.SwiftFileList -DSWIFT_PACKAGE -DDEBUG -DSWIFT_MODULE_RESOURCE_BUNDLE_UNAVAILABLE -DXcode -enable-upcoming-feature ExistentialAny -enable-experimental-feature StrictConcurrency -plugin-path /Applications/Xcode.app/Contents/Developer/Toolchains/XcodeDefault.xctoolchain/usr/lib/swift/host/plugins/testing -enable-experimental-feature DebugDescriptionMacro -sdk /Applications/Xcode.app/Contents/Developer/Platforms/iPhoneSimulator.platform/Developer/SDKs/iPhoneSimulator26.2.sdk -target arm64-apple-ios13.0-simulator -g -module-cache-path /Users/user51/Library/Developer/Xcode/DerivedData/ModuleCache.noindex -Xfrontend -serialize-debugging-options -profile-coverage-mapping -profile-generate -enable-testing -suppress-warnings -index-store-path /Users/user51/Library/Developer/Xcode/DerivedData/iCohort3-bwoefxeicoflurbglvssertdjhcr/Index.noindex/DataStore -Xcc -D_LIBCPP_HARDENING_MODE\=_LIBCPP_HARDENING_MODE_DEBUG -swift-version 5 -I /Users/user51/Library/Developer/Xcode/DerivedData/iCohort3-bwoefxeicoflurbglvssertdjhcr/Build/Products/Debug-iphonesimulator -Isystem /Applications/Xcode.app/Contents/Developer/Platforms/iPhoneSimulator.platform/Developer/usr/lib -F /Users/user51/Library/Developer/Xcode/DerivedData/iCohort3-bwoefxeicoflurbglvssertdjhcr/Build/Products/Debug-iphonesimulator/PackageFrameworks -F /Users/user51/Library/Developer/Xcode/DerivedData/iCohort3-bwoefxeicoflurbglvssertdjhcr/Build/Products/Debug-iphonesimulator/PackageFrameworks -F /Users/user51/Library/Developer/Xcode/DerivedData/iCohort3-bwoefxeicoflurbglvssertdjhcr/Build/Products/Debug-iphonesimulator/PackageFrameworks -F /Users/user51/Library/Developer/Xcode/DerivedData/iCohort3-bwoefxeicoflurbglvssertdjhcr/Build/Products/Debug-iphonesimulator/PackageFrameworks -F /Users/user51/Library/Developer/Xcode/DerivedData/iCohort3-bwoefxeicoflurbglvssertdjhcr/Build/Products/Debug-iphonesimulator/PackageFrameworks -F /Users/user51/Library/Developer/Xcode/DerivedData/iCohort3-bwoefxeicoflurbglvssertdjhcr/Build/Products/Debug-iphonesimulator/PackageFrameworks -F /Users/user51/Library/Developer/Xcode/DerivedData/iCohort3-bwoefxeicoflurbglvssertdjhcr/Build/Products/Debug-iphonesimulator/PackageFrameworks -F /Users/user51/Library/Developer/Xcode/DerivedData/iCohort3-bwoefxeicoflurbglvssertdjhcr/Build/Products/Debug-iphonesimulator/PackageFrameworks -F /Users/user51/Library/Developer/Xcode/DerivedData/iCohort3-bwoefxeicoflurbglvssertdjhcr/Build/Products/Debug-iphonesimulator/PackageFrameworks -F /Users/user51/Library/Developer/Xcode/DerivedData/iCohort3-bwoefxeicoflurbglvssertdjhcr/Build/Products/Debug-iphonesimulator/PackageFrameworks -F /Users/user51/Library/Developer/Xcode/DerivedData/iCohort3-bwoefxeicoflurbglvssertdjhcr/Build/Products/Debug-iphonesimulator/PackageFrameworks -F /Users/user51/Library/Developer/Xcode/DerivedData/iCohort3-bwoefxeicoflurbglvssertdjhcr/Build/Products/Debug-iphonesimulator/PackageFrameworks -F /Users/user51/Library/Developer/Xcode/DerivedData/iCohort3-bwoefxeicoflurbglvssertdjhcr/Build/Products/Debug-iphonesimulator/PackageFrameworks -F /Users/user51/Library/Developer/Xcode/DerivedData/iCohort3-bwoefxeicoflurbglvssertdjhcr/Build/Products/Debug-iphonesimulator -F /Applications/Xcode.app/Contents/Developer/Platforms/iPhoneSimulator.platform/Developer/Library/Frameworks -F /Applications/Xcode.app/Contents/Developer/Platforms/iPhoneSimulator.platform/Developer/SDKs/iPhoneSimulator26.2.sdk/Developer/Library/Frameworks -c -j8 -enable-batch-mode -incremental -Xcc -ivfsstatcache -Xcc /Users/user51/Library/Developer/Xcode/DerivedData/SDKStatCaches.noindex/iphonesimulator26.2-23C53-dc75598d0054f22ec865fa860f139d727d00a8b37fbd7999ea79df8ebc024bf0.sdkstatcache -output-file-map /Users/user51/Library/Developer/Xcode/DerivedData/iCohort3-bwoefxeicoflurbglvssertdjhcr/Build/Intermediates.noindex/Supabase.build/Debug-iphonesimulator/Supabase.build/Objects-normal/arm64/Supabase-OutputFileMap.json -use-frontend-parseable-output -save-temps -no-color-diagnostics -explicit-module-build -module-cache-path /Users/user51/Library/Developer/Xcode/DerivedData/iCohort3-bwoefxeicoflurbglvssertdjhcr/Build/Intermediates.noindex/SwiftExplicitPrecompiledModules -clang-scanner-module-cache-path /Users/user51/Library/Developer/Xcode/DerivedData/ModuleCache.noindex -sdk-module-cache-path /Users/user51/Library/Developer/Xcode/DerivedData/ModuleCache.noindex -serialize-diagnostics -emit-dependencies -emit-module -emit-module-path /Users/user51/Library/Developer/Xcode/DerivedData/iCohort3-bwoefxeicoflurbglvssertdjhcr/Build/Intermediates.noindex/Supabase.build/Debug-iphonesimulator/Supabase.build/Objects-normal/arm64/Supabase.swiftmodule -validate-clang-modules-once -clang-build-session-file /Users/user51/Library/Developer/Xcode/DerivedData/ModuleCache.noindex/Session.modulevalidation -package-name supabase_swift -Xcc -I/Users/user51/Library/Developer/Xcode/DerivedData/iCohort3-bwoefxeicoflurbglvssertdjhcr/Build/Intermediates.noindex/Supabase.build/Debug-iphonesimulator/Supabase.build/swift-overrides.hmap -emit-const-values -Xfrontend -const-gather-protocols-file -Xfrontend /Users/user51/Library/Developer/Xcode/DerivedData/iCohort3-bwoefxeicoflurbglvssertdjhcr/Build/Intermediates.noindex/Supabase.build/Debug-iphonesimulator/Supabase.build/Objects-normal/arm64/Supabase_const_extract_protocols.json -Xcc -I/Users/user51/Library/Developer/Xcode/DerivedData/iCohort3-bwoefxeicoflurbglvssertdjhcr/Build/Products/Debug-iphonesimulator/include -Xcc -I/Users/user51/Library/Developer/Xcode/DerivedData/iCohort3-bwoefxeicoflurbglvssertdjhcr/Build/Intermediates.noindex/Supabase.build/Debug-iphonesimulator/Supabase.build/DerivedSources-normal/arm64 -Xcc -I/Users/user51/Library/Developer/Xcode/DerivedData/iCohort3-bwoefxeicoflurbglvssertdjhcr/Build/Intermediates.noindex/Supabase.build/Debug-iphonesimulator/Supabase.build/DerivedSources/arm64 -Xcc -I/Users/user51/Library/Developer/Xcode/DerivedData/iCohort3-bwoefxeicoflurbglvssertdjhcr/Build/Intermediates.noindex/Supabase.build/Debug-iphonesimulator/Supabase.build/DerivedSources -Xcc -DSWIFT_PACKAGE -Xcc -DDEBUG\=1 -emit-objc-header -emit-objc-header-path /Users/user51/Library/Developer/Xcode/DerivedData/iCohort3-bwoefxeicoflurbglvssertdjhcr/Build/Intermediates.noindex/Supabase.build/Debug-iphonesimulator/Supabase.build/Objects-normal/arm64/Supabase-Swift.h -working-directory /Users/user51/Downloads/iCohort3/iCohort3.xcodeproj -experimental-emit-module-separately -disable-cmo

SwiftCompile normal arm64 Compiling\ SupabaseClient.swift /Users/user51/Library/Developer/Xcode/DerivedData/iCohort3-bwoefxeicoflurbglvssertdjhcr/SourcePackages/checkouts/supabase-swift/Sources/Supabase/SupabaseClient.swift (in target 'Supabase' from project 'Supabase')

SwiftCompile normal arm64 /Users/user51/Library/Developer/Xcode/DerivedData/iCohort3-bwoefxeicoflurbglvssertdjhcr/SourcePackages/checkouts/supabase-swift/Sources/Supabase/SupabaseClient.swift (in target 'Supabase' from project 'Supabase')
    cd /Users/user51/Downloads/iCohort3/iCohort3.xcodeproj
    

SwiftMergeGeneratedHeaders /Users/user51/Library/Developer/Xcode/DerivedData/iCohort3-bwoefxeicoflurbglvssertdjhcr/Build/Intermediates.noindex/GeneratedModuleMaps-iphonesimulator/Supabase-Swift.h /Users/user51/Library/Developer/Xcode/DerivedData/iCohort3-bwoefxeicoflurbglvssertdjhcr/Build/Intermediates.noindex/Supabase.build/Debug-iphonesimulator/Supabase.build/Objects-normal/arm64/Supabase-Swift.h (in target 'Supabase' from project 'Supabase')
    cd /Users/user51/Library/Developer/Xcode/DerivedData/iCohort3-bwoefxeicoflurbglvssertdjhcr/SourcePackages/checkouts/supabase-swift
    builtin-swiftHeaderTool -arch arm64 /Users/user51/Library/Developer/Xcode/DerivedData/iCohort3-bwoefxeicoflurbglvssertdjhcr/Build/Intermediates.noindex/Supabase.build/Debug-iphonesimulator/Supabase.build/Objects-normal/arm64/Supabase-Swift.h -o /Users/user51/Library/Developer/Xcode/DerivedData/iCohort3-bwoefxeicoflurbglvssertdjhcr/Build/Intermediates.noindex/GeneratedModuleMaps-iphonesimulator/Supabase-Swift.h

SwiftDriverJobDiscovery normal arm64 Compiling Keychain.swift, PKCE.swift, SessionManager.swift (in target 'Auth' from project 'Supabase')

Copy /Users/user51/Library/Developer/Xcode/DerivedData/iCohort3-bwoefxeicoflurbglvssertdjhcr/Build/Products/Debug-iphonesimulator/Supabase.swiftmodule/arm64-apple-ios-simulator.swiftmodule /Users/user51/Library/Developer/Xcode/DerivedData/iCohort3-bwoefxeicoflurbglvssertdjhcr/Build/Intermediates.noindex/Supabase.build/Debug-iphonesimulator/Supabase.build/Objects-normal/arm64/Supabase.swiftmodule (in target 'Supabase' from project 'Supabase')
    cd /Users/user51/Library/Developer/Xcode/DerivedData/iCohort3-bwoefxeicoflurbglvssertdjhcr/SourcePackages/checkouts/supabase-swift
    builtin-copy -exclude .DS_Store -exclude CVS -exclude .svn -exclude .git -exclude .hg -resolve-src-symlinks -rename /Users/user51/Library/Developer/Xcode/DerivedData/iCohort3-bwoefxeicoflurbglvssertdjhcr/Build/Intermediates.noindex/Supabase.build/Debug-iphonesimulator/Supabase.build/Objects-normal/arm64/Supabase.swiftmodule /Users/user51/Library/Developer/Xcode/DerivedData/iCohort3-bwoefxeicoflurbglvssertdjhcr/Build/Products/Debug-iphonesimulator/Supabase.swiftmodule/arm64-apple-ios-simulator.swiftmodule

Copy /Users/user51/Library/Developer/Xcode/DerivedData/iCohort3-bwoefxeicoflurbglvssertdjhcr/Build/Products/Debug-iphonesimulator/Supabase.swiftmodule/arm64-apple-ios-simulator.swiftdoc /Users/user51/Library/Developer/Xcode/DerivedData/iCohort3-bwoefxeicoflurbglvssertdjhcr/Build/Intermediates.noindex/Supabase.build/Debug-iphonesimulator/Supabase.build/Objects-normal/arm64/Supabase.swiftdoc (in target 'Supabase' from project 'Supabase')
    cd /Users/user51/Library/Developer/Xcode/DerivedData/iCohort3-bwoefxeicoflurbglvssertdjhcr/SourcePackages/checkouts/supabase-swift
    builtin-copy -exclude .DS_Store -exclude CVS -exclude .svn -exclude .git -exclude .hg -resolve-src-symlinks -rename /Users/user51/Library/Developer/Xcode/DerivedData/iCohort3-bwoefxeicoflurbglvssertdjhcr/Build/Intermediates.noindex/Supabase.build/Debug-iphonesimulator/Supabase.build/Objects-normal/arm64/Supabase.swiftdoc /Users/user51/Library/Developer/Xcode/DerivedData/iCohort3-bwoefxeicoflurbglvssertdjhcr/Build/Products/Debug-iphonesimulator/Supabase.swiftmodule/arm64-apple-ios-simulator.swiftdoc

Copy /Users/user51/Library/Developer/Xcode/DerivedData/iCohort3-bwoefxeicoflurbglvssertdjhcr/Build/Products/Debug-iphonesimulator/Supabase.swiftmodule/arm64-apple-ios-simulator.abi.json /Users/user51/Library/Developer/Xcode/DerivedData/iCohort3-bwoefxeicoflurbglvssertdjhcr/Build/Intermediates.noindex/Supabase.build/Debug-iphonesimulator/Supabase.build/Objects-normal/arm64/Supabase.abi.json (in target 'Supabase' from project 'Supabase')
    cd /Users/user51/Library/Developer/Xcode/DerivedData/iCohort3-bwoefxeicoflurbglvssertdjhcr/SourcePackages/checkouts/supabase-swift
    builtin-copy -exclude .DS_Store -exclude CVS -exclude .svn -exclude .git -exclude .hg -resolve-src-symlinks -rename /Users/user51/Library/Developer/Xcode/DerivedData/iCohort3-bwoefxeicoflurbglvssertdjhcr/Build/Intermediates.noindex/Supabase.build/Debug-iphonesimulator/Supabase.build/Objects-normal/arm64/Supabase.abi.json /Users/user51/Library/Developer/Xcode/DerivedData/iCohort3-bwoefxeicoflurbglvssertdjhcr/Build/Products/Debug-iphonesimulator/Supabase.swiftmodule/arm64-apple-ios-simulator.abi.json

SwiftDriverJobDiscovery normal arm64 Compiling Deprecated.swift (in target 'Supabase' from project 'Supabase')

Copy /Users/user51/Library/Developer/Xcode/DerivedData/iCohort3-bwoefxeicoflurbglvssertdjhcr/Build/Products/Debug-iphonesimulator/Supabase.swiftmodule/Project/arm64-apple-ios-simulator.swiftsourceinfo /Users/user51/Library/Developer/Xcode/DerivedData/iCohort3-bwoefxeicoflurbglvssertdjhcr/Build/Intermediates.noindex/Supabase.build/Debug-iphonesimulator/Supabase.build/Objects-normal/arm64/Supabase.swiftsourceinfo (in target 'Supabase' from project 'Supabase')
    cd /Users/user51/Library/Developer/Xcode/DerivedData/iCohort3-bwoefxeicoflurbglvssertdjhcr/SourcePackages/checkouts/supabase-swift
    builtin-copy -exclude .DS_Store -exclude CVS -exclude .svn -exclude .git -exclude .hg -resolve-src-symlinks -rename /Users/user51/Library/Developer/Xcode/DerivedData/iCohort3-bwoefxeicoflurbglvssertdjhcr/Build/Intermediates.noindex/Supabase.build/Debug-iphonesimulator/Supabase.build/Objects-normal/arm64/Supabase.swiftsourceinfo /Users/user51/Library/Developer/Xcode/DerivedData/iCohort3-bwoefxeicoflurbglvssertdjhcr/Build/Products/Debug-iphonesimulator/Supabase.swiftmodule/Project/arm64-apple-ios-simulator.swiftsourceinfo

SwiftCompile normal arm64 Compiling\ Exports.swift /Users/user51/Library/Developer/Xcode/DerivedData/iCohort3-bwoefxeicoflurbglvssertdjhcr/SourcePackages/checkouts/supabase-swift/Sources/Supabase/Exports.swift (in target 'Supabase' from project 'Supabase')

SwiftCompile normal arm64 /Users/user51/Library/Developer/Xcode/DerivedData/iCohort3-bwoefxeicoflurbglvssertdjhcr/SourcePackages/checkouts/supabase-swift/Sources/Supabase/Exports.swift (in target 'Supabase' from project 'Supabase')
    cd /Users/user51/Downloads/iCohort3/iCohort3.xcodeproj
    

SwiftDriverJobDiscovery normal arm64 Compiling Types.swift (in target 'Supabase' from project 'Supabase')

SwiftDriverJobDiscovery normal arm64 Compiling Constants.swift (in target 'Supabase' from project 'Supabase')

ExtractAppIntentsMetadata (in target 'PostgREST' from project 'Supabase')
    cd /Users/user51/Library/Developer/Xcode/DerivedData/iCohort3-bwoefxeicoflurbglvssertdjhcr/SourcePackages/checkouts/supabase-swift
    /Applications/Xcode.app/Contents/Developer/Toolchains/XcodeDefault.xctoolchain/usr/bin/appintentsmetadataprocessor --toolchain-dir /var/run/com.apple.security.cryptexd/mnt/com.apple.MobileAsset.MetalToolchain-v17.3.7003.10.GOk9dz/Metal.xctoolchain --module-name PostgREST --sdk-root /Applications/Xcode.app/Contents/Developer/Platforms/iPhoneSimulator.platform/Developer/SDKs/iPhoneSimulator26.2.sdk --xcode-version 17C52 --platform-family iOS --deployment-target 13.0 --bundle-identifier supabase-swift.PostgREST --output /Users/user51/Library/Developer/Xcode/DerivedData/iCohort3-bwoefxeicoflurbglvssertdjhcr/Build/Products/Debug-iphonesimulator/PostgREST.appintents --target-triple arm64-apple-ios13.0-simulator --binary-file /Users/user51/Library/Developer/Xcode/DerivedData/iCohort3-bwoefxeicoflurbglvssertdjhcr/Build/Products/Debug-iphonesimulator/PostgREST.o --dependency-file /Users/user51/Library/Developer/Xcode/DerivedData/iCohort3-bwoefxeicoflurbglvssertdjhcr/Build/Intermediates.noindex/Supabase.build/Debug-iphonesimulator/PostgREST.build/Objects-normal/arm64/PostgREST_dependency_info.dat --stringsdata-file /Users/user51/Library/Developer/Xcode/DerivedData/iCohort3-bwoefxeicoflurbglvssertdjhcr/Build/Intermediates.noindex/Supabase.build/Debug-iphonesimulator/PostgREST.build/Objects-normal/arm64/ExtractedAppShortcutsMetadata.stringsdata --source-file-list /Users/user51/Library/Developer/Xcode/DerivedData/iCohort3-bwoefxeicoflurbglvssertdjhcr/Build/Intermediates.noindex/Supabase.build/Debug-iphonesimulator/PostgREST.build/Objects-normal/arm64/PostgREST.SwiftFileList --metadata-file-list /Users/user51/Library/Developer/Xcode/DerivedData/iCohort3-bwoefxeicoflurbglvssertdjhcr/Build/Intermediates.noindex/Supabase.build/Debug-iphonesimulator/PostgREST.build/PostgREST.DependencyMetadataFileList --static-metadata-file-list /Users/user51/Library/Developer/Xcode/DerivedData/iCohort3-bwoefxeicoflurbglvssertdjhcr/Build/Intermediates.noindex/Supabase.build/Debug-iphonesimulator/PostgREST.build/PostgREST.DependencyStaticMetadataFileList --swift-const-vals-list /Users/user51/Library/Developer/Xcode/DerivedData/iCohort3-bwoefxeicoflurbglvssertdjhcr/Build/Intermediates.noindex/Supabase.build/Debug-iphonesimulator/PostgREST.build/Objects-normal/arm64/PostgREST.SwiftConstValuesFileList --force --compile-time-extraction --deployment-aware-processing --validate-assistant-intents --no-app-shortcuts-localization
2026-04-06 13:23:18.761 appintentsmetadataprocessor[46453:12589274] Starting appintentsmetadataprocessor export
2026-04-06 13:23:18.925 appintentsmetadataprocessor[46453:12589274] Extracted no relevant App Intents symbols, skipping writing output

ExtractAppIntentsMetadata (in target 'Functions' from project 'Supabase')
    cd /Users/user51/Library/Developer/Xcode/DerivedData/iCohort3-bwoefxeicoflurbglvssertdjhcr/SourcePackages/checkouts/supabase-swift
    /Applications/Xcode.app/Contents/Developer/Toolchains/XcodeDefault.xctoolchain/usr/bin/appintentsmetadataprocessor --toolchain-dir /var/run/com.apple.security.cryptexd/mnt/com.apple.MobileAsset.MetalToolchain-v17.3.7003.10.GOk9dz/Metal.xctoolchain --module-name Functions --sdk-root /Applications/Xcode.app/Contents/Developer/Platforms/iPhoneSimulator.platform/Developer/SDKs/iPhoneSimulator26.2.sdk --xcode-version 17C52 --platform-family iOS --deployment-target 13.0 --bundle-identifier supabase-swift.Functions --output /Users/user51/Library/Developer/Xcode/DerivedData/iCohort3-bwoefxeicoflurbglvssertdjhcr/Build/Products/Debug-iphonesimulator/Functions.appintents --target-triple arm64-apple-ios13.0-simulator --binary-file /Users/user51/Library/Developer/Xcode/DerivedData/iCohort3-bwoefxeicoflurbglvssertdjhcr/Build/Products/Debug-iphonesimulator/Functions.o --dependency-file /Users/user51/Library/Developer/Xcode/DerivedData/iCohort3-bwoefxeicoflurbglvssertdjhcr/Build/Intermediates.noindex/Supabase.build/Debug-iphonesimulator/Functions.build/Objects-normal/arm64/Functions_dependency_info.dat --stringsdata-file /Users/user51/Library/Developer/Xcode/DerivedData/iCohort3-bwoefxeicoflurbglvssertdjhcr/Build/Intermediates.noindex/Supabase.build/Debug-iphonesimulator/Functions.build/Objects-normal/arm64/ExtractedAppShortcutsMetadata.stringsdata --source-file-list /Users/user51/Library/Developer/Xcode/DerivedData/iCohort3-bwoefxeicoflurbglvssertdjhcr/Build/Intermediates.noindex/Supabase.build/Debug-iphonesimulator/Functions.build/Objects-normal/arm64/Functions.SwiftFileList --metadata-file-list /Users/user51/Library/Developer/Xcode/DerivedData/iCohort3-bwoefxeicoflurbglvssertdjhcr/Build/Intermediates.noindex/Supabase.build/Debug-iphonesimulator/Functions.build/Functions.DependencyMetadataFileList --static-metadata-file-list /Users/user51/Library/Developer/Xcode/DerivedData/iCohort3-bwoefxeicoflurbglvssertdjhcr/Build/Intermediates.noindex/Supabase.build/Debug-iphonesimulator/Functions.build/Functions.DependencyStaticMetadataFileList --swift-const-vals-list /Users/user51/Library/Developer/Xcode/DerivedData/iCohort3-bwoefxeicoflurbglvssertdjhcr/Build/Intermediates.noindex/Supabase.build/Debug-iphonesimulator/Functions.build/Objects-normal/arm64/Functions.SwiftConstValuesFileList --force --compile-time-extraction --deployment-aware-processing --validate-assistant-intents --no-app-shortcuts-localization
2026-04-06 13:23:18.761 appintentsmetadataprocessor[46454:12589275] Starting appintentsmetadataprocessor export
2026-04-06 13:23:18.896 appintentsmetadataprocessor[46454:12589275] Extracted no relevant App Intents symbols, skipping writing output

ProcessProductPackaging "" /Users/user51/Library/Developer/Xcode/DerivedData/iCohort3-bwoefxeicoflurbglvssertdjhcr/Build/Intermediates.noindex/iCohort3.build/Debug-iphonesimulator/iCohort3.build/iCohort3.app-Simulated.xcent (in target 'iCohort3' from project 'iCohort3')
    cd /Users/user51/Downloads/iCohort3
    
    Entitlements:
    
    {
    "application-identifier" = "K75YG36RDS.com.srmist.iCohort";
}
    
    builtin-productPackagingUtility -entitlements -format xml -o /Users/user51/Library/Developer/Xcode/DerivedData/iCohort3-bwoefxeicoflurbglvssertdjhcr/Build/Intermediates.noindex/iCohort3.build/Debug-iphonesimulator/iCohort3.build/iCohort3.app-Simulated.xcent

ProcessProductPackagingDER /Users/user51/Library/Developer/Xcode/DerivedData/iCohort3-bwoefxeicoflurbglvssertdjhcr/Build/Intermediates.noindex/iCohort3.build/Debug-iphonesimulator/iCohort3.build/iCohort3.app-Simulated.xcent /Users/user51/Library/Developer/Xcode/DerivedData/iCohort3-bwoefxeicoflurbglvssertdjhcr/Build/Intermediates.noindex/iCohort3.build/Debug-iphonesimulator/iCohort3.build/iCohort3.app-Simulated.xcent.der (in target 'iCohort3' from project 'iCohort3')
    cd /Users/user51/Downloads/iCohort3
    /usr/bin/derq query -f xml -i /Users/user51/Library/Developer/Xcode/DerivedData/iCohort3-bwoefxeicoflurbglvssertdjhcr/Build/Intermediates.noindex/iCohort3.build/Debug-iphonesimulator/iCohort3.build/iCohort3.app-Simulated.xcent -o /Users/user51/Library/Developer/Xcode/DerivedData/iCohort3-bwoefxeicoflurbglvssertdjhcr/Build/Intermediates.noindex/iCohort3.build/Debug-iphonesimulator/iCohort3.build/iCohort3.app-Simulated.xcent.der --raw

MkDir /Users/user51/Library/Developer/Xcode/DerivedData/iCohort3-bwoefxeicoflurbglvssertdjhcr/Build/Intermediates.noindex/iCohort3.build/Debug-iphonesimulator/iCohort3.build/assetcatalog_output/unthinned (in target 'iCohort3' from project 'iCohort3')
    cd /Users/user51/Downloads/iCohort3
    /bin/mkdir -p /Users/user51/Library/Developer/Xcode/DerivedData/iCohort3-bwoefxeicoflurbglvssertdjhcr/Build/Intermediates.noindex/iCohort3.build/Debug-iphonesimulator/iCohort3.build/assetcatalog_output/unthinned

MkDir /Users/user51/Library/Developer/Xcode/DerivedData/iCohort3-bwoefxeicoflurbglvssertdjhcr/Build/Intermediates.noindex/iCohort3.build/Debug-iphonesimulator/iCohort3.build/assetcatalog_output/thinned (in target 'iCohort3' from project 'iCohort3')
    cd /Users/user51/Downloads/iCohort3
    /bin/mkdir -p /Users/user51/Library/Developer/Xcode/DerivedData/iCohort3-bwoefxeicoflurbglvssertdjhcr/Build/Intermediates.noindex/iCohort3.build/Debug-iphonesimulator/iCohort3.build/assetcatalog_output/thinned

GenerateAssetSymbols /Users/user51/Downloads/iCohort3/iCohort3/iCohort3/Assets.xcassets /Users/user51/Downloads/iCohort3/iCohort3/Assets.xcassets (in target 'iCohort3' from project 'iCohort3')
    cd /Users/user51/Downloads/iCohort3
    /Applications/Xcode.app/Contents/Developer/usr/bin/actool /Users/user51/Downloads/iCohort3/iCohort3/iCohort3/Assets.xcassets /Users/user51/Downloads/iCohort3/iCohort3/Assets.xcassets --compile /Users/user51/Library/Developer/Xcode/DerivedData/iCohort3-bwoefxeicoflurbglvssertdjhcr/Build/Products/Debug-iphonesimulator/iCohort3.app --output-format human-readable-text --notices --warnings --export-dependency-info /Users/user51/Library/Developer/Xcode/DerivedData/iCohort3-bwoefxeicoflurbglvssertdjhcr/Build/Intermediates.noindex/iCohort3.build/Debug-iphonesimulator/iCohort3.build/assetcatalog_dependencies --output-partial-info-plist /Users/user51/Library/Developer/Xcode/DerivedData/iCohort3-bwoefxeicoflurbglvssertdjhcr/Build/Intermediates.noindex/iCohort3.build/Debug-iphonesimulator/iCohort3.build/assetcatalog_generated_info.plist --app-icon AppIcon --accent-color AccentColor --compress-pngs --enable-on-demand-resources YES --development-region en --target-device iphone --minimum-deployment-target 26.1 --platform iphonesimulator --bundle-identifier com.srmist.iCohort --generate-swift-asset-symbols /Users/user51/Library/Developer/Xcode/DerivedData/iCohort3-bwoefxeicoflurbglvssertdjhcr/Build/Intermediates.noindex/iCohort3.build/Debug-iphonesimulator/iCohort3.build/DerivedSources/GeneratedAssetSymbols.swift --generate-objc-asset-symbols /Users/user51/Library/Developer/Xcode/DerivedData/iCohort3-bwoefxeicoflurbglvssertdjhcr/Build/Intermediates.noindex/iCohort3.build/Debug-iphonesimulator/iCohort3.build/DerivedSources/GeneratedAssetSymbols.h --generate-asset-symbol-index /Users/user51/Library/Developer/Xcode/DerivedData/iCohort3-bwoefxeicoflurbglvssertdjhcr/Build/Intermediates.noindex/iCohort3.build/Debug-iphonesimulator/iCohort3.build/DerivedSources/GeneratedAssetSymbols-Index.plist
/* com.apple.actool.document.warnings */
/Users/user51/Downloads/iCohort3/iCohort3/Assets.xcassets:./AppIcon.appiconset/(null)[2d][Screenshot 2025-11-07 at 00.17.42 1.jpg]: warning: The app icon set "AppIcon" has an unassigned child.
/Users/user51/Downloads/iCohort3/iCohort3/Assets.xcassets:./AppIcon.appiconset/(null)[2d][Screenshot 2025-11-07 at 00.17.42 1.jpg]: warning: The app icon set "AppIcon" has an unassigned child.
/* com.apple.actool.compilation-results */
/Users/user51/Library/Developer/Xcode/DerivedData/iCohort3-bwoefxeicoflurbglvssertdjhcr/Build/Intermediates.noindex/iCohort3.build/Debug-iphonesimulator/iCohort3.build/DerivedSources/GeneratedAssetSymbols-Index.plist
/Users/user51/Library/Developer/Xcode/DerivedData/iCohort3-bwoefxeicoflurbglvssertdjhcr/Build/Intermediates.noindex/iCohort3.build/Debug-iphonesimulator/iCohort3.build/DerivedSources/GeneratedAssetSymbols.h
/Users/user51/Library/Developer/Xcode/DerivedData/iCohort3-bwoefxeicoflurbglvssertdjhcr/Build/Intermediates.noindex/iCohort3.build/Debug-iphonesimulator/iCohort3.build/DerivedSources/GeneratedAssetSymbols.swift


CompileAssetCatalogVariant thinned /Users/user51/Library/Developer/Xcode/DerivedData/iCohort3-bwoefxeicoflurbglvssertdjhcr/Build/Products/Debug-iphonesimulator/iCohort3.app /Users/user51/Downloads/iCohort3/iCohort3/iCohort3/Assets.xcassets /Users/user51/Downloads/iCohort3/iCohort3/Assets.xcassets (in target 'iCohort3' from project 'iCohort3')
    cd /Users/user51/Downloads/iCohort3
    /Applications/Xcode.app/Contents/Developer/usr/bin/actool /Users/user51/Downloads/iCohort3/iCohort3/iCohort3/Assets.xcassets /Users/user51/Downloads/iCohort3/iCohort3/Assets.xcassets --compile /Users/user51/Library/Developer/Xcode/DerivedData/iCohort3-bwoefxeicoflurbglvssertdjhcr/Build/Intermediates.noindex/iCohort3.build/Debug-iphonesimulator/iCohort3.build/assetcatalog_output/thinned --output-format human-readable-text --notices --warnings --export-dependency-info /Users/user51/Library/Developer/Xcode/DerivedData/iCohort3-bwoefxeicoflurbglvssertdjhcr/Build/Intermediates.noindex/iCohort3.build/Debug-iphonesimulator/iCohort3.build/assetcatalog_dependencies_thinned --output-partial-info-plist /Users/user51/Library/Developer/Xcode/DerivedData/iCohort3-bwoefxeicoflurbglvssertdjhcr/Build/Intermediates.noindex/iCohort3.build/Debug-iphonesimulator/iCohort3.build/assetcatalog_generated_info.plist_thinned --app-icon AppIcon --accent-color AccentColor --compress-pngs --enable-on-demand-resources YES --filter-for-thinning-device-configuration iPhone18,3 --filter-for-device-os-version 26.2 --development-region en --target-device iphone --minimum-deployment-target 26.1 --platform iphonesimulator

SwiftDriverJobDiscovery normal arm64 Compiling AuthError.swift, AuthMFA.swift, AuthStateChangeListener.swift, Defaults.swift (in target 'Auth' from project 'Supabase')

SwiftDriverJobDiscovery normal arm64 Compiling Exports.swift (in target 'Supabase' from project 'Supabase')

RegisterExecutionPolicyException /Users/user51/Library/Developer/Xcode/DerivedData/iCohort3-bwoefxeicoflurbglvssertdjhcr/Build/Products/Debug-iphonesimulator/Storage.o (in target 'Storage' from project 'Supabase')
    cd /Users/user51/Library/Developer/Xcode/DerivedData/iCohort3-bwoefxeicoflurbglvssertdjhcr/SourcePackages/checkouts/supabase-swift
    builtin-RegisterExecutionPolicyException /Users/user51/Library/Developer/Xcode/DerivedData/iCohort3-bwoefxeicoflurbglvssertdjhcr/Build/Products/Debug-iphonesimulator/Storage.o

SwiftDriver iCohort3 normal arm64 com.apple.xcode.tools.swift.compiler (in target 'iCohort3' from project 'iCohort3')
    cd /Users/user51/Downloads/iCohort3
    builtin-SwiftDriver -- /Applications/Xcode.app/Contents/Developer/Toolchains/XcodeDefault.xctoolchain/usr/bin/swiftc -module-name iCohort3 -Onone -enforce-exclusivity\=checked @/Users/user51/Library/Developer/Xcode/DerivedData/iCohort3-bwoefxeicoflurbglvssertdjhcr/Build/Intermediates.noindex/iCohort3.build/Debug-iphonesimulator/iCohort3.build/Objects-normal/arm64/iCohort3.SwiftFileList -DDEBUG -default-isolation\=MainActor -enable-bare-slash-regex -enable-upcoming-feature DisableOutwardActorInference -enable-upcoming-feature InferSendableFromCaptures -enable-upcoming-feature GlobalActorIsolatedTypesUsability -enable-upcoming-feature MemberImportVisibility -enable-upcoming-feature InferIsolatedConformances -enable-upcoming-feature NonisolatedNonsendingByDefault -enable-experimental-feature DebugDescriptionMacro -sdk /Applications/Xcode.app/Contents/Developer/Platforms/iPhoneSimulator.platform/Developer/SDKs/iPhoneSimulator26.2.sdk -target arm64-apple-ios26.1-simulator -g -module-cache-path /Users/user51/Library/Developer/Xcode/DerivedData/ModuleCache.noindex -Xfrontend -serialize-debugging-options -profile-coverage-mapping -profile-generate -enable-testing -index-store-path /Users/user51/Library/Developer/Xcode/DerivedData/iCohort3-bwoefxeicoflurbglvssertdjhcr/Index.noindex/DataStore -Xcc -D_LIBCPP_HARDENING_MODE\=_LIBCPP_HARDENING_MODE_DEBUG -swift-version 5 -I /Users/user51/Library/Developer/Xcode/DerivedData/iCohort3-bwoefxeicoflurbglvssertdjhcr/Build/Products/Debug-iphonesimulator -F /Users/user51/Library/Developer/Xcode/DerivedData/iCohort3-bwoefxeicoflurbglvssertdjhcr/Build/Products/Debug-iphonesimulator/PackageFrameworks -F /Users/user51/Library/Developer/Xcode/DerivedData/iCohort3-bwoefxeicoflurbglvssertdjhcr/Build/Products/Debug-iphonesimulator/PackageFrameworks -F /Users/user51/Library/Developer/Xcode/DerivedData/iCohort3-bwoefxeicoflurbglvssertdjhcr/Build/Products/Debug-iphonesimulator/PackageFrameworks -F /Users/user51/Library/Developer/Xcode/DerivedData/iCohort3-bwoefxeicoflurbglvssertdjhcr/Build/Products/Debug-iphonesimulator/PackageFrameworks -F /Users/user51/Library/Developer/Xcode/DerivedData/iCohort3-bwoefxeicoflurbglvssertdjhcr/Build/Products/Debug-iphonesimulator/PackageFrameworks -F /Users/user51/Library/Developer/Xcode/DerivedData/iCohort3-bwoefxeicoflurbglvssertdjhcr/Build/Products/Debug-iphonesimulator/PackageFrameworks -F /Users/user51/Library/Developer/Xcode/DerivedData/iCohort3-bwoefxeicoflurbglvssertdjhcr/Build/Products/Debug-iphonesimulator/PackageFrameworks -F /Users/user51/Library/Developer/Xcode/DerivedData/iCohort3-bwoefxeicoflurbglvssertdjhcr/Build/Products/Debug-iphonesimulator/PackageFrameworks -F /Users/user51/Library/Developer/Xcode/DerivedData/iCohort3-bwoefxeicoflurbglvssertdjhcr/Build/Products/Debug-iphonesimulator/PackageFrameworks -F /Users/user51/Library/Developer/Xcode/DerivedData/iCohort3-bwoefxeicoflurbglvssertdjhcr/Build/Products/Debug-iphonesimulator/PackageFrameworks -F /Users/user51/Library/Developer/Xcode/DerivedData/iCohort3-bwoefxeicoflurbglvssertdjhcr/Build/Products/Debug-iphonesimulator/PackageFrameworks -F /Users/user51/Library/Developer/Xcode/DerivedData/iCohort3-bwoefxeicoflurbglvssertdjhcr/Build/Products/Debug-iphonesimulator/PackageFrameworks -F /Users/user51/Library/Developer/Xcode/DerivedData/iCohort3-bwoefxeicoflurbglvssertdjhcr/Build/Products/Debug-iphonesimulator/PackageFrameworks -F /Users/user51/Library/Developer/Xcode/DerivedData/iCohort3-bwoefxeicoflurbglvssertdjhcr/Build/Products/Debug-iphonesimulator/PackageFrameworks -F /Users/user51/Library/Developer/Xcode/DerivedData/iCohort3-bwoefxeicoflurbglvssertdjhcr/Build/Products/Debug-iphonesimulator -emit-localized-strings -emit-localized-strings-path /Users/user51/Library/Developer/Xcode/DerivedData/iCohort3-bwoefxeicoflurbglvssertdjhcr/Build/Intermediates.noindex/iCohort3.build/Debug-iphonesimulator/iCohort3.build/Objects-normal/arm64 -c -j8 -enable-batch-mode -incremental -Xcc -ivfsstatcache -Xcc /Users/user51/Library/Developer/Xcode/DerivedData/SDKStatCaches.noindex/iphonesimulator26.2-23C53-dc75598d0054f22ec865fa860f139d727d00a8b37fbd7999ea79df8ebc024bf0.sdkstatcache -output-file-map /Users/user51/Library/Developer/Xcode/DerivedData/iCohort3-bwoefxeicoflurbglvssertdjhcr/Build/Intermediates.noindex/iCohort3.build/Debug-iphonesimulator/iCohort3.build/Objects-normal/arm64/iCohort3-OutputFileMap.json -use-frontend-parseable-output -save-temps -no-color-diagnostics -explicit-module-build -module-cache-path /Users/user51/Library/Developer/Xcode/DerivedData/iCohort3-bwoefxeicoflurbglvssertdjhcr/Build/Intermediates.noindex/SwiftExplicitPrecompiledModules -clang-scanner-module-cache-path /Users/user51/Library/Developer/Xcode/DerivedData/ModuleCache.noindex -sdk-module-cache-path /Users/user51/Library/Developer/Xcode/DerivedData/ModuleCache.noindex -serialize-diagnostics -emit-dependencies -emit-module -emit-module-path /Users/user51/Library/Developer/Xcode/DerivedData/iCohort3-bwoefxeicoflurbglvssertdjhcr/Build/Intermediates.noindex/iCohort3.build/Debug-iphonesimulator/iCohort3.build/Objects-normal/arm64/iCohort3.swiftmodule -validate-clang-modules-once -clang-build-session-file /Users/user51/Library/Developer/Xcode/DerivedData/ModuleCache.noindex/Session.modulevalidation -Xcc -I/Users/user51/Library/Developer/Xcode/DerivedData/iCohort3-bwoefxeicoflurbglvssertdjhcr/Build/Intermediates.noindex/iCohort3.build/Debug-iphonesimulator/iCohort3.build/swift-overrides.hmap -emit-const-values -Xfrontend -const-gather-protocols-file -Xfrontend /Users/user51/Library/Developer/Xcode/DerivedData/iCohort3-bwoefxeicoflurbglvssertdjhcr/Build/Intermediates.noindex/iCohort3.build/Debug-iphonesimulator/iCohort3.build/Objects-normal/arm64/iCohort3_const_extract_protocols.json -Xcc -iquote -Xcc /Users/user51/Library/Developer/Xcode/DerivedData/iCohort3-bwoefxeicoflurbglvssertdjhcr/Build/Intermediates.noindex/iCohort3.build/Debug-iphonesimulator/iCohort3.build/iCohort3-generated-files.hmap -Xcc -I/Users/user51/Library/Developer/Xcode/DerivedData/iCohort3-bwoefxeicoflurbglvssertdjhcr/Build/Intermediates.noindex/iCohort3.build/Debug-iphonesimulator/iCohort3.build/iCohort3-own-target-headers.hmap -Xcc -I/Users/user51/Library/Developer/Xcode/DerivedData/iCohort3-bwoefxeicoflurbglvssertdjhcr/Build/Intermediates.noindex/iCohort3.build/Debug-iphonesimulator/iCohort3.build/iCohort3-all-non-framework-target-headers.hmap -Xcc -ivfsoverlay -Xcc /Users/user51/Library/Developer/Xcode/DerivedData/iCohort3-bwoefxeicoflurbglvssertdjhcr/Build/Intermediates.noindex/iCohort3.build/Debug-iphonesimulator/iCohort3-e34d5d86b663c36c710007556844661d-VFS-iphonesimulator/all-product-headers.yaml -Xcc -iquote -Xcc /Users/user51/Library/Developer/Xcode/DerivedData/iCohort3-bwoefxeicoflurbglvssertdjhcr/Build/Intermediates.noindex/iCohort3.build/Debug-iphonesimulator/iCohort3.build/iCohort3-project-headers.hmap -Xcc -I/Users/user51/Library/Developer/Xcode/DerivedData/iCohort3-bwoefxeicoflurbglvssertdjhcr/Build/Products/Debug-iphonesimulator/include -Xcc -I/Users/user51/Library/Developer/Xcode/DerivedData/iCohort3-bwoefxeicoflurbglvssertdjhcr/Build/Intermediates.noindex/iCohort3.build/Debug-iphonesimulator/iCohort3.build/DerivedSources-normal/arm64 -Xcc -I/Users/user51/Library/Developer/Xcode/DerivedData/iCohort3-bwoefxeicoflurbglvssertdjhcr/Build/Intermediates.noindex/iCohort3.build/Debug-iphonesimulator/iCohort3.build/DerivedSources/arm64 -Xcc -I/Users/user51/Library/Developer/Xcode/DerivedData/iCohort3-bwoefxeicoflurbglvssertdjhcr/Build/Intermediates.noindex/iCohort3.build/Debug-iphonesimulator/iCohort3.build/DerivedSources -Xcc -DDEBUG\=1 -emit-objc-header -emit-objc-header-path /Users/user51/Library/Developer/Xcode/DerivedData/iCohort3-bwoefxeicoflurbglvssertdjhcr/Build/Intermediates.noindex/iCohort3.build/Debug-iphonesimulator/iCohort3.build/Objects-normal/arm64/iCohort3-Swift.h -working-directory /Users/user51/Downloads/iCohort3 -experimental-emit-module-separately -disable-cmo

RegisterExecutionPolicyException /Users/user51/Library/Developer/Xcode/DerivedData/iCohort3-bwoefxeicoflurbglvssertdjhcr/Build/Products/Debug-iphonesimulator/Realtime.o (in target 'Realtime' from project 'Supabase')
    cd /Users/user51/Library/Developer/Xcode/DerivedData/iCohort3-bwoefxeicoflurbglvssertdjhcr/SourcePackages/checkouts/supabase-swift
    builtin-RegisterExecutionPolicyException /Users/user51/Library/Developer/Xcode/DerivedData/iCohort3-bwoefxeicoflurbglvssertdjhcr/Build/Products/Debug-iphonesimulator/Realtime.o

RegisterExecutionPolicyException /Users/user51/Library/Developer/Xcode/DerivedData/iCohort3-bwoefxeicoflurbglvssertdjhcr/Build/Products/Debug-iphonesimulator/Functions.o (in target 'Functions' from project 'Supabase')
    cd /Users/user51/Library/Developer/Xcode/DerivedData/iCohort3-bwoefxeicoflurbglvssertdjhcr/SourcePackages/checkouts/supabase-swift
    builtin-RegisterExecutionPolicyException /Users/user51/Library/Developer/Xcode/DerivedData/iCohort3-bwoefxeicoflurbglvssertdjhcr/Build/Products/Debug-iphonesimulator/Functions.o

RegisterExecutionPolicyException /Users/user51/Library/Developer/Xcode/DerivedData/iCohort3-bwoefxeicoflurbglvssertdjhcr/Build/Products/Debug-iphonesimulator/PostgREST.o (in target 'PostgREST' from project 'Supabase')
    cd /Users/user51/Library/Developer/Xcode/DerivedData/iCohort3-bwoefxeicoflurbglvssertdjhcr/SourcePackages/checkouts/supabase-swift
    builtin-RegisterExecutionPolicyException /Users/user51/Library/Developer/Xcode/DerivedData/iCohort3-bwoefxeicoflurbglvssertdjhcr/Build/Products/Debug-iphonesimulator/PostgREST.o

SwiftDriverJobDiscovery normal arm64 Compiling SupabaseClient.swift (in target 'Supabase' from project 'Supabase')

SwiftDriver\ Compilation Supabase normal arm64 com.apple.xcode.tools.swift.compiler (in target 'Supabase' from project 'Supabase')
    cd /Users/user51/Downloads/iCohort3/iCohort3.xcodeproj
    builtin-Swift-Compilation -- /Applications/Xcode.app/Contents/Developer/Toolchains/XcodeDefault.xctoolchain/usr/bin/swiftc -module-name Supabase -Onone -enforce-exclusivity\=checked @/Users/user51/Library/Developer/Xcode/DerivedData/iCohort3-bwoefxeicoflurbglvssertdjhcr/Build/Intermediates.noindex/Supabase.build/Debug-iphonesimulator/Supabase.build/Objects-normal/arm64/Supabase.SwiftFileList -DSWIFT_PACKAGE -DDEBUG -DSWIFT_MODULE_RESOURCE_BUNDLE_UNAVAILABLE -DXcode -enable-upcoming-feature ExistentialAny -enable-experimental-feature StrictConcurrency -plugin-path /Applications/Xcode.app/Contents/Developer/Toolchains/XcodeDefault.xctoolchain/usr/lib/swift/host/plugins/testing -enable-experimental-feature DebugDescriptionMacro -sdk /Applications/Xcode.app/Contents/Developer/Platforms/iPhoneSimulator.platform/Developer/SDKs/iPhoneSimulator26.2.sdk -target arm64-apple-ios13.0-simulator -g -module-cache-path /Users/user51/Library/Developer/Xcode/DerivedData/ModuleCache.noindex -Xfrontend -serialize-debugging-options -profile-coverage-mapping -profile-generate -enable-testing -suppress-warnings -index-store-path /Users/user51/Library/Developer/Xcode/DerivedData/iCohort3-bwoefxeicoflurbglvssertdjhcr/Index.noindex/DataStore -Xcc -D_LIBCPP_HARDENING_MODE\=_LIBCPP_HARDENING_MODE_DEBUG -swift-version 5 -I /Users/user51/Library/Developer/Xcode/DerivedData/iCohort3-bwoefxeicoflurbglvssertdjhcr/Build/Products/Debug-iphonesimulator -Isystem /Applications/Xcode.app/Contents/Developer/Platforms/iPhoneSimulator.platform/Developer/usr/lib -F /Users/user51/Library/Developer/Xcode/DerivedData/iCohort3-bwoefxeicoflurbglvssertdjhcr/Build/Products/Debug-iphonesimulator/PackageFrameworks -F /Users/user51/Library/Developer/Xcode/DerivedData/iCohort3-bwoefxeicoflurbglvssertdjhcr/Build/Products/Debug-iphonesimulator/PackageFrameworks -F /Users/user51/Library/Developer/Xcode/DerivedData/iCohort3-bwoefxeicoflurbglvssertdjhcr/Build/Products/Debug-iphonesimulator/PackageFrameworks -F /Users/user51/Library/Developer/Xcode/DerivedData/iCohort3-bwoefxeicoflurbglvssertdjhcr/Build/Products/Debug-iphonesimulator/PackageFrameworks -F /Users/user51/Library/Developer/Xcode/DerivedData/iCohort3-bwoefxeicoflurbglvssertdjhcr/Build/Products/Debug-iphonesimulator/PackageFrameworks -F /Users/user51/Library/Developer/Xcode/DerivedData/iCohort3-bwoefxeicoflurbglvssertdjhcr/Build/Products/Debug-iphonesimulator/PackageFrameworks -F /Users/user51/Library/Developer/Xcode/DerivedData/iCohort3-bwoefxeicoflurbglvssertdjhcr/Build/Products/Debug-iphonesimulator/PackageFrameworks -F /Users/user51/Library/Developer/Xcode/DerivedData/iCohort3-bwoefxeicoflurbglvssertdjhcr/Build/Products/Debug-iphonesimulator/PackageFrameworks -F /Users/user51/Library/Developer/Xcode/DerivedData/iCohort3-bwoefxeicoflurbglvssertdjhcr/Build/Products/Debug-iphonesimulator/PackageFrameworks -F /Users/user51/Library/Developer/Xcode/DerivedData/iCohort3-bwoefxeicoflurbglvssertdjhcr/Build/Products/Debug-iphonesimulator/PackageFrameworks -F /Users/user51/Library/Developer/Xcode/DerivedData/iCohort3-bwoefxeicoflurbglvssertdjhcr/Build/Products/Debug-iphonesimulator/PackageFrameworks -F /Users/user51/Library/Developer/Xcode/DerivedData/iCohort3-bwoefxeicoflurbglvssertdjhcr/Build/Products/Debug-iphonesimulator/PackageFrameworks -F /Users/user51/Library/Developer/Xcode/DerivedData/iCohort3-bwoefxeicoflurbglvssertdjhcr/Build/Products/Debug-iphonesimulator/PackageFrameworks -F /Users/user51/Library/Developer/Xcode/DerivedData/iCohort3-bwoefxeicoflurbglvssertdjhcr/Build/Products/Debug-iphonesimulator -F /Applications/Xcode.app/Contents/Developer/Platforms/iPhoneSimulator.platform/Developer/Library/Frameworks -F /Applications/Xcode.app/Contents/Developer/Platforms/iPhoneSimulator.platform/Developer/SDKs/iPhoneSimulator26.2.sdk/Developer/Library/Frameworks -c -j8 -enable-batch-mode -incremental -Xcc -ivfsstatcache -Xcc /Users/user51/Library/Developer/Xcode/DerivedData/SDKStatCaches.noindex/iphonesimulator26.2-23C53-dc75598d0054f22ec865fa860f139d727d00a8b37fbd7999ea79df8ebc024bf0.sdkstatcache -output-file-map /Users/user51/Library/Developer/Xcode/DerivedData/iCohort3-bwoefxeicoflurbglvssertdjhcr/Build/Intermediates.noindex/Supabase.build/Debug-iphonesimulator/Supabase.build/Objects-normal/arm64/Supabase-OutputFileMap.json -use-frontend-parseable-output -save-temps -no-color-diagnostics -explicit-module-build -module-cache-path /Users/user51/Library/Developer/Xcode/DerivedData/iCohort3-bwoefxeicoflurbglvssertdjhcr/Build/Intermediates.noindex/SwiftExplicitPrecompiledModules -clang-scanner-module-cache-path /Users/user51/Library/Developer/Xcode/DerivedData/ModuleCache.noindex -sdk-module-cache-path /Users/user51/Library/Developer/Xcode/DerivedData/ModuleCache.noindex -serialize-diagnostics -emit-dependencies -emit-module -emit-module-path /Users/user51/Library/Developer/Xcode/DerivedData/iCohort3-bwoefxeicoflurbglvssertdjhcr/Build/Intermediates.noindex/Supabase.build/Debug-iphonesimulator/Supabase.build/Objects-normal/arm64/Supabase.swiftmodule -validate-clang-modules-once -clang-build-session-file /Users/user51/Library/Developer/Xcode/DerivedData/ModuleCache.noindex/Session.modulevalidation -package-name supabase_swift -Xcc -I/Users/user51/Library/Developer/Xcode/DerivedData/iCohort3-bwoefxeicoflurbglvssertdjhcr/Build/Intermediates.noindex/Supabase.build/Debug-iphonesimulator/Supabase.build/swift-overrides.hmap -emit-const-values -Xfrontend -const-gather-protocols-file -Xfrontend /Users/user51/Library/Developer/Xcode/DerivedData/iCohort3-bwoefxeicoflurbglvssertdjhcr/Build/Intermediates.noindex/Supabase.build/Debug-iphonesimulator/Supabase.build/Objects-normal/arm64/Supabase_const_extract_protocols.json -Xcc -I/Users/user51/Library/Developer/Xcode/DerivedData/iCohort3-bwoefxeicoflurbglvssertdjhcr/Build/Products/Debug-iphonesimulator/include -Xcc -I/Users/user51/Library/Developer/Xcode/DerivedData/iCohort3-bwoefxeicoflurbglvssertdjhcr/Build/Intermediates.noindex/Supabase.build/Debug-iphonesimulator/Supabase.build/DerivedSources-normal/arm64 -Xcc -I/Users/user51/Library/Developer/Xcode/DerivedData/iCohort3-bwoefxeicoflurbglvssertdjhcr/Build/Intermediates.noindex/Supabase.build/Debug-iphonesimulator/Supabase.build/DerivedSources/arm64 -Xcc -I/Users/user51/Library/Developer/Xcode/DerivedData/iCohort3-bwoefxeicoflurbglvssertdjhcr/Build/Intermediates.noindex/Supabase.build/Debug-iphonesimulator/Supabase.build/DerivedSources -Xcc -DSWIFT_PACKAGE -Xcc -DDEBUG\=1 -emit-objc-header -emit-objc-header-path /Users/user51/Library/Developer/Xcode/DerivedData/iCohort3-bwoefxeicoflurbglvssertdjhcr/Build/Intermediates.noindex/Supabase.build/Debug-iphonesimulator/Supabase.build/Objects-normal/arm64/Supabase-Swift.h -working-directory /Users/user51/Downloads/iCohort3/iCohort3.xcodeproj -experimental-emit-module-separately -disable-cmo

SwiftCompile normal arm64 Compiling\ ViewController.swift,\ AppDelegate.swift,\ SceneDelegate.swift,\ M-MainTabBarViewController.swift,\ S-MainTabBarViewController.swift,\ AppTheme.swift,\ UIImage+Avatar.swift,\ UIViewController+KeyboardDismiss.swift,\ AnnouncementApp.swift,\ AdminApprovalViewController.swift,\ AdminDashboardViewController.swift,\ AdminLoginViewController.swift,\ AdminProfileDetailViewController.swift,\ AdminSignUpViewController.swift,\ AdminTeamsViewController.swift /Users/user51/Downloads/iCohort3/iCohort3/App/Legacy/ViewController.swift /Users/user51/Downloads/iCohort3/iCohort3/App/Lifecycle/AppDelegate.swift /Users/user51/Downloads/iCohort3/iCohort3/App/Lifecycle/SceneDelegate.swift /Users/user51/Downloads/iCohort3/iCohort3/App/Navigation/M-MainTabBarViewController.swift /Users/user51/Downloads/iCohort3/iCohort3/App/Navigation/S-MainTabBarViewController.swift /Users/user51/Downloads/iCohort3/iCohort3/App/Theme/AppTheme.swift /Users/user51/Downloads/iCohort3/iCohort3/App/Theme/UIImage+Avatar.swift /Users/user51/Downloads/iCohort3/iCohort3/App/Theme/UIViewController+KeyboardDismiss.swift /Users/user51/Downloads/iCohort3/iCohort3/App/AnnouncementApp.swift /Users/user51/Downloads/iCohort3/iCohort3/Controller/Admin/AdminApprovalViewController.swift /Users/user51/Downloads/iCohort3/iCohort3/Controller/Admin/AdminDashboardViewController.swift /Users/user51/Downloads/iCohort3/iCohort3/Controller/Admin/AdminLoginViewController.swift /Users/user51/Downloads/iCohort3/iCohort3/Controller/Admin/AdminProfileDetailViewController.swift /Users/user51/Downloads/iCohort3/iCohort3/Controller/Admin/AdminSignUpViewController.swift /Users/user51/Downloads/iCohort3/iCohort3/Controller/Admin/AdminTeamsViewController.swift (in target 'iCohort3' from project 'iCohort3')
SwiftCompile normal arm64 /Users/user51/Downloads/iCohort3/iCohort3/App/Legacy/ViewController.swift (in target 'iCohort3' from project 'iCohort3')
    cd /Users/user51/Downloads/iCohort3
    

SwiftCompile normal arm64 /Users/user51/Downloads/iCohort3/iCohort3/App/Lifecycle/AppDelegate.swift (in target 'iCohort3' from project 'iCohort3')
    cd /Users/user51/Downloads/iCohort3
    

SwiftCompile normal arm64 /Users/user51/Downloads/iCohort3/iCohort3/App/Lifecycle/SceneDelegate.swift (in target 'iCohort3' from project 'iCohort3')
    cd /Users/user51/Downloads/iCohort3
    

SwiftCompile normal arm64 /Users/user51/Downloads/iCohort3/iCohort3/App/Navigation/M-MainTabBarViewController.swift (in target 'iCohort3' from project 'iCohort3')
    cd /Users/user51/Downloads/iCohort3
    

SwiftCompile normal arm64 /Users/user51/Downloads/iCohort3/iCohort3/App/Navigation/S-MainTabBarViewController.swift (in target 'iCohort3' from project 'iCohort3')
    cd /Users/user51/Downloads/iCohort3
    

SwiftCompile normal arm64 /Users/user51/Downloads/iCohort3/iCohort3/App/Theme/AppTheme.swift (in target 'iCohort3' from project 'iCohort3')
    cd /Users/user51/Downloads/iCohort3
    

SwiftCompile normal arm64 /Users/user51/Downloads/iCohort3/iCohort3/App/Theme/UIImage+Avatar.swift (in target 'iCohort3' from project 'iCohort3')
    cd /Users/user51/Downloads/iCohort3
    

SwiftCompile normal arm64 /Users/user51/Downloads/iCohort3/iCohort3/App/Theme/UIViewController+KeyboardDismiss.swift (in target 'iCohort3' from project 'iCohort3')
    cd /Users/user51/Downloads/iCohort3
    

SwiftCompile normal arm64 /Users/user51/Downloads/iCohort3/iCohort3/App/AnnouncementApp.swift (in target 'iCohort3' from project 'iCohort3')
    cd /Users/user51/Downloads/iCohort3
    

SwiftCompile normal arm64 /Users/user51/Downloads/iCohort3/iCohort3/Controller/Admin/AdminApprovalViewController.swift (in target 'iCohort3' from project 'iCohort3')
    cd /Users/user51/Downloads/iCohort3
    

SwiftCompile normal arm64 /Users/user51/Downloads/iCohort3/iCohort3/Controller/Admin/AdminDashboardViewController.swift (in target 'iCohort3' from project 'iCohort3')
    cd /Users/user51/Downloads/iCohort3
    

SwiftCompile normal arm64 /Users/user51/Downloads/iCohort3/iCohort3/Controller/Admin/AdminLoginViewController.swift (in target 'iCohort3' from project 'iCohort3')
    cd /Users/user51/Downloads/iCohort3
    

SwiftCompile normal arm64 /Users/user51/Downloads/iCohort3/iCohort3/Controller/Admin/AdminProfileDetailViewController.swift (in target 'iCohort3' from project 'iCohort3')
    cd /Users/user51/Downloads/iCohort3
    

SwiftCompile normal arm64 /Users/user51/Downloads/iCohort3/iCohort3/Controller/Admin/AdminSignUpViewController.swift (in target 'iCohort3' from project 'iCohort3')
    cd /Users/user51/Downloads/iCohort3
    

SwiftCompile normal arm64 /Users/user51/Downloads/iCohort3/iCohort3/Controller/Admin/AdminTeamsViewController.swift (in target 'iCohort3' from project 'iCohort3')
    cd /Users/user51/Downloads/iCohort3
    

SwiftCompile normal arm64 Compiling\ TaskSeeAllViewController.swift,\ TeamProfileRowCell.swift,\ ReviewViewController.swift,\ JoinTeamsViewController.swift,\ MemberAvatarCell.swift,\ PillSwitcherCell.swift,\ RequestItemCell.swift,\ RequestSwitcherCell.swift,\ SProfileViewController.swift,\ StudentListView.swift,\ StudentPickerViewController.swift,\ TeamDetailViewController.swift,\ TeamStartMode.swift,\ TeamSummaryCell.swift /Users/user51/Downloads/iCohort3/iCohort3/Controller/Mentor/Tasks/TaskSeeAllViewController.swift /Users/user51/Downloads/iCohort3/iCohort3/Controller/Mentor/Tasks/TeamProfileRowCell.swift /Users/user51/Downloads/iCohort3/iCohort3/Controller/Shared/Review/ReviewViewController.swift /Users/user51/Downloads/iCohort3/iCohort3/Controller/Shared/Teams/JoinTeamsViewController.swift /Users/user51/Downloads/iCohort3/iCohort3/Controller/Shared/Teams/MemberAvatarCell.swift /Users/user51/Downloads/iCohort3/iCohort3/Controller/Shared/Teams/PillSwitcherCell.swift /Users/user51/Downloads/iCohort3/iCohort3/Controller/Shared/Teams/RequestItemCell.swift /Users/user51/Downloads/iCohort3/iCohort3/Controller/Shared/Teams/RequestSwitcherCell.swift /Users/user51/Downloads/iCohort3/iCohort3/Controller/Shared/Teams/SProfileViewController.swift /Users/user51/Downloads/iCohort3/iCohort3/Controller/Shared/Teams/StudentListView.swift /Users/user51/Downloads/iCohort3/iCohort3/Controller/Shared/Teams/StudentPickerViewController.swift /Users/user51/Downloads/iCohort3/iCohort3/Controller/Shared/Teams/TeamDetailViewController.swift /Users/user51/Downloads/iCohort3/iCohort3/Controller/Shared/Teams/TeamStartMode.swift /Users/user51/Downloads/iCohort3/iCohort3/Controller/Shared/Teams/TeamSummaryCell.swift (in target 'iCohort3' from project 'iCohort3')
Failed frontend command:
/Applications/Xcode.app/Contents/Developer/Toolchains/XcodeDefault.xctoolchain/usr/bin/swift-frontend -frontend -c /Users/user51/Downloads/iCohort3/iCohort3/App/Legacy/ViewController.swift /Users/user51/Downloads/iCohort3/iCohort3/App/Lifecycle/AppDelegate.swift /Users/user51/Downloads/iCohort3/iCohort3/App/Lifecycle/SceneDelegate.swift /Users/user51/Downloads/iCohort3/iCohort3/App/Navigation/M-MainTabBarViewController.swift /Users/user51/Downloads/iCohort3/iCohort3/App/Navigation/S-MainTabBarViewController.swift /Users/user51/Downloads/iCohort3/iCohort3/App/Theme/AppTheme.swift /Users/user51/Downloads/iCohort3/iCohort3/App/Theme/UIImage+Avatar.swift /Users/user51/Downloads/iCohort3/iCohort3/App/Theme/UIViewController+KeyboardDismiss.swift /Users/user51/Downloads/iCohort3/iCohort3/App/AnnouncementApp.swift /Users/user51/Downloads/iCohort3/iCohort3/Controller/Admin/AdminApprovalViewController.swift /Users/user51/Downloads/iCohort3/iCohort3/Controller/Admin/AdminDashboardViewController.swift /Users/user51/Downloads/iCohort3/iCohort3/Controller/Admin/AdminLoginViewController.swift /Users/user51/Downloads/iCohort3/iCohort3/Controller/Admin/AdminProfileDetailViewController.swift /Users/user51/Downloads/iCohort3/iCohort3/Controller/Admin/AdminSignUpViewController.swift /Users/user51/Downloads/iCohort3/iCohort3/Controller/Admin/AdminTeamsViewController.swift /Users/user51/Downloads/iCohort3/iCohort3/Controller/Admin/AdminUIStyle.swift /Users/user51/Downloads/iCohort3/iCohort3/Controller/Admin/ApprovedMentorsViewController.swift /Users/user51/Downloads/iCohort3/iCohort3/Controller/Admin/ApprovedStudentsViewController.swift /Users/user51/Downloads/iCohort3/iCohort3/Controller/Mentor/Announcements/AddTaskViewController.swift /Users/user51/Downloads/iCohort3/iCohort3/Controller/Mentor/Announcements/MentorAnnouncementsViewController.swift /Users/user51/Downloads/iCohort3/iCohort3/Controller/Mentor/Announcements/MentorAnnouncementTableViewCell.swift /Users/user51/Downloads/iCohort3/iCohort3/Controller/Mentor/Auth/MForgetPasswordViewController.swift /Users/user51/Downloads/iCohort3/iCohort3/Controller/Mentor/Auth/MLoginSignUpViewController.swift /Users/user51/Downloads/iCohort3/iCohort3/Controller/Mentor/Auth/MOTPViewController.swift /Users/user51/Downloads/iCohort3/iCohort3/Controller/Mentor/Auth/MSignUpViewController.swift /Users/user51/Downloads/iCohort3/iCohort3/Controller/Mentor/Calendar/AddActivityViewController.swift /Users/user51/Downloads/iCohort3/iCohort3/Controller/Mentor/Calendar/Mactivity.swift /Users/user51/Downloads/iCohort3/iCohort3/Controller/Mentor/Calendar/MactivityTableViewCell.swift /Users/user51/Downloads/iCohort3/iCohort3/Controller/Mentor/Calendar/MCalendarViewController.swift /Users/user51/Downloads/iCohort3/iCohort3/Controller/Mentor/Dashboard/EmptyStateCollectionViewCell.swift /Users/user51/Downloads/iCohort3/iCohort3/Controller/Mentor/Dashboard/MDashboardViewController.swift /Users/user51/Downloads/iCohort3/iCohort3/Controller/Mentor/Dashboard/OngoingCollectionViewCell.swift /Users/user51/Downloads/iCohort3/iCohort3/Controller/Mentor/Dashboard/ProfileViewController.swift /Users/user51/Downloads/iCohort3/iCohort3/Controller/Mentor/Dashboard/ReviewCollectionViewCell.swift /Users/user51/Downloads/iCohort3/iCohort3/Controller/Mentor/Dashboard/SectionHeaderView.swift /Users/user51/Downloads/iCohort3/iCohort3/Controller/Mentor/TaskCreation/AttachmentViewerViewController.swift /Users/user51/Downloads/iCohort3/iCohort3/Controller/Mentor/TaskCreation/LinkAttachmentView.swift /Users/user51/Downloads/iCohort3/iCohort3/Controller/Mentor/TaskCreation/NewTaskViewController.swift /Users/user51/Downloads/iCohort3/iCohort3/Controller/Mentor/TaskCreation/TaskModel.swift /Users/user51/Downloads/iCohort3/iCohort3/Controller/Mentor/Tasks/StudentAllTasksViewController.swift /Users/user51/Downloads/iCohort3/iCohort3/Controller/Mentor/Tasks/TaskAssignmentViewController.swift /Users/user51/Downloads/iCohort3/iCohort3/Controller/Mentor/Tasks/TaskCardCellNew.swift /Users/user51/Downloads/iCohort3/iCohort3/Controller/Mentor/Tasks/TaskSectionCell.swift -primary-file /Users/user51/Downloads/iCohort3/iCohort3/Controller/Mentor/Tasks/TaskSeeAllViewController.swift -primary-file /Users/user51/Downloads/iCohort3/iCohort3/Controller/Mentor/Tasks/TeamProfileRowCell.swift -primary-file /Users/user51/Downloads/iCohort3/iCohort3/Controller/Shared/Review/ReviewViewController.swift -primary-file /Users/user51/Downloads/iCohort3/iCohort3/Controller/Shared/Teams/JoinTeamsViewController.swift -primary-file /Users/user51/Downloads/iCohort3/iCohort3/Controller/Shared/Teams/MemberAvatarCell.swift -primary-file /Users/user51/Downloads/iCohort3/iCohort3/Controller/Shared/Teams/PillSwitcherCell.swift -primary-file /Users/user51/Downloads/iCohort3/iCohort3/Controller/Shared/Teams/RequestItemCell.swift -primary-file /Users/user51/Downloads/iCohort3/iCohort3/Controller/Shared/Teams/RequestSwitcherCell.swift -primary-file /Users/user51/Downloads/iCohort3/iCohort3/Controller/Shared/Teams/SProfileViewController.swift -primary-file /Users/user51/Downloads/iCohort3/iCohort3/Controller/Shared/Teams/StudentListView.swift -primary-file /Users/user51/Downloads/iCohort3/iCohort3/Controller/Shared/Teams/StudentPickerViewController.swift -primary-file /Users/user51/Downloads/iCohort3/iCohort3/Controller/Shared/Teams/TeamDetailViewController.swift -primary-file /Users/user51/Downloads/iCohort3/iCohort3/Controller/Shared/Teams/TeamStartMode.swift -primary-file /Users/user51/Downloads/iCohort3/iCohort3/Controller/Shared/Teams/TeamSummaryCell.swift /Users/user51/Downloads/iCohort3/iCohort3/Controller/Shared/Teams/TeamViewController.swift /Users/user51/Downloads/iCohort3/iCohort3/Controller/Shared/SplashViewController.swift /Users/user51/Downloads/iCohort3/iCohort3/Controller/Student/Announcements/Announcement.swift /Users/user51/Downloads/iCohort3/iCohort3/Controller/Student/Announcements/AnnouncementsViewController.swift /Users/user51/Downloads/iCohort3/iCohort3/Controller/Student/Announcements/AnnouncementTableViewCell.swift /Users/user51/Downloads/iCohort3/iCohort3/Controller/Student/Auth/EmailVerificationViewController.swift /Users/user51/Downloads/iCohort3/iCohort3/Controller/Student/Auth/forgotPasswordViewController.swift /Users/user51/Downloads/iCohort3/iCohort3/Controller/Student/Auth/LoginViewController.swift /Users/user51/Downloads/iCohort3/iCohort3/Controller/Student/Auth/OTPViewController.swift /Users/user51/Downloads/iCohort3/iCohort3/Controller/Student/Auth/SignUpViewController.swift /Users/user51/Downloads/iCohort3/iCohort3/Controller/Student/Auth/UserSelectionViewController.swift /Users/user51/Downloads/iCohort3/iCohort3/Controller/Student/Calendar/ActivityTableViewCell.swift /Users/user51/Downloads/iCohort3/iCohort3/Controller/Student/Calendar/SCalendarViewController.swift /Users/user51/Downloads/iCohort3/iCohort3/Controller/Student/Dashboard/SDashboardViewController.swift /Users/user51/Downloads/iCohort3/iCohort3/Controller/Student/Dashboard/StatusCardCell.swift /Users/user51/Downloads/iCohort3/iCohort3/Controller/Student/Dashboard/StudentProfileViewController.swift /Users/user51/Downloads/iCohort3/iCohort3/Controller/Student/Dashboard/TaskCell.swift /Users/user51/Downloads/iCohort3/iCohort3/Controller/Student/Dashboard/tasksDueTodayTableViewCell.swift /Users/user51/Downloads/iCohort3/iCohort3/Controller/Student/Tasks/AllTasksViewController.swift /Users/user51/Downloads/iCohort3/iCohort3/Controller/Student/Tasks/ApprovedCollectionViewCell.swift /Users/user51/Downloads/iCohort3/iCohort3/Controller/Student/Tasks/ApprovedViewController.swift /Users/user51/Downloads/iCohort3/iCohort3/Controller/Student/Tasks/CompletedCollectionViewCell.swift /Users/user51/Downloads/iCohort3/iCohort3/Controller/Student/Tasks/CompletedViewController.swift /Users/user51/Downloads/iCohort3/iCohort3/Controller/Student/Tasks/ForReviewCollectionViewCell.swift /Users/user51/Downloads/iCohort3/iCohort3/Controller/Student/Tasks/ForReviewViewController.swift /Users/user51/Downloads/iCohort3/iCohort3/Controller/Student/Tasks/InProgressCollectionViewCell.swift /Users/user51/Downloads/iCohort3/iCohort3/Controller/Student/Tasks/InProgressViewController.swift /Users/user51/Downloads/iCohort3/iCohort3/Controller/Student/Tasks/NotStartedViewController.swift /Users/user51/Downloads/iCohort3/iCohort3/Controller/Student/Tasks/PreparedCollectionViewCell.swift /Users/user51/Downloads/iCohort3/iCohort3/Controller/Student/Tasks/PreparedViewController.swift /Users/user51/Downloads/iCohort3/iCohort3/Controller/Student/Tasks/RejectedCollectionViewCell.swift /Users/user51/Downloads/iCohort3/iCohort3/Controller/Student/Tasks/RejectedViewController.swift /Users/user51/Downloads/iCohort3/iCohort3/Controller/Student/Tasks/SSectionHeaderView.swift /Users/user51/Downloads/iCohort3/iCohort3/Controller/Student/Tasks/StudentTaskScreenUIHelper.swift /Users/user51/Downloads/iCohort3/iCohort3/Controller/Student/Tasks/TaskCells.swift /Users/user51/Downloads/iCohort3/iCohort3/Controller/Student/Tasks/TaskCollectionViewCell.swift /Users/user51/Downloads/iCohort3/iCohort3/Controller/Student/TaskSubmission/DashboardTasks.swift /Users/user51/Downloads/iCohort3/iCohort3/Controller/Student/TaskSubmission/TaskDetailViewController.swift /Users/user51/Downloads/iCohort3/iCohort3/Manager/Supabase/Supabase+Admin.swift /Users/user51/Downloads/iCohort3/iCohort3/Manager/Supabase/Supabase+ApprovedStudents.swift /Users/user51/Downloads/iCohort3/iCohort3/Manager/Supabase/Supabase+Authentication.swift /Users/user51/Downloads/iCohort3/iCohort3/Manager/Supabase/Supabase+CurrentUser.swift /Users/user51/Downloads/iCohort3/iCohort3/Manager/Supabase/Supabase+Mentor.swift /Users/user51/Downloads/iCohort3/iCohort3/Manager/Supabase/Supabase+MentorAllTasks.swift /Users/user51/Downloads/iCohort3/iCohort3/Manager/Supabase/Supabase+SendRequest.swift /Users/user51/Downloads/iCohort3/iCohort3/Manager/Supabase/Supabase+Student.swift /Users/user51/Downloads/iCohort3/iCohort3/Manager/Supabase/Supabase+Tasks.swift /Users/user51/Downloads/iCohort3/iCohort3/Manager/Supabase/Supabase+TeamJoinRequests.swift /Users/user51/Downloads/iCohort3/iCohort3/Manager/Supabase/SupabaseManager.swift /Users/user51/Downloads/iCohort3/iCohort3/Manager/Supabase/SupabaseManager+Admin.swift /Users/user51/Downloads/iCohort3/iCohort3/Manager/Supabase/SupabaseManager+PasswordReset.swift /Users/user51/Downloads/iCohort3/iCohort3/Manager/Supabase/Supabasemanager+realtime.swift /Users/user51/Downloads/iCohort3/iCohort3/Manager/Supabase/SupabaseManager+TeamTaskSync.swift /Users/user51/Downloads/iCohort3/iCohort3/Manager/StudentNotificationManager.swift /Users/user51/Downloads/iCohort3/iCohort3/Model/Supabase/SupabaseModels.swift /Users/user51/Library/Developer/Xcode/DerivedData/iCohort3-bwoefxeicoflurbglvssertdjhcr/Build/Intermediates.noindex/iCohort3.build/Debug-iphonesimulator/iCohort3.build/DerivedSources/GeneratedAssetSymbols.swift -supplementary-output-file-map /Users/user51/Library/Developer/Xcode/DerivedData/iCohort3-bwoefxeicoflurbglvssertdjhcr/Build/Intermediates.noindex/iCohort3.build/Debug-iphonesimulator/iCohort3.build/Objects-normal/arm64/supplementaryOutputs-40 -emit-localized-strings -emit-localized-strings-path /Users/user51/Library/Developer/Xcode/DerivedData/iCohort3-bwoefxeicoflurbglvssertdjhcr/Build/Intermediates.noindex/iCohort3.build/Debug-iphonesimulator/iCohort3.build/Objects-normal/arm64 -target arm64-apple-ios26.1-simulator -module-can-import-version DeveloperToolsSupport 23.0.4 23.0.4 -module-can-import-version SwiftUI 7.2.5.1 7.2.5 -module-can-import-version UIKit 9126.2.4.1 9126.2.4 -load-resolved-plugin /Applications/Xcode.app/Contents/Developer/Platforms/iPhoneOS.platform/Developer/usr/lib/swift/host/plugins/libFoundationMacros.dylib\#/Applications/Xcode.app/Contents/Developer/Platforms/iPhoneOS.platform/Developer/usr/bin/swift-plugin-server\#FoundationMacros -load-resolved-plugin /Applications/Xcode.app/Contents/Developer/Platforms/iPhoneOS.platform/Developer/usr/lib/swift/host/plugins/libObservationMacros.dylib\#/Applications/Xcode.app/Contents/Developer/Platforms/iPhoneOS.platform/Developer/usr/bin/swift-plugin-server\#ObservationMacros -load-resolved-plugin /Applications/Xcode.app/Contents/Developer/Platforms/iPhoneOS.platform/Developer/usr/lib/swift/host/plugins/libPreviewsMacros.dylib\#/Applications/Xcode.app/Contents/Developer/Platforms/iPhoneOS.platform/Developer/usr/bin/swift-plugin-server\#PreviewsMacros -load-resolved-plugin /Applications/Xcode.app/Contents/Developer/Platforms/iPhoneOS.platform/Developer/usr/lib/swift/host/plugins/libSwiftMacros.dylib\#/Applications/Xcode.app/Contents/Developer/Platforms/iPhoneOS.platform/Developer/usr/bin/swift-plugin-server\#SwiftMacros -load-resolved-plugin /Applications/Xcode.app/Contents/Developer/Platforms/iPhoneOS.platform/Developer/usr/lib/swift/host/plugins/libSwiftUIMacros.dylib\#/Applications/Xcode.app/Contents/Developer/Platforms/iPhoneOS.platform/Developer/usr/bin/swift-plugin-server\#SwiftUIMacros -disable-implicit-swift-modules -Xcc -fno-implicit-modules -Xcc -fno-implicit-module-maps -explicit-swift-module-map-file /Users/user51/Library/Developer/Xcode/DerivedData/iCohort3-bwoefxeicoflurbglvssertdjhcr/Build/Intermediates.noindex/iCohort3.build/Debug-iphonesimulator/iCohort3.build/Objects-normal/arm64/iCohort3-dependencies-1.json -Xllvm -aarch64-use-tbi -enable-objc-interop -sdk /Applications/Xcode.app/Contents/Developer/Platforms/iPhoneSimulator.platform/Developer/SDKs/iPhoneSimulator26.2.sdk -I /Users/user51/Library/Developer/Xcode/DerivedData/iCohort3-bwoefxeicoflurbglvssertdjhcr/Build/Products/Debug-iphonesimulator -F /Users/user51/Library/Developer/Xcode/DerivedData/iCohort3-bwoefxeicoflurbglvssertdjhcr/Build/Products/Debug-iphonesimulator/PackageFrameworks -F /Users/user51/Library/Developer/Xcode/DerivedData/iCohort3-bwoefxeicoflurbglvssertdjhcr/Build/Products/Debug-iphonesimulator/PackageFrameworks -F /Users/user51/Library/Developer/Xcode/DerivedData/iCohort3-bwoefxeicoflurbglvssertdjhcr/Build/Products/Debug-iphonesimulator/PackageFrameworks -F /Users/user51/Library/Developer/Xcode/DerivedData/iCohort3-bwoefxeicoflurbglvssertdjhcr/Build/Products/Debug-iphonesimulator/PackageFrameworks -F /Users/user51/Library/Developer/Xcode/DerivedData/iCohort3-bwoefxeicoflurbglvssertdjhcr/Build/Products/Debug-iphonesimulator/PackageFrameworks -F /Users/user51/Library/Developer/Xcode/DerivedData/iCohort3-bwoefxeicoflurbglvssertdjhcr/Build/Products/Debug-iphonesimulator/PackageFrameworks -F /Users/user51/Library/Developer/Xcode/DerivedData/iCohort3-bwoefxeicoflurbglvssertdjhcr/Build/Products/Debug-iphonesimulator/PackageFrameworks -F /Users/user51/Library/Developer/Xcode/DerivedData/iCohort3-bwoefxeicoflurbglvssertdjhcr/Build/Products/Debug-iphonesimulator/PackageFrameworks -F /Users/user51/Library/Developer/Xcode/DerivedData/iCohort3-bwoefxeicoflurbglvssertdjhcr/Build/Products/Debug-iphonesimulator/PackageFrameworks -F /Users/user51/Library/Developer/Xcode/DerivedData/iCohort3-bwoefxeicoflurbglvssertdjhcr/Build/Products/Debug-iphonesimulator/PackageFrameworks -F /Users/user51/Library/Developer/Xcode/DerivedData/iCohort3-bwoefxeicoflurbglvssertdjhcr/Build/Products/Debug-iphonesimulator/PackageFrameworks -F /Users/user51/Library/Developer/Xcode/DerivedData/iCohort3-bwoefxeicoflurbglvssertdjhcr/Build/Products/Debug-iphonesimulator/PackageFrameworks -F /Users/user51/Library/Developer/Xcode/DerivedData/iCohort3-bwoefxeicoflurbglvssertdjhcr/Build/Products/Debug-iphonesimulator/PackageFrameworks -F /Users/user51/Library/Developer/Xcode/DerivedData/iCohort3-bwoefxeicoflurbglvssertdjhcr/Build/Products/Debug-iphonesimulator/PackageFrameworks -F /Users/user51/Library/Developer/Xcode/DerivedData/iCohort3-bwoefxeicoflurbglvssertdjhcr/Build/Products/Debug-iphonesimulator -no-color-diagnostics -Xcc -fno-color-diagnostics -enable-testing -g -debug-info-format\=dwarf -dwarf-version\=5 -module-cache-path /Users/user51/Library/Developer/Xcode/DerivedData/iCohort3-bwoefxeicoflurbglvssertdjhcr/Build/Intermediates.noindex/SwiftExplicitPrecompiledModules -profile-generate -profile-coverage-mapping -swift-version 5 -enforce-exclusivity\=checked -Onone -D DEBUG -serialize-debugging-options -const-gather-protocols-file /Users/user51/Library/Developer/Xcode/DerivedData/iCohort3-bwoefxeicoflurbglvssertdjhcr/Build/Intermediates.noindex/iCohort3.build/Debug-iphonesimulator/iCohort3.build/Objects-normal/arm64/iCohort3_const_extract_protocols.json -enable-upcoming-feature DisableOutwardActorInference -enable-upcoming-feature InferSendableFromCaptures -enable-upcoming-feature GlobalActorIsolatedTypesUsability -enable-upcoming-feature MemberImportVisibility -enable-upcoming-feature InferIsolatedConformances -enable-upcoming-feature NonisolatedNonsendingByDefault -enable-experimental-feature DebugDescriptionMacro -enable-bare-slash-regex -default-isolation\=MainActor -empty-abi-descriptor -validate-clang-modules-once -clang-build-session-file /Users/user51/Library/Developer/Xcode/DerivedData/ModuleCache.noindex/Session.modulevalidation -Xcc -working-directory -Xcc /Users/user51/Downloads/iCohort3 -enable-anonymous-context-mangled-names -file-compilation-dir /Users/user51/Downloads/iCohort3 -Xcc -D_LIBCPP_HARDENING_MODE\=_LIBCPP_HARDENING_MODE_DEBUG -Xcc -ivfsstatcache -Xcc /Users/user51/Library/Developer/Xcode/DerivedData/SDKStatCaches.noindex/iphonesimulator26.2-23C53-dc75598d0054f22ec865fa860f139d727d00a8b37fbd7999ea79df8ebc024bf0.sdkstatcache -Xcc -I/Users/user51/Library/Developer/Xcode/DerivedData/iCohort3-bwoefxeicoflurbglvssertdjhcr/Build/Intermediates.noindex/iCohort3.build/Debug-iphonesimulator/iCohort3.build/swift-overrides.hmap -Xcc -iquote -Xcc /Users/user51/Library/Developer/Xcode/DerivedData/iCohort3-bwoefxeicoflurbglvssertdjhcr/Build/Intermediates.noindex/iCohort3.build/Debug-iphonesimulator/iCohort3.build/iCohort3-generated-files.hmap -Xcc -I/Users/user51/Library/Developer/Xcode/DerivedData/iCohort3-bwoefxeicoflurbglvssertdjhcr/Build/Intermediates.noindex/iCohort3.build/Debug-iphonesimulator/iCohort3.build/iCohort3-own-target-headers.hmap -Xcc -I/Users/user51/Library/Developer/Xcode/DerivedData/iCohort3-bwoefxeicoflurbglvssertdjhcr/Build/Intermediates.noindex/iCohort3.build/Debug-iphonesimulator/iCohort3.build/iCohort3-all-non-framework-target-headers.hmap -Xcc -ivfsoverlay -Xcc /Users/user51/Library/Developer/Xcode/DerivedData/iCohort3-bwoefxeicoflurbglvssertdjhcr/Build/Intermediates.noindex/iCohort3.build/Debug-iphonesimulator/iCohort3-e34d5d86b663c36c710007556844661d-VFS-iphonesimulator/all-product-headers.yaml -Xcc -iquote -Xcc /Users/user51/Library/Developer/Xcode/DerivedData/iCohort3-bwoefxeicoflurbglvssertdjhcr/Build/Intermediates.noindex/iCohort3.build/Debug-iphonesimulator/iCohort3.build/iCohort3-project-headers.hmap -Xcc -I/Users/user51/Library/Developer/Xcode/DerivedData/iCohort3-bwoefxeicoflurbglvssertdjhcr/Build/Products/Debug-iphonesimulator/include -Xcc -I/Users/user51/Library/Developer/Xcode/DerivedData/iCohort3-bwoefxeicoflurbglvssertdjhcr/Build/Intermediates.noindex/iCohort3.build/Debug-iphonesimulator/iCohort3.build/DerivedSources-normal/arm64 -Xcc -I/Users/user51/Library/Developer/Xcode/DerivedData/iCohort3-bwoefxeicoflurbglvssertdjhcr/Build/Intermediates.noindex/iCohort3.build/Debug-iphonesimulator/iCohort3.build/DerivedSources/arm64 -Xcc -I/Users/user51/Library/Developer/Xcode/DerivedData/iCohort3-bwoefxeicoflurbglvssertdjhcr/Build/Intermediates.noindex/iCohort3.build/Debug-iphonesimulator/iCohort3.build/DerivedSources -Xcc -DDEBUG\=1 -no-auto-bridging-header-chaining -module-name iCohort3 -frontend-parseable-output -disable-clang-spi -target-sdk-version 26.2 -target-sdk-name iphonesimulator26.2 -clang-target arm64-apple-ios26.2-simulator -in-process-plugin-server-path /Applications/Xcode.app/Contents/Developer/Toolchains/XcodeDefault.xctoolchain/usr/lib/swift/host/libSwiftInProcPluginServer.dylib -o /Users/user51/Library/Developer/Xcode/DerivedData/iCohort3-bwoefxeicoflurbglvssertdjhcr/Build/Intermediates.noindex/iCohort3.build/Debug-iphonesimulator/iCohort3.build/Objects-normal/arm64/TaskSeeAllViewController.o -o /Users/user51/Library/Developer/Xcode/DerivedData/iCohort3-bwoefxeicoflurbglvssertdjhcr/Build/Intermediates.noindex/iCohort3.build/Debug-iphonesimulator/iCohort3.build/Objects-normal/arm64/TeamProfileRowCell.o -o /Users/user51/Library/Developer/Xcode/DerivedData/iCohort3-bwoefxeicoflurbglvssertdjhcr/Build/Intermediates.noindex/iCohort3.build/Debug-iphonesimulator/iCohort3.build/Objects-normal/arm64/ReviewViewController.o -o /Users/user51/Library/Developer/Xcode/DerivedData/iCohort3-bwoefxeicoflurbglvssertdjhcr/Build/Intermediates.noindex/iCohort3.build/Debug-iphonesimulator/iCohort3.build/Objects-normal/arm64/JoinTeamsViewController.o -o /Users/user51/Library/Developer/Xcode/DerivedData/iCohort3-bwoefxeicoflurbglvssertdjhcr/Build/Intermediates.noindex/iCohort3.build/Debug-iphonesimulator/iCohort3.build/Objects-normal/arm64/MemberAvatarCell.o -o /Users/user51/Library/Developer/Xcode/DerivedData/iCohort3-bwoefxeicoflurbglvssertdjhcr/Build/Intermediates.noindex/iCohort3.build/Debug-iphonesimulator/iCohort3.build/Objects-normal/arm64/PillSwitcherCell.o -o /Users/user51/Library/Developer/Xcode/DerivedData/iCohort3-bwoefxeicoflurbglvssertdjhcr/Build/Intermediates.noindex/iCohort3.build/Debug-iphonesimulator/iCohort3.build/Objects-normal/arm64/RequestItemCell.o -o /Users/user51/Library/Developer/Xcode/DerivedData/iCohort3-bwoefxeicoflurbglvssertdjhcr/Build/Intermediates.noindex/iCohort3.build/Debug-iphonesimulator/iCohort3.build/Objects-normal/arm64/RequestSwitcherCell.o -o /Users/user51/Library/Developer/Xcode/DerivedData/iCohort3-bwoefxeicoflurbglvssertdjhcr/Build/Intermediates.noindex/iCohort3.build/Debug-iphonesimulator/iCohort3.build/Objects-normal/arm64/SProfileViewController.o -o /Users/user51/Library/Developer/Xcode/DerivedData/iCohort3-bwoefxeicoflurbglvssertdjhcr/Build/Intermediates.noindex/iCohort3.build/Debug-iphonesimulator/iCohort3.build/Objects-normal/arm64/StudentListView.o -o /Users/user51/Library/Developer/Xcode/DerivedData/iCohort3-bwoefxeicoflurbglvssertdjhcr/Build/Intermediates.noindex/iCohort3.build/Debug-iphonesimulator/iCohort3.build/Objects-normal/arm64/StudentPickerViewController.o -o /Users/user51/Library/Developer/Xcode/DerivedData/iCohort3-bwoefxeicoflurbglvssertdjhcr/Build/Intermediates.noindex/iCohort3.build/Debug-iphonesimulator/iCohort3.build/Objects-normal/arm64/TeamDetailViewController.o -o /Users/user51/Library/Developer/Xcode/DerivedData/iCohort3-bwoefxeicoflurbglvssertdjhcr/Build/Intermediates.noindex/iCohort3.build/Debug-iphonesimulator/iCohort3.build/Objects-normal/arm64/TeamStartMode.o -o /Users/user51/Library/Developer/Xcode/DerivedData/iCohort3-bwoefxeicoflurbglvssertdjhcr/Build/Intermediates.noindex/iCohort3.build/Debug-iphonesimulator/iCohort3.build/Objects-normal/arm64/TeamSummaryCell.o -index-unit-output-path /iCohort3.build/Debug-iphonesimulator/iCohort3.build/Objects-normal/arm64/TaskSeeAllViewController.o -index-unit-output-path /iCohort3.build/Debug-iphonesimulator/iCohort3.build/Objects-normal/arm64/TeamProfileRowCell.o -index-unit-output-path /iCohort3.build/Debug-iphonesimulator/iCohort3.build/Objects-normal/arm64/ReviewViewController.o -index-unit-output-path /iCohort3.build/Debug-iphonesimulator/iCohort3.build/Objects-normal/arm64/JoinTeamsViewController.o -index-unit-output-path /iCohort3.build/Debug-iphonesimulator/iCohort3.build/Objects-normal/arm64/MemberAvatarCell.o -index-unit-output-path /iCohort3.build/Debug-iphonesimulator/iCohort3.build/Objects-normal/arm64/PillSwitcherCell.o -index-unit-output-path /iCohort3.build/Debug-iphonesimulator/iCohort3.build/Objects-normal/arm64/RequestItemCell.o -index-unit-output-path /iCohort3.build/Debug-iphonesimulator/iCohort3.build/Objects-normal/arm64/RequestSwitcherCell.o -index-unit-output-path /iCohort3.build/Debug-iphonesimulator/iCohort3.build/Objects-normal/arm64/SProfileViewController.o -index-unit-output-path /iCohort3.build/Debug-iphonesimulator/iCohort3.build/Objects-normal/arm64/StudentListView.o -index-unit-output-path /iCohort3.build/Debug-iphonesimulator/iCohort3.build/Objects-normal/arm64/StudentPickerViewController.o -index-unit-output-path /iCohort3.build/Debug-iphonesimulator/iCohort3.build/Objects-normal/arm64/TeamDetailViewController.o -index-unit-output-path /iCohort3.build/Debug-iphonesimulator/iCohort3.build/Objects-normal/arm64/TeamStartMode.o -index-unit-output-path /iCohort3.build/Debug-iphonesimulator/iCohort3.build/Objects-normal/arm64/TeamSummaryCell.o -index-store-path /Users/user51/Library/Developer/Xcode/DerivedData/iCohort3-bwoefxeicoflurbglvssertdjhcr/Index.noindex/DataStore -index-system-modules

SwiftCompile normal arm64 /Users/user51/Downloads/iCohort3/iCohort3/Controller/Mentor/Tasks/TaskSeeAllViewController.swift (in target 'iCohort3' from project 'iCohort3')
    cd /Users/user51/Downloads/iCohort3
    
/Users/user51/Downloads/iCohort3/iCohort3/Controller/Mentor/Tasks/TaskSeeAllViewController.swift:433:40: error: cannot use optional chaining on non-optional value of type 'String'
            isEditDisabled: task.status?.lowercased() == "rejected"
                            ~~~~~~~~~~~^
                                       

SwiftCompile normal arm64 /Users/user51/Downloads/iCohort3/iCohort3/Controller/Mentor/Tasks/TeamProfileRowCell.swift (in target 'iCohort3' from project 'iCohort3')
    cd /Users/user51/Downloads/iCohort3
    

SwiftCompile normal arm64 /Users/user51/Downloads/iCohort3/iCohort3/Controller/Shared/Review/ReviewViewController.swift (in target 'iCohort3' from project 'iCohort3')
    cd /Users/user51/Downloads/iCohort3
    

SwiftCompile normal arm64 /Users/user51/Downloads/iCohort3/iCohort3/Controller/Shared/Teams/JoinTeamsViewController.swift (in target 'iCohort3' from project 'iCohort3')
    cd /Users/user51/Downloads/iCohort3
    
/Users/user51/Downloads/iCohort3/iCohort3/Controller/Shared/Teams/JoinTeamsViewController.swift:247:13: warning: initialization of immutable value 'creator' was never used; consider replacing with assignment to '_' or removing it
        let creator = teamInfo.creator
        ~~~~^~~~~~~
        _
/Users/user51/Downloads/iCohort3/iCohort3/Controller/Shared/Teams/JoinTeamsViewController.swift:462:17: warning: initialization of immutable value 'subtitle' was never used; consider replacing with assignment to '_' or removing it
            let subtitle = "From: \(request.from_department ?? "Student")"
            ~~~~^~~~~~~~
            _

SwiftCompile normal arm64 /Users/user51/Downloads/iCohort3/iCohort3/Controller/Shared/Teams/MemberAvatarCell.swift (in target 'iCohort3' from project 'iCohort3')
    cd /Users/user51/Downloads/iCohort3
    

SwiftCompile normal arm64 /Users/user51/Downloads/iCohort3/iCohort3/Controller/Shared/Teams/PillSwitcherCell.swift (in target 'iCohort3' from project 'iCohort3')
    cd /Users/user51/Downloads/iCohort3
    

SwiftCompile normal arm64 /Users/user51/Downloads/iCohort3/iCohort3/Controller/Shared/Teams/RequestItemCell.swift (in target 'iCohort3' from project 'iCohort3')
    cd /Users/user51/Downloads/iCohort3
    
/Users/user51/Downloads/iCohort3/iCohort3/Controller/Shared/Teams/RequestItemCell.swift:317:13: warning: initialization of immutable value 'isDark' was never used; consider replacing with assignment to '_' or removing it
        let isDark = traitCollection.userInterfaceStyle == .dark
        ~~~~^~~~~~
        _

SwiftCompile normal arm64 /Users/user51/Downloads/iCohort3/iCohort3/Controller/Shared/Teams/RequestSwitcherCell.swift (in target 'iCohort3' from project 'iCohort3')
    cd /Users/user51/Downloads/iCohort3
    

SwiftCompile normal arm64 /Users/user51/Downloads/iCohort3/iCohort3/Controller/Shared/Teams/SProfileViewController.swift (in target 'iCohort3' from project 'iCohort3')
    cd /Users/user51/Downloads/iCohort3
    

SwiftCompile normal arm64 /Users/user51/Downloads/iCohort3/iCohort3/Controller/Shared/Teams/StudentListView.swift (in target 'iCohort3' from project 'iCohort3')
    cd /Users/user51/Downloads/iCohort3
    

SwiftCompile normal arm64 /Users/user51/Downloads/iCohort3/iCohort3/Controller/Shared/Teams/StudentPickerViewController.swift (in target 'iCohort3' from project 'iCohort3')
    cd /Users/user51/Downloads/iCohort3
    

SwiftCompile normal arm64 /Users/user51/Downloads/iCohort3/iCohort3/Controller/Shared/Teams/TeamDetailViewController.swift (in target 'iCohort3' from project 'iCohort3')
    cd /Users/user51/Downloads/iCohort3
    

SwiftCompile normal arm64 /Users/user51/Downloads/iCohort3/iCohort3/Controller/Shared/Teams/TeamStartMode.swift (in target 'iCohort3' from project 'iCohort3')
    cd /Users/user51/Downloads/iCohort3
    

SwiftCompile normal arm64 /Users/user51/Downloads/iCohort3/iCohort3/Controller/Shared/Teams/TeamSummaryCell.swift (in target 'iCohort3' from project 'iCohort3')
    cd /Users/user51/Downloads/iCohort3
    

SwiftCompile normal arm64 Compiling\ AdminUIStyle.swift,\ ApprovedMentorsViewController.swift,\ ApprovedStudentsViewController.swift,\ AddTaskViewController.swift,\ MentorAnnouncementsViewController.swift,\ MentorAnnouncementTableViewCell.swift,\ MForgetPasswordViewController.swift,\ MLoginSignUpViewController.swift,\ MOTPViewController.swift,\ MSignUpViewController.swift,\ AddActivityViewController.swift,\ Mactivity.swift,\ MactivityTableViewCell.swift,\ MCalendarViewController.swift /Users/user51/Downloads/iCohort3/iCohort3/Controller/Admin/AdminUIStyle.swift /Users/user51/Downloads/iCohort3/iCohort3/Controller/Admin/ApprovedMentorsViewController.swift /Users/user51/Downloads/iCohort3/iCohort3/Controller/Admin/ApprovedStudentsViewController.swift /Users/user51/Downloads/iCohort3/iCohort3/Controller/Mentor/Announcements/AddTaskViewController.swift /Users/user51/Downloads/iCohort3/iCohort3/Controller/Mentor/Announcements/MentorAnnouncementsViewController.swift /Users/user51/Downloads/iCohort3/iCohort3/Controller/Mentor/Announcements/MentorAnnouncementTableViewCell.swift /Users/user51/Downloads/iCohort3/iCohort3/Controller/Mentor/Auth/MForgetPasswordViewController.swift /Users/user51/Downloads/iCohort3/iCohort3/Controller/Mentor/Auth/MLoginSignUpViewController.swift /Users/user51/Downloads/iCohort3/iCohort3/Controller/Mentor/Auth/MOTPViewController.swift /Users/user51/Downloads/iCohort3/iCohort3/Controller/Mentor/Auth/MSignUpViewController.swift /Users/user51/Downloads/iCohort3/iCohort3/Controller/Mentor/Calendar/AddActivityViewController.swift /Users/user51/Downloads/iCohort3/iCohort3/Controller/Mentor/Calendar/Mactivity.swift /Users/user51/Downloads/iCohort3/iCohort3/Controller/Mentor/Calendar/MactivityTableViewCell.swift /Users/user51/Downloads/iCohort3/iCohort3/Controller/Mentor/Calendar/MCalendarViewController.swift (in target 'iCohort3' from project 'iCohort3')

SwiftCompile normal arm64 /Users/user51/Downloads/iCohort3/iCohort3/Controller/Admin/AdminUIStyle.swift (in target 'iCohort3' from project 'iCohort3')
    cd /Users/user51/Downloads/iCohort3
    

SwiftCompile normal arm64 /Users/user51/Downloads/iCohort3/iCohort3/Controller/Admin/ApprovedMentorsViewController.swift (in target 'iCohort3' from project 'iCohort3')
    cd /Users/user51/Downloads/iCohort3
    

SwiftCompile normal arm64 /Users/user51/Downloads/iCohort3/iCohort3/Controller/Admin/ApprovedStudentsViewController.swift (in target 'iCohort3' from project 'iCohort3')
    cd /Users/user51/Downloads/iCohort3
    

SwiftCompile normal arm64 /Users/user51/Downloads/iCohort3/iCohort3/Controller/Mentor/Announcements/AddTaskViewController.swift (in target 'iCohort3' from project 'iCohort3')
    cd /Users/user51/Downloads/iCohort3
    

SwiftCompile normal arm64 /Users/user51/Downloads/iCohort3/iCohort3/Controller/Mentor/Announcements/MentorAnnouncementsViewController.swift (in target 'iCohort3' from project 'iCohort3')
    cd /Users/user51/Downloads/iCohort3
    

SwiftCompile normal arm64 /Users/user51/Downloads/iCohort3/iCohort3/Controller/Mentor/Announcements/MentorAnnouncementTableViewCell.swift (in target 'iCohort3' from project 'iCohort3')
    cd /Users/user51/Downloads/iCohort3
    

SwiftCompile normal arm64 /Users/user51/Downloads/iCohort3/iCohort3/Controller/Mentor/Auth/MForgetPasswordViewController.swift (in target 'iCohort3' from project 'iCohort3')
    cd /Users/user51/Downloads/iCohort3
    

SwiftCompile normal arm64 /Users/user51/Downloads/iCohort3/iCohort3/Controller/Mentor/Auth/MLoginSignUpViewController.swift (in target 'iCohort3' from project 'iCohort3')
    cd /Users/user51/Downloads/iCohort3
    

SwiftCompile normal arm64 /Users/user51/Downloads/iCohort3/iCohort3/Controller/Mentor/Auth/MOTPViewController.swift (in target 'iCohort3' from project 'iCohort3')
    cd /Users/user51/Downloads/iCohort3
    

SwiftCompile normal arm64 /Users/user51/Downloads/iCohort3/iCohort3/Controller/Mentor/Auth/MSignUpViewController.swift (in target 'iCohort3' from project 'iCohort3')
    cd /Users/user51/Downloads/iCohort3
    

SwiftCompile normal arm64 /Users/user51/Downloads/iCohort3/iCohort3/Controller/Mentor/Calendar/AddActivityViewController.swift (in target 'iCohort3' from project 'iCohort3')
    cd /Users/user51/Downloads/iCohort3
    

SwiftCompile normal arm64 /Users/user51/Downloads/iCohort3/iCohort3/Controller/Mentor/Calendar/Mactivity.swift (in target 'iCohort3' from project 'iCohort3')
    cd /Users/user51/Downloads/iCohort3
    

SwiftCompile normal arm64 /Users/user51/Downloads/iCohort3/iCohort3/Controller/Mentor/Calendar/MactivityTableViewCell.swift (in target 'iCohort3' from project 'iCohort3')
    cd /Users/user51/Downloads/iCohort3
    

SwiftCompile normal arm64 /Users/user51/Downloads/iCohort3/iCohort3/Controller/Mentor/Calendar/MCalendarViewController.swift (in target 'iCohort3' from project 'iCohort3')
    cd /Users/user51/Downloads/iCohort3
    

SwiftCompile normal arm64 Compiling\ EmptyStateCollectionViewCell.swift,\ MDashboardViewController.swift,\ OngoingCollectionViewCell.swift,\ ProfileViewController.swift,\ ReviewCollectionViewCell.swift,\ SectionHeaderView.swift,\ AttachmentViewerViewController.swift,\ LinkAttachmentView.swift,\ NewTaskViewController.swift,\ TaskModel.swift,\ StudentAllTasksViewController.swift,\ TaskAssignmentViewController.swift,\ TaskCardCellNew.swift,\ TaskSectionCell.swift /Users/user51/Downloads/iCohort3/iCohort3/Controller/Mentor/Dashboard/EmptyStateCollectionViewCell.swift /Users/user51/Downloads/iCohort3/iCohort3/Controller/Mentor/Dashboard/MDashboardViewController.swift /Users/user51/Downloads/iCohort3/iCohort3/Controller/Mentor/Dashboard/OngoingCollectionViewCell.swift /Users/user51/Downloads/iCohort3/iCohort3/Controller/Mentor/Dashboard/ProfileViewController.swift /Users/user51/Downloads/iCohort3/iCohort3/Controller/Mentor/Dashboard/ReviewCollectionViewCell.swift /Users/user51/Downloads/iCohort3/iCohort3/Controller/Mentor/Dashboard/SectionHeaderView.swift /Users/user51/Downloads/iCohort3/iCohort3/Controller/Mentor/TaskCreation/AttachmentViewerViewController.swift /Users/user51/Downloads/iCohort3/iCohort3/Controller/Mentor/TaskCreation/LinkAttachmentView.swift /Users/user51/Downloads/iCohort3/iCohort3/Controller/Mentor/TaskCreation/NewTaskViewController.swift /Users/user51/Downloads/iCohort3/iCohort3/Controller/Mentor/TaskCreation/TaskModel.swift /Users/user51/Downloads/iCohort3/iCohort3/Controller/Mentor/Tasks/StudentAllTasksViewController.swift /Users/user51/Downloads/iCohort3/iCohort3/Controller/Mentor/Tasks/TaskAssignmentViewController.swift /Users/user51/Downloads/iCohort3/iCohort3/Controller/Mentor/Tasks/TaskCardCellNew.swift /Users/user51/Downloads/iCohort3/iCohort3/Controller/Mentor/Tasks/TaskSectionCell.swift (in target 'iCohort3' from project 'iCohort3')

SwiftCompile normal arm64 /Users/user51/Downloads/iCohort3/iCohort3/Controller/Mentor/Dashboard/EmptyStateCollectionViewCell.swift (in target 'iCohort3' from project 'iCohort3')
    cd /Users/user51/Downloads/iCohort3
    

SwiftCompile normal arm64 /Users/user51/Downloads/iCohort3/iCohort3/Controller/Mentor/Dashboard/MDashboardViewController.swift (in target 'iCohort3' from project 'iCohort3')
    cd /Users/user51/Downloads/iCohort3
    

SwiftCompile normal arm64 /Users/user51/Downloads/iCohort3/iCohort3/Controller/Mentor/Dashboard/OngoingCollectionViewCell.swift (in target 'iCohort3' from project 'iCohort3')
    cd /Users/user51/Downloads/iCohort3
    

SwiftCompile normal arm64 /Users/user51/Downloads/iCohort3/iCohort3/Controller/Mentor/Dashboard/ProfileViewController.swift (in target 'iCohort3' from project 'iCohort3')
    cd /Users/user51/Downloads/iCohort3
    

SwiftCompile normal arm64 /Users/user51/Downloads/iCohort3/iCohort3/Controller/Mentor/Dashboard/ReviewCollectionViewCell.swift (in target 'iCohort3' from project 'iCohort3')
    cd /Users/user51/Downloads/iCohort3
    

SwiftCompile normal arm64 /Users/user51/Downloads/iCohort3/iCohort3/Controller/Mentor/Dashboard/SectionHeaderView.swift (in target 'iCohort3' from project 'iCohort3')
    cd /Users/user51/Downloads/iCohort3
    

SwiftCompile normal arm64 /Users/user51/Downloads/iCohort3/iCohort3/Controller/Mentor/TaskCreation/AttachmentViewerViewController.swift (in target 'iCohort3' from project 'iCohort3')
    cd /Users/user51/Downloads/iCohort3
    

SwiftCompile normal arm64 /Users/user51/Downloads/iCohort3/iCohort3/Controller/Mentor/TaskCreation/LinkAttachmentView.swift (in target 'iCohort3' from project 'iCohort3')
    cd /Users/user51/Downloads/iCohort3
    

SwiftCompile normal arm64 /Users/user51/Downloads/iCohort3/iCohort3/Controller/Mentor/TaskCreation/NewTaskViewController.swift (in target 'iCohort3' from project 'iCohort3')
    cd /Users/user51/Downloads/iCohort3
    

SwiftCompile normal arm64 /Users/user51/Downloads/iCohort3/iCohort3/Controller/Mentor/TaskCreation/TaskModel.swift (in target 'iCohort3' from project 'iCohort3')
    cd /Users/user51/Downloads/iCohort3
    

SwiftCompile normal arm64 /Users/user51/Downloads/iCohort3/iCohort3/Controller/Mentor/Tasks/StudentAllTasksViewController.swift (in target 'iCohort3' from project 'iCohort3')
    cd /Users/user51/Downloads/iCohort3
    

SwiftCompile normal arm64 /Users/user51/Downloads/iCohort3/iCohort3/Controller/Mentor/Tasks/TaskAssignmentViewController.swift (in target 'iCohort3' from project 'iCohort3')
    cd /Users/user51/Downloads/iCohort3
    

SwiftCompile normal arm64 /Users/user51/Downloads/iCohort3/iCohort3/Controller/Mentor/Tasks/TaskCardCellNew.swift (in target 'iCohort3' from project 'iCohort3')
    cd /Users/user51/Downloads/iCohort3
    

SwiftCompile normal arm64 /Users/user51/Downloads/iCohort3/iCohort3/Controller/Mentor/Tasks/TaskSectionCell.swift (in target 'iCohort3' from project 'iCohort3')
    cd /Users/user51/Downloads/iCohort3
    

SwiftEmitModule normal arm64 Emitting\ module\ for\ iCohort3 (in target 'iCohort3' from project 'iCohort3')

EmitSwiftModule normal arm64 (in target 'iCohort3' from project 'iCohort3')
    cd /Users/user51/Downloads/iCohort3
    

SwiftCompile normal arm64 Compiling\ PreparedCollectionViewCell.swift,\ PreparedViewController.swift,\ RejectedCollectionViewCell.swift,\ RejectedViewController.swift,\ SSectionHeaderView.swift,\ StudentTaskScreenUIHelper.swift,\ TaskCells.swift,\ TaskCollectionViewCell.swift,\ DashboardTasks.swift,\ TaskDetailViewController.swift,\ Supabase+Admin.swift,\ Supabase+ApprovedStudents.swift,\ Supabase+Authentication.swift,\ Supabase+CurrentUser.swift /Users/user51/Downloads/iCohort3/iCohort3/Controller/Student/Tasks/PreparedCollectionViewCell.swift /Users/user51/Downloads/iCohort3/iCohort3/Controller/Student/Tasks/PreparedViewController.swift /Users/user51/Downloads/iCohort3/iCohort3/Controller/Student/Tasks/RejectedCollectionViewCell.swift /Users/user51/Downloads/iCohort3/iCohort3/Controller/Student/Tasks/RejectedViewController.swift /Users/user51/Downloads/iCohort3/iCohort3/Controller/Student/Tasks/SSectionHeaderView.swift /Users/user51/Downloads/iCohort3/iCohort3/Controller/Student/Tasks/StudentTaskScreenUIHelper.swift /Users/user51/Downloads/iCohort3/iCohort3/Controller/Student/Tasks/TaskCells.swift /Users/user51/Downloads/iCohort3/iCohort3/Controller/Student/Tasks/TaskCollectionViewCell.swift /Users/user51/Downloads/iCohort3/iCohort3/Controller/Student/TaskSubmission/DashboardTasks.swift /Users/user51/Downloads/iCohort3/iCohort3/Controller/Student/TaskSubmission/TaskDetailViewController.swift /Users/user51/Downloads/iCohort3/iCohort3/Manager/Supabase/Supabase+Admin.swift /Users/user51/Downloads/iCohort3/iCohort3/Manager/Supabase/Supabase+ApprovedStudents.swift /Users/user51/Downloads/iCohort3/iCohort3/Manager/Supabase/Supabase+Authentication.swift /Users/user51/Downloads/iCohort3/iCohort3/Manager/Supabase/Supabase+CurrentUser.swift (in target 'iCohort3' from project 'iCohort3')

SwiftCompile normal arm64 /Users/user51/Downloads/iCohort3/iCohort3/Controller/Student/Tasks/PreparedCollectionViewCell.swift (in target 'iCohort3' from project 'iCohort3')
    cd /Users/user51/Downloads/iCohort3
    

SwiftCompile normal arm64 /Users/user51/Downloads/iCohort3/iCohort3/Controller/Student/Tasks/PreparedViewController.swift (in target 'iCohort3' from project 'iCohort3')
    cd /Users/user51/Downloads/iCohort3
    

SwiftCompile normal arm64 /Users/user51/Downloads/iCohort3/iCohort3/Controller/Student/Tasks/RejectedCollectionViewCell.swift (in target 'iCohort3' from project 'iCohort3')
    cd /Users/user51/Downloads/iCohort3
    

SwiftCompile normal arm64 /Users/user51/Downloads/iCohort3/iCohort3/Controller/Student/Tasks/RejectedViewController.swift (in target 'iCohort3' from project 'iCohort3')
    cd /Users/user51/Downloads/iCohort3
    

SwiftCompile normal arm64 /Users/user51/Downloads/iCohort3/iCohort3/Controller/Student/Tasks/SSectionHeaderView.swift (in target 'iCohort3' from project 'iCohort3')
    cd /Users/user51/Downloads/iCohort3
    

SwiftCompile normal arm64 /Users/user51/Downloads/iCohort3/iCohort3/Controller/Student/Tasks/StudentTaskScreenUIHelper.swift (in target 'iCohort3' from project 'iCohort3')
    cd /Users/user51/Downloads/iCohort3
    

SwiftCompile normal arm64 /Users/user51/Downloads/iCohort3/iCohort3/Controller/Student/Tasks/TaskCells.swift (in target 'iCohort3' from project 'iCohort3')
    cd /Users/user51/Downloads/iCohort3
    

SwiftCompile normal arm64 /Users/user51/Downloads/iCohort3/iCohort3/Controller/Student/Tasks/TaskCollectionViewCell.swift (in target 'iCohort3' from project 'iCohort3')
    cd /Users/user51/Downloads/iCohort3
    

SwiftCompile normal arm64 /Users/user51/Downloads/iCohort3/iCohort3/Controller/Student/TaskSubmission/DashboardTasks.swift (in target 'iCohort3' from project 'iCohort3')
    cd /Users/user51/Downloads/iCohort3
    

SwiftCompile normal arm64 /Users/user51/Downloads/iCohort3/iCohort3/Controller/Student/TaskSubmission/TaskDetailViewController.swift (in target 'iCohort3' from project 'iCohort3')
    cd /Users/user51/Downloads/iCohort3
    

SwiftCompile normal arm64 /Users/user51/Downloads/iCohort3/iCohort3/Manager/Supabase/Supabase+Admin.swift (in target 'iCohort3' from project 'iCohort3')
    cd /Users/user51/Downloads/iCohort3
    

SwiftCompile normal arm64 /Users/user51/Downloads/iCohort3/iCohort3/Manager/Supabase/Supabase+ApprovedStudents.swift (in target 'iCohort3' from project 'iCohort3')
    cd /Users/user51/Downloads/iCohort3
    

SwiftCompile normal arm64 /Users/user51/Downloads/iCohort3/iCohort3/Manager/Supabase/Supabase+Authentication.swift (in target 'iCohort3' from project 'iCohort3')
    cd /Users/user51/Downloads/iCohort3
    

SwiftCompile normal arm64 /Users/user51/Downloads/iCohort3/iCohort3/Manager/Supabase/Supabase+CurrentUser.swift (in target 'iCohort3' from project 'iCohort3')
    cd /Users/user51/Downloads/iCohort3
    

SwiftDriverJobDiscovery normal arm64 Compiling AuthAdmin.swift, AuthAdminOAuth.swift, AuthClient.swift, AuthClientConfiguration.swift (in target 'Auth' from project 'Supabase')

SwiftCompile normal arm64 Compiling\ Supabase+Mentor.swift,\ Supabase+MentorAllTasks.swift,\ Supabase+SendRequest.swift,\ Supabase+Student.swift,\ Supabase+Tasks.swift,\ Supabase+TeamJoinRequests.swift,\ SupabaseManager.swift,\ SupabaseManager+Admin.swift,\ SupabaseManager+PasswordReset.swift,\ Supabasemanager+realtime.swift,\ SupabaseManager+TeamTaskSync.swift,\ StudentNotificationManager.swift,\ SupabaseModels.swift,\ GeneratedAssetSymbols.swift /Users/user51/Downloads/iCohort3/iCohort3/Manager/Supabase/Supabase+Mentor.swift /Users/user51/Downloads/iCohort3/iCohort3/Manager/Supabase/Supabase+MentorAllTasks.swift /Users/user51/Downloads/iCohort3/iCohort3/Manager/Supabase/Supabase+SendRequest.swift /Users/user51/Downloads/iCohort3/iCohort3/Manager/Supabase/Supabase+Student.swift /Users/user51/Downloads/iCohort3/iCohort3/Manager/Supabase/Supabase+Tasks.swift /Users/user51/Downloads/iCohort3/iCohort3/Manager/Supabase/Supabase+TeamJoinRequests.swift /Users/user51/Downloads/iCohort3/iCohort3/Manager/Supabase/SupabaseManager.swift /Users/user51/Downloads/iCohort3/iCohort3/Manager/Supabase/SupabaseManager+Admin.swift /Users/user51/Downloads/iCohort3/iCohort3/Manager/Supabase/SupabaseManager+PasswordReset.swift /Users/user51/Downloads/iCohort3/iCohort3/Manager/Supabase/Supabasemanager+realtime.swift /Users/user51/Downloads/iCohort3/iCohort3/Manager/Supabase/SupabaseManager+TeamTaskSync.swift /Users/user51/Downloads/iCohort3/iCohort3/Manager/StudentNotificationManager.swift /Users/user51/Downloads/iCohort3/iCohort3/Model/Supabase/SupabaseModels.swift /Users/user51/Library/Developer/Xcode/DerivedData/iCohort3-bwoefxeicoflurbglvssertdjhcr/Build/Intermediates.noindex/iCohort3.build/Debug-iphonesimulator/iCohort3.build/DerivedSources/GeneratedAssetSymbols.swift (in target 'iCohort3' from project 'iCohort3')

